📋 log_spreadsheet_id 已從設定檔載入
📝 外場排程打卡：外場排班統計表 / running
Command: /opt/hostedtoolcache/Python/3.11.16/x64/bin/python -u -m tools.field_management.schedule_stats --date 20260913 --system-name 外場排程系統 --run-type 排程
[2026-09-13 07:34:35] 開始處理排班統計表：20260913排班統計表-台北
🔄 Jenny OAuth 已將來源 Excel 轉成暫存 Google Sheet：18hcaDqAd5Z19FsBLXlpFRRerKe31kf5nq0y48FCDkU0
🗑️ 已刪除來源暫存 Google Sheet：18hcaDqAd5Z19FsBLXlpFRRerKe31kf5nq0y48FCDkU0
[2026-09-13 07:34:46] 完成：20260913排班統計表-台北.xlsx → 2026排班統計表!DJ4 / rows=78
[2026-09-13 07:34:57] 開始處理排班統計表：20261013排班統計表-台北
🔄 Jenny OAuth 已將來源 Excel 轉成暫存 Google Sheet：12bx_1s2NS7nJzYItGjxKXnVoUdVq0nQ8Fg0hH7sdCxo
🗑️ 已刪除來源暫存 Google Sheet：12bx_1s2NS7nJzYItGjxKXnVoUdVq0nQ8Fg0hH7sdCxo
[2026-09-13 07:35:05] 完成：20261013排班統計表-台北.xlsx → 2026排班統計表!DV4 / rows=61
[2026-09-13 07:35:07] 開始處理排班統計表：20260913排班統計表-台中
🔄 Jenny OAuth 已將來源 Excel 轉成暫存 Google Sheet：1W319f7y8oDg9odFwpA8donO0eKQpf_RKkFgEDIg-lYI
🗑️ 已刪除來源暫存 Google Sheet：1W319f7y8oDg9odFwpA8donO0eKQpf_RKkFgEDIg-lYI
[2026-09-13 07:35:18] 完成：20260913排班統計表-台中.xlsx → 2026排班統計表!DJ4 / rows=13
[2026-09-13 07:35:19] 開始處理排班統計表：20261013排班統計表-台中
🔄 Jenny OAuth 已將來源 Excel 轉成暫存 Google Sheet：1znPAn54MFJhEr7CYmbbel5ddu9qJ_49mJNkMs-wFi4Y
🗑️ 已刪除來源暫存 Google Sheet：1znPAn54MFJhEr7CYmbbel5ddu9qJ_49mJNkMs-wFi4Y
[2026-09-13 07:35:27] 完成：20261013排班統計表-台中.xlsx → 2026排班統計表!DV4 / rows=9
[2026-09-13 07:35:28] schedule_stats.py 全部完成

📝 外場排程打卡：外場排班統計表 / success
field_management scheduler 全部完成
