開始執行：排班統計表
⚠️ 一鍵日排程 secrets TOML 注入失敗：No secrets found. Valid paths for a secrets.toml file or secret directories are: /home/runner/.streamlit/secrets.toml, /home/runner/work/tool-system/tool-system/.streamlit/secrets.toml
⚠️ 一鍵日排程 secrets env 注入失敗：No secrets found. Valid paths for a secrets.toml file or secret directories are: /home/runner/.streamlit/secrets.toml, /home/runner/work/tool-system/tool-system/.streamlit/secrets.toml
OAuth env ready = True
OAuth bootstrap forced = True
Command: Python bootstrap -> /home/runner/work/tool-system/tool-system/tools/scheduled_daily/schedule_report.py
[2026-09-13 02:53:24] ====================================================
[2026-09-13 02:53:24] schedule_report.py 開始執行
[2026-09-13 02:53:24] GITHUB_ACTIONS = true
[2026-09-13 02:53:24] PWD = /home/runner/work/tool-system/tool-system
[2026-09-13 02:53:24] LOCAL_OUTPUT_DIR = /Users/jenny/Library/CloudStorage/GoogleDrive-jenny@lemonclean.com.tw/.shortcut-targets-by-id/1zbu45AG1adMzz24HPdi_tLfh2Tncw_Br/排班統計表
[2026-09-13 02:53:24] LOCAL_OUTPUT_DIR exists = False
[2026-09-13 02:53:24] can_use_local_output_dir = False
[2026-09-13 02:53:24] root folder_id = 11O6eKHQ1e3Irqps7Kq1XJOSVVge3pCAc
[2026-09-13 02:53:24] ====================================================
[2026-09-13 02:53:24] Google Drive 初始化成功
[2026-09-13 02:53:25] 📁 使用既有資料夾：排班統計表
[2026-09-13 02:53:25] this_month = 2026-09
[2026-09-13 02:53:25] next_month = 2026-10
[2026-09-13 02:53:25] today_stamp = 20260913
[2026-09-13 02:53:25] next_month_stamp = 20261013
[2026-09-13 02:53:25] 排班統計表 folder_id = 18XDXdrCSsLYwSzz1Da9pQh-jGm2h2Ed8
[2026-09-13 02:53:25] 帳號數量 = 2
[2026-09-13 02:53:25] 
[2026-09-13 02:53:25] === 開始處理 台北 ===
[2026-09-13 02:53:25] 開始登入：jenny@lemonclean.com.tw
[2026-09-13 02:53:26] 登入成功：jenny@lemonclean.com.tw
[2026-09-13 02:53:26] 開始下載：month=2026-09 / filename=20260913排班統計表-台北.xlsx
[2026-09-13 02:53:27] ✅ 已下載到暫存：/tmp/tmpa3y8rabh/20260913排班統計表-台北.xlsx
[2026-09-13 02:53:27] 📦 檔案大小：17408 bytes
[2026-09-13 02:53:27] 📂 暫存目錄存在：True
[2026-09-13 02:53:27] 📄 暫存檔案存在：True
[2026-09-13 02:53:27] 目前不是 Jenny 本機環境，略過本機存檔
[2026-09-13 02:53:27] Google Drive 初始化成功
[2026-09-13 02:53:27] 準備上傳到 Google Drive：20260913排班統計表-台北.xlsx
[2026-09-13 02:53:32] ☁️ 已上傳新檔：20260913排班統計表-台北.xlsx (file_id=1XOM5Mn-KHTSOn-20F5naBKk-f7p0RIB-) https://docs.google.com/spreadsheets/d/1XOM5Mn-KHTSOn-20F5naBKk-f7p0RIB-/edit?usp=drivesdk&ouid=101667783075862487943&rtpof=true&sd=true
[2026-09-13 02:53:32] ✅ 完成處理：20260913排班統計表-台北.xlsx
[2026-09-13 02:53:32] 開始下載：month=2026-10 / filename=20261013排班統計表-台北.xlsx
[2026-09-13 02:53:33] ✅ 已下載到暫存：/tmp/tmp682a4ed8/20261013排班統計表-台北.xlsx
[2026-09-13 02:53:33] 📦 檔案大小：15360 bytes
[2026-09-13 02:53:33] 📂 暫存目錄存在：True
[2026-09-13 02:53:33] 📄 暫存檔案存在：True
[2026-09-13 02:53:33] 目前不是 Jenny 本機環境，略過本機存檔
[2026-09-13 02:53:33] Google Drive 初始化成功
[2026-09-13 02:53:33] 準備上傳到 Google Drive：20261013排班統計表-台北.xlsx
[2026-09-13 02:53:36] ☁️ 已上傳新檔：20261013排班統計表-台北.xlsx (file_id=1dHXBJn6b_fWtlCPMevWeXFtdYv6h23hk) https://docs.google.com/spreadsheets/d/1dHXBJn6b_fWtlCPMevWeXFtdYv6h23hk/edit?usp=drivesdk&ouid=101667783075862487943&rtpof=true&sd=true
[2026-09-13 02:53:36] ✅ 完成處理：20261013排班統計表-台北.xlsx
[2026-09-13 02:53:36] ✅ 台北 全部完成
[2026-09-13 02:53:36] 
[2026-09-13 02:53:36] === 開始處理 台中 ===
[2026-09-13 02:53:36] 開始登入：jenny.tc@lemonclean.com.tw
[2026-09-13 02:53:37] 登入成功：jenny.tc@lemonclean.com.tw
[2026-09-13 02:53:37] 開始下載：month=2026-09 / filename=20260913排班統計表-台中.xlsx
[2026-09-13 02:53:37] ✅ 已下載到暫存：/tmp/tmpo8fq5r8h/20260913排班統計表-台中.xlsx
[2026-09-13 02:53:37] 📦 檔案大小：6144 bytes
[2026-09-13 02:53:37] 📂 暫存目錄存在：True
[2026-09-13 02:53:37] 📄 暫存檔案存在：True
[2026-09-13 02:53:37] 目前不是 Jenny 本機環境，略過本機存檔
[2026-09-13 02:53:37] Google Drive 初始化成功
[2026-09-13 02:53:37] 準備上傳到 Google Drive：20260913排班統計表-台中.xlsx
[2026-09-13 02:53:39] ☁️ 已上傳新檔：20260913排班統計表-台中.xlsx (file_id=1eEgt0CQ41wIjBKtx5o50Xu_LXW-mSjTS) https://docs.google.com/spreadsheets/d/1eEgt0CQ41wIjBKtx5o50Xu_LXW-mSjTS/edit?usp=drivesdk&ouid=101667783075862487943&rtpof=true&sd=true
[2026-09-13 02:53:39] ✅ 完成處理：20260913排班統計表-台中.xlsx
[2026-09-13 02:53:39] 開始下載：month=2026-10 / filename=20261013排班統計表-台中.xlsx
[2026-09-13 02:53:40] ✅ 已下載到暫存：/tmp/tmpw8ulqmey/20261013排班統計表-台中.xlsx
[2026-09-13 02:53:40] 📦 檔案大小：5632 bytes
[2026-09-13 02:53:40] 📂 暫存目錄存在：True
[2026-09-13 02:53:40] 📄 暫存檔案存在：True
[2026-09-13 02:53:40] 目前不是 Jenny 本機環境，略過本機存檔
[2026-09-13 02:53:40] Google Drive 初始化成功
[2026-09-13 02:53:40] 準備上傳到 Google Drive：20261013排班統計表-台中.xlsx
[2026-09-13 02:53:42] ☁️ 已上傳新檔：20261013排班統計表-台中.xlsx (file_id=17olC_DLYmLae0HM7MK-DCH4mFfuzsuo0) https://docs.google.com/spreadsheets/d/17olC_DLYmLae0HM7MK-DCH4mFfuzsuo0/edit?usp=drivesdk&ouid=101667783075862487943&rtpof=true&sd=true
[2026-09-13 02:53:42] ✅ 完成處理：20261013排班統計表-台中.xlsx
[2026-09-13 02:53:42] ✅ 台中 全部完成
[2026-09-13 02:53:42] 🎉 schedule_report.py 全部完成

完成執行：排班統計表
scheduled_daily scheduler 全部完成
