2026-09-12 23:41:00 [INFO] === 客服排程系統 run_id=274447e0 step=1 台北時間=2026-09-13 07:41:00 ===
2026-09-12 23:41:00 [INFO] 目標試算表 ID 來源：環境變數 SERVICE_TARGET_SPREADSHEET_ID
2026-09-12 23:41:00 [INFO] file_cache is only supported with oauth2client<4.0.0
2026-09-12 23:41:17 [INFO] --- Step1_更新排班統計表 ---
2026-09-12 23:41:18 [INFO] file_cache is only supported with oauth2client<4.0.0
2026-09-12 23:41:18 [INFO] 本次視窗：202609 ~ 202610（共 2 個月）
2026-09-12 23:41:19 [INFO] Drive 資料夾找到 104 個檔案
2026-09-12 23:41:19 [INFO]   找到檔案：20261013排班統計表-台中.xlsx (application/vnd.openxmlformats-officedocument.spreadsheetml.sheet)
2026-09-12 23:41:19 [INFO]   找到檔案：20260913排班統計表-台中.xlsx (application/vnd.openxmlformats-officedocument.spreadsheetml.sheet)
2026-09-12 23:41:19 [INFO]   找到檔案：20261013排班統計表-台北.xlsx (application/vnd.openxmlformats-officedocument.spreadsheetml.sheet)
2026-09-12 23:41:19 [INFO]   找到檔案：20260913排班統計表-台北.xlsx (application/vnd.openxmlformats-officedocument.spreadsheetml.sheet)
2026-09-12 23:41:19 [INFO]   找到檔案：20261012排班統計表-台中 (application/vnd.google-apps.spreadsheet)
2026-09-12 23:41:19 [INFO]   找到檔案：20261012排班統計表-台北 (application/vnd.google-apps.spreadsheet)
2026-09-12 23:41:19 [INFO]   找到檔案：20260912排班統計表-台中 (application/vnd.google-apps.spreadsheet)
2026-09-12 23:41:19 [INFO]   找到檔案：20260912排班統計表-台北 (application/vnd.google-apps.spreadsheet)
2026-09-12 23:41:19 [INFO]   找到檔案：20261012排班統計表-台中.xlsx (application/vnd.openxmlformats-officedocument.spreadsheetml.sheet)
2026-09-12 23:41:19 [INFO]   找到檔案：20260912排班統計表-台中.xlsx (application/vnd.openxmlformats-officedocument.spreadsheetml.sheet)
2026-09-12 23:41:19 [INFO]   找到檔案：20261012排班統計表-台北.xlsx (application/vnd.openxmlformats-officedocument.spreadsheetml.sheet)
2026-09-12 23:41:19 [INFO]   找到檔案：20260912排班統計表-台北.xlsx (application/vnd.openxmlformats-officedocument.spreadsheetml.sheet)
2026-09-12 23:41:19 [INFO]   找到檔案：20261011排班統計表-台中 (application/vnd.google-apps.spreadsheet)
2026-09-12 23:41:19 [INFO]   找到檔案：20261011排班統計表-台北 (application/vnd.google-apps.spreadsheet)
2026-09-12 23:41:19 [INFO]   找到檔案：20260911排班統計表-台中 (application/vnd.google-apps.spreadsheet)
2026-09-12 23:41:19 [INFO]   找到檔案：20260911排班統計表-台北 (application/vnd.google-apps.spreadsheet)
2026-09-12 23:41:19 [INFO]   找到檔案：20261011排班統計表-台中.xlsx (application/vnd.openxmlformats-officedocument.spreadsheetml.sheet)
2026-09-12 23:41:19 [INFO]   找到檔案：20260911排班統計表-台中.xlsx (application/vnd.openxmlformats-officedocument.spreadsheetml.sheet)
2026-09-12 23:41:19 [INFO]   找到檔案：20261011排班統計表-台北.xlsx (application/vnd.openxmlformats-officedocument.spreadsheetml.sheet)
2026-09-12 23:41:19 [INFO]   找到檔案：20260911排班統計表-台北.xlsx (application/vnd.openxmlformats-officedocument.spreadsheetml.sheet)
2026-09-12 23:41:19 [INFO]   找到檔案：20261010排班統計表-台中 (application/vnd.google-apps.spreadsheet)
2026-09-12 23:41:19 [INFO]   找到檔案：20261010排班統計表-台北 (application/vnd.google-apps.spreadsheet)
2026-09-12 23:41:19 [INFO]   找到檔案：20260910排班統計表-台中 (application/vnd.google-apps.spreadsheet)
2026-09-12 23:41:19 [INFO]   找到檔案：20260910排班統計表-台北 (application/vnd.google-apps.spreadsheet)
2026-09-12 23:41:19 [INFO]   找到檔案：20261010排班統計表-台中.xlsx (application/vnd.openxmlformats-officedocument.spreadsheetml.sheet)
2026-09-12 23:41:19 [INFO]   找到檔案：20260910排班統計表-台中.xlsx (application/vnd.openxmlformats-officedocument.spreadsheetml.sheet)
2026-09-12 23:41:19 [INFO]   找到檔案：20261010排班統計表-台北.xlsx (application/vnd.openxmlformats-officedocument.spreadsheetml.sheet)
2026-09-12 23:41:19 [INFO]   找到檔案：20260910排班統計表-台北.xlsx (application/vnd.openxmlformats-officedocument.spreadsheetml.sheet)
2026-09-12 23:41:19 [INFO]   找到檔案：20261009排班統計表-台中 (application/vnd.google-apps.spreadsheet)
2026-09-12 23:41:19 [INFO]   找到檔案：20261009排班統計表-台北 (application/vnd.google-apps.spreadsheet)
2026-09-12 23:41:19 [INFO]   找到檔案：20260909排班統計表-台中 (application/vnd.google-apps.spreadsheet)
2026-09-12 23:41:19 [INFO]   找到檔案：20260909排班統計表-台北 (application/vnd.google-apps.spreadsheet)
2026-09-12 23:41:19 [INFO]   找到檔案：20261009排班統計表-台中.xlsx (application/vnd.openxmlformats-officedocument.spreadsheetml.sheet)
2026-09-12 23:41:19 [INFO]   找到檔案：20260909排班統計表-台中.xlsx (application/vnd.openxmlformats-officedocument.spreadsheetml.sheet)
2026-09-12 23:41:19 [INFO]   找到檔案：20261009排班統計表-台北.xlsx (application/vnd.openxmlformats-officedocument.spreadsheetml.sheet)
2026-09-12 23:41:19 [INFO]   找到檔案：20260909排班統計表-台北.xlsx (application/vnd.openxmlformats-officedocument.spreadsheetml.sheet)
2026-09-12 23:41:19 [INFO]   找到檔案：20261008排班統計表-台中 (application/vnd.google-apps.spreadsheet)
2026-09-12 23:41:19 [INFO]   找到檔案：20261008排班統計表-台北 (application/vnd.google-apps.spreadsheet)
2026-09-12 23:41:19 [INFO]   找到檔案：20260908排班統計表-台中 (application/vnd.google-apps.spreadsheet)
2026-09-12 23:41:19 [INFO]   找到檔案：20260908排班統計表-台北 (application/vnd.google-apps.spreadsheet)
2026-09-12 23:41:19 [INFO]   找到檔案：20261008排班統計表-台中.xlsx (application/vnd.openxmlformats-officedocument.spreadsheetml.sheet)
2026-09-12 23:41:19 [INFO]   找到檔案：20260908排班統計表-台中.xlsx (application/vnd.openxmlformats-officedocument.spreadsheetml.sheet)
2026-09-12 23:41:19 [INFO]   找到檔案：20261008排班統計表-台北.xlsx (application/vnd.openxmlformats-officedocument.spreadsheetml.sheet)
2026-09-12 23:41:19 [INFO]   找到檔案：20260908排班統計表-台北.xlsx (application/vnd.openxmlformats-officedocument.spreadsheetml.sheet)
2026-09-12 23:41:19 [INFO]   找到檔案：20261007排班統計表-台中 (application/vnd.google-apps.spreadsheet)
2026-09-12 23:41:19 [INFO]   找到檔案：20261007排班統計表-台北 (application/vnd.google-apps.spreadsheet)
2026-09-12 23:41:19 [INFO]   找到檔案：20260907排班統計表-台中 (application/vnd.google-apps.spreadsheet)
2026-09-12 23:41:19 [INFO]   找到檔案：20260907排班統計表-台北 (application/vnd.google-apps.spreadsheet)
2026-09-12 23:41:19 [INFO]   找到檔案：20261007排班統計表-台中.xlsx (application/vnd.openxmlformats-officedocument.spreadsheetml.sheet)
2026-09-12 23:41:19 [INFO]   找到檔案：20260907排班統計表-台中.xlsx (application/vnd.openxmlformats-officedocument.spreadsheetml.sheet)
2026-09-12 23:41:19 [INFO]   找到檔案：20261007排班統計表-台北.xlsx (application/vnd.openxmlformats-officedocument.spreadsheetml.sheet)
2026-09-12 23:41:19 [INFO]   找到檔案：20260907排班統計表-台北.xlsx (application/vnd.openxmlformats-officedocument.spreadsheetml.sheet)
2026-09-12 23:41:19 [INFO]   找到檔案：20261006排班統計表-台中 (application/vnd.google-apps.spreadsheet)
2026-09-12 23:41:19 [INFO]   找到檔案：20261006排班統計表-台北 (application/vnd.google-apps.spreadsheet)
2026-09-12 23:41:19 [INFO]   找到檔案：20260906排班統計表-台中 (application/vnd.google-apps.spreadsheet)
2026-09-12 23:41:19 [INFO]   找到檔案：20260906排班統計表-台北 (application/vnd.google-apps.spreadsheet)
2026-09-12 23:41:19 [INFO]   找到檔案：20261006排班統計表-台中.xlsx (application/vnd.openxmlformats-officedocument.spreadsheetml.sheet)
2026-09-12 23:41:19 [INFO]   找到檔案：20260906排班統計表-台中.xlsx (application/vnd.openxmlformats-officedocument.spreadsheetml.sheet)
2026-09-12 23:41:19 [INFO]   找到檔案：20261006排班統計表-台北.xlsx (application/vnd.openxmlformats-officedocument.spreadsheetml.sheet)
2026-09-12 23:41:19 [INFO]   找到檔案：20260906排班統計表-台北.xlsx (application/vnd.openxmlformats-officedocument.spreadsheetml.sheet)
2026-09-12 23:41:19 [INFO]   找到檔案：20261005排班統計表-台中 (application/vnd.google-apps.spreadsheet)
2026-09-12 23:41:19 [INFO]   找到檔案：20261005排班統計表-台北 (application/vnd.google-apps.spreadsheet)
2026-09-12 23:41:19 [INFO]   找到檔案：20260905排班統計表-台中 (application/vnd.google-apps.spreadsheet)
2026-09-12 23:41:19 [INFO]   找到檔案：20260905排班統計表-台北 (application/vnd.google-apps.spreadsheet)
2026-09-12 23:41:19 [INFO]   找到檔案：20261005排班統計表-台中.xlsx (application/vnd.openxmlformats-officedocument.spreadsheetml.sheet)
2026-09-12 23:41:19 [INFO]   找到檔案：20260905排班統計表-台中.xlsx (application/vnd.openxmlformats-officedocument.spreadsheetml.sheet)
2026-09-12 23:41:19 [INFO]   找到檔案：20261005排班統計表-台北.xlsx (application/vnd.openxmlformats-officedocument.spreadsheetml.sheet)
2026-09-12 23:41:19 [INFO]   找到檔案：20260905排班統計表-台北.xlsx (application/vnd.openxmlformats-officedocument.spreadsheetml.sheet)
2026-09-12 23:41:19 [INFO]   找到檔案：20261004排班統計表-台中 (application/vnd.google-apps.spreadsheet)
2026-09-12 23:41:19 [INFO]   找到檔案：20261004排班統計表-台北 (application/vnd.google-apps.spreadsheet)
2026-09-12 23:41:19 [INFO]   找到檔案：20260904排班統計表-台中 (application/vnd.google-apps.spreadsheet)
2026-09-12 23:41:19 [INFO]   找到檔案：20260904排班統計表-台北 (application/vnd.google-apps.spreadsheet)
2026-09-12 23:41:19 [INFO]   找到檔案：20261004排班統計表-台中.xlsx (application/vnd.openxmlformats-officedocument.spreadsheetml.sheet)
2026-09-12 23:41:19 [INFO]   找到檔案：20260904排班統計表-台中.xlsx (application/vnd.openxmlformats-officedocument.spreadsheetml.sheet)
2026-09-12 23:41:19 [INFO]   找到檔案：20261004排班統計表-台北.xlsx (application/vnd.openxmlformats-officedocument.spreadsheetml.sheet)
2026-09-12 23:41:19 [INFO]   找到檔案：20260904排班統計表-台北.xlsx (application/vnd.openxmlformats-officedocument.spreadsheetml.sheet)
2026-09-12 23:41:19 [INFO]   找到檔案：20261003排班統計表-台中 (application/vnd.google-apps.spreadsheet)
2026-09-12 23:41:19 [INFO]   找到檔案：20261003排班統計表-台北 (application/vnd.google-apps.spreadsheet)
2026-09-12 23:41:19 [INFO]   找到檔案：20260903排班統計表-台中 (application/vnd.google-apps.spreadsheet)
2026-09-12 23:41:19 [INFO]   找到檔案：20260903排班統計表-台北 (application/vnd.google-apps.spreadsheet)
2026-09-12 23:41:19 [INFO]   找到檔案：20261003排班統計表-台中.xlsx (application/vnd.openxmlformats-officedocument.spreadsheetml.sheet)
2026-09-12 23:41:19 [INFO]   找到檔案：20260903排班統計表-台中.xlsx (application/vnd.openxmlformats-officedocument.spreadsheetml.sheet)
2026-09-12 23:41:19 [INFO]   找到檔案：20261003排班統計表-台北.xlsx (application/vnd.openxmlformats-officedocument.spreadsheetml.sheet)
2026-09-12 23:41:19 [INFO]   找到檔案：20260903排班統計表-台北.xlsx (application/vnd.openxmlformats-officedocument.spreadsheetml.sheet)
2026-09-12 23:41:19 [INFO]   找到檔案：20261002排班統計表-台中 (application/vnd.google-apps.spreadsheet)
2026-09-12 23:41:19 [INFO]   找到檔案：20261002排班統計表-台北 (application/vnd.google-apps.spreadsheet)
2026-09-12 23:41:19 [INFO]   找到檔案：20260902排班統計表-台中 (application/vnd.google-apps.spreadsheet)
2026-09-12 23:41:19 [INFO]   找到檔案：20260902排班統計表-台北 (application/vnd.google-apps.spreadsheet)
2026-09-12 23:41:19 [INFO]   找到檔案：20261002排班統計表-台中.xlsx (application/vnd.openxmlformats-officedocument.spreadsheetml.sheet)
2026-09-12 23:41:19 [INFO]   找到檔案：20260902排班統計表-台中.xlsx (application/vnd.openxmlformats-officedocument.spreadsheetml.sheet)
2026-09-12 23:41:19 [INFO]   找到檔案：20261002排班統計表-台北.xlsx (application/vnd.openxmlformats-officedocument.spreadsheetml.sheet)
2026-09-12 23:41:19 [INFO]   找到檔案：20260902排班統計表-台北.xlsx (application/vnd.openxmlformats-officedocument.spreadsheetml.sheet)
2026-09-12 23:41:19 [INFO]   找到檔案：20261001排班統計表-台中.xlsx (application/vnd.openxmlformats-officedocument.spreadsheetml.sheet)
2026-09-12 23:41:19 [INFO]   找到檔案：20260901排班統計表-台中.xlsx (application/vnd.openxmlformats-officedocument.spreadsheetml.sheet)
2026-09-12 23:41:19 [INFO]   找到檔案：20261001排班統計表-台北.xlsx (application/vnd.openxmlformats-officedocument.spreadsheetml.sheet)
2026-09-12 23:41:19 [INFO]   找到檔案：20260901排班統計表-台北.xlsx (application/vnd.openxmlformats-officedocument.spreadsheetml.sheet)
2026-09-12 23:41:19 [INFO]   找到檔案：20261001排班統計表-台中 (application/vnd.google-apps.spreadsheet)
2026-09-12 23:41:19 [INFO]   找到檔案：20261001排班統計表-台北 (application/vnd.google-apps.spreadsheet)
2026-09-12 23:41:19 [INFO]   找到檔案：20260901排班統計表-台中 (application/vnd.google-apps.spreadsheet)
2026-09-12 23:41:19 [INFO]   找到檔案：20260901排班統計表-台北 (application/vnd.google-apps.spreadsheet)
2026-09-12 23:41:19 [INFO]   找到檔案：20260931排班統計表-台中 (application/vnd.google-apps.spreadsheet)
2026-09-12 23:41:19 [INFO]   找到檔案：20260931排班統計表-台北 (application/vnd.google-apps.spreadsheet)
2026-09-12 23:41:19 [INFO]   找到檔案：20260931排班統計表-台中.xlsx (application/vnd.openxmlformats-officedocument.spreadsheetml.sheet)
2026-09-12 23:41:19 [INFO]   找到檔案：20260931排班統計表-台北.xlsx (application/vnd.openxmlformats-officedocument.spreadsheetml.sheet)
2026-09-12 23:41:19 [INFO] 排班檔確認 OK：{'202609': {'taipei': '20260913排班統計表-台北.xlsx', 'taichung': '20260913排班統計表-台中.xlsx'}, '202610': {'taipei': '20261013排班統計表-台北.xlsx', 'taichung': '20261013排班統計表-台中.xlsx'}}
2026-09-12 23:41:20 [INFO]   已清除範圍（202609 台北）：G3:O1026
2026-09-12 23:41:20 [INFO]   匯入：20260913排班統計表-台北.xlsx
2026-09-12 23:41:20 [INFO]   xlsx → Google Sheets：20260913排班統計表-台北
2026-09-12 23:41:20 [INFO] file_cache is only supported with oauth2client<4.0.0
2026-09-12 23:41:26 [INFO]   轉換完成，新 Google Sheets ID：1pg5WS5XqLRjedgyRdIKG78qoxbH6QESZN6qxroGIFEI
2026-09-12 23:41:27 [INFO]   → 寫入 80 列（起始 R3C7）
2026-09-12 23:41:27 [INFO]   已清除範圍（202609 台中）：CD3:CL1026
2026-09-12 23:41:27 [INFO]   匯入：20260913排班統計表-台中.xlsx
2026-09-12 23:41:27 [INFO]   xlsx → Google Sheets：20260913排班統計表-台中
2026-09-12 23:41:28 [INFO] file_cache is only supported with oauth2client<4.0.0
2026-09-12 23:41:32 [INFO]   轉換完成，新 Google Sheets ID：1D_tXrem_soAq44-m6VwfzE1k272FdYbpRNmoQJm_Mww
2026-09-12 23:41:34 [INFO]   → 寫入 12 列（起始 R3C82）
2026-09-12 23:41:34 [INFO]   已清除範圍（202610 台北）：V3:AD1026
2026-09-12 23:41:34 [INFO]   匯入：20261013排班統計表-台北.xlsx
2026-09-12 23:41:34 [INFO]   xlsx → Google Sheets：20261013排班統計表-台北
2026-09-12 23:41:34 [INFO] file_cache is only supported with oauth2client<4.0.0
2026-09-12 23:41:39 [INFO]   轉換完成，新 Google Sheets ID：15PNyc79YRnry2ItoT7mXTb1nN-D0FNteOLduT2YqTOU
2026-09-12 23:41:40 [INFO]   → 寫入 66 列（起始 R3C22）
2026-09-12 23:41:41 [INFO]   已清除範圍（202610 台中）：CS3:DA1026
2026-09-12 23:41:41 [INFO]   匯入：20261013排班統計表-台中.xlsx
2026-09-12 23:41:41 [INFO]   xlsx → Google Sheets：20261013排班統計表-台中
2026-09-12 23:41:41 [INFO] file_cache is only supported with oauth2client<4.0.0
2026-09-12 23:41:46 [INFO]   轉換完成，新 Google Sheets ID：1CmbIOCYM01_qUal_RdjV4so6G7PrqyknTlWY3PetKXQ
2026-09-12 23:41:47 [INFO]   → 寫入 8 列（起始 R3C97）
2026-09-12 23:41:48 [INFO] Step 1 完成（30.0s）
2026-09-12 23:41:49 [INFO] === 全部完成 run_id=274447e0（30.9s）===
