開始執行：專員個資
⚠️ 一鍵日排程 secrets TOML 注入失敗：No secrets found. Valid paths for a secrets.toml file or secret directories are: /home/runner/.streamlit/secrets.toml, /home/runner/work/tool-system/tool-system/.streamlit/secrets.toml
⚠️ 一鍵日排程 secrets env 注入失敗：No secrets found. Valid paths for a secrets.toml file or secret directories are: /home/runner/.streamlit/secrets.toml, /home/runner/work/tool-system/tool-system/.streamlit/secrets.toml
OAuth env ready = True
OAuth bootstrap forced = True
Command: Python bootstrap -> /home/runner/work/tool-system/tool-system/tools/scheduled_daily/staff_info.py
[2026-09-13 03:29:49] ====================================================
[2026-09-13 03:29:49] staff_info.py 開始執行
[2026-09-13 03:29:49] GITHUB_ACTIONS = true
[2026-09-13 03:29:49] PWD = /home/runner/work/tool-system/tool-system
[2026-09-13 03:29:49] LOCAL_OUTPUT_DIR = /Users/jenny/Library/CloudStorage/GoogleDrive-jenny@lemonclean.com.tw/我的雲端硬碟/lemon_Jenny/Jenny@lemon程式/專員個資
[2026-09-13 03:29:49] LOCAL_OUTPUT_DIR exists = False
[2026-09-13 03:29:49] can_use_local_output_dir = False
[2026-09-13 03:29:49] root folder_id = 11O6eKHQ1e3Irqps7Kq1XJOSVVge3pCAc
[2026-09-13 03:29:49] ====================================================
[2026-09-13 03:29:49] Google Drive 初始化成功
[2026-09-13 03:29:50] 📁 使用既有資料夾：專員個資
[2026-09-13 03:29:50] today_stamp = 20260913
[2026-09-13 03:29:50] 專員個資 folder_id = 1v1Er8oC3BEAWHbBrDq3SUpjEDwHIuK0f
[2026-09-13 03:29:50] 帳號數量 = 2
[2026-09-13 03:29:50] 
[2026-09-13 03:29:50] === 開始處理 台北 ===
[2026-09-13 03:29:50] 開始登入：jenny@lemonclean.com.tw
[2026-09-13 03:29:51] 登入成功：jenny@lemonclean.com.tw
[2026-09-13 03:29:51] 開始下載：city=台北 / filename=20260913專員個資-台北.xlsx
[2026-09-13 03:29:53] ✅ 已下載到暫存：/tmp/tmp8zqfpp9p/20260913專員個資-台北.xlsx
[2026-09-13 03:29:53] 📦 檔案大小：228352 bytes
[2026-09-13 03:29:53] 📂 暫存目錄存在：True
[2026-09-13 03:29:53] 📄 暫存檔案存在：True
[2026-09-13 03:29:53] 目前不是 Jenny 本機環境，略過本機存檔
[2026-09-13 03:29:53] Google Drive 初始化成功
[2026-09-13 03:29:53] 準備上傳到 Google Drive：20260913專員個資-台北.xlsx
[2026-09-13 03:29:56] ☁️ 已上傳新檔：20260913專員個資-台北.xlsx (file_id=1Nl36HUvkwAdwT0beYR7UXxb3VKrO_XDH) https://docs.google.com/spreadsheets/d/1Nl36HUvkwAdwT0beYR7UXxb3VKrO_XDH/edit?usp=drivesdk&ouid=101667783075862487943&rtpof=true&sd=true
[2026-09-13 03:29:56] ✅ 完成處理：20260913專員個資-台北.xlsx
[2026-09-13 03:29:56] ✅ 台北 全部完成
[2026-09-13 03:29:56] 
[2026-09-13 03:29:56] === 開始處理 台中 ===
[2026-09-13 03:29:56] 開始登入：jenny.tc@lemonclean.com.tw
[2026-09-13 03:29:57] 登入成功：jenny.tc@lemonclean.com.tw
[2026-09-13 03:29:57] 開始下載：city=台中 / filename=20260913專員個資-台中.xlsx
[2026-09-13 03:29:57] ✅ 已下載到暫存：/tmp/tmpv5a8gm1k/20260913專員個資-台中.xlsx
[2026-09-13 03:29:57] 📦 檔案大小：59904 bytes
[2026-09-13 03:29:57] 📂 暫存目錄存在：True
[2026-09-13 03:29:57] 📄 暫存檔案存在：True
[2026-09-13 03:29:57] 目前不是 Jenny 本機環境，略過本機存檔
[2026-09-13 03:29:57] Google Drive 初始化成功
[2026-09-13 03:29:57] 準備上傳到 Google Drive：20260913專員個資-台中.xlsx
[2026-09-13 03:30:00] ☁️ 已上傳新檔：20260913專員個資-台中.xlsx (file_id=199cfyoQPeJOyo95g7nDYLlU1hNbgBAZE) https://docs.google.com/spreadsheets/d/199cfyoQPeJOyo95g7nDYLlU1hNbgBAZE/edit?usp=drivesdk&ouid=101667783075862487943&rtpof=true&sd=true
[2026-09-13 03:30:00] ✅ 完成處理：20260913專員個資-台中.xlsx
[2026-09-13 03:30:00] ✅ 台中 全部完成
[2026-09-13 03:30:00] 🎉 staff_info.py 全部完成

完成執行：專員個資
scheduled_daily scheduler 全部完成
