開始執行：專員班表
⚠️ 一鍵日排程 secrets TOML 注入失敗：No secrets found. Valid paths for a secrets.toml file or secret directories are: /home/runner/.streamlit/secrets.toml, /home/runner/work/tool-system/tool-system/.streamlit/secrets.toml
⚠️ 一鍵日排程 secrets env 注入失敗：No secrets found. Valid paths for a secrets.toml file or secret directories are: /home/runner/.streamlit/secrets.toml, /home/runner/work/tool-system/tool-system/.streamlit/secrets.toml
OAuth env ready = True
OAuth bootstrap forced = True
Command: Python bootstrap -> /home/runner/work/tool-system/tool-system/tools/scheduled_daily/staff_schedule.py
[2026-09-13 03:14:17] ====================================================
[2026-09-13 03:14:17] staff_schedule.py 開始執行
[2026-09-13 03:14:17] GITHUB_ACTIONS = true
[2026-09-13 03:14:17] PWD = /home/runner/work/tool-system/tool-system
[2026-09-13 03:14:17] LOCAL_OUTPUT_DIR = /Users/jenny/Library/CloudStorage/GoogleDrive-jenny@lemonclean.com.tw/我的雲端硬碟/lemon_Jenny/Jenny@lemon程式/專員班表
[2026-09-13 03:14:17] LOCAL_OUTPUT_DIR exists = False
[2026-09-13 03:14:17] can_use_local_output_dir = False
[2026-09-13 03:14:17] root folder_id = 11O6eKHQ1e3Irqps7Kq1XJOSVVge3pCAc
[2026-09-13 03:14:17] ====================================================
[2026-09-13 03:14:17] Google Drive 初始化成功
[2026-09-13 03:14:18] 📁 使用既有資料夾：專員班表
[2026-09-13 03:14:18] this_month = 2026-09
[2026-09-13 03:14:18] next_month = 2026-10
[2026-09-13 03:14:18] this_date = 20260913
[2026-09-13 03:14:18] next_date = 20261013
[2026-09-13 03:14:18] 專員班表 folder_id = 1V2AUNsT_jzQWawmnBNU_u-e7odYviwEk
[2026-09-13 03:14:18] 帳號數量 = 2
[2026-09-13 03:14:18] 
[2026-09-13 03:14:18] === 開始處理 台北 ===
[2026-09-13 03:14:18] 開始登入：jenny@lemonclean.com.tw
[2026-09-13 03:14:20] 登入成功：jenny@lemonclean.com.tw
[2026-09-13 03:14:20] 開始下載：city=台北 / month=2026-09 / filename=20260913專員班表-台北.xls
[2026-09-13 03:14:23] ✅ 已下載到暫存：/tmp/tmpsdciwxij/20260913專員班表-台北.xls
[2026-09-13 03:14:23] 📦 檔案大小：138240 bytes
[2026-09-13 03:14:23] 📂 暫存目錄存在：True
[2026-09-13 03:14:23] 📄 暫存檔案存在：True
[2026-09-13 03:14:23] 目前不是 Jenny 本機環境，略過本機存檔
[2026-09-13 03:14:23] Google Drive 初始化成功
[2026-09-13 03:14:23] 準備上傳到 Google Drive：20260913專員班表-台北.xls
[2026-09-13 03:14:26] ☁️ 已上傳新檔：20260913專員班表-台北.xls (file_id=18PHhoAY4aY2z9y7dE68A0-E2mNGyWN-8) https://docs.google.com/spreadsheets/d/18PHhoAY4aY2z9y7dE68A0-E2mNGyWN-8/edit?usp=drivesdk&ouid=101667783075862487943&rtpof=true&sd=true
[2026-09-13 03:14:26] ✅ 完成處理：20260913專員班表-台北.xls
[2026-09-13 03:14:26] 開始下載：city=台北 / month=2026-10 / filename=20261013專員班表-台北.xls
[2026-09-13 03:14:29] ✅ 已下載到暫存：/tmp/tmp1rsmsenn/20261013專員班表-台北.xls
[2026-09-13 03:14:29] 📦 檔案大小：104448 bytes
[2026-09-13 03:14:29] 📂 暫存目錄存在：True
[2026-09-13 03:14:29] 📄 暫存檔案存在：True
[2026-09-13 03:14:29] 目前不是 Jenny 本機環境，略過本機存檔
[2026-09-13 03:14:29] Google Drive 初始化成功
[2026-09-13 03:14:29] 準備上傳到 Google Drive：20261013專員班表-台北.xls
[2026-09-13 03:14:32] ☁️ 已上傳新檔：20261013專員班表-台北.xls (file_id=1_xXw_Az91-0veYQSH3h3aZJXyNUBSi5w) https://docs.google.com/spreadsheets/d/1_xXw_Az91-0veYQSH3h3aZJXyNUBSi5w/edit?usp=drivesdk&ouid=101667783075862487943&rtpof=true&sd=true
[2026-09-13 03:14:32] ✅ 完成處理：20261013專員班表-台北.xls
[2026-09-13 03:14:32] ✅ 台北 全部完成
[2026-09-13 03:14:32] 
[2026-09-13 03:14:32] === 開始處理 台中 ===
[2026-09-13 03:14:32] 開始登入：jenny.tc@lemonclean.com.tw
[2026-09-13 03:14:33] 登入成功：jenny.tc@lemonclean.com.tw
[2026-09-13 03:14:33] 開始下載：city=台中 / month=2026-09 / filename=20260913專員班表-台中.xls
[2026-09-13 03:14:34] ✅ 已下載到暫存：/tmp/tmptw8emg8d/20260913專員班表-台中.xls
[2026-09-13 03:14:34] 📦 檔案大小：23552 bytes
[2026-09-13 03:14:34] 📂 暫存目錄存在：True
[2026-09-13 03:14:34] 📄 暫存檔案存在：True
[2026-09-13 03:14:34] 目前不是 Jenny 本機環境，略過本機存檔
[2026-09-13 03:14:34] Google Drive 初始化成功
[2026-09-13 03:14:34] 準備上傳到 Google Drive：20260913專員班表-台中.xls
[2026-09-13 03:14:36] ☁️ 已上傳新檔：20260913專員班表-台中.xls (file_id=18DrSc8pXG-ddo0203kseYTPzXOD9NFE5) https://docs.google.com/spreadsheets/d/18DrSc8pXG-ddo0203kseYTPzXOD9NFE5/edit?usp=drivesdk&ouid=101667783075862487943&rtpof=true&sd=true
[2026-09-13 03:14:36] ✅ 完成處理：20260913專員班表-台中.xls
[2026-09-13 03:14:36] 開始下載：city=台中 / month=2026-10 / filename=20261013專員班表-台中.xls
[2026-09-13 03:14:37] ✅ 已下載到暫存：/tmp/tmpo2f1w166/20261013專員班表-台中.xls
[2026-09-13 03:14:37] 📦 檔案大小：24064 bytes
[2026-09-13 03:14:37] 📂 暫存目錄存在：True
[2026-09-13 03:14:37] 📄 暫存檔案存在：True
[2026-09-13 03:14:37] 目前不是 Jenny 本機環境，略過本機存檔
[2026-09-13 03:14:37] Google Drive 初始化成功
[2026-09-13 03:14:37] 準備上傳到 Google Drive：20261013專員班表-台中.xls
[2026-09-13 03:14:39] ☁️ 已上傳新檔：20261013專員班表-台中.xls (file_id=18K9tv380Ud69L-0tgFL5AcU17u_BMvT3) https://docs.google.com/spreadsheets/d/18K9tv380Ud69L-0tgFL5AcU17u_BMvT3/edit?usp=drivesdk&ouid=101667783075862487943&rtpof=true&sd=true
[2026-09-13 03:14:39] ✅ 完成處理：20261013專員班表-台中.xls
[2026-09-13 03:14:39] ✅ 台中 全部完成
[2026-09-13 03:14:39] 🎉 staff_schedule.py 全部完成

完成執行：專員班表
scheduled_daily scheduler 全部完成
