📋 log_spreadsheet_id 已從設定檔載入
📝 外場排程打卡：外場專員個資 / running
Command: /opt/hostedtoolcache/Python/3.11.16/x64/bin/python -u -m tools.field_management.staff_profile --date 20261004 --system-name 外場排程系統 --run-type 排程
[2026-10-04 06:03:57] 開始處理專員個資：20261004專員個資-台北
🔄 Jenny OAuth 已將來源 Excel 轉成暫存 Google Sheet：1-3uvcGnSIwREhjsi5WxTkMNcqI_rRz7Mz2Vs-BMqkY4
🗑️ 已刪除來源暫存 Google Sheet：1-3uvcGnSIwREhjsi5WxTkMNcqI_rRz7Mz2Vs-BMqkY4
[2026-10-04 06:04:04] 完成專員個資：20261004專員個資-台北.xlsx → 專員個人資料!A4:C / rows=93
[2026-10-04 06:04:06] 開始處理訂單截取：20261004訂單-台北
🔄 Jenny OAuth 已將來源 Excel 轉成暫存 Google Sheet：1PAubBRt-m19wkJ-gkyS0lAy47m3iQPUzYxv0Bv4ZCf0
🗑️ 已刪除來源暫存 Google Sheet：1PAubBRt-m19wkJ-gkyS0lAy47m3iQPUzYxv0Bv4ZCf0
[2026-10-04 06:04:13] 完成訂單截取：20261004訂單-台北.xls → 專員個人資料!G1:N / rows=541
[2026-10-04 06:04:15] 開始處理專員個資：20261004專員個資-台中
🔄 Jenny OAuth 已將來源 Excel 轉成暫存 Google Sheet：1oHCQWaZgLCbAi8o25GwnC7lGQZ0viWcbd67gas4HRsQ
🗑️ 已刪除來源暫存 Google Sheet：1oHCQWaZgLCbAi8o25GwnC7lGQZ0viWcbd67gas4HRsQ
[2026-10-04 06:04:22] 完成專員個資：20261004專員個資-台中.xlsx → 專員個人資料!A4:C / rows=16
[2026-10-04 06:04:23] 開始處理訂單截取：20261004訂單-台中
🔄 Jenny OAuth 已將來源 Excel 轉成暫存 Google Sheet：1HkyU5YEj68r1-lcmn3OR3dcYxbwF3Dx38mx63xbgBiA
🗑️ 已刪除來源暫存 Google Sheet：1HkyU5YEj68r1-lcmn3OR3dcYxbwF3Dx38mx63xbgBiA
[2026-10-04 06:04:32] 完成訂單截取：20261004訂單-台中.xls → 專員個人資料!G1:N / rows=44
[2026-10-04 06:04:34] staff_profile.py 全部完成

📝 外場排程打卡：外場專員個資 / success
field_management scheduler 全部完成
