2026-10-03 22:01:27 [INFO] === 客服排程系統 run_id=bfdd7cb7 step=1 台北時間=2026-10-04 06:01:27 ===
2026-10-03 22:01:27 [INFO] 目標試算表 ID 來源：環境變數 SERVICE_TARGET_SPREADSHEET_ID
2026-10-03 22:01:27 [INFO] file_cache is only supported with oauth2client<4.0.0
2026-10-03 22:01:46 [INFO] --- Step1_更新排班統計表 ---
2026-10-03 22:01:47 [INFO] file_cache is only supported with oauth2client<4.0.0
2026-10-03 22:01:47 [INFO] 本次視窗：202610 ~ 202611（共 2 個月）
2026-10-03 22:01:48 [INFO] Drive 資料夾找到 29 個檔案
2026-10-03 22:01:48 [INFO]   找到檔案：20261004排班統計表-台北.xlsx_temp_1791064900 (application/vnd.google-apps.spreadsheet)
2026-10-03 22:01:48 [INFO]   找到檔案：20261104排班統計表-台中.xlsx (application/vnd.openxmlformats-officedocument.spreadsheetml.sheet)
2026-10-03 22:01:48 [INFO]   找到檔案：20261004排班統計表-台中.xlsx (application/vnd.openxmlformats-officedocument.spreadsheetml.sheet)
2026-10-03 22:01:48 [INFO]   找到檔案：20261104排班統計表-台北.xlsx (application/vnd.openxmlformats-officedocument.spreadsheetml.sheet)
2026-10-03 22:01:48 [INFO]   找到檔案：20261004排班統計表-台北.xlsx (application/vnd.openxmlformats-officedocument.spreadsheetml.sheet)
2026-10-03 22:01:48 [INFO]   找到檔案：20261103排班統計表-台中 (application/vnd.google-apps.spreadsheet)
2026-10-03 22:01:48 [INFO]   找到檔案：20261103排班統計表-台北 (application/vnd.google-apps.spreadsheet)
2026-10-03 22:01:48 [INFO]   找到檔案：20261003排班統計表-台中 (application/vnd.google-apps.spreadsheet)
2026-10-03 22:01:48 [INFO]   找到檔案：20261003排班統計表-台北 (application/vnd.google-apps.spreadsheet)
2026-10-03 22:01:48 [INFO]   找到檔案：20261103排班統計表-台中.xlsx (application/vnd.openxmlformats-officedocument.spreadsheetml.sheet)
2026-10-03 22:01:48 [INFO]   找到檔案：20261003排班統計表-台中.xlsx (application/vnd.openxmlformats-officedocument.spreadsheetml.sheet)
2026-10-03 22:01:48 [INFO]   找到檔案：20261103排班統計表-台北.xlsx (application/vnd.openxmlformats-officedocument.spreadsheetml.sheet)
2026-10-03 22:01:48 [INFO]   找到檔案：20261003排班統計表-台北.xlsx (application/vnd.openxmlformats-officedocument.spreadsheetml.sheet)
2026-10-03 22:01:48 [INFO]   找到檔案：20261102排班統計表-台中 (application/vnd.google-apps.spreadsheet)
2026-10-03 22:01:48 [INFO]   找到檔案：20261102排班統計表-台北 (application/vnd.google-apps.spreadsheet)
2026-10-03 22:01:48 [INFO]   找到檔案：20261002排班統計表-台中 (application/vnd.google-apps.spreadsheet)
2026-10-03 22:01:48 [INFO]   找到檔案：20261002排班統計表-台北 (application/vnd.google-apps.spreadsheet)
2026-10-03 22:01:48 [INFO]   找到檔案：20261102排班統計表-台中.xlsx (application/vnd.openxmlformats-officedocument.spreadsheetml.sheet)
2026-10-03 22:01:48 [INFO]   找到檔案：20261002排班統計表-台中.xlsx (application/vnd.openxmlformats-officedocument.spreadsheetml.sheet)
2026-10-03 22:01:48 [INFO]   找到檔案：20261102排班統計表-台北.xlsx (application/vnd.openxmlformats-officedocument.spreadsheetml.sheet)
2026-10-03 22:01:48 [INFO]   找到檔案：20261002排班統計表-台北.xlsx (application/vnd.openxmlformats-officedocument.spreadsheetml.sheet)
2026-10-03 22:01:48 [INFO]   找到檔案：20261101排班統計表-台中 (application/vnd.google-apps.spreadsheet)
2026-10-03 22:01:48 [INFO]   找到檔案：20261101排班統計表-台北 (application/vnd.google-apps.spreadsheet)
2026-10-03 22:01:48 [INFO]   找到檔案：20261001排班統計表-台中 (application/vnd.google-apps.spreadsheet)
2026-10-03 22:01:48 [INFO]   找到檔案：20261001排班統計表-台北 (application/vnd.google-apps.spreadsheet)
2026-10-03 22:01:48 [INFO]   找到檔案：20261101排班統計表-台中.xlsx (application/vnd.openxmlformats-officedocument.spreadsheetml.sheet)
2026-10-03 22:01:48 [INFO]   找到檔案：20261001排班統計表-台中.xlsx (application/vnd.openxmlformats-officedocument.spreadsheetml.sheet)
2026-10-03 22:01:48 [INFO]   找到檔案：20261101排班統計表-台北.xlsx (application/vnd.openxmlformats-officedocument.spreadsheetml.sheet)
2026-10-03 22:01:48 [INFO]   找到檔案：20261001排班統計表-台北.xlsx (application/vnd.openxmlformats-officedocument.spreadsheetml.sheet)
2026-10-03 22:01:48 [INFO] 排班檔確認 OK：{'202610': {'taipei': '20261004排班統計表-台北.xlsx', 'taichung': '20261004排班統計表-台中.xlsx'}, '202611': {'taipei': '20261104排班統計表-台北.xlsx', 'taichung': '20261104排班統計表-台中.xlsx'}}
2026-10-03 22:01:49 [INFO]   已清除範圍（202610 台北）：G3:O1026
2026-10-03 22:01:49 [INFO]   匯入：20261004排班統計表-台北.xlsx
2026-10-03 22:01:49 [INFO]   xlsx → Google Sheets：20261004排班統計表-台北
2026-10-03 22:01:49 [INFO] file_cache is only supported with oauth2client<4.0.0
2026-10-03 22:01:56 [INFO]   轉換完成，新 Google Sheets ID：1OzDPP2dHqJ5q0oviPWPhv4D8rKQzuyAaE-pj1O_0DwM
2026-10-03 22:01:57 [INFO]   → 寫入 84 列（起始 R3C7）
2026-10-03 22:01:57 [INFO]   已清除範圍（202610 台中）：CD3:CL1026
2026-10-03 22:01:57 [INFO]   匯入：20261004排班統計表-台中.xlsx
2026-10-03 22:01:57 [INFO]   xlsx → Google Sheets：20261004排班統計表-台中
2026-10-03 22:01:57 [INFO] file_cache is only supported with oauth2client<4.0.0
2026-10-03 22:02:02 [INFO]   轉換完成，新 Google Sheets ID：1fMH6pIXy1_Rg-25b7h9fAPHVIx89V1zEsaGxXX9gPIw
2026-10-03 22:02:04 [INFO]   → 寫入 12 列（起始 R3C82）
2026-10-03 22:02:04 [INFO]   已清除範圍（202611 台北）：V3:AD1026
2026-10-03 22:02:04 [INFO]   匯入：20261104排班統計表-台北.xlsx
2026-10-03 22:02:04 [INFO]   xlsx → Google Sheets：20261104排班統計表-台北
2026-10-03 22:02:04 [INFO] file_cache is only supported with oauth2client<4.0.0
2026-10-03 22:02:09 [INFO]   轉換完成，新 Google Sheets ID：1Qw28VyHnOkveqjKYmGJzFugCC6driXQPaU2fNomvB4E
2026-10-03 22:02:10 [INFO]   → 寫入 34 列（起始 R3C22）
2026-10-03 22:02:11 [INFO]   已清除範圍（202611 台中）：CS3:DA1026
2026-10-03 22:02:11 [INFO]   匯入：20261104排班統計表-台中.xlsx
2026-10-03 22:02:11 [INFO]   xlsx → Google Sheets：20261104排班統計表-台中
2026-10-03 22:02:11 [INFO] file_cache is only supported with oauth2client<4.0.0
2026-10-03 22:02:15 [INFO]   轉換完成，新 Google Sheets ID：1nWY3-7lpwhnBa2sRJbSh0B1CC5p8IldyfRGakTEytJc
2026-10-03 22:02:15 [ERROR]   202611 台中 讀取失敗，保留空白：APIError: [429]: Quota exceeded for quota metric 'Read requests' and limit 'Read requests per minute per user' of service 'sheets.googleapis.com' for consumer 'project_number:1042663213860'.
2026-10-03 22:02:16 [INFO] Step 1 完成（28.6s）
2026-10-03 22:02:17 [WARNING] [執行檔打卡失敗（非致命）] APIError: [429]: Quota exceeded for quota metric 'Read requests' and limit 'Read requests per minute per user' of service 'sheets.googleapis.com' for consumer 'project_number:1042663213860'.
2026-10-03 22:02:17 [INFO] === 全部完成 run_id=bfdd7cb7（29.8s）===
