2026-10-03 22:02:21 [INFO] === 客服排程系統 run_id=bedeb7e6 step=3 台北時間=2026-10-04 06:02:21 ===
2026-10-03 22:02:21 [INFO] 目標試算表 ID 來源：環境變數 SERVICE_TARGET_SPREADSHEET_ID
2026-10-03 22:02:21 [INFO] file_cache is only supported with oauth2client<4.0.0
2026-10-03 22:02:21 [WARNING] [主控表打卡失敗（非致命）] <HttpError 429 when requesting https://sheets.googleapis.com/v4/spreadsheets/1nNAXy6rvBnGR8ACnqKKzKNA4-UwZtZp47i806EPmR_8?fields=sheets%28properties%28sheetId%2Ctitle%29%29&alt=json returned "Quota exceeded for quota metric 'Read requests' and limit 'Read requests per minute per user' of service 'sheets.googleapis.com' for consumer 'project_number:1042663213860'.". Details: "[{'@type': 'type.googleapis.com/google.rpc.ErrorInfo', 'reason': 'RATE_LIMIT_EXCEEDED', 'domain': 'googleapis.com', 'metadata': {'quota_unit': '1/min/{project}/{user}', 'quota_location': 'global', 'quota_limit_value': '60', 'quota_metric': 'sheets.googleapis.com/read_requests', 'quota_limit': 'ReadRequestsPerMinutePerUser', 'window_start_time': '1791064884', 'service': 'sheets.googleapis.com', 'consumer': 'projects/1042663213860'}}, {'@type': 'type.googleapis.com/google.rpc.Help', 'links': [{'description': 'Request a higher quota limit.', 'url': 'https://cloud.google.com/docs/quotas/help/request_increase'}]}]">
2026-10-03 22:02:22 [WARNING] [執行檔打卡失敗（非致命）] APIError: [429]: Quota exceeded for quota metric 'Read requests' and limit 'Read requests per minute per user' of service 'sheets.googleapis.com' for consumer 'project_number:1042663213860'.
2026-10-03 22:02:22 [INFO] --- Step3_更新前一天營業分數及營業額 ---
2026-10-03 22:02:22 [WARNING] [執行檔打卡失敗（非致命）] APIError: [429]: Quota exceeded for quota metric 'Read requests' and limit 'Read requests per minute per user' of service 'sheets.googleapis.com' for consumer 'project_number:1042663213860'.
2026-10-03 22:02:22 [INFO] 信件日期（台北時間）：2026-10-03
2026-10-03 22:02:22 [WARNING] 開啟客服目標試算表 遇到 Sheets API 配額限制；15 秒後重試（1/4）：APIError: [429]: Quota exceeded for quota metric 'Read requests' and limit 'Read requests per minute per user' of service 'sheets.googleapis.com' for consumer 'project_number:1042663213860'.
2026-10-03 22:02:37 [WARNING] 開啟客服目標試算表 遇到 Sheets API 配額限制；30 秒後重試（2/4）：APIError: [429]: Quota exceeded for quota metric 'Read requests' and limit 'Read requests per minute per user' of service 'sheets.googleapis.com' for consumer 'project_number:1042663213860'.
2026-10-03 22:03:18 [INFO]   [mail] text/plain 為空，fallback 到 text/html（3821 字元）
2026-10-03 22:03:21 [INFO]   近三日營業額-台北 → 選中 17:25:04（與17:25差4s）
2026-10-03 22:03:21 [INFO]   [debug] 行68 repr='2026-10-01：212分'
2026-10-03 22:03:21 [INFO]   [debug] 行69 repr='2026-10-02：95分'
2026-10-03 22:03:21 [INFO]   [debug] 行70 repr='2026-10-03：10分'
2026-10-03 22:03:21 [INFO]   [debug] 行71 repr='【家電清潔】日營業額'
2026-10-03 22:03:21 [INFO]   [debug] 行72 repr='2026-10-01：0分'
2026-10-03 22:03:21 [INFO]   [debug] 行73 repr='2026-10-02：0分'
2026-10-03 22:03:21 [INFO]   [debug] 行74 repr='2026-10-03：0分'
2026-10-03 22:03:21 [INFO]   [debug] 行75 repr='【儲值金】日營業額'
2026-10-03 22:03:27 [INFO]   [mail] text/plain 為空，fallback 到 text/html（1001 字元）
2026-10-03 22:03:28 [INFO]   近三日營業額-台中 → 選中 17:25:07（與17:25差7s）
2026-10-03 22:03:28 [INFO]   [debug] 行23 repr='2026-10-01：10分'
2026-10-03 22:03:28 [INFO]   [debug] 行24 repr='2026-10-02：2分'
2026-10-03 22:03:28 [INFO]   [debug] 行25 repr='2026-10-03：0分'
2026-10-03 22:03:28 [INFO]   [debug] 行26 repr='【家電清潔】日營業額'
2026-10-03 22:03:28 [INFO]   [debug] 行27 repr='2026-10-01：0分'
2026-10-03 22:03:28 [INFO]   [debug] 行28 repr='2026-10-02：0分'
2026-10-03 22:03:28 [INFO]   [debug] 行29 repr='2026-10-03：0分'
2026-10-03 22:03:28 [INFO]   [debug] 行30 repr='【儲值金】日營業額'
2026-10-03 22:03:28 [INFO]   台北：{'daily_value': 10, 'total_count': 316, 'total_amount': 632600}
2026-10-03 22:03:28 [INFO]   台中：{'daily_value': 0, 'total_count': 12, 'total_amount': 24800}
2026-10-03 22:03:30 [INFO] Step 3 完成，row=2422（66.8s）
2026-10-03 22:03:31 [INFO] === 全部完成 run_id=bedeb7e6（68.0s）===
