開始執行：專員個資
⚠️ 一鍵日排程 secrets TOML 注入失敗：No secrets found. Valid paths for a secrets.toml file or secret directories are: /home/runner/.streamlit/secrets.toml, /home/runner/work/tool-system/tool-system/.streamlit/secrets.toml
⚠️ 一鍵日排程 secrets env 注入失敗：No secrets found. Valid paths for a secrets.toml file or secret directories are: /home/runner/.streamlit/secrets.toml, /home/runner/work/tool-system/tool-system/.streamlit/secrets.toml
OAuth env ready = True
OAuth bootstrap forced = True
Command: Python bootstrap -> /home/runner/work/tool-system/tool-system/tools/scheduled_daily/staff_info.py
[2026-10-04 01:31:23] ====================================================
[2026-10-04 01:31:23] staff_info.py 開始執行
[2026-10-04 01:31:23] GITHUB_ACTIONS = true
[2026-10-04 01:31:23] PWD = /home/runner/work/tool-system/tool-system
[2026-10-04 01:31:23] LOCAL_OUTPUT_DIR = /Users/jenny/Library/CloudStorage/GoogleDrive-jenny@lemonclean.com.tw/我的雲端硬碟/lemon_Jenny/Jenny@lemon程式/專員個資
[2026-10-04 01:31:23] LOCAL_OUTPUT_DIR exists = False
[2026-10-04 01:31:23] can_use_local_output_dir = False
[2026-10-04 01:31:23] root folder_id = 11O6eKHQ1e3Irqps7Kq1XJOSVVge3pCAc
[2026-10-04 01:31:23] ====================================================
[2026-10-04 01:31:23] Google Drive 初始化成功
[2026-10-04 01:31:24] 📁 使用既有資料夾：專員個資
[2026-10-04 01:31:24] today_stamp = 20261004
[2026-10-04 01:31:24] 專員個資 folder_id = 1v1Er8oC3BEAWHbBrDq3SUpjEDwHIuK0f
[2026-10-04 01:31:24] 帳號數量 = 2
[2026-10-04 01:31:24] 
[2026-10-04 01:31:24] === 開始處理 台北 ===
[2026-10-04 01:31:24] 開始登入：jenny@lemonclean.com.tw
[2026-10-04 01:31:25] 登入成功：jenny@lemonclean.com.tw
[2026-10-04 01:31:25] 開始下載：city=台北 / filename=20261004專員個資-台北.xlsx
[2026-10-04 01:31:28] ✅ 已下載到暫存：/tmp/tmp3qo0epsb/20261004專員個資-台北.xlsx
[2026-10-04 01:31:28] 📦 檔案大小：228352 bytes
[2026-10-04 01:31:28] 📂 暫存目錄存在：True
[2026-10-04 01:31:28] 📄 暫存檔案存在：True
[2026-10-04 01:31:28] 目前不是 Jenny 本機環境，略過本機存檔
[2026-10-04 01:31:28] Google Drive 初始化成功
[2026-10-04 01:31:28] 準備上傳到 Google Drive：20261004專員個資-台北.xlsx
[2026-10-04 01:31:31] ☁️ 已上傳新檔：20261004專員個資-台北.xlsx (file_id=1HStQb-8zQ-VQ9--LQEmF-V_wCh0-s5Tl) https://docs.google.com/spreadsheets/d/1HStQb-8zQ-VQ9--LQEmF-V_wCh0-s5Tl/edit?usp=drivesdk&ouid=101667783075862487943&rtpof=true&sd=true
[2026-10-04 01:31:31] ✅ 完成處理：20261004專員個資-台北.xlsx
[2026-10-04 01:31:31] ✅ 台北 全部完成
[2026-10-04 01:31:31] 
[2026-10-04 01:31:31] === 開始處理 台中 ===
[2026-10-04 01:31:31] 開始登入：jenny.tc@lemonclean.com.tw
[2026-10-04 01:31:32] 登入成功：jenny.tc@lemonclean.com.tw
[2026-10-04 01:31:32] 開始下載：city=台中 / filename=20261004專員個資-台中.xlsx
[2026-10-04 01:31:32] ✅ 已下載到暫存：/tmp/tmprm5vd7_1/20261004專員個資-台中.xlsx
[2026-10-04 01:31:32] 📦 檔案大小：59904 bytes
[2026-10-04 01:31:32] 📂 暫存目錄存在：True
[2026-10-04 01:31:32] 📄 暫存檔案存在：True
[2026-10-04 01:31:32] 目前不是 Jenny 本機環境，略過本機存檔
[2026-10-04 01:31:32] Google Drive 初始化成功
[2026-10-04 01:31:32] 準備上傳到 Google Drive：20261004專員個資-台中.xlsx
[2026-10-04 01:31:35] ☁️ 已上傳新檔：20261004專員個資-台中.xlsx (file_id=1XPygywaEucnwloxxvg-Wn4m-HYRS3I0d) https://docs.google.com/spreadsheets/d/1XPygywaEucnwloxxvg-Wn4m-HYRS3I0d/edit?usp=drivesdk&ouid=101667783075862487943&rtpof=true&sd=true
[2026-10-04 01:31:35] ✅ 完成處理：20261004專員個資-台中.xlsx
[2026-10-04 01:31:35] ✅ 台中 全部完成
[2026-10-04 01:31:35] 🎉 staff_info.py 全部完成

完成執行：專員個資
scheduled_daily scheduler 全部完成
