📋 log_spreadsheet_id 已從設定檔載入
📝 外場排程打卡：外場專員個資 / running
Command: /opt/hostedtoolcache/Python/3.11.16/x64/bin/python -u -m tools.field_management.staff_profile --date 20260822 --system-name 外場排程系統 --run-type 排程
[2026-08-22 07:15:15] 開始處理專員個資：20260822專員個資-台北
🔄 Jenny OAuth 已將來源 Excel 轉成暫存 Google Sheet：12Ool9dJQrR8S1U66iPgSdYLBnnYuchK100yPBQSi1Ws
🗑️ 已刪除來源暫存 Google Sheet：12Ool9dJQrR8S1U66iPgSdYLBnnYuchK100yPBQSi1Ws
[2026-08-22 07:15:26] 完成專員個資：20260822專員個資-台北.xlsx → 專員個人資料!A4:C / rows=100
[2026-08-22 07:15:28] 開始處理訂單截取：20260822訂單-台北
🔄 Jenny OAuth 已將來源 Excel 轉成暫存 Google Sheet：15iSAzCHV43ihao0oOG9g9-e_GnGKunR-RF_0Bgu7oEc
🗑️ 已刪除來源暫存 Google Sheet：15iSAzCHV43ihao0oOG9g9-e_GnGKunR-RF_0Bgu7oEc
[2026-08-22 07:15:38] 完成訂單截取：20260822訂單-台北.xls → 專員個人資料!G1:N / rows=1126
[2026-08-22 07:15:40] 開始處理專員個資：20260822專員個資-台中
🔄 Jenny OAuth 已將來源 Excel 轉成暫存 Google Sheet：1dbdAnnCIC6-MqBTF_hPKuCYVEIFlzPFE4uGFUXgRqn0
🗑️ 已刪除來源暫存 Google Sheet：1dbdAnnCIC6-MqBTF_hPKuCYVEIFlzPFE4uGFUXgRqn0
[2026-08-22 07:15:48] 完成專員個資：20260822專員個資-台中.xlsx → 專員個人資料!A4:C / rows=17
[2026-08-22 07:15:50] 開始處理訂單截取：20260822訂單-台中
🔄 Jenny OAuth 已將來源 Excel 轉成暫存 Google Sheet：1xyungIudXGCNgLT91cyAn7r6zV2il6crHB2G2QjN524
🗑️ 已刪除來源暫存 Google Sheet：1xyungIudXGCNgLT91cyAn7r6zV2il6crHB2G2QjN524
[2026-08-22 07:15:59] 完成訂單截取：20260822訂單-台中.xls → 專員個人資料!G1:N / rows=86
[2026-08-22 07:16:00] staff_profile.py 全部完成

📝 外場排程打卡：外場專員個資 / success
field_management scheduler 全部完成
