開始執行：排班統計表
⚠️ 一鍵日排程 secrets TOML 注入失敗：No secrets found. Valid paths for a secrets.toml file or secret directories are: /home/runner/.streamlit/secrets.toml, /home/runner/work/tool-system/tool-system/.streamlit/secrets.toml
⚠️ 一鍵日排程 secrets env 注入失敗：No secrets found. Valid paths for a secrets.toml file or secret directories are: /home/runner/.streamlit/secrets.toml, /home/runner/work/tool-system/tool-system/.streamlit/secrets.toml
OAuth env ready = True
OAuth bootstrap forced = True
Command: Python bootstrap -> /home/runner/work/tool-system/tool-system/tools/scheduled_daily/schedule_report.py
[2026-08-22 01:20:29] ====================================================
[2026-08-22 01:20:29] schedule_report.py 開始執行
[2026-08-22 01:20:29] GITHUB_ACTIONS = true
[2026-08-22 01:20:29] PWD = /home/runner/work/tool-system/tool-system
[2026-08-22 01:20:29] LOCAL_OUTPUT_DIR = /Users/jenny/Library/CloudStorage/GoogleDrive-jenny@lemonclean.com.tw/.shortcut-targets-by-id/1zbu45AG1adMzz24HPdi_tLfh2Tncw_Br/排班統計表
[2026-08-22 01:20:29] LOCAL_OUTPUT_DIR exists = False
[2026-08-22 01:20:29] can_use_local_output_dir = False
[2026-08-22 01:20:29] root folder_id = 11O6eKHQ1e3Irqps7Kq1XJOSVVge3pCAc
[2026-08-22 01:20:29] ====================================================
[2026-08-22 01:20:29] Google Drive 初始化成功
[2026-08-22 01:20:30] 📁 使用既有資料夾：排班統計表
[2026-08-22 01:20:30] this_month = 2026-08
[2026-08-22 01:20:30] next_month = 2026-09
[2026-08-22 01:20:30] today_stamp = 20260822
[2026-08-22 01:20:30] next_month_stamp = 20260922
[2026-08-22 01:20:30] 排班統計表 folder_id = 18XDXdrCSsLYwSzz1Da9pQh-jGm2h2Ed8
[2026-08-22 01:20:30] 帳號數量 = 2
[2026-08-22 01:20:30] 
[2026-08-22 01:20:30] === 開始處理 台北 ===
[2026-08-22 01:20:30] 開始登入：jenny@lemonclean.com.tw
[2026-08-22 01:20:32] 登入成功：jenny@lemonclean.com.tw
[2026-08-22 01:20:32] 開始下載：month=2026-08 / filename=20260822排班統計表-台北.xlsx
[2026-08-22 01:20:33] ✅ 已下載到暫存：/tmp/tmpq4for04z/20260822排班統計表-台北.xlsx
[2026-08-22 01:20:33] 📦 檔案大小：18432 bytes
[2026-08-22 01:20:33] 📂 暫存目錄存在：True
[2026-08-22 01:20:33] 📄 暫存檔案存在：True
[2026-08-22 01:20:33] 目前不是 Jenny 本機環境，略過本機存檔
[2026-08-22 01:20:33] Google Drive 初始化成功
[2026-08-22 01:20:34] 準備上傳到 Google Drive：20260822排班統計表-台北.xlsx
[2026-08-22 01:20:36] ☁️ 已上傳新檔：20260822排班統計表-台北.xlsx (file_id=1wrP2LaJ-wtK0PnGjFNYMMVt3WsFZRtr-) https://docs.google.com/spreadsheets/d/1wrP2LaJ-wtK0PnGjFNYMMVt3WsFZRtr-/edit?usp=drivesdk&ouid=101667783075862487943&rtpof=true&sd=true
[2026-08-22 01:20:36] ✅ 完成處理：20260822排班統計表-台北.xlsx
[2026-08-22 01:20:36] 開始下載：month=2026-09 / filename=20260922排班統計表-台北.xlsx
[2026-08-22 01:20:37] ✅ 已下載到暫存：/tmp/tmpxppf39fy/20260922排班統計表-台北.xlsx
[2026-08-22 01:20:37] 📦 檔案大小：14848 bytes
[2026-08-22 01:20:37] 📂 暫存目錄存在：True
[2026-08-22 01:20:37] 📄 暫存檔案存在：True
[2026-08-22 01:20:37] 目前不是 Jenny 本機環境，略過本機存檔
[2026-08-22 01:20:37] Google Drive 初始化成功
[2026-08-22 01:20:37] 準備上傳到 Google Drive：20260922排班統計表-台北.xlsx
[2026-08-22 01:20:38] ☁️ 已上傳新檔：20260922排班統計表-台北.xlsx (file_id=1VzIHihbJix2uM_gsGGgY1mBKoBc5Bwsf) https://docs.google.com/spreadsheets/d/1VzIHihbJix2uM_gsGGgY1mBKoBc5Bwsf/edit?usp=drivesdk&ouid=101667783075862487943&rtpof=true&sd=true
[2026-08-22 01:20:38] ✅ 完成處理：20260922排班統計表-台北.xlsx
[2026-08-22 01:20:38] ✅ 台北 全部完成
[2026-08-22 01:20:38] 
[2026-08-22 01:20:38] === 開始處理 台中 ===
[2026-08-22 01:20:38] 開始登入：jenny.tc@lemonclean.com.tw
[2026-08-22 01:20:40] 登入成功：jenny.tc@lemonclean.com.tw
[2026-08-22 01:20:40] 開始下載：month=2026-08 / filename=20260822排班統計表-台中.xlsx
[2026-08-22 01:20:40] ✅ 已下載到暫存：/tmp/tmpxsuvbsw8/20260822排班統計表-台中.xlsx
[2026-08-22 01:20:40] 📦 檔案大小：7168 bytes
[2026-08-22 01:20:40] 📂 暫存目錄存在：True
[2026-08-22 01:20:40] 📄 暫存檔案存在：True
[2026-08-22 01:20:40] 目前不是 Jenny 本機環境，略過本機存檔
[2026-08-22 01:20:40] Google Drive 初始化成功
[2026-08-22 01:20:40] 準備上傳到 Google Drive：20260822排班統計表-台中.xlsx
[2026-08-22 01:20:41] ☁️ 已上傳新檔：20260822排班統計表-台中.xlsx (file_id=1CfBJMEczd_aWJt2Hn1zt72QxvhCqcbbI) https://docs.google.com/spreadsheets/d/1CfBJMEczd_aWJt2Hn1zt72QxvhCqcbbI/edit?usp=drivesdk&ouid=101667783075862487943&rtpof=true&sd=true
[2026-08-22 01:20:41] ✅ 完成處理：20260822排班統計表-台中.xlsx
[2026-08-22 01:20:41] 開始下載：month=2026-09 / filename=20260922排班統計表-台中.xlsx
[2026-08-22 01:20:42] ✅ 已下載到暫存：/tmp/tmp92wshxeh/20260922排班統計表-台中.xlsx
[2026-08-22 01:20:42] 📦 檔案大小：5632 bytes
[2026-08-22 01:20:42] 📂 暫存目錄存在：True
[2026-08-22 01:20:42] 📄 暫存檔案存在：True
[2026-08-22 01:20:42] 目前不是 Jenny 本機環境，略過本機存檔
[2026-08-22 01:20:42] Google Drive 初始化成功
[2026-08-22 01:20:42] 準備上傳到 Google Drive：20260922排班統計表-台中.xlsx
[2026-08-22 01:20:43] ☁️ 已上傳新檔：20260922排班統計表-台中.xlsx (file_id=1-IT0_AmgkYhN_7Tgs9OMfkeoBYjrX-Do) https://docs.google.com/spreadsheets/d/1-IT0_AmgkYhN_7Tgs9OMfkeoBYjrX-Do/edit?usp=drivesdk&ouid=101667783075862487943&rtpof=true&sd=true
[2026-08-22 01:20:43] ✅ 完成處理：20260922排班統計表-台中.xlsx
[2026-08-22 01:20:43] ✅ 台中 全部完成
[2026-08-22 01:20:43] 🎉 schedule_report.py 全部完成

完成執行：排班統計表
scheduled_daily scheduler 全部完成
