開始執行：專員班表
⚠️ 一鍵日排程 secrets TOML 注入失敗：No secrets found. Valid paths for a secrets.toml file or secret directories are: /home/runner/.streamlit/secrets.toml, /home/runner/work/tool-system/tool-system/.streamlit/secrets.toml
⚠️ 一鍵日排程 secrets env 注入失敗：No secrets found. Valid paths for a secrets.toml file or secret directories are: /home/runner/.streamlit/secrets.toml, /home/runner/work/tool-system/tool-system/.streamlit/secrets.toml
OAuth env ready = True
OAuth bootstrap forced = True
Command: Python bootstrap -> /home/runner/work/tool-system/tool-system/tools/scheduled_daily/staff_schedule.py
[2026-08-22 01:39:05] ====================================================
[2026-08-22 01:39:05] staff_schedule.py 開始執行
[2026-08-22 01:39:05] GITHUB_ACTIONS = true
[2026-08-22 01:39:05] PWD = /home/runner/work/tool-system/tool-system
[2026-08-22 01:39:05] LOCAL_OUTPUT_DIR = /Users/jenny/Library/CloudStorage/GoogleDrive-jenny@lemonclean.com.tw/我的雲端硬碟/lemon_Jenny/Jenny@lemon程式/專員班表
[2026-08-22 01:39:05] LOCAL_OUTPUT_DIR exists = False
[2026-08-22 01:39:05] can_use_local_output_dir = False
[2026-08-22 01:39:05] root folder_id = 11O6eKHQ1e3Irqps7Kq1XJOSVVge3pCAc
[2026-08-22 01:39:05] ====================================================
[2026-08-22 01:39:05] Google Drive 初始化成功
[2026-08-22 01:39:05] 📁 使用既有資料夾：專員班表
[2026-08-22 01:39:05] this_month = 2026-08
[2026-08-22 01:39:05] next_month = 2026-09
[2026-08-22 01:39:05] this_date = 20260822
[2026-08-22 01:39:05] next_date = 20260922
[2026-08-22 01:39:05] 專員班表 folder_id = 1V2AUNsT_jzQWawmnBNU_u-e7odYviwEk
[2026-08-22 01:39:05] 帳號數量 = 2
[2026-08-22 01:39:05] 
[2026-08-22 01:39:05] === 開始處理 台北 ===
[2026-08-22 01:39:05] 開始登入：jenny@lemonclean.com.tw
[2026-08-22 01:39:07] 登入成功：jenny@lemonclean.com.tw
[2026-08-22 01:39:07] 開始下載：city=台北 / month=2026-08 / filename=20260822專員班表-台北.xls
[2026-08-22 01:39:10] ✅ 已下載到暫存：/tmp/tmpelqxj69w/20260822專員班表-台北.xls
[2026-08-22 01:39:10] 📦 檔案大小：142336 bytes
[2026-08-22 01:39:10] 📂 暫存目錄存在：True
[2026-08-22 01:39:10] 📄 暫存檔案存在：True
[2026-08-22 01:39:10] 目前不是 Jenny 本機環境，略過本機存檔
[2026-08-22 01:39:10] Google Drive 初始化成功
[2026-08-22 01:39:10] 準備上傳到 Google Drive：20260822專員班表-台北.xls
[2026-08-22 01:39:12] ☁️ 已上傳新檔：20260822專員班表-台北.xls (file_id=1_YhiOjQvZ90Tq5hDT_UwpXIXC3MZQbh7) https://docs.google.com/spreadsheets/d/1_YhiOjQvZ90Tq5hDT_UwpXIXC3MZQbh7/edit?usp=drivesdk&ouid=101667783075862487943&rtpof=true&sd=true
[2026-08-22 01:39:12] ✅ 完成處理：20260822專員班表-台北.xls
[2026-08-22 01:39:12] 開始下載：city=台北 / month=2026-09 / filename=20260922專員班表-台北.xls
[2026-08-22 01:39:15] ✅ 已下載到暫存：/tmp/tmpv2j_w4la/20260922專員班表-台北.xls
[2026-08-22 01:39:15] 📦 檔案大小：104960 bytes
[2026-08-22 01:39:15] 📂 暫存目錄存在：True
[2026-08-22 01:39:15] 📄 暫存檔案存在：True
[2026-08-22 01:39:15] 目前不是 Jenny 本機環境，略過本機存檔
[2026-08-22 01:39:15] Google Drive 初始化成功
[2026-08-22 01:39:15] 準備上傳到 Google Drive：20260922專員班表-台北.xls
[2026-08-22 01:39:17] ☁️ 已上傳新檔：20260922專員班表-台北.xls (file_id=1ihZ6XdJZKN28pEke81SZmeHO8o43aDUT) https://docs.google.com/spreadsheets/d/1ihZ6XdJZKN28pEke81SZmeHO8o43aDUT/edit?usp=drivesdk&ouid=101667783075862487943&rtpof=true&sd=true
[2026-08-22 01:39:17] ✅ 完成處理：20260922專員班表-台北.xls
[2026-08-22 01:39:17] ✅ 台北 全部完成
[2026-08-22 01:39:17] 
[2026-08-22 01:39:17] === 開始處理 台中 ===
[2026-08-22 01:39:17] 開始登入：jenny.tc@lemonclean.com.tw
[2026-08-22 01:39:18] 登入成功：jenny.tc@lemonclean.com.tw
[2026-08-22 01:39:18] 開始下載：city=台中 / month=2026-08 / filename=20260822專員班表-台中.xls
[2026-08-22 01:39:19] ✅ 已下載到暫存：/tmp/tmpw3mzeygg/20260822專員班表-台中.xls
[2026-08-22 01:39:19] 📦 檔案大小：26112 bytes
[2026-08-22 01:39:19] 📂 暫存目錄存在：True
[2026-08-22 01:39:19] 📄 暫存檔案存在：True
[2026-08-22 01:39:19] 目前不是 Jenny 本機環境，略過本機存檔
[2026-08-22 01:39:19] Google Drive 初始化成功
[2026-08-22 01:39:19] 準備上傳到 Google Drive：20260822專員班表-台中.xls
[2026-08-22 01:39:20] ☁️ 已上傳新檔：20260822專員班表-台中.xls (file_id=1PZQXvk4nmb4mSczDKeHOuDzfC9pUEaOQ) https://docs.google.com/spreadsheets/d/1PZQXvk4nmb4mSczDKeHOuDzfC9pUEaOQ/edit?usp=drivesdk&ouid=101667783075862487943&rtpof=true&sd=true
[2026-08-22 01:39:20] ✅ 完成處理：20260822專員班表-台中.xls
[2026-08-22 01:39:20] 開始下載：city=台中 / month=2026-09 / filename=20260922專員班表-台中.xls
[2026-08-22 01:39:21] ✅ 已下載到暫存：/tmp/tmp6t7ewzqf/20260922專員班表-台中.xls
[2026-08-22 01:39:21] 📦 檔案大小：22528 bytes
[2026-08-22 01:39:21] 📂 暫存目錄存在：True
[2026-08-22 01:39:21] 📄 暫存檔案存在：True
[2026-08-22 01:39:21] 目前不是 Jenny 本機環境，略過本機存檔
[2026-08-22 01:39:21] Google Drive 初始化成功
[2026-08-22 01:39:21] 準備上傳到 Google Drive：20260922專員班表-台中.xls
[2026-08-22 01:39:22] ☁️ 已上傳新檔：20260922專員班表-台中.xls (file_id=1egnB-_vVIapKXt0sNrftc3zbWY7ufcHp) https://docs.google.com/spreadsheets/d/1egnB-_vVIapKXt0sNrftc3zbWY7ufcHp/edit?usp=drivesdk&ouid=101667783075862487943&rtpof=true&sd=true
[2026-08-22 01:39:22] ✅ 完成處理：20260922專員班表-台中.xls
[2026-08-22 01:39:22] ✅ 台中 全部完成
[2026-08-22 01:39:22] 🎉 staff_schedule.py 全部完成

完成執行：專員班表
scheduled_daily scheduler 全部完成
