📋 log_spreadsheet_id 已從設定檔載入
📝 外場排程打卡：外場專員班表 / running
Command: /opt/hostedtoolcache/Python/3.11.15/x64/bin/python -u -m tools.field_management.staff_schedule --date 20260819 --system-name 外場排程系統 --run-type 排程
[2026-08-19 05:11:46] 開始處理專員班表：20260819專員班表-台北
[2026-08-19 05:11:46] 失敗：20260819專員班表-台北 / 找不到來源檔案：20260819專員班表-台北 / 20260819專員班表-台北.xlsx / 20260819專員班表-台北.xls / 20260819專員班表-台北.csv；資料夾內目前檔案：20260909專員班表-台中.xls、20260809專員班表-台中.xls、20260909專員班表-台北.xls、20260809專員班表-台北.xls、20260909專員班表-台中.xls_temp_1786223897、20260809專員班表-台中.xls_temp_1786223888、20260909專員班表-台北.xls_temp_1786223880、20260809專員班表-台北.xls_temp_1786223871、20260908專員班表-台中.xls_temp_1786138010、20260808專員班表-台中.xls_temp_1786138002、20260908專員班表-台北.xls_temp_1786137992、20260808專員班表-台北.xls_temp_1786137980、20260908專員班表-台中.xls、20260808專員班表-台中.xls、20260908專員班表-台北.xls、20260808專員班表-台北.xls、20260907專員班表-台中.xls_temp_1786115395、20260807專員班表-台中.xls_temp_1786115384、20260907專員班表-台北.xls_temp_1786115375、20260807專員班表-台北.xls_temp_1786115366、20260907專員班表-台中.xls_temp_1786115335、20260807專員班表-台中.xls_temp_1786115326、20260907專員班表-台中.xls_temp_1786115321、20260907專員班表-台北.xls_temp_1786115316、20260807專員班表-台中.xls_temp_1786115310、20260807專員班表-台北.xls_temp_1786115307、20260907專員班表-台北.xls_temp_1786115300、20260807專員班表-台北.xls_temp_1786115290、20260807專員班表-台北.xls_temp_1786113635、20260807專員班表-台北.xls_temp_1786113634、20260907專員班表-台中.xls、20260807專員班表-台中.xls、20260907專員班表-台北.xls、20260807專員班表-台北.xls、20260906專員班表-台中.xls_temp_1785967388、20260806專員班表-台中.xls_temp_1785967380、20260906專員班表-台北.xls_temp_1785967373、20260806專員班表-台北.xls_temp_1785967364、20260906專員班表-台中.xls、20260806專員班表-台中.xls、20260906專員班表-台北.xls、20260806專員班表-台北.xls、20260905專員班表-台中.xls_temp_1785880914、20260905專員班表-台北.xls_temp_1785880894、20260905專員班表-台中.xls、20260905專員班表-台北.xls、20260904專員班表-台中.xls_temp_1785794216、20260904專員班表-台北.xls_temp_1785794194、20260904專員班表-台中.xls、20260904專員班表-台北.xls、20260903專員班表-台中.xls_temp_1785706996、20260903專員班表-台北.xls_temp_1785706980、20260903專員班表-台中.xls、20260903專員班表-台北.xls、20260902專員班表-台中.xls_temp_1785620663、20260902專員班表-台北.xls_temp_1785620646、20260902專員班表-台中.xls、20260902專員班表-台北.xls、20260901專員班表-台中.xls_temp_1785534913、20260901專員班表-台北.xls_temp_1785534894、20260901專員班表-台中.xls、20260901專員班表-台北.xls、20260620專員班表-台北.xlsx

Traceback (most recent call last):
  File "<frozen runpy>", line 198, in _run_module_as_main
  File "<frozen runpy>", line 88, in _run_code
  File "/home/runner/work/tool-system/tool-system/tools/field_management/staff_schedule.py", line 1045, in <module>
    main(
  File "/home/runner/work/tool-system/tool-system/tools/field_management/staff_schedule.py", line 997, in main
    run_staff_schedule_for_area(
  File "/home/runner/work/tool-system/tool-system/tools/field_management/staff_schedule.py", line 829, in run_staff_schedule_for_area
    find_file_by_possible_names(
  File "/home/runner/work/tool-system/tool-system/tools/field_management/staff_schedule.py", line 378, in find_file_by_possible_names
    raise RuntimeError(
RuntimeError: 找不到來源檔案：20260819專員班表-台北 / 20260819專員班表-台北.xlsx / 20260819專員班表-台北.xls / 20260819專員班表-台北.csv；資料夾內目前檔案：20260909專員班表-台中.xls、20260809專員班表-台中.xls、20260909專員班表-台北.xls、20260809專員班表-台北.xls、20260909專員班表-台中.xls_temp_1786223897、20260809專員班表-台中.xls_temp_1786223888、20260909專員班表-台北.xls_temp_1786223880、20260809專員班表-台北.xls_temp_1786223871、20260908專員班表-台中.xls_temp_1786138010、20260808專員班表-台中.xls_temp_1786138002、20260908專員班表-台北.xls_temp_1786137992、20260808專員班表-台北.xls_temp_1786137980、20260908專員班表-台中.xls、20260808專員班表-台中.xls、20260908專員班表-台北.xls、20260808專員班表-台北.xls、20260907專員班表-台中.xls_temp_1786115395、20260807專員班表-台中.xls_temp_1786115384、20260907專員班表-台北.xls_temp_1786115375、20260807專員班表-台北.xls_temp_1786115366、20260907專員班表-台中.xls_temp_1786115335、20260807專員班表-台中.xls_temp_1786115326、20260907專員班表-台中.xls_temp_1786115321、20260907專員班表-台北.xls_temp_1786115316、20260807專員班表-台中.xls_temp_1786115310、20260807專員班表-台北.xls_temp_1786115307、20260907專員班表-台北.xls_temp_1786115300、20260807專員班表-台北.xls_temp_1786115290、20260807專員班表-台北.xls_temp_1786113635、20260807專員班表-台北.xls_temp_1786113634、20260907專員班表-台中.xls、20260807專員班表-台中.xls、20260907專員班表-台北.xls、20260807專員班表-台北.xls、20260906專員班表-台中.xls_temp_1785967388、20260806專員班表-台中.xls_temp_1785967380、20260906專員班表-台北.xls_temp_1785967373、20260806專員班表-台北.xls_temp_1785967364、20260906專員班表-台中.xls、20260806專員班表-台中.xls、20260906專員班表-台北.xls、20260806專員班表-台北.xls、20260905專員班表-台中.xls_temp_1785880914、20260905專員班表-台北.xls_temp_1785880894、20260905專員班表-台中.xls、20260905專員班表-台北.xls、20260904專員班表-台中.xls_temp_1785794216、20260904專員班表-台北.xls_temp_1785794194、20260904專員班表-台中.xls、20260904專員班表-台北.xls、20260903專員班表-台中.xls_temp_1785706996、20260903專員班表-台北.xls_temp_1785706980、20260903專員班表-台中.xls、20260903專員班表-台北.xls、20260902專員班表-台中.xls_temp_1785620663、20260902專員班表-台北.xls_temp_1785620646、20260902專員班表-台中.xls、20260902專員班表-台北.xls、20260901專員班表-台中.xls_temp_1785534913、20260901專員班表-台北.xls_temp_1785534894、20260901專員班表-台中.xls、20260901專員班表-台北.xls、20260620專員班表-台北.xlsx

📝 外場排程打卡：外場專員班表 / failed
Traceback (most recent call last):
  File "<frozen runpy>", line 198, in _run_module_as_main
  File "<frozen runpy>", line 88, in _run_code
  File "/home/runner/work/tool-system/tool-system/tools/field_management/scheduler.py", line 179, in <module>
    main(target=args.target, date_key=args.date, area=args.area or None, system_name=args.system_name)
  File "/home/runner/work/tool-system/tool-system/tools/field_management/scheduler.py", line 158, in main
    results.append(run_job(job_name, date_key, area, system_name))
                   ^^^^^^^^^^^^^^^^^^^^^^^^^^^^^^^^^^^^^^^^^^^^^^
  File "/home/runner/work/tool-system/tool-system/tools/field_management/scheduler.py", line 134, in run_job
    raise RuntimeError(message)
RuntimeError: 外場專員班表 執行失敗，exit=1
STDOUT:
[2026-08-19 05:11:46] 開始處理專員班表：20260819專員班表-台北
[2026-08-19 05:11:46] 失敗：20260819專員班表-台北 / 找不到來源檔案：20260819專員班表-台北 / 20260819專員班表-台北.xlsx / 20260819專員班表-台北.xls / 20260819專員班表-台北.csv；資料夾內目前檔案：20260909專員班表-台中.xls、20260809專員班表-台中.xls、20260909專員班表-台北.xls、20260809專員班表-台北.xls、20260909專員班表-台中.xls_temp_1786223897、20260809專員班表-台中.xls_temp_1786223888、20260909專員班表-台北.xls_temp_1786223880、20260809專員班表-台北.xls_temp_1786223871、20260908專員班表-台中.xls_temp_1786138010、20260808專員班表-台中.xls_temp_1786138002、20260908專員班表-台北.xls_temp_1786137992、20260808專員班表-台北.xls_temp_1786137980、20260908專員班表-台中.xls、20260808專員班表-台中.xls、20260908專員班表-台北.xls、20260808專員班表-台北.xls、20260907專員班表-台中.xls_temp_1786115395、20260807專員班表-台中.xls_temp_1786115384、20260907專員班表-台北.xls_temp_1786115375、20260807專員班表-台北.xls_temp_1786115366、20260907專員班表-台中.xls_temp_1786115335、20260807專員班表-台中.xls_temp_1786115326、20260907專員班表-台中.xls_temp_1786115321、20260907專員班表-台北.xls_temp_1786115316、20260807專員班表-台中.xls_temp_1786115310、20260807專員班表-台北.xls_temp_1786115307、20260907專員班表-台北.xls_temp_1786115300、20260807專員班表-台北.xls_temp_1786115290、20260807專員班表-台北.xls_temp_1786113635、20260807專員班表-台北.xls_temp_1786113634、20260907專員班表-台中.xls、20260807專員班表-台中.xls、20260907專員班表-台北.xls、20260807專員班表-台北.xls、20260906專員班表-台中.xls_temp_1785967388、20260806專員班表-台中.xls_temp_1785967380、20260906專員班表-台北.xls_temp_1785967373、20260806專員班表-台北.xls_temp_1785967364、20260906專員班表-台中.xls、20260806專員班表-台中.xls、20260906專員班表-台北.xls、20260806專員班表-台北.xls、20260905專員班表-台中.xls_temp_1785880914、20260905專員班表-台北.xls_temp_1785880894、20260905專員班表-台中.xls、20260905專員班表-台北.xls、20260904專員班表-台中.xls_temp_1785794216、20260904專員班表-台北.xls_temp_1785794194、20260904專員班表-台中.xls、20260904專員班表-台北.xls、20260903專員班表-台中.xls_temp_1785706996、20260903專員班表-台北.xls_temp_1785706980、20260903專員班表-台中.xls、20260903專員班表-台北.xls、20260902專員班表-台中.xls_temp_1785620663、20260902專員班表-台北.xls_temp_1785620646、20260902專員班表-台中.xls、20260902專員班表-台北.xls、20260901專員班表-台中.xls_temp_1785534913、20260901專員班表-台北.xls_temp_1785534894、20260901專員班表-台中.xls、20260901專員班表-台北.xls、20260620專員班表-台北.xlsx

STDERR:
Traceback (most recent call last):
  File "<frozen runpy>", line 198, in _run_module_as_main
  File "<frozen runpy>", line 88, in _run_code
  File "/home/runner/work/tool-system/tool-system/tools/field_management/staff_schedule.py", line 1045, in <module>
    main(
  File "/home/runner/work/tool-system/tool-system/tools/field_management/staff_schedule.py", line 997, in main
    run_staff_schedule_for_area(
  File "/home/runner/work/tool-system/tool-system/tools/field_management/staff_schedule.py", line 829, in run_staff_schedule_for_area
    find_file_by_possible_names(
  File "/home/runner/work/tool-system/tool-system/tools/field_management/staff_schedule.py", line 378, in find_file_by_possible_names
    raise RuntimeError(
RuntimeError: 找不到來源檔案：20260819專員班表-台北 / 20260819專員班表-台北.xlsx / 20260819專員班表-台北.xls / 20260819專員班表-台北.csv；資料夾內目前檔案：20260909專員班表-台中.xls、20260809專員班表-台中.xls、20260909專員班表-台北.xls、20260809專員班表-台北.xls、20260909專員班表-台中.xls_temp_1786223897、20260809專員班表-台中.xls_temp_1786223888、20260909專員班表-台北.xls_temp_1786223880、20260809專員班表-台北.xls_temp_1786223871、20260908專員班表-台中.xls_temp_1786138010、20260808專員班表-台中.xls_temp_1786138002、20260908專員班表-台北.xls_temp_1786137992、20260808專員班表-台北.xls_temp_1786137980、20260908專員班表-台中.xls、20260808專員班表-台中.xls、20260908專員班表-台北.xls、20260808專員班表-台北.xls、20260907專員班表-台中.xls_temp_1786115395、20260807專員班表-台中.xls_temp_1786115384、20260907專員班表-台北.xls_temp_1786115375、20260807專員班表-台北.xls_temp_1786115366、20260907專員班表-台中.xls_temp_1786115335、20260807專員班表-台中.xls_temp_1786115326、20260907專員班表-台中.xls_temp_1786115321、20260907專員班表-台北.xls_temp_1786115316、20260807專員班表-台中.xls_temp_1786115310、20260807專員班表-台北.xls_temp_1786115307、20260907專員班表-台北.xls_temp_1786115300、20260807專員班表-台北.xls_temp_1786115290、20260807專員班表-台北.xls_temp_1786113635、20260807專員班表-台北.xls_temp_1786113634、20260907專員班表-台中.xls、20260807專員班表-台中.xls、20260907專員班表-台北.xls、20260807專員班表-台北.xls、20260906專員班表-台中.xls_temp_1785967388、20260806專員班表-台中.xls_temp_1785967380、20260906專員班表-台北.xls_temp_1785967373、20260806專員班表-台北.xls_temp_1785967364、20260906專員班表-台中.xls、20260806專員班表-台中.xls、20260906專員班表-台北.xls、20260806專員班表-台北.xls、20260905專員班表-台中.xls_temp_1785880914、20260905專員班表-台北.xls_temp_1785880894、20260905專員班表-台中.xls、20260905專員班表-台北.xls、20260904專員班表-台中.xls_temp_1785794216、20260904專員班表-台北.xls_temp_1785794194、20260904專員班表-台中.xls、20260904專員班表-台北.xls、20260903專員班表-台中.xls_temp_1785706996、20260903專員班表-台北.xls_temp_1785706980、20260903專員班表-台中.xls、20260903專員班表-台北.xls、20260902專員班表-台中.xls_temp_1785620663、20260902專員班表-台北.xls_temp_1785620646、20260902專員班表-台中.xls、20260902專員班表-台北.xls、20260901專員班表-台中.xls_temp_1785534913、20260901專員班表-台北.xls_temp_1785534894、20260901專員班表-台中.xls、20260901專員班表-台北.xls、20260620專員班表-台北.xlsx

