開始執行：專員個資
⚠️ 一鍵日排程 secrets TOML 注入失敗：No secrets found. Valid paths for a secrets.toml file or secret directories are: /home/runner/.streamlit/secrets.toml, /home/runner/work/tool-system/tool-system/.streamlit/secrets.toml
⚠️ 一鍵日排程 secrets env 注入失敗：No secrets found. Valid paths for a secrets.toml file or secret directories are: /home/runner/.streamlit/secrets.toml, /home/runner/work/tool-system/tool-system/.streamlit/secrets.toml
OAuth env ready = True
OAuth bootstrap forced = True
Command: Python bootstrap -> /home/runner/work/tool-system/tool-system/tools/scheduled_daily/staff_info.py
[2026-08-19 01:50:30] ====================================================
[2026-08-19 01:50:30] staff_info.py 開始執行
[2026-08-19 01:50:30] GITHUB_ACTIONS = true
[2026-08-19 01:50:30] PWD = /home/runner/work/tool-system/tool-system
[2026-08-19 01:50:30] LOCAL_OUTPUT_DIR = /Users/jenny/Library/CloudStorage/GoogleDrive-jenny@lemonclean.com.tw/我的雲端硬碟/lemon_Jenny/Jenny@lemon程式/專員個資
[2026-08-19 01:50:30] LOCAL_OUTPUT_DIR exists = False
[2026-08-19 01:50:30] can_use_local_output_dir = False
[2026-08-19 01:50:30] root folder_id = 11O6eKHQ1e3Irqps7Kq1XJOSVVge3pCAc
[2026-08-19 01:50:30] ====================================================
[2026-08-19 01:50:30] Google Drive 初始化成功
[2026-08-19 01:50:30] 📁 使用既有資料夾：專員個資
[2026-08-19 01:50:30] today_stamp = 20260819
[2026-08-19 01:50:30] 專員個資 folder_id = 1v1Er8oC3BEAWHbBrDq3SUpjEDwHIuK0f
[2026-08-19 01:50:30] 帳號數量 = 2
[2026-08-19 01:50:30] 
[2026-08-19 01:50:30] === 開始處理 台北 ===
[2026-08-19 01:50:30] 開始登入：jenny@lemonclean.com.tw
[2026-08-19 01:50:31] 登入成功：jenny@lemonclean.com.tw
[2026-08-19 01:50:31] 開始下載：city=台北 / filename=20260819專員個資-台北.xlsx
[2026-08-19 01:50:35] ✅ 已下載到暫存：/tmp/tmprn4_wste/20260819專員個資-台北.xlsx
[2026-08-19 01:50:35] 📦 檔案大小：227328 bytes
[2026-08-19 01:50:35] 📂 暫存目錄存在：True
[2026-08-19 01:50:35] 📄 暫存檔案存在：True
[2026-08-19 01:50:35] 目前不是 Jenny 本機環境，略過本機存檔
[2026-08-19 01:50:35] Google Drive 初始化成功
[2026-08-19 01:50:35] 準備上傳到 Google Drive：20260819專員個資-台北.xlsx
[2026-08-19 01:50:38] ☁️ 已上傳新檔：20260819專員個資-台北.xlsx (file_id=1MYt3iO8Ueh6mjal3xOjtN7ObSXpo8fBa) https://docs.google.com/spreadsheets/d/1MYt3iO8Ueh6mjal3xOjtN7ObSXpo8fBa/edit?usp=drivesdk&ouid=101667783075862487943&rtpof=true&sd=true
[2026-08-19 01:50:38] ✅ 完成處理：20260819專員個資-台北.xlsx
[2026-08-19 01:50:38] ✅ 台北 全部完成
[2026-08-19 01:50:38] 
[2026-08-19 01:50:38] === 開始處理 台中 ===
[2026-08-19 01:50:38] 開始登入：jenny.tc@lemonclean.com.tw
[2026-08-19 01:50:39] 登入成功：jenny.tc@lemonclean.com.tw
[2026-08-19 01:50:39] 開始下載：city=台中 / filename=20260819專員個資-台中.xlsx
[2026-08-19 01:50:40] ✅ 已下載到暫存：/tmp/tmpxnw0onho/20260819專員個資-台中.xlsx
[2026-08-19 01:50:40] 📦 檔案大小：59904 bytes
[2026-08-19 01:50:40] 📂 暫存目錄存在：True
[2026-08-19 01:50:40] 📄 暫存檔案存在：True
[2026-08-19 01:50:40] 目前不是 Jenny 本機環境，略過本機存檔
[2026-08-19 01:50:40] Google Drive 初始化成功
[2026-08-19 01:50:40] 準備上傳到 Google Drive：20260819專員個資-台中.xlsx
[2026-08-19 01:50:42] ☁️ 已上傳新檔：20260819專員個資-台中.xlsx (file_id=1kilcryPUvwdtTi8Tad11OJDzMhLU0PFL) https://docs.google.com/spreadsheets/d/1kilcryPUvwdtTi8Tad11OJDzMhLU0PFL/edit?usp=drivesdk&ouid=101667783075862487943&rtpof=true&sd=true
[2026-08-19 01:50:42] ✅ 完成處理：20260819專員個資-台中.xlsx
[2026-08-19 01:50:42] ✅ 台中 全部完成
[2026-08-19 01:50:42] 🎉 staff_info.py 全部完成

完成執行：專員個資
scheduled_daily scheduler 全部完成
