2026-09-09 23:47:58 [INFO] === 客服排程系統 run_id=cf6689f9 step=1 台北時間=2026-09-10 07:47:58 ===
2026-09-09 23:47:58 [INFO] 目標試算表 ID 來源：環境變數 SERVICE_TARGET_SPREADSHEET_ID
2026-09-09 23:47:58 [INFO] file_cache is only supported with oauth2client<4.0.0
2026-09-09 23:48:11 [INFO] --- Step1_更新排班統計表 ---
2026-09-09 23:48:13 [INFO] file_cache is only supported with oauth2client<4.0.0
2026-09-09 23:48:13 [INFO] 本次視窗：202609 ~ 202610（共 2 個月）
2026-09-09 23:48:13 [INFO] Drive 資料夾找到 80 個檔案
2026-09-09 23:48:13 [INFO]   找到檔案：20261010排班統計表-台中.xlsx (application/vnd.openxmlformats-officedocument.spreadsheetml.sheet)
2026-09-09 23:48:13 [INFO]   找到檔案：20260910排班統計表-台中.xlsx (application/vnd.openxmlformats-officedocument.spreadsheetml.sheet)
2026-09-09 23:48:13 [INFO]   找到檔案：20261010排班統計表-台北.xlsx (application/vnd.openxmlformats-officedocument.spreadsheetml.sheet)
2026-09-09 23:48:13 [INFO]   找到檔案：20260910排班統計表-台北.xlsx (application/vnd.openxmlformats-officedocument.spreadsheetml.sheet)
2026-09-09 23:48:13 [INFO]   找到檔案：20261009排班統計表-台中 (application/vnd.google-apps.spreadsheet)
2026-09-09 23:48:13 [INFO]   找到檔案：20261009排班統計表-台北 (application/vnd.google-apps.spreadsheet)
2026-09-09 23:48:13 [INFO]   找到檔案：20260909排班統計表-台中 (application/vnd.google-apps.spreadsheet)
2026-09-09 23:48:13 [INFO]   找到檔案：20260909排班統計表-台北 (application/vnd.google-apps.spreadsheet)
2026-09-09 23:48:13 [INFO]   找到檔案：20261009排班統計表-台中.xlsx (application/vnd.openxmlformats-officedocument.spreadsheetml.sheet)
2026-09-09 23:48:13 [INFO]   找到檔案：20260909排班統計表-台中.xlsx (application/vnd.openxmlformats-officedocument.spreadsheetml.sheet)
2026-09-09 23:48:13 [INFO]   找到檔案：20261009排班統計表-台北.xlsx (application/vnd.openxmlformats-officedocument.spreadsheetml.sheet)
2026-09-09 23:48:13 [INFO]   找到檔案：20260909排班統計表-台北.xlsx (application/vnd.openxmlformats-officedocument.spreadsheetml.sheet)
2026-09-09 23:48:13 [INFO]   找到檔案：20261008排班統計表-台中 (application/vnd.google-apps.spreadsheet)
2026-09-09 23:48:13 [INFO]   找到檔案：20261008排班統計表-台北 (application/vnd.google-apps.spreadsheet)
2026-09-09 23:48:13 [INFO]   找到檔案：20260908排班統計表-台中 (application/vnd.google-apps.spreadsheet)
2026-09-09 23:48:13 [INFO]   找到檔案：20260908排班統計表-台北 (application/vnd.google-apps.spreadsheet)
2026-09-09 23:48:13 [INFO]   找到檔案：20261008排班統計表-台中.xlsx (application/vnd.openxmlformats-officedocument.spreadsheetml.sheet)
2026-09-09 23:48:13 [INFO]   找到檔案：20260908排班統計表-台中.xlsx (application/vnd.openxmlformats-officedocument.spreadsheetml.sheet)
2026-09-09 23:48:13 [INFO]   找到檔案：20261008排班統計表-台北.xlsx (application/vnd.openxmlformats-officedocument.spreadsheetml.sheet)
2026-09-09 23:48:13 [INFO]   找到檔案：20260908排班統計表-台北.xlsx (application/vnd.openxmlformats-officedocument.spreadsheetml.sheet)
2026-09-09 23:48:13 [INFO]   找到檔案：20261007排班統計表-台中 (application/vnd.google-apps.spreadsheet)
2026-09-09 23:48:13 [INFO]   找到檔案：20261007排班統計表-台北 (application/vnd.google-apps.spreadsheet)
2026-09-09 23:48:13 [INFO]   找到檔案：20260907排班統計表-台中 (application/vnd.google-apps.spreadsheet)
2026-09-09 23:48:13 [INFO]   找到檔案：20260907排班統計表-台北 (application/vnd.google-apps.spreadsheet)
2026-09-09 23:48:13 [INFO]   找到檔案：20261007排班統計表-台中.xlsx (application/vnd.openxmlformats-officedocument.spreadsheetml.sheet)
2026-09-09 23:48:13 [INFO]   找到檔案：20260907排班統計表-台中.xlsx (application/vnd.openxmlformats-officedocument.spreadsheetml.sheet)
2026-09-09 23:48:13 [INFO]   找到檔案：20261007排班統計表-台北.xlsx (application/vnd.openxmlformats-officedocument.spreadsheetml.sheet)
2026-09-09 23:48:13 [INFO]   找到檔案：20260907排班統計表-台北.xlsx (application/vnd.openxmlformats-officedocument.spreadsheetml.sheet)
2026-09-09 23:48:13 [INFO]   找到檔案：20261006排班統計表-台中 (application/vnd.google-apps.spreadsheet)
2026-09-09 23:48:13 [INFO]   找到檔案：20261006排班統計表-台北 (application/vnd.google-apps.spreadsheet)
2026-09-09 23:48:13 [INFO]   找到檔案：20260906排班統計表-台中 (application/vnd.google-apps.spreadsheet)
2026-09-09 23:48:13 [INFO]   找到檔案：20260906排班統計表-台北 (application/vnd.google-apps.spreadsheet)
2026-09-09 23:48:13 [INFO]   找到檔案：20261006排班統計表-台中.xlsx (application/vnd.openxmlformats-officedocument.spreadsheetml.sheet)
2026-09-09 23:48:13 [INFO]   找到檔案：20260906排班統計表-台中.xlsx (application/vnd.openxmlformats-officedocument.spreadsheetml.sheet)
2026-09-09 23:48:13 [INFO]   找到檔案：20261006排班統計表-台北.xlsx (application/vnd.openxmlformats-officedocument.spreadsheetml.sheet)
2026-09-09 23:48:13 [INFO]   找到檔案：20260906排班統計表-台北.xlsx (application/vnd.openxmlformats-officedocument.spreadsheetml.sheet)
2026-09-09 23:48:13 [INFO]   找到檔案：20261005排班統計表-台中 (application/vnd.google-apps.spreadsheet)
2026-09-09 23:48:13 [INFO]   找到檔案：20261005排班統計表-台北 (application/vnd.google-apps.spreadsheet)
2026-09-09 23:48:13 [INFO]   找到檔案：20260905排班統計表-台中 (application/vnd.google-apps.spreadsheet)
2026-09-09 23:48:13 [INFO]   找到檔案：20260905排班統計表-台北 (application/vnd.google-apps.spreadsheet)
2026-09-09 23:48:13 [INFO]   找到檔案：20261005排班統計表-台中.xlsx (application/vnd.openxmlformats-officedocument.spreadsheetml.sheet)
2026-09-09 23:48:13 [INFO]   找到檔案：20260905排班統計表-台中.xlsx (application/vnd.openxmlformats-officedocument.spreadsheetml.sheet)
2026-09-09 23:48:13 [INFO]   找到檔案：20261005排班統計表-台北.xlsx (application/vnd.openxmlformats-officedocument.spreadsheetml.sheet)
2026-09-09 23:48:13 [INFO]   找到檔案：20260905排班統計表-台北.xlsx (application/vnd.openxmlformats-officedocument.spreadsheetml.sheet)
2026-09-09 23:48:13 [INFO]   找到檔案：20261004排班統計表-台中 (application/vnd.google-apps.spreadsheet)
2026-09-09 23:48:13 [INFO]   找到檔案：20261004排班統計表-台北 (application/vnd.google-apps.spreadsheet)
2026-09-09 23:48:13 [INFO]   找到檔案：20260904排班統計表-台中 (application/vnd.google-apps.spreadsheet)
2026-09-09 23:48:13 [INFO]   找到檔案：20260904排班統計表-台北 (application/vnd.google-apps.spreadsheet)
2026-09-09 23:48:13 [INFO]   找到檔案：20261004排班統計表-台中.xlsx (application/vnd.openxmlformats-officedocument.spreadsheetml.sheet)
2026-09-09 23:48:13 [INFO]   找到檔案：20260904排班統計表-台中.xlsx (application/vnd.openxmlformats-officedocument.spreadsheetml.sheet)
2026-09-09 23:48:13 [INFO]   找到檔案：20261004排班統計表-台北.xlsx (application/vnd.openxmlformats-officedocument.spreadsheetml.sheet)
2026-09-09 23:48:13 [INFO]   找到檔案：20260904排班統計表-台北.xlsx (application/vnd.openxmlformats-officedocument.spreadsheetml.sheet)
2026-09-09 23:48:13 [INFO]   找到檔案：20261003排班統計表-台中 (application/vnd.google-apps.spreadsheet)
2026-09-09 23:48:13 [INFO]   找到檔案：20261003排班統計表-台北 (application/vnd.google-apps.spreadsheet)
2026-09-09 23:48:13 [INFO]   找到檔案：20260903排班統計表-台中 (application/vnd.google-apps.spreadsheet)
2026-09-09 23:48:13 [INFO]   找到檔案：20260903排班統計表-台北 (application/vnd.google-apps.spreadsheet)
2026-09-09 23:48:13 [INFO]   找到檔案：20261003排班統計表-台中.xlsx (application/vnd.openxmlformats-officedocument.spreadsheetml.sheet)
2026-09-09 23:48:13 [INFO]   找到檔案：20260903排班統計表-台中.xlsx (application/vnd.openxmlformats-officedocument.spreadsheetml.sheet)
2026-09-09 23:48:13 [INFO]   找到檔案：20261003排班統計表-台北.xlsx (application/vnd.openxmlformats-officedocument.spreadsheetml.sheet)
2026-09-09 23:48:13 [INFO]   找到檔案：20260903排班統計表-台北.xlsx (application/vnd.openxmlformats-officedocument.spreadsheetml.sheet)
2026-09-09 23:48:13 [INFO]   找到檔案：20261002排班統計表-台中 (application/vnd.google-apps.spreadsheet)
2026-09-09 23:48:13 [INFO]   找到檔案：20261002排班統計表-台北 (application/vnd.google-apps.spreadsheet)
2026-09-09 23:48:13 [INFO]   找到檔案：20260902排班統計表-台中 (application/vnd.google-apps.spreadsheet)
2026-09-09 23:48:13 [INFO]   找到檔案：20260902排班統計表-台北 (application/vnd.google-apps.spreadsheet)
2026-09-09 23:48:13 [INFO]   找到檔案：20261002排班統計表-台中.xlsx (application/vnd.openxmlformats-officedocument.spreadsheetml.sheet)
2026-09-09 23:48:13 [INFO]   找到檔案：20260902排班統計表-台中.xlsx (application/vnd.openxmlformats-officedocument.spreadsheetml.sheet)
2026-09-09 23:48:13 [INFO]   找到檔案：20261002排班統計表-台北.xlsx (application/vnd.openxmlformats-officedocument.spreadsheetml.sheet)
2026-09-09 23:48:13 [INFO]   找到檔案：20260902排班統計表-台北.xlsx (application/vnd.openxmlformats-officedocument.spreadsheetml.sheet)
2026-09-09 23:48:13 [INFO]   找到檔案：20261001排班統計表-台中.xlsx (application/vnd.openxmlformats-officedocument.spreadsheetml.sheet)
2026-09-09 23:48:13 [INFO]   找到檔案：20260901排班統計表-台中.xlsx (application/vnd.openxmlformats-officedocument.spreadsheetml.sheet)
2026-09-09 23:48:13 [INFO]   找到檔案：20261001排班統計表-台北.xlsx (application/vnd.openxmlformats-officedocument.spreadsheetml.sheet)
2026-09-09 23:48:13 [INFO]   找到檔案：20260901排班統計表-台北.xlsx (application/vnd.openxmlformats-officedocument.spreadsheetml.sheet)
2026-09-09 23:48:13 [INFO]   找到檔案：20261001排班統計表-台中 (application/vnd.google-apps.spreadsheet)
2026-09-09 23:48:13 [INFO]   找到檔案：20261001排班統計表-台北 (application/vnd.google-apps.spreadsheet)
2026-09-09 23:48:13 [INFO]   找到檔案：20260901排班統計表-台中 (application/vnd.google-apps.spreadsheet)
2026-09-09 23:48:13 [INFO]   找到檔案：20260901排班統計表-台北 (application/vnd.google-apps.spreadsheet)
2026-09-09 23:48:13 [INFO]   找到檔案：20260931排班統計表-台中 (application/vnd.google-apps.spreadsheet)
2026-09-09 23:48:13 [INFO]   找到檔案：20260931排班統計表-台北 (application/vnd.google-apps.spreadsheet)
2026-09-09 23:48:13 [INFO]   找到檔案：20260931排班統計表-台中.xlsx (application/vnd.openxmlformats-officedocument.spreadsheetml.sheet)
2026-09-09 23:48:13 [INFO]   找到檔案：20260931排班統計表-台北.xlsx (application/vnd.openxmlformats-officedocument.spreadsheetml.sheet)
2026-09-09 23:48:13 [INFO] 排班檔確認 OK：{'202609': {'taipei': '20260910排班統計表-台北.xlsx', 'taichung': '20260910排班統計表-台中.xlsx'}, '202610': {'taipei': '20261010排班統計表-台北.xlsx', 'taichung': '20261010排班統計表-台中.xlsx'}}
2026-09-09 23:48:15 [INFO]   已清除範圍（202609 台北）：G3:O1026
2026-09-09 23:48:15 [INFO]   匯入：20260910排班統計表-台北.xlsx
2026-09-09 23:48:15 [INFO]   xlsx → Google Sheets：20260910排班統計表-台北
2026-09-09 23:48:15 [INFO] file_cache is only supported with oauth2client<4.0.0
2026-09-09 23:48:20 [INFO]   轉換完成，新 Google Sheets ID：14niNp060azQwIiey8ALxJ5ZQBV8uy-Lz9xXddh52VZA
2026-09-09 23:48:21 [INFO]   → 寫入 80 列（起始 R3C7）
2026-09-09 23:48:22 [INFO]   已清除範圍（202609 台中）：CD3:CL1026
2026-09-09 23:48:22 [INFO]   匯入：20260910排班統計表-台中.xlsx
2026-09-09 23:48:22 [INFO]   xlsx → Google Sheets：20260910排班統計表-台中
2026-09-09 23:48:22 [INFO] file_cache is only supported with oauth2client<4.0.0
2026-09-09 23:48:28 [INFO]   轉換完成，新 Google Sheets ID：1lBdrf60mhr2AZ1AKzGc66zOL8cLJDTgH7z-qqVVMyhI
2026-09-09 23:48:29 [INFO]   → 寫入 12 列（起始 R3C82）
2026-09-09 23:48:29 [INFO]   已清除範圍（202610 台北）：V3:AD1026
2026-09-09 23:48:29 [INFO]   匯入：20261010排班統計表-台北.xlsx
2026-09-09 23:48:29 [INFO]   xlsx → Google Sheets：20261010排班統計表-台北
2026-09-09 23:48:30 [INFO] file_cache is only supported with oauth2client<4.0.0
2026-09-09 23:48:35 [INFO]   轉換完成，新 Google Sheets ID：12xolTEBnnIJjAeALyN7tkYg_N1OLdCtRomhZRudFzb4
2026-09-09 23:48:37 [INFO]   → 寫入 63 列（起始 R3C22）
2026-09-09 23:48:37 [INFO]   已清除範圍（202610 台中）：CS3:DA1026
2026-09-09 23:48:37 [INFO]   匯入：20261010排班統計表-台中.xlsx
2026-09-09 23:48:37 [INFO]   xlsx → Google Sheets：20261010排班統計表-台中
2026-09-09 23:48:37 [INFO] file_cache is only supported with oauth2client<4.0.0
2026-09-09 23:48:43 [INFO]   轉換完成，新 Google Sheets ID：1DAvBtAgtcYh0yWqa78XfFdWUHqFhOHXYNZs3EKcrLqU
2026-09-09 23:48:45 [INFO]   → 寫入 8 列（起始 R3C97）
2026-09-09 23:48:45 [INFO] Step 1 完成（33.1s）
2026-09-09 23:48:46 [INFO] === 全部完成 run_id=cf6689f9（34.0s）===
