開始執行：專員班表
⚠️ 一鍵日排程 secrets TOML 注入失敗：No secrets found. Valid paths for a secrets.toml file or secret directories are: /home/runner/.streamlit/secrets.toml, /home/runner/work/tool-system/tool-system/.streamlit/secrets.toml
⚠️ 一鍵日排程 secrets env 注入失敗：No secrets found. Valid paths for a secrets.toml file or secret directories are: /home/runner/.streamlit/secrets.toml, /home/runner/work/tool-system/tool-system/.streamlit/secrets.toml
OAuth env ready = True
OAuth bootstrap forced = True
Command: Python bootstrap -> /home/runner/work/tool-system/tool-system/tools/scheduled_daily/staff_schedule.py
[2026-09-10 03:43:39] ====================================================
[2026-09-10 03:43:39] staff_schedule.py 開始執行
[2026-09-10 03:43:39] GITHUB_ACTIONS = true
[2026-09-10 03:43:39] PWD = /home/runner/work/tool-system/tool-system
[2026-09-10 03:43:39] LOCAL_OUTPUT_DIR = /Users/jenny/Library/CloudStorage/GoogleDrive-jenny@lemonclean.com.tw/我的雲端硬碟/lemon_Jenny/Jenny@lemon程式/專員班表
[2026-09-10 03:43:39] LOCAL_OUTPUT_DIR exists = False
[2026-09-10 03:43:39] can_use_local_output_dir = False
[2026-09-10 03:43:39] root folder_id = 11O6eKHQ1e3Irqps7Kq1XJOSVVge3pCAc
[2026-09-10 03:43:39] ====================================================
[2026-09-10 03:43:39] Google Drive 初始化成功
[2026-09-10 03:43:39] 📁 使用既有資料夾：專員班表
[2026-09-10 03:43:39] this_month = 2026-09
[2026-09-10 03:43:39] next_month = 2026-10
[2026-09-10 03:43:39] this_date = 20260910
[2026-09-10 03:43:39] next_date = 20261010
[2026-09-10 03:43:39] 專員班表 folder_id = 1V2AUNsT_jzQWawmnBNU_u-e7odYviwEk
[2026-09-10 03:43:39] 帳號數量 = 2
[2026-09-10 03:43:39] 
[2026-09-10 03:43:39] === 開始處理 台北 ===
[2026-09-10 03:43:39] 開始登入：jenny@lemonclean.com.tw
[2026-09-10 03:43:41] 登入成功：jenny@lemonclean.com.tw
[2026-09-10 03:43:41] 開始下載：city=台北 / month=2026-09 / filename=20260910專員班表-台北.xls
[2026-09-10 03:43:44] ✅ 已下載到暫存：/tmp/tmp7c4_pb79/20260910專員班表-台北.xls
[2026-09-10 03:43:44] 📦 檔案大小：137728 bytes
[2026-09-10 03:43:44] 📂 暫存目錄存在：True
[2026-09-10 03:43:44] 📄 暫存檔案存在：True
[2026-09-10 03:43:44] 目前不是 Jenny 本機環境，略過本機存檔
[2026-09-10 03:43:44] Google Drive 初始化成功
[2026-09-10 03:43:44] 準備上傳到 Google Drive：20260910專員班表-台北.xls
[2026-09-10 03:43:47] ☁️ 已上傳新檔：20260910專員班表-台北.xls (file_id=1bbSNFiQWBynR4gYmbKj6rHAyjaI_sfLz) https://docs.google.com/spreadsheets/d/1bbSNFiQWBynR4gYmbKj6rHAyjaI_sfLz/edit?usp=drivesdk&ouid=101667783075862487943&rtpof=true&sd=true
[2026-09-10 03:43:47] ✅ 完成處理：20260910專員班表-台北.xls
[2026-09-10 03:43:47] 開始下載：city=台北 / month=2026-10 / filename=20261010專員班表-台北.xls
[2026-09-10 03:43:50] ✅ 已下載到暫存：/tmp/tmpsbmh3bgb/20261010專員班表-台北.xls
[2026-09-10 03:43:50] 📦 檔案大小：96768 bytes
[2026-09-10 03:43:50] 📂 暫存目錄存在：True
[2026-09-10 03:43:50] 📄 暫存檔案存在：True
[2026-09-10 03:43:50] 目前不是 Jenny 本機環境，略過本機存檔
[2026-09-10 03:43:50] Google Drive 初始化成功
[2026-09-10 03:43:50] 準備上傳到 Google Drive：20261010專員班表-台北.xls
[2026-09-10 03:43:53] ☁️ 已上傳新檔：20261010專員班表-台北.xls (file_id=1x8pVqkcQaFI-PGrwTPLxwb0BeINuncCc) https://docs.google.com/spreadsheets/d/1x8pVqkcQaFI-PGrwTPLxwb0BeINuncCc/edit?usp=drivesdk&ouid=101667783075862487943&rtpof=true&sd=true
[2026-09-10 03:43:53] ✅ 完成處理：20261010專員班表-台北.xls
[2026-09-10 03:43:53] ✅ 台北 全部完成
[2026-09-10 03:43:53] 
[2026-09-10 03:43:53] === 開始處理 台中 ===
[2026-09-10 03:43:53] 開始登入：jenny.tc@lemonclean.com.tw
[2026-09-10 03:43:55] 登入成功：jenny.tc@lemonclean.com.tw
[2026-09-10 03:43:55] 開始下載：city=台中 / month=2026-09 / filename=20260910專員班表-台中.xls
[2026-09-10 03:43:56] ✅ 已下載到暫存：/tmp/tmprle9cxc5/20260910專員班表-台中.xls
[2026-09-10 03:43:56] 📦 檔案大小：23552 bytes
[2026-09-10 03:43:56] 📂 暫存目錄存在：True
[2026-09-10 03:43:56] 📄 暫存檔案存在：True
[2026-09-10 03:43:56] 目前不是 Jenny 本機環境，略過本機存檔
[2026-09-10 03:43:56] Google Drive 初始化成功
[2026-09-10 03:43:56] 準備上傳到 Google Drive：20260910專員班表-台中.xls
[2026-09-10 03:43:58] ☁️ 已上傳新檔：20260910專員班表-台中.xls (file_id=1b4mm1nFEcDaLJLealSbhMZotkKvUYJwH) https://docs.google.com/spreadsheets/d/1b4mm1nFEcDaLJLealSbhMZotkKvUYJwH/edit?usp=drivesdk&ouid=101667783075862487943&rtpof=true&sd=true
[2026-09-10 03:43:58] ✅ 完成處理：20260910專員班表-台中.xls
[2026-09-10 03:43:58] 開始下載：city=台中 / month=2026-10 / filename=20261010專員班表-台中.xls
[2026-09-10 03:43:59] ✅ 已下載到暫存：/tmp/tmp9bk0039d/20261010專員班表-台中.xls
[2026-09-10 03:43:59] 📦 檔案大小：24064 bytes
[2026-09-10 03:43:59] 📂 暫存目錄存在：True
[2026-09-10 03:43:59] 📄 暫存檔案存在：True
[2026-09-10 03:43:59] 目前不是 Jenny 本機環境，略過本機存檔
[2026-09-10 03:43:59] Google Drive 初始化成功
[2026-09-10 03:43:59] 準備上傳到 Google Drive：20261010專員班表-台中.xls
[2026-09-10 03:44:01] ☁️ 已上傳新檔：20261010專員班表-台中.xls (file_id=1n_Ms2V-Pg33w0xkgFAWhfcCs4FInfG2F) https://docs.google.com/spreadsheets/d/1n_Ms2V-Pg33w0xkgFAWhfcCs4FInfG2F/edit?usp=drivesdk&ouid=101667783075862487943&rtpof=true&sd=true
[2026-09-10 03:44:01] ✅ 完成處理：20261010專員班表-台中.xls
[2026-09-10 03:44:01] ✅ 台中 全部完成
[2026-09-10 03:44:01] 🎉 staff_schedule.py 全部完成

完成執行：專員班表
scheduled_daily scheduler 全部完成
