📋 log_spreadsheet_id 已從設定檔載入
📝 外場排程打卡：外場專員個資 / running
Command: /opt/hostedtoolcache/Python/3.11.16/x64/bin/python -u -m tools.field_management.staff_profile --date 20261002 --system-name 外場排程系統 --run-type 排程
[2026-10-02 06:03:24] 開始處理專員個資：20261002專員個資-台北
🔄 Jenny OAuth 已將來源 Excel 轉成暫存 Google Sheet：1BL4hKY0e8n1AYW4mQs4TyD6Lqc3cIhVHVM610zzL2U8
🗑️ 已刪除來源暫存 Google Sheet：1BL4hKY0e8n1AYW4mQs4TyD6Lqc3cIhVHVM610zzL2U8
[2026-10-02 06:03:34] 完成專員個資：20261002專員個資-台北.xlsx → 專員個人資料!A4:C / rows=93
[2026-10-02 06:03:35] 開始處理訂單截取：20261002訂單-台北
🔄 Jenny OAuth 已將來源 Excel 轉成暫存 Google Sheet：1PJlS6X68Uf16YNeC4ztK82Kizcip7Wu5LOpEegPct8g
🗑️ 已刪除來源暫存 Google Sheet：1PJlS6X68Uf16YNeC4ztK82Kizcip7Wu5LOpEegPct8g
[2026-10-02 06:03:45] 完成訂單截取：20261002訂單-台北.xls → 專員個人資料!G1:N / rows=517
[2026-10-02 06:03:46] 開始處理專員個資：20261002專員個資-台中
🔄 Jenny OAuth 已將來源 Excel 轉成暫存 Google Sheet：1nPeqrnh3R3OslW5uMgTjPw_6q3x9Bk5q10I14nWd38Q
🗑️ 已刪除來源暫存 Google Sheet：1nPeqrnh3R3OslW5uMgTjPw_6q3x9Bk5q10I14nWd38Q
[2026-10-02 06:03:53] 完成專員個資：20261002專員個資-台中.xlsx → 專員個人資料!A4:C / rows=16
[2026-10-02 06:03:54] 開始處理訂單截取：20261002訂單-台中
🔄 Jenny OAuth 已將來源 Excel 轉成暫存 Google Sheet：1fszS4a2glxR-gs2BeU_MQOTN4rJJS3VbS3ElAmO_DPo
🗑️ 已刪除來源暫存 Google Sheet：1fszS4a2glxR-gs2BeU_MQOTN4rJJS3VbS3ElAmO_DPo
[2026-10-02 06:04:05] 完成訂單截取：20261002訂單-台中.xls → 專員個人資料!G1:N / rows=43
[2026-10-02 06:04:06] staff_profile.py 全部完成

📝 外場排程打卡：外場專員個資 / success
field_management scheduler 全部完成
