📋 log_spreadsheet_id 已從設定檔載入
⚠️ 外場排程打卡失敗：<HttpError 429 when requesting https://sheets.googleapis.com/v4/spreadsheets/1nNAXy6rvBnGR8ACnqKKzKNA4-UwZtZp47i806EPmR_8?fields=sheets%28properties%28sheetId%2Ctitle%29%29&alt=json returned "Quota exceeded for quota metric 'Read requests' and limit 'Read requests per minute per user' of service 'sheets.googleapis.com' for consumer 'project_number:1042663213860'.". Details: "[{'@type': 'type.googleapis.com/google.rpc.ErrorInfo', 'reason': 'RATE_LIMIT_EXCEEDED', 'domain': 'googleapis.com', 'metadata': {'consumer': 'projects/1042663213860', 'service': 'sheets.googleapis.com', 'quota_metric': 'sheets.googleapis.com/read_requests', 'window_start_time': '1790892071', 'quota_limit_value': '60', 'quota_limit': 'ReadRequestsPerMinutePerUser', 'quota_unit': '1/min/{project}/{user}', 'quota_location': 'global'}}, {'@type': 'type.googleapis.com/google.rpc.Help', 'links': [{'description': 'Request a higher quota limit.', 'url': 'https://cloud.google.com/docs/quotas/help/request_increase'}]}]">
Command: /opt/hostedtoolcache/Python/3.11.16/x64/bin/python -u -m tools.field_management.staff_schedule --date 20261002 --system-name 外場排程系統 --run-type 排程
[2026-10-02 06:02:01] 開始處理專員班表：20261002專員班表-台北
🔄 Jenny OAuth 已將來源 Excel 轉成暫存 Google Sheet：1wx7NdMDeFdEijMJVi_NRkj3cmdLcmhb_9i5fxgAzDNs
🗑️ 已刪除來源暫存 Google Sheet：1wx7NdMDeFdEijMJVi_NRkj3cmdLcmhb_9i5fxgAzDNs
[2026-10-02 06:02:08] 目標分頁已是當日名稱：專員班表查詢本月_1002
[2026-10-02 06:02:09] 完成：20261002專員班表-台北.xls → '專員班表查詢本月_1002'!A:G / rows=1469
[write_target_log] 目標執行檔打卡失敗：<HttpError 429 when requesting https://sheets.googleapis.com/v4/spreadsheets/1bNcJuFuP--jdpNo2zJKOpvuq-5rSHW3LgGE8HEepf44?fields=sheets%28properties%28sheetId%2Ctitle%29%29&alt=json returned "Quota exceeded for quota metric 'Read requests' and limit 'Read requests per minute per user' of service 'sheets.googleapis.com' for consumer 'project_number:1042663213860'.". Details: "[{'@type': 'type.googleapis.com/google.rpc.ErrorInfo', 'reason': 'RATE_LIMIT_EXCEEDED', 'domain': 'googleapis.com', 'metadata': {'quota_unit': '1/min/{project}/{user}', 'consumer': 'projects/1042663213860', 'service': 'sheets.googleapis.com', 'quota_location': 'global', 'window_start_time': '1790892071', 'quota_metric': 'sheets.googleapis.com/read_requests', 'quota_limit_value': '60', 'quota_limit': 'ReadRequestsPerMinutePerUser'}}, {'@type': 'type.googleapis.com/google.rpc.Help', 'links': [{'description': 'Request a higher quota limit.', 'url': 'https://cloud.google.com/docs/quotas/help/request_increase'}]}]">
[2026-10-02 06:02:09] 開始處理專員班表：20261102專員班表-台北
🔄 Jenny OAuth 已將來源 Excel 轉成暫存 Google Sheet：1BelwAeN7MW2iyMvR9GF8OzUsGebAf3SI4k81PUUAih8
🗑️ 已刪除來源暫存 Google Sheet：1BelwAeN7MW2iyMvR9GF8OzUsGebAf3SI4k81PUUAih8
[2026-10-02 06:02:17] 目標分頁已是當日名稱：專員班表查詢次月_1002
[2026-10-02 06:02:18] 完成：20261102專員班表-台北.xls → '專員班表查詢次月_1002'!A:G / rows=224
[2026-10-02 06:02:19] 開始處理專員班表：20261002專員班表-台中
🔄 Jenny OAuth 已將來源 Excel 轉成暫存 Google Sheet：1cQ_hfANZ6v7X3rjkYrWLXh4KI4YXvZ94NkTaY5UnKr8
🗑️ 已刪除來源暫存 Google Sheet：1cQ_hfANZ6v7X3rjkYrWLXh4KI4YXvZ94NkTaY5UnKr8
[2026-10-02 06:02:26] 目標分頁已是當日名稱：專員班表查詢本月_1002
[2026-10-02 06:02:26] 完成：20261002專員班表-台中.xls → '專員班表查詢本月_1002'!A:G / rows=218
[2026-10-02 06:02:29] 開始處理專員班表：20261102專員班表-台中
🔄 Jenny OAuth 已將來源 Excel 轉成暫存 Google Sheet：113-PhOkuX0pIh4gzs7asMkORCfDAG6qb_tH46Ocgl3k
🗑️ 已刪除來源暫存 Google Sheet：113-PhOkuX0pIh4gzs7asMkORCfDAG6qb_tH46Ocgl3k
[2026-10-02 06:02:36] 目標分頁已是當日名稱：專員班表查詢次月_1002
[2026-10-02 06:02:36] 完成：20261102專員班表-台中.xls → '專員班表查詢次月_1002'!A:G / rows=20
[2026-10-02 06:02:37] staff_schedule.py 全部完成

📝 外場排程打卡：外場專員班表 / success
field_management scheduler 全部完成
