開始執行：排班統計表
⚠️ 一鍵日排程 secrets TOML 注入失敗：No secrets found. Valid paths for a secrets.toml file or secret directories are: /home/runner/.streamlit/secrets.toml, /home/runner/work/tool-system/tool-system/.streamlit/secrets.toml
⚠️ 一鍵日排程 secrets env 注入失敗：No secrets found. Valid paths for a secrets.toml file or secret directories are: /home/runner/.streamlit/secrets.toml, /home/runner/work/tool-system/tool-system/.streamlit/secrets.toml
OAuth env ready = True
OAuth bootstrap forced = True
Command: Python bootstrap -> /home/runner/work/tool-system/tool-system/tools/scheduled_daily/schedule_report.py
[2026-10-02 01:01:30] ====================================================
[2026-10-02 01:01:30] schedule_report.py 開始執行
[2026-10-02 01:01:30] GITHUB_ACTIONS = true
[2026-10-02 01:01:30] PWD = /home/runner/work/tool-system/tool-system
[2026-10-02 01:01:30] LOCAL_OUTPUT_DIR = /Users/jenny/Library/CloudStorage/GoogleDrive-jenny@lemonclean.com.tw/.shortcut-targets-by-id/1zbu45AG1adMzz24HPdi_tLfh2Tncw_Br/排班統計表
[2026-10-02 01:01:30] LOCAL_OUTPUT_DIR exists = False
[2026-10-02 01:01:30] can_use_local_output_dir = False
[2026-10-02 01:01:30] root folder_id = 11O6eKHQ1e3Irqps7Kq1XJOSVVge3pCAc
[2026-10-02 01:01:30] ====================================================
[2026-10-02 01:01:30] Google Drive 初始化成功
[2026-10-02 01:01:31] 📁 使用既有資料夾：排班統計表
[2026-10-02 01:01:31] this_month = 2026-10
[2026-10-02 01:01:31] next_month = 2026-11
[2026-10-02 01:01:31] today_stamp = 20261002
[2026-10-02 01:01:31] next_month_stamp = 20261102
[2026-10-02 01:01:31] 排班統計表 folder_id = 18XDXdrCSsLYwSzz1Da9pQh-jGm2h2Ed8
[2026-10-02 01:01:31] 帳號數量 = 2
[2026-10-02 01:01:31] 
[2026-10-02 01:01:31] === 開始處理 台北 ===
[2026-10-02 01:01:31] 開始登入：jenny@lemonclean.com.tw
[2026-10-02 01:01:32] 登入成功：jenny@lemonclean.com.tw
[2026-10-02 01:01:32] 開始下載：month=2026-10 / filename=20261002排班統計表-台北.xlsx
[2026-10-02 01:01:33] ✅ 已下載到暫存：/tmp/tmpnyq3vn7f/20261002排班統計表-台北.xlsx
[2026-10-02 01:01:33] 📦 檔案大小：17920 bytes
[2026-10-02 01:01:33] 📂 暫存目錄存在：True
[2026-10-02 01:01:33] 📄 暫存檔案存在：True
[2026-10-02 01:01:33] 目前不是 Jenny 本機環境，略過本機存檔
[2026-10-02 01:01:33] Google Drive 初始化成功
[2026-10-02 01:01:33] 準備上傳到 Google Drive：20261002排班統計表-台北.xlsx
[2026-10-02 01:01:36] ☁️ 已上傳新檔：20261002排班統計表-台北.xlsx (file_id=1CWVBVTY08NnD-mm3_6vTfozhHl2ZtAHY) https://docs.google.com/spreadsheets/d/1CWVBVTY08NnD-mm3_6vTfozhHl2ZtAHY/edit?usp=drivesdk&ouid=101667783075862487943&rtpof=true&sd=true
[2026-10-02 01:01:36] ✅ 完成處理：20261002排班統計表-台北.xlsx
[2026-10-02 01:01:36] 開始下載：month=2026-11 / filename=20261102排班統計表-台北.xlsx
[2026-10-02 01:01:36] ✅ 已下載到暫存：/tmp/tmp3txwdk1k/20261102排班統計表-台北.xlsx
[2026-10-02 01:01:36] 📦 檔案大小：6144 bytes
[2026-10-02 01:01:36] 📂 暫存目錄存在：True
[2026-10-02 01:01:36] 📄 暫存檔案存在：True
[2026-10-02 01:01:36] 目前不是 Jenny 本機環境，略過本機存檔
[2026-10-02 01:01:36] Google Drive 初始化成功
[2026-10-02 01:01:36] 準備上傳到 Google Drive：20261102排班統計表-台北.xlsx
[2026-10-02 01:01:41] ☁️ 已上傳新檔：20261102排班統計表-台北.xlsx (file_id=1A2_6_Y_DzpqQxDmMT7ikBTnPUSMHNfq2) https://docs.google.com/spreadsheets/d/1A2_6_Y_DzpqQxDmMT7ikBTnPUSMHNfq2/edit?usp=drivesdk&ouid=101667783075862487943&rtpof=true&sd=true
[2026-10-02 01:01:41] ✅ 完成處理：20261102排班統計表-台北.xlsx
[2026-10-02 01:01:41] ✅ 台北 全部完成
[2026-10-02 01:01:41] 
[2026-10-02 01:01:41] === 開始處理 台中 ===
[2026-10-02 01:01:41] 開始登入：jenny.tc@lemonclean.com.tw
[2026-10-02 01:01:42] 登入成功：jenny.tc@lemonclean.com.tw
[2026-10-02 01:01:42] 開始下載：month=2026-10 / filename=20261002排班統計表-台中.xlsx
[2026-10-02 01:01:42] ✅ 已下載到暫存：/tmp/tmpfw7dos69/20261002排班統計表-台中.xlsx
[2026-10-02 01:01:42] 📦 檔案大小：6144 bytes
[2026-10-02 01:01:42] 📂 暫存目錄存在：True
[2026-10-02 01:01:42] 📄 暫存檔案存在：True
[2026-10-02 01:01:42] 目前不是 Jenny 本機環境，略過本機存檔
[2026-10-02 01:01:42] Google Drive 初始化成功
[2026-10-02 01:01:42] 準備上傳到 Google Drive：20261002排班統計表-台中.xlsx
[2026-10-02 01:01:46] ☁️ 已上傳新檔：20261002排班統計表-台中.xlsx (file_id=1O-xmDaRSEhSU1uqBy0IBfdwZyHMtE1QY) https://docs.google.com/spreadsheets/d/1O-xmDaRSEhSU1uqBy0IBfdwZyHMtE1QY/edit?usp=drivesdk&ouid=101667783075862487943&rtpof=true&sd=true
[2026-10-02 01:01:46] ✅ 完成處理：20261002排班統計表-台中.xlsx
[2026-10-02 01:01:46] 開始下載：month=2026-11 / filename=20261102排班統計表-台中.xlsx
[2026-10-02 01:01:46] ✅ 已下載到暫存：/tmp/tmpnccavhxr/20261102排班統計表-台中.xlsx
[2026-10-02 01:01:46] 📦 檔案大小：4608 bytes
[2026-10-02 01:01:46] 📂 暫存目錄存在：True
[2026-10-02 01:01:46] 📄 暫存檔案存在：True
[2026-10-02 01:01:46] 目前不是 Jenny 本機環境，略過本機存檔
[2026-10-02 01:01:46] Google Drive 初始化成功
[2026-10-02 01:01:46] 準備上傳到 Google Drive：20261102排班統計表-台中.xlsx
[2026-10-02 01:01:50] ☁️ 已上傳新檔：20261102排班統計表-台中.xlsx (file_id=1EPJX50ocDaFhSHbg93ShcHjXdC7bpXif) https://docs.google.com/spreadsheets/d/1EPJX50ocDaFhSHbg93ShcHjXdC7bpXif/edit?usp=drivesdk&ouid=101667783075862487943&rtpof=true&sd=true
[2026-10-02 01:01:50] ✅ 完成處理：20261102排班統計表-台中.xlsx
[2026-10-02 01:01:50] ✅ 台中 全部完成
[2026-10-02 01:01:50] 🎉 schedule_report.py 全部完成

完成執行：排班統計表
scheduled_daily scheduler 全部完成
