2026-10-01 22:01:19 [INFO] === 客服排程系統 run_id=45f34aa1 step=1 台北時間=2026-10-02 06:01:19 ===
2026-10-01 22:01:19 [INFO] 目標試算表 ID 來源：環境變數 SERVICE_TARGET_SPREADSHEET_ID
2026-10-01 22:01:19 [INFO] file_cache is only supported with oauth2client<4.0.0
2026-10-01 22:01:31 [INFO] --- Step1_更新排班統計表 ---
2026-10-01 22:01:32 [INFO] file_cache is only supported with oauth2client<4.0.0
2026-10-01 22:01:32 [INFO] 本次視窗：202610 ~ 202611（共 2 個月）
2026-10-01 22:01:33 [INFO] Drive 資料夾找到 12 個檔案
2026-10-01 22:01:33 [INFO]   找到檔案：20261102排班統計表-台中.xlsx (application/vnd.openxmlformats-officedocument.spreadsheetml.sheet)
2026-10-01 22:01:33 [INFO]   找到檔案：20261002排班統計表-台中.xlsx (application/vnd.openxmlformats-officedocument.spreadsheetml.sheet)
2026-10-01 22:01:33 [INFO]   找到檔案：20261102排班統計表-台北.xlsx (application/vnd.openxmlformats-officedocument.spreadsheetml.sheet)
2026-10-01 22:01:33 [INFO]   找到檔案：20261002排班統計表-台北.xlsx (application/vnd.openxmlformats-officedocument.spreadsheetml.sheet)
2026-10-01 22:01:33 [INFO]   找到檔案：20261101排班統計表-台中 (application/vnd.google-apps.spreadsheet)
2026-10-01 22:01:33 [INFO]   找到檔案：20261101排班統計表-台北 (application/vnd.google-apps.spreadsheet)
2026-10-01 22:01:33 [INFO]   找到檔案：20261001排班統計表-台中 (application/vnd.google-apps.spreadsheet)
2026-10-01 22:01:33 [INFO]   找到檔案：20261001排班統計表-台北 (application/vnd.google-apps.spreadsheet)
2026-10-01 22:01:33 [INFO]   找到檔案：20261101排班統計表-台中.xlsx (application/vnd.openxmlformats-officedocument.spreadsheetml.sheet)
2026-10-01 22:01:33 [INFO]   找到檔案：20261001排班統計表-台中.xlsx (application/vnd.openxmlformats-officedocument.spreadsheetml.sheet)
2026-10-01 22:01:33 [INFO]   找到檔案：20261101排班統計表-台北.xlsx (application/vnd.openxmlformats-officedocument.spreadsheetml.sheet)
2026-10-01 22:01:33 [INFO]   找到檔案：20261001排班統計表-台北.xlsx (application/vnd.openxmlformats-officedocument.spreadsheetml.sheet)
2026-10-01 22:01:33 [INFO] 排班檔確認 OK：{'202610': {'taipei': '20261002排班統計表-台北.xlsx', 'taichung': '20261002排班統計表-台中.xlsx'}, '202611': {'taipei': '20261102排班統計表-台北.xlsx', 'taichung': '20261102排班統計表-台中.xlsx'}}
2026-10-01 22:01:34 [INFO]   已清除範圍（202610 台北）：G3:O1026
2026-10-01 22:01:34 [INFO]   匯入：20261002排班統計表-台北.xlsx
2026-10-01 22:01:34 [INFO]   xlsx → Google Sheets：20261002排班統計表-台北
2026-10-01 22:01:34 [INFO] file_cache is only supported with oauth2client<4.0.0
2026-10-01 22:01:36 [INFO]   轉換完成，新 Google Sheets ID：11ZDQOWdYEPFiUkfsRUq81c71hmh8JBO5V2UMw2jmAXs
2026-10-01 22:01:37 [INFO]   → 寫入 83 列（起始 R3C7）
2026-10-01 22:01:37 [INFO]   已清除範圍（202610 台中）：CD3:CL1026
2026-10-01 22:01:37 [INFO]   匯入：20261002排班統計表-台中.xlsx
2026-10-01 22:01:37 [INFO]   xlsx → Google Sheets：20261002排班統計表-台中
2026-10-01 22:01:37 [INFO] file_cache is only supported with oauth2client<4.0.0
2026-10-01 22:01:40 [INFO]   轉換完成，新 Google Sheets ID：1nl1of9sruxa3lzhMJqdQ7695ZawHry_EJutYh0Ogpfk
2026-10-01 22:01:41 [INFO]   → 寫入 10 列（起始 R3C82）
2026-10-01 22:01:42 [INFO]   已清除範圍（202611 台北）：V3:AD1026
2026-10-01 22:01:42 [INFO]   匯入：20261102排班統計表-台北.xlsx
2026-10-01 22:01:42 [INFO]   xlsx → Google Sheets：20261102排班統計表-台北
2026-10-01 22:01:42 [INFO] file_cache is only supported with oauth2client<4.0.0
2026-10-01 22:01:45 [INFO]   轉換完成，新 Google Sheets ID：1YGy65Fvet9P21HSBYIZC7RcHOao_TbD6bUbQ4vPX5oQ
2026-10-01 22:01:46 [INFO]   → 寫入 12 列（起始 R3C22）
2026-10-01 22:01:46 [INFO]   已清除範圍（202611 台中）：CS3:DA1026
2026-10-01 22:01:46 [INFO]   匯入：20261102排班統計表-台中.xlsx
2026-10-01 22:01:46 [INFO]   xlsx → Google Sheets：20261102排班統計表-台中
2026-10-01 22:01:46 [INFO] file_cache is only supported with oauth2client<4.0.0
2026-10-01 22:01:50 [INFO]   轉換完成，新 Google Sheets ID：1IM3igHfbgDExClcrinm7IIgoSvCC-t6L4OWGM62eBy4
2026-10-01 22:01:51 [INFO]   → 寫入 1 列（起始 R3C97）
2026-10-01 22:01:52 [INFO] Step 1 完成（19.8s）
2026-10-01 22:01:53 [INFO] === 全部完成 run_id=45f34aa1（20.6s）===
