2026-10-01 22:02:00 [INFO] === 客服排程系統 run_id=7d9a895a step=3 台北時間=2026-10-02 06:02:00 ===
2026-10-01 22:02:00 [INFO] 目標試算表 ID 來源：環境變數 SERVICE_TARGET_SPREADSHEET_ID
2026-10-01 22:02:00 [INFO] file_cache is only supported with oauth2client<4.0.0
2026-10-01 22:02:01 [WARNING] [主控表打卡失敗（非致命）] <HttpError 429 when requesting https://sheets.googleapis.com/v4/spreadsheets/1nNAXy6rvBnGR8ACnqKKzKNA4-UwZtZp47i806EPmR_8?fields=sheets%28properties%28sheetId%2Ctitle%29%29&alt=json returned "Quota exceeded for quota metric 'Read requests' and limit 'Read requests per minute per user' of service 'sheets.googleapis.com' for consumer 'project_number:1042663213860'.". Details: "[{'@type': 'type.googleapis.com/google.rpc.ErrorInfo', 'reason': 'RATE_LIMIT_EXCEEDED', 'domain': 'googleapis.com', 'metadata': {'quota_unit': '1/min/{project}/{user}', 'quota_metric': 'sheets.googleapis.com/read_requests', 'service': 'sheets.googleapis.com', 'window_start_time': '1790892071', 'quota_location': 'global', 'consumer': 'projects/1042663213860', 'quota_limit_value': '60', 'quota_limit': 'ReadRequestsPerMinutePerUser'}}, {'@type': 'type.googleapis.com/google.rpc.Help', 'links': [{'description': 'Request a higher quota limit.', 'url': 'https://cloud.google.com/docs/quotas/help/request_increase'}]}]">
2026-10-01 22:02:01 [WARNING] [執行檔打卡失敗（非致命）] APIError: [429]: Quota exceeded for quota metric 'Read requests' and limit 'Read requests per minute per user' of service 'sheets.googleapis.com' for consumer 'project_number:1042663213860'.
2026-10-01 22:02:01 [INFO] --- Step3_更新前一天營業分數及營業額 ---
2026-10-01 22:02:02 [WARNING] [執行檔打卡失敗（非致命）] APIError: [429]: Quota exceeded for quota metric 'Read requests' and limit 'Read requests per minute per user' of service 'sheets.googleapis.com' for consumer 'project_number:1042663213860'.
2026-10-01 22:02:02 [INFO] 信件日期（台北時間）：2026-10-01
2026-10-01 22:02:02 [WARNING] 開啟客服目標試算表 遇到 Sheets API 配額限制；15 秒後重試（1/4）：APIError: [429]: Quota exceeded for quota metric 'Read requests' and limit 'Read requests per minute per user' of service 'sheets.googleapis.com' for consumer 'project_number:1042663213860'.
2026-10-01 22:02:17 [WARNING] 開啟客服目標試算表 遇到 Sheets API 配額限制；30 秒後重試（2/4）：APIError: [429]: Quota exceeded for quota metric 'Read requests' and limit 'Read requests per minute per user' of service 'sheets.googleapis.com' for consumer 'project_number:1042663213860'.
2026-10-01 22:02:47 [WARNING] 開啟客服目標試算表 遇到 Sheets API 配額限制；60 秒後重試（3/4）：APIError: [429]: Quota exceeded for quota metric 'Read requests' and limit 'Read requests per minute per user' of service 'sheets.googleapis.com' for consumer 'project_number:1042663213860'.
2026-10-01 22:04:11 [INFO]   [mail] text/plain 為空，fallback 到 text/html（4217 字元）
2026-10-01 22:04:17 [INFO]   近三日營業額-台北 → 選中 17:25:04（與17:25差4s）
2026-10-01 22:04:17 [INFO]   [debug] 行74 repr='2026-09-29：36分'
2026-10-01 22:04:17 [INFO]   [debug] 行75 repr='2026-09-30：47分'
2026-10-01 22:04:17 [INFO]   [debug] 行76 repr='2026-10-01：137分'
2026-10-01 22:04:17 [INFO]   [debug] 行77 repr='【家電清潔】日營業額'
2026-10-01 22:04:17 [INFO]   [debug] 行78 repr='2026-09-29：0分'
2026-10-01 22:04:17 [INFO]   [debug] 行79 repr='2026-09-30：0分'
2026-10-01 22:04:17 [INFO]   [debug] 行80 repr='2026-10-01：0分'
2026-10-01 22:04:17 [INFO]   [debug] 行81 repr='【儲值金】日營業額'
2026-10-01 22:04:30 [INFO]   [mail] text/plain 為空，fallback 到 text/html（996 字元）
2026-10-01 22:04:33 [INFO]   近三日營業額-台中 → 選中 17:25:06（與17:25差6s）
2026-10-01 22:04:33 [INFO]   [debug] 行23 repr='2026-09-29：0分'
2026-10-01 22:04:33 [INFO]   [debug] 行24 repr='2026-09-30：2分'
2026-10-01 22:04:33 [INFO]   [debug] 行25 repr='2026-10-01：10分'
2026-10-01 22:04:33 [INFO]   [debug] 行26 repr='【家電清潔】日營業額'
2026-10-01 22:04:33 [INFO]   [debug] 行27 repr='2026-09-29：0分'
2026-10-01 22:04:33 [INFO]   [debug] 行28 repr='2026-09-30：0分'
2026-10-01 22:04:33 [INFO]   [debug] 行29 repr='2026-10-01：0分'
2026-10-01 22:04:33 [INFO]   [debug] 行30 repr='【儲值金】日營業額'
2026-10-01 22:04:33 [INFO]   台北：{'daily_value': 137, 'total_count': 137, 'total_amount': 274200}
2026-10-01 22:04:33 [INFO]   台中：{'daily_value': 10, 'total_count': 10, 'total_amount': 20000}
2026-10-01 22:04:34 [INFO] Step 3 完成，row=2420（151.8s）
2026-10-01 22:04:35 [INFO] === 全部完成 run_id=7d9a895a（152.7s）===
