開始執行：專員班表
⚠️ 一鍵日排程 secrets TOML 注入失敗：No secrets found. Valid paths for a secrets.toml file or secret directories are: /home/runner/.streamlit/secrets.toml, /home/runner/work/tool-system/tool-system/.streamlit/secrets.toml
⚠️ 一鍵日排程 secrets env 注入失敗：No secrets found. Valid paths for a secrets.toml file or secret directories are: /home/runner/.streamlit/secrets.toml, /home/runner/work/tool-system/tool-system/.streamlit/secrets.toml
OAuth env ready = True
OAuth bootstrap forced = True
Command: Python bootstrap -> /home/runner/work/tool-system/tool-system/tools/scheduled_daily/staff_schedule.py
[2026-10-02 01:11:09] ====================================================
[2026-10-02 01:11:09] staff_schedule.py 開始執行
[2026-10-02 01:11:09] GITHUB_ACTIONS = true
[2026-10-02 01:11:09] PWD = /home/runner/work/tool-system/tool-system
[2026-10-02 01:11:09] LOCAL_OUTPUT_DIR = /Users/jenny/Library/CloudStorage/GoogleDrive-jenny@lemonclean.com.tw/我的雲端硬碟/lemon_Jenny/Jenny@lemon程式/專員班表
[2026-10-02 01:11:09] LOCAL_OUTPUT_DIR exists = False
[2026-10-02 01:11:09] can_use_local_output_dir = False
[2026-10-02 01:11:09] root folder_id = 11O6eKHQ1e3Irqps7Kq1XJOSVVge3pCAc
[2026-10-02 01:11:09] ====================================================
[2026-10-02 01:11:09] Google Drive 初始化成功
[2026-10-02 01:11:09] 📁 使用既有資料夾：專員班表
[2026-10-02 01:11:09] this_month = 2026-10
[2026-10-02 01:11:09] next_month = 2026-11
[2026-10-02 01:11:09] this_date = 20261002
[2026-10-02 01:11:09] next_date = 20261102
[2026-10-02 01:11:09] 專員班表 folder_id = 1V2AUNsT_jzQWawmnBNU_u-e7odYviwEk
[2026-10-02 01:11:09] 帳號數量 = 2
[2026-10-02 01:11:09] 
[2026-10-02 01:11:09] === 開始處理 台北 ===
[2026-10-02 01:11:09] 開始登入：jenny@lemonclean.com.tw
[2026-10-02 01:11:11] 登入成功：jenny@lemonclean.com.tw
[2026-10-02 01:11:11] 開始下載：city=台北 / month=2026-10 / filename=20261002專員班表-台北.xls
[2026-10-02 01:11:14] ✅ 已下載到暫存：/tmp/tmpp03ob_h5/20261002專員班表-台北.xls
[2026-10-02 01:11:14] 📦 檔案大小：133632 bytes
[2026-10-02 01:11:14] 📂 暫存目錄存在：True
[2026-10-02 01:11:14] 📄 暫存檔案存在：True
[2026-10-02 01:11:14] 目前不是 Jenny 本機環境，略過本機存檔
[2026-10-02 01:11:14] Google Drive 初始化成功
[2026-10-02 01:11:14] 準備上傳到 Google Drive：20261002專員班表-台北.xls
[2026-10-02 01:11:18] ☁️ 已上傳新檔：20261002專員班表-台北.xls (file_id=1kZjJzByyPrRzDxFsEGhgv1FBaiM0gRZ8) https://docs.google.com/spreadsheets/d/1kZjJzByyPrRzDxFsEGhgv1FBaiM0gRZ8/edit?usp=drivesdk&ouid=101667783075862487943&rtpof=true&sd=true
[2026-10-02 01:11:18] ✅ 完成處理：20261002專員班表-台北.xls
[2026-10-02 01:11:18] 開始下載：city=台北 / month=2026-11 / filename=20261102專員班表-台北.xls
[2026-10-02 01:11:21] ✅ 已下載到暫存：/tmp/tmpwaq5rpqw/20261102專員班表-台北.xls
[2026-10-02 01:11:21] 📦 檔案大小：24576 bytes
[2026-10-02 01:11:21] 📂 暫存目錄存在：True
[2026-10-02 01:11:21] 📄 暫存檔案存在：True
[2026-10-02 01:11:21] 目前不是 Jenny 本機環境，略過本機存檔
[2026-10-02 01:11:21] Google Drive 初始化成功
[2026-10-02 01:11:21] 準備上傳到 Google Drive：20261102專員班表-台北.xls
[2026-10-02 01:11:23] ☁️ 已上傳新檔：20261102專員班表-台北.xls (file_id=1FzbmppsMY0lPjJcijzw9de0SbsYMtpUV) https://docs.google.com/spreadsheets/d/1FzbmppsMY0lPjJcijzw9de0SbsYMtpUV/edit?usp=drivesdk&ouid=101667783075862487943&rtpof=true&sd=true
[2026-10-02 01:11:23] ✅ 完成處理：20261102專員班表-台北.xls
[2026-10-02 01:11:23] ✅ 台北 全部完成
[2026-10-02 01:11:23] 
[2026-10-02 01:11:23] === 開始處理 台中 ===
[2026-10-02 01:11:23] 開始登入：jenny.tc@lemonclean.com.tw
[2026-10-02 01:11:25] 登入成功：jenny.tc@lemonclean.com.tw
[2026-10-02 01:11:25] 開始下載：city=台中 / month=2026-10 / filename=20261002專員班表-台中.xls
[2026-10-02 01:11:25] ✅ 已下載到暫存：/tmp/tmpb0d68b0k/20261002專員班表-台中.xls
[2026-10-02 01:11:25] 📦 檔案大小：24064 bytes
[2026-10-02 01:11:25] 📂 暫存目錄存在：True
[2026-10-02 01:11:25] 📄 暫存檔案存在：True
[2026-10-02 01:11:25] 目前不是 Jenny 本機環境，略過本機存檔
[2026-10-02 01:11:25] Google Drive 初始化成功
[2026-10-02 01:11:25] 準備上傳到 Google Drive：20261002專員班表-台中.xls
[2026-10-02 01:11:28] ☁️ 已上傳新檔：20261002專員班表-台中.xls (file_id=1aT6d13S8_-1npyAtSa_kmrLma5fAmOIB) https://docs.google.com/spreadsheets/d/1aT6d13S8_-1npyAtSa_kmrLma5fAmOIB/edit?usp=drivesdk&ouid=101667783075862487943&rtpof=true&sd=true
[2026-10-02 01:11:28] ✅ 完成處理：20261002專員班表-台中.xls
[2026-10-02 01:11:28] 開始下載：city=台中 / month=2026-11 / filename=20261102專員班表-台中.xls
[2026-10-02 01:11:29] ✅ 已下載到暫存：/tmp/tmp5et4x_gm/20261102專員班表-台中.xls
[2026-10-02 01:11:29] 📦 檔案大小：6144 bytes
[2026-10-02 01:11:29] 📂 暫存目錄存在：True
[2026-10-02 01:11:29] 📄 暫存檔案存在：True
[2026-10-02 01:11:29] 目前不是 Jenny 本機環境，略過本機存檔
[2026-10-02 01:11:29] Google Drive 初始化成功
[2026-10-02 01:11:29] 準備上傳到 Google Drive：20261102專員班表-台中.xls
[2026-10-02 01:11:31] ☁️ 已上傳新檔：20261102專員班表-台中.xls (file_id=1hSDrRQ9cbyZzYaHnoaTsCXdvv6CHUqTU) https://docs.google.com/spreadsheets/d/1hSDrRQ9cbyZzYaHnoaTsCXdvv6CHUqTU/edit?usp=drivesdk&ouid=101667783075862487943&rtpof=true&sd=true
[2026-10-02 01:11:31] ✅ 完成處理：20261102專員班表-台中.xls
[2026-10-02 01:11:31] ✅ 台中 全部完成
[2026-10-02 01:11:31] 🎉 staff_schedule.py 全部完成

完成執行：專員班表
scheduled_daily scheduler 全部完成
