📋 log_spreadsheet_id 已從設定檔載入
📝 外場排程打卡：外場專員個資 / running
Command: /opt/hostedtoolcache/Python/3.11.16/x64/bin/python -u -m tools.field_management.staff_profile --date 20260925 --system-name 外場排程系統 --run-type 排程
[2026-09-25 08:12:46] 開始處理專員個資：20260925專員個資-台北
🔄 Jenny OAuth 已將來源 Excel 轉成暫存 Google Sheet：1SXRwcR0bC4QHtHgQsAuVwrnVCLMX41BxSDwAXPvkJEs
🗑️ 已刪除來源暫存 Google Sheet：1SXRwcR0bC4QHtHgQsAuVwrnVCLMX41BxSDwAXPvkJEs
[2026-09-25 08:12:55] 完成專員個資：20260925專員個資-台北.xlsx → 專員個人資料!A4:C / rows=97
[2026-09-25 08:12:57] 開始處理訂單截取：20260925訂單-台北
🔄 Jenny OAuth 已將來源 Excel 轉成暫存 Google Sheet：1WQRB5yiFkZvdULgEnrjGKbKkEDndW3IznPuAgk4Ss_Q
🗑️ 已刪除來源暫存 Google Sheet：1WQRB5yiFkZvdULgEnrjGKbKkEDndW3IznPuAgk4Ss_Q
[2026-09-25 08:13:09] 完成訂單截取：20260925訂單-台北.xls → 專員個人資料!G1:N / rows=1181
[2026-09-25 08:13:11] 開始處理專員個資：20260925專員個資-台中
🔄 Jenny OAuth 已將來源 Excel 轉成暫存 Google Sheet：18QXAgFjHuQzsBWifyKV3IdUVD-FsVA7RCsfvnRnfw9o
🗑️ 已刪除來源暫存 Google Sheet：18QXAgFjHuQzsBWifyKV3IdUVD-FsVA7RCsfvnRnfw9o
[2026-09-25 08:13:20] 完成專員個資：20260925專員個資-台中.xlsx → 專員個人資料!A4:C / rows=16
[2026-09-25 08:13:21] 開始處理訂單截取：20260925訂單-台中
🔄 Jenny OAuth 已將來源 Excel 轉成暫存 Google Sheet：17GgJDwJVeAkm7fHZpjQ6UdYDDVwQwHeIZLkt2ELHEcE
🗑️ 已刪除來源暫存 Google Sheet：17GgJDwJVeAkm7fHZpjQ6UdYDDVwQwHeIZLkt2ELHEcE
[2026-09-25 08:13:36] 完成訂單截取：20260925訂單-台中.xls → 專員個人資料!G1:N / rows=101
[2026-09-25 08:13:37] staff_profile.py 全部完成

📝 外場排程打卡：外場專員個資 / success
field_management scheduler 全部完成
