開始執行：當月次月訂單
⚠️ 一鍵日排程 secrets TOML 注入失敗：No secrets found. Valid paths for a secrets.toml file or secret directories are: /home/runner/.streamlit/secrets.toml, /home/runner/work/tool-system/tool-system/.streamlit/secrets.toml
⚠️ 一鍵日排程 secrets env 注入失敗：No secrets found. Valid paths for a secrets.toml file or secret directories are: /home/runner/.streamlit/secrets.toml, /home/runner/work/tool-system/tool-system/.streamlit/secrets.toml
OAuth env ready = True
OAuth bootstrap forced = True
Command: Python bootstrap -> /home/runner/work/tool-system/tool-system/tools/scheduled_daily/orders_report.py
[2026-09-25 04:32:53] ====================================================
[2026-09-25 04:32:53] orders_report.py 開始執行
[2026-09-25 04:32:53] GITHUB_ACTIONS = true
[2026-09-25 04:32:53] PWD = /home/runner/work/tool-system/tool-system
[2026-09-25 04:32:53] LOCAL_OUTPUT_DIR = /Users/jenny/Library/CloudStorage/GoogleDrive-jenny@lemonclean.com.tw/我的雲端硬碟/lemon_Jenny/Jenny@lemon程式/訂單資料
[2026-09-25 04:32:53] LOCAL_OUTPUT_DIR exists = False
[2026-09-25 04:32:53] can_use_local_output_dir = False
[2026-09-25 04:32:53] root folder_id = 11O6eKHQ1e3Irqps7Kq1XJOSVVge3pCAc
[2026-09-25 04:32:53] ====================================================
[2026-09-25 04:32:53] Google Drive 初始化成功
[2026-09-25 04:32:54] 📁 使用既有資料夾：訂單資料
[2026-09-25 04:32:54] 服務日期：2026-09-01 ~ 2026-10-31
[2026-09-25 04:32:54] file_date = 20260925
[2026-09-25 04:32:54] 訂單資料 folder_id = 1o6ROTdseIRKOivgYQt50cNuCZLT3Rpug
[2026-09-25 04:32:54] 帳號數量 = 2
[2026-09-25 04:32:54] 
[2026-09-25 04:32:54] === 開始處理 台北 ===
[2026-09-25 04:32:54] 開始登入：jenny@lemonclean.com.tw
[2026-09-25 04:32:58] 登入成功：jenny@lemonclean.com.tw
[2026-09-25 04:32:58] 開始下載：city=台北 / export_url=https://backend.lemonclean.com.tw/purchase/export_order?clean_date_s=2026-09-01&clean_date_e=2026-10-31&purchase_status=1
[2026-09-25 04:33:13] ✅ 已下載到暫存：/tmp/tmp3ftyzlzl/20260925訂單-台北.xls
[2026-09-25 04:33:13] 📦 檔案大小：1857024 bytes
[2026-09-25 04:33:13] 📂 暫存目錄存在：True
[2026-09-25 04:33:13] 📄 暫存檔案存在：True
[2026-09-25 04:33:13] 目前不是 Jenny 本機環境，略過本機存檔
[2026-09-25 04:33:13] Google Drive 初始化成功
[2026-09-25 04:33:13] 準備上傳到 Google Drive：20260925訂單-台北.xls
[2026-09-25 04:33:16] ☁️ 已上傳新檔：20260925訂單-台北.xls (file_id=1ykRnXECEpAUhvjosvHcU2wcvMr7jZ5yd) https://docs.google.com/spreadsheets/d/1ykRnXECEpAUhvjosvHcU2wcvMr7jZ5yd/edit?usp=drivesdk&ouid=101667783075862487943&rtpof=true&sd=true
[2026-09-25 04:33:16] ✅ 完成處理：20260925訂單-台北.xls
[2026-09-25 04:33:16] ✅ 台北 完成
[2026-09-25 04:33:16] 
[2026-09-25 04:33:16] === 開始處理 台中 ===
[2026-09-25 04:33:16] 開始登入：jenny.tc@lemonclean.com.tw
[2026-09-25 04:33:18] 登入成功：jenny.tc@lemonclean.com.tw
[2026-09-25 04:33:18] 開始下載：city=台中 / export_url=https://backend.lemonclean.com.tw/purchase/export_order?clean_date_s=2026-09-01&clean_date_e=2026-10-31&purchase_status=1
[2026-09-25 04:33:20] ✅ 已下載到暫存：/tmp/tmp7l4z9824/20260925訂單-台中.xls
[2026-09-25 04:33:20] 📦 檔案大小：151040 bytes
[2026-09-25 04:33:20] 📂 暫存目錄存在：True
[2026-09-25 04:33:20] 📄 暫存檔案存在：True
[2026-09-25 04:33:20] 目前不是 Jenny 本機環境，略過本機存檔
[2026-09-25 04:33:20] Google Drive 初始化成功
[2026-09-25 04:33:20] 準備上傳到 Google Drive：20260925訂單-台中.xls
[2026-09-25 04:33:23] ☁️ 已上傳新檔：20260925訂單-台中.xls (file_id=1W4yIaCazM8cNHt2nLfP2rTJgxaqOoYa4) https://docs.google.com/spreadsheets/d/1W4yIaCazM8cNHt2nLfP2rTJgxaqOoYa4/edit?usp=drivesdk&ouid=101667783075862487943&rtpof=true&sd=true
[2026-09-25 04:33:23] ✅ 完成處理：20260925訂單-台中.xls
[2026-09-25 04:33:23] ✅ 台中 完成
[2026-09-25 04:33:23] 🎉 orders_report.py 全部完成

完成執行：當月次月訂單
scheduled_daily scheduler 全部完成
