開始執行：排班統計表
⚠️ 一鍵日排程 secrets TOML 注入失敗：No secrets found. Valid paths for a secrets.toml file or secret directories are: /home/runner/.streamlit/secrets.toml, /home/runner/work/tool-system/tool-system/.streamlit/secrets.toml
⚠️ 一鍵日排程 secrets env 注入失敗：No secrets found. Valid paths for a secrets.toml file or secret directories are: /home/runner/.streamlit/secrets.toml, /home/runner/work/tool-system/tool-system/.streamlit/secrets.toml
OAuth env ready = True
OAuth bootstrap forced = True
Command: Python bootstrap -> /home/runner/work/tool-system/tool-system/tools/scheduled_daily/schedule_report.py
[2026-09-25 04:13:44] ====================================================
[2026-09-25 04:13:44] schedule_report.py 開始執行
[2026-09-25 04:13:44] GITHUB_ACTIONS = true
[2026-09-25 04:13:44] PWD = /home/runner/work/tool-system/tool-system
[2026-09-25 04:13:44] LOCAL_OUTPUT_DIR = /Users/jenny/Library/CloudStorage/GoogleDrive-jenny@lemonclean.com.tw/.shortcut-targets-by-id/1zbu45AG1adMzz24HPdi_tLfh2Tncw_Br/排班統計表
[2026-09-25 04:13:44] LOCAL_OUTPUT_DIR exists = False
[2026-09-25 04:13:44] can_use_local_output_dir = False
[2026-09-25 04:13:44] root folder_id = 11O6eKHQ1e3Irqps7Kq1XJOSVVge3pCAc
[2026-09-25 04:13:44] ====================================================
[2026-09-25 04:13:44] Google Drive 初始化成功
[2026-09-25 04:13:44] 📁 使用既有資料夾：排班統計表
[2026-09-25 04:13:44] this_month = 2026-09
[2026-09-25 04:13:44] next_month = 2026-10
[2026-09-25 04:13:44] today_stamp = 20260925
[2026-09-25 04:13:44] next_month_stamp = 20261025
[2026-09-25 04:13:44] 排班統計表 folder_id = 18XDXdrCSsLYwSzz1Da9pQh-jGm2h2Ed8
[2026-09-25 04:13:44] 帳號數量 = 2
[2026-09-25 04:13:44] 
[2026-09-25 04:13:44] === 開始處理 台北 ===
[2026-09-25 04:13:44] 開始登入：jenny@lemonclean.com.tw
[2026-09-25 04:13:46] 登入成功：jenny@lemonclean.com.tw
[2026-09-25 04:13:46] 開始下載：month=2026-09 / filename=20260925排班統計表-台北.xlsx
[2026-09-25 04:13:47] ✅ 已下載到暫存：/tmp/tmpz8ykfmii/20260925排班統計表-台北.xlsx
[2026-09-25 04:13:47] 📦 檔案大小：17920 bytes
[2026-09-25 04:13:47] 📂 暫存目錄存在：True
[2026-09-25 04:13:47] 📄 暫存檔案存在：True
[2026-09-25 04:13:47] 目前不是 Jenny 本機環境，略過本機存檔
[2026-09-25 04:13:47] Google Drive 初始化成功
[2026-09-25 04:13:47] 準備上傳到 Google Drive：20260925排班統計表-台北.xlsx
[2026-09-25 04:13:49] ☁️ 已上傳新檔：20260925排班統計表-台北.xlsx (file_id=1engAZ64BH_5hVa5g1AvNqcfCP6LU0FR4) https://docs.google.com/spreadsheets/d/1engAZ64BH_5hVa5g1AvNqcfCP6LU0FR4/edit?usp=drivesdk&ouid=101667783075862487943&rtpof=true&sd=true
[2026-09-25 04:13:49] ✅ 完成處理：20260925排班統計表-台北.xlsx
[2026-09-25 04:13:49] 開始下載：month=2026-10 / filename=20261025排班統計表-台北.xlsx
[2026-09-25 04:13:50] ✅ 已下載到暫存：/tmp/tmp2bjv2kwx/20261025排班統計表-台北.xlsx
[2026-09-25 04:13:50] 📦 檔案大小：16384 bytes
[2026-09-25 04:13:50] 📂 暫存目錄存在：True
[2026-09-25 04:13:50] 📄 暫存檔案存在：True
[2026-09-25 04:13:50] 目前不是 Jenny 本機環境，略過本機存檔
[2026-09-25 04:13:50] Google Drive 初始化成功
[2026-09-25 04:13:50] 準備上傳到 Google Drive：20261025排班統計表-台北.xlsx
[2026-09-25 04:13:51] ☁️ 已上傳新檔：20261025排班統計表-台北.xlsx (file_id=1QsBIRzq_uuGT9wrjUcjIY0wLxHG8CH7b) https://docs.google.com/spreadsheets/d/1QsBIRzq_uuGT9wrjUcjIY0wLxHG8CH7b/edit?usp=drivesdk&ouid=101667783075862487943&rtpof=true&sd=true
[2026-09-25 04:13:51] ✅ 完成處理：20261025排班統計表-台北.xlsx
[2026-09-25 04:13:51] ✅ 台北 全部完成
[2026-09-25 04:13:51] 
[2026-09-25 04:13:51] === 開始處理 台中 ===
[2026-09-25 04:13:51] 開始登入：jenny.tc@lemonclean.com.tw
[2026-09-25 04:13:53] 登入成功：jenny.tc@lemonclean.com.tw
[2026-09-25 04:13:53] 開始下載：month=2026-09 / filename=20260925排班統計表-台中.xlsx
[2026-09-25 04:13:53] ✅ 已下載到暫存：/tmp/tmplc52myai/20260925排班統計表-台中.xlsx
[2026-09-25 04:13:53] 📦 檔案大小：6144 bytes
[2026-09-25 04:13:53] 📂 暫存目錄存在：True
[2026-09-25 04:13:53] 📄 暫存檔案存在：True
[2026-09-25 04:13:53] 目前不是 Jenny 本機環境，略過本機存檔
[2026-09-25 04:13:53] Google Drive 初始化成功
[2026-09-25 04:13:53] 準備上傳到 Google Drive：20260925排班統計表-台中.xlsx
[2026-09-25 04:13:55] ☁️ 已上傳新檔：20260925排班統計表-台中.xlsx (file_id=1CXklPgGjqd4H3boT-lY03vfLJT1DdA1A) https://docs.google.com/spreadsheets/d/1CXklPgGjqd4H3boT-lY03vfLJT1DdA1A/edit?usp=drivesdk&ouid=101667783075862487943&rtpof=true&sd=true
[2026-09-25 04:13:55] ✅ 完成處理：20260925排班統計表-台中.xlsx
[2026-09-25 04:13:55] 開始下載：month=2026-10 / filename=20261025排班統計表-台中.xlsx
[2026-09-25 04:13:55] ✅ 已下載到暫存：/tmp/tmpyedoz4x4/20261025排班統計表-台中.xlsx
[2026-09-25 04:13:55] 📦 檔案大小：5632 bytes
[2026-09-25 04:13:55] 📂 暫存目錄存在：True
[2026-09-25 04:13:55] 📄 暫存檔案存在：True
[2026-09-25 04:13:55] 目前不是 Jenny 本機環境，略過本機存檔
[2026-09-25 04:13:55] Google Drive 初始化成功
[2026-09-25 04:13:55] 準備上傳到 Google Drive：20261025排班統計表-台中.xlsx
[2026-09-25 04:13:56] ☁️ 已上傳新檔：20261025排班統計表-台中.xlsx (file_id=1HTr6mOgIDyBTiI35YTI0-_SK-nhxYKdT) https://docs.google.com/spreadsheets/d/1HTr6mOgIDyBTiI35YTI0-_SK-nhxYKdT/edit?usp=drivesdk&ouid=101667783075862487943&rtpof=true&sd=true
[2026-09-25 04:13:56] ✅ 完成處理：20261025排班統計表-台中.xlsx
[2026-09-25 04:13:56] ✅ 台中 全部完成
[2026-09-25 04:13:56] 🎉 schedule_report.py 全部完成

完成執行：排班統計表
scheduled_daily scheduler 全部完成
