開始執行：專員班表
⚠️ 一鍵日排程 secrets TOML 注入失敗：No secrets found. Valid paths for a secrets.toml file or secret directories are: /home/runner/.streamlit/secrets.toml, /home/runner/work/tool-system/tool-system/.streamlit/secrets.toml
⚠️ 一鍵日排程 secrets env 注入失敗：No secrets found. Valid paths for a secrets.toml file or secret directories are: /home/runner/.streamlit/secrets.toml, /home/runner/work/tool-system/tool-system/.streamlit/secrets.toml
OAuth env ready = True
OAuth bootstrap forced = True
Command: Python bootstrap -> /home/runner/work/tool-system/tool-system/tools/scheduled_daily/staff_schedule.py
[2026-09-25 04:25:19] ====================================================
[2026-09-25 04:25:19] staff_schedule.py 開始執行
[2026-09-25 04:25:19] GITHUB_ACTIONS = true
[2026-09-25 04:25:19] PWD = /home/runner/work/tool-system/tool-system
[2026-09-25 04:25:19] LOCAL_OUTPUT_DIR = /Users/jenny/Library/CloudStorage/GoogleDrive-jenny@lemonclean.com.tw/我的雲端硬碟/lemon_Jenny/Jenny@lemon程式/專員班表
[2026-09-25 04:25:19] LOCAL_OUTPUT_DIR exists = False
[2026-09-25 04:25:19] can_use_local_output_dir = False
[2026-09-25 04:25:19] root folder_id = 11O6eKHQ1e3Irqps7Kq1XJOSVVge3pCAc
[2026-09-25 04:25:19] ====================================================
[2026-09-25 04:25:19] Google Drive 初始化成功
[2026-09-25 04:25:20] 📁 使用既有資料夾：專員班表
[2026-09-25 04:25:20] this_month = 2026-09
[2026-09-25 04:25:20] next_month = 2026-10
[2026-09-25 04:25:20] this_date = 20260925
[2026-09-25 04:25:20] next_date = 20261025
[2026-09-25 04:25:20] 專員班表 folder_id = 1V2AUNsT_jzQWawmnBNU_u-e7odYviwEk
[2026-09-25 04:25:20] 帳號數量 = 2
[2026-09-25 04:25:20] 
[2026-09-25 04:25:20] === 開始處理 台北 ===
[2026-09-25 04:25:20] 開始登入：jenny@lemonclean.com.tw
[2026-09-25 04:25:22] 登入成功：jenny@lemonclean.com.tw
[2026-09-25 04:25:22] 開始下載：city=台北 / month=2026-09 / filename=20260925專員班表-台北.xls
[2026-09-25 04:25:25] ✅ 已下載到暫存：/tmp/tmpwb76gy0s/20260925專員班表-台北.xls
[2026-09-25 04:25:25] 📦 檔案大小：141312 bytes
[2026-09-25 04:25:25] 📂 暫存目錄存在：True
[2026-09-25 04:25:25] 📄 暫存檔案存在：True
[2026-09-25 04:25:25] 目前不是 Jenny 本機環境，略過本機存檔
[2026-09-25 04:25:25] Google Drive 初始化成功
[2026-09-25 04:25:25] 準備上傳到 Google Drive：20260925專員班表-台北.xls
[2026-09-25 04:25:27] ☁️ 已上傳新檔：20260925專員班表-台北.xls (file_id=1disjtSlF3ULQhuME6yHg4RTlH_qKwVJ4) https://docs.google.com/spreadsheets/d/1disjtSlF3ULQhuME6yHg4RTlH_qKwVJ4/edit?usp=drivesdk&ouid=101667783075862487943&rtpof=true&sd=true
[2026-09-25 04:25:27] ✅ 完成處理：20260925專員班表-台北.xls
[2026-09-25 04:25:27] 開始下載：city=台北 / month=2026-10 / filename=20261025專員班表-台北.xls
[2026-09-25 04:25:30] ✅ 已下載到暫存：/tmp/tmp49kzp6b9/20261025專員班表-台北.xls
[2026-09-25 04:25:30] 📦 檔案大小：112128 bytes
[2026-09-25 04:25:30] 📂 暫存目錄存在：True
[2026-09-25 04:25:30] 📄 暫存檔案存在：True
[2026-09-25 04:25:30] 目前不是 Jenny 本機環境，略過本機存檔
[2026-09-25 04:25:30] Google Drive 初始化成功
[2026-09-25 04:25:30] 準備上傳到 Google Drive：20261025專員班表-台北.xls
[2026-09-25 04:25:32] ☁️ 已上傳新檔：20261025專員班表-台北.xls (file_id=1heoXYS6ZTpHb6uYsT8RXVxKU3anNiTFW) https://docs.google.com/spreadsheets/d/1heoXYS6ZTpHb6uYsT8RXVxKU3anNiTFW/edit?usp=drivesdk&ouid=101667783075862487943&rtpof=true&sd=true
[2026-09-25 04:25:32] ✅ 完成處理：20261025專員班表-台北.xls
[2026-09-25 04:25:32] ✅ 台北 全部完成
[2026-09-25 04:25:32] 
[2026-09-25 04:25:32] === 開始處理 台中 ===
[2026-09-25 04:25:32] 開始登入：jenny.tc@lemonclean.com.tw
[2026-09-25 04:25:33] 登入成功：jenny.tc@lemonclean.com.tw
[2026-09-25 04:25:33] 開始下載：city=台中 / month=2026-09 / filename=20260925專員班表-台中.xls
[2026-09-25 04:25:34] ✅ 已下載到暫存：/tmp/tmpffrggy1e/20260925專員班表-台中.xls
[2026-09-25 04:25:34] 📦 檔案大小：23040 bytes
[2026-09-25 04:25:34] 📂 暫存目錄存在：True
[2026-09-25 04:25:34] 📄 暫存檔案存在：True
[2026-09-25 04:25:34] 目前不是 Jenny 本機環境，略過本機存檔
[2026-09-25 04:25:34] Google Drive 初始化成功
[2026-09-25 04:25:34] 準備上傳到 Google Drive：20260925專員班表-台中.xls
[2026-09-25 04:25:36] ☁️ 已上傳新檔：20260925專員班表-台中.xls (file_id=1av9xNG2U-3wEF66uL1zekn4ZyeM-UYaX) https://docs.google.com/spreadsheets/d/1av9xNG2U-3wEF66uL1zekn4ZyeM-UYaX/edit?usp=drivesdk&ouid=101667783075862487943&rtpof=true&sd=true
[2026-09-25 04:25:36] ✅ 完成處理：20260925專員班表-台中.xls
[2026-09-25 04:25:36] 開始下載：city=台中 / month=2026-10 / filename=20261025專員班表-台中.xls
[2026-09-25 04:25:36] ✅ 已下載到暫存：/tmp/tmp6fbh3rcw/20261025專員班表-台中.xls
[2026-09-25 04:25:36] 📦 檔案大小：24064 bytes
[2026-09-25 04:25:36] 📂 暫存目錄存在：True
[2026-09-25 04:25:36] 📄 暫存檔案存在：True
[2026-09-25 04:25:36] 目前不是 Jenny 本機環境，略過本機存檔
[2026-09-25 04:25:36] Google Drive 初始化成功
[2026-09-25 04:25:36] 準備上傳到 Google Drive：20261025專員班表-台中.xls
[2026-09-25 04:25:38] ☁️ 已上傳新檔：20261025專員班表-台中.xls (file_id=1_kHsCcj8Ulc0PAmNs1s_e0AZi8SyxCyR) https://docs.google.com/spreadsheets/d/1_kHsCcj8Ulc0PAmNs1s_e0AZi8SyxCyR/edit?usp=drivesdk&ouid=101667783075862487943&rtpof=true&sd=true
[2026-09-25 04:25:38] ✅ 完成處理：20261025專員班表-台中.xls
[2026-09-25 04:25:38] ✅ 台中 全部完成
[2026-09-25 04:25:38] 🎉 staff_schedule.py 全部完成

完成執行：專員班表
scheduled_daily scheduler 全部完成
