開始執行：專員個資
⚠️ 一鍵日排程 secrets TOML 注入失敗：No secrets found. Valid paths for a secrets.toml file or secret directories are: /home/runner/.streamlit/secrets.toml, /home/runner/work/tool-system/tool-system/.streamlit/secrets.toml
⚠️ 一鍵日排程 secrets env 注入失敗：No secrets found. Valid paths for a secrets.toml file or secret directories are: /home/runner/.streamlit/secrets.toml, /home/runner/work/tool-system/tool-system/.streamlit/secrets.toml
OAuth env ready = True
OAuth bootstrap forced = True
Command: Python bootstrap -> /home/runner/work/tool-system/tool-system/tools/scheduled_daily/staff_info.py
[2026-09-25 04:36:55] ====================================================
[2026-09-25 04:36:55] staff_info.py 開始執行
[2026-09-25 04:36:55] GITHUB_ACTIONS = true
[2026-09-25 04:36:55] PWD = /home/runner/work/tool-system/tool-system
[2026-09-25 04:36:55] LOCAL_OUTPUT_DIR = /Users/jenny/Library/CloudStorage/GoogleDrive-jenny@lemonclean.com.tw/我的雲端硬碟/lemon_Jenny/Jenny@lemon程式/專員個資
[2026-09-25 04:36:55] LOCAL_OUTPUT_DIR exists = False
[2026-09-25 04:36:55] can_use_local_output_dir = False
[2026-09-25 04:36:55] root folder_id = 11O6eKHQ1e3Irqps7Kq1XJOSVVge3pCAc
[2026-09-25 04:36:55] ====================================================
[2026-09-25 04:36:55] Google Drive 初始化成功
[2026-09-25 04:36:56] 📁 使用既有資料夾：專員個資
[2026-09-25 04:36:56] today_stamp = 20260925
[2026-09-25 04:36:56] 專員個資 folder_id = 1v1Er8oC3BEAWHbBrDq3SUpjEDwHIuK0f
[2026-09-25 04:36:56] 帳號數量 = 2
[2026-09-25 04:36:56] 
[2026-09-25 04:36:56] === 開始處理 台北 ===
[2026-09-25 04:36:56] 開始登入：jenny@lemonclean.com.tw
[2026-09-25 04:36:58] 登入成功：jenny@lemonclean.com.tw
[2026-09-25 04:36:58] 開始下載：city=台北 / filename=20260925專員個資-台北.xlsx
[2026-09-25 04:37:01] ✅ 已下載到暫存：/tmp/tmp_5_58u4h/20260925專員個資-台北.xlsx
[2026-09-25 04:37:01] 📦 檔案大小：228352 bytes
[2026-09-25 04:37:01] 📂 暫存目錄存在：True
[2026-09-25 04:37:01] 📄 暫存檔案存在：True
[2026-09-25 04:37:01] 目前不是 Jenny 本機環境，略過本機存檔
[2026-09-25 04:37:01] Google Drive 初始化成功
[2026-09-25 04:37:01] 準備上傳到 Google Drive：20260925專員個資-台北.xlsx
[2026-09-25 04:37:03] ☁️ 已上傳新檔：20260925專員個資-台北.xlsx (file_id=1Qsc_Ok8oxAXtYNzCyJWVo5JOVAa0Mx8-) https://docs.google.com/spreadsheets/d/1Qsc_Ok8oxAXtYNzCyJWVo5JOVAa0Mx8-/edit?usp=drivesdk&ouid=101667783075862487943&rtpof=true&sd=true
[2026-09-25 04:37:03] ✅ 完成處理：20260925專員個資-台北.xlsx
[2026-09-25 04:37:03] ✅ 台北 全部完成
[2026-09-25 04:37:03] 
[2026-09-25 04:37:03] === 開始處理 台中 ===
[2026-09-25 04:37:03] 開始登入：jenny.tc@lemonclean.com.tw
[2026-09-25 04:37:04] 登入成功：jenny.tc@lemonclean.com.tw
[2026-09-25 04:37:04] 開始下載：city=台中 / filename=20260925專員個資-台中.xlsx
[2026-09-25 04:37:05] ✅ 已下載到暫存：/tmp/tmpurvmis5q/20260925專員個資-台中.xlsx
[2026-09-25 04:37:05] 📦 檔案大小：59904 bytes
[2026-09-25 04:37:05] 📂 暫存目錄存在：True
[2026-09-25 04:37:05] 📄 暫存檔案存在：True
[2026-09-25 04:37:05] 目前不是 Jenny 本機環境，略過本機存檔
[2026-09-25 04:37:05] Google Drive 初始化成功
[2026-09-25 04:37:05] 準備上傳到 Google Drive：20260925專員個資-台中.xlsx
[2026-09-25 04:37:07] ☁️ 已上傳新檔：20260925專員個資-台中.xlsx (file_id=110LpfRJtNBUud_IVl_JDW2vbrfX4Nzb-) https://docs.google.com/spreadsheets/d/110LpfRJtNBUud_IVl_JDW2vbrfX4Nzb-/edit?usp=drivesdk&ouid=101667783075862487943&rtpof=true&sd=true
[2026-09-25 04:37:07] ✅ 完成處理：20260925專員個資-台中.xlsx
[2026-09-25 04:37:07] ✅ 台中 全部完成
[2026-09-25 04:37:07] 🎉 staff_info.py 全部完成

完成執行：專員個資
scheduled_daily scheduler 全部完成
