[config] spreadsheet_id='1nNAXy6rvBnGR8ACnqKKzKNA4-UwZtZp47i806EPmR_8'
2026-08-04 22:59:01 [INFO] 目標試算表 ID 來源：主控試算表系統設定
2026-08-04 22:59:01 [INFO] === 客服排程系統 run_id=501b0fb0 step=1 台北時間=2026-08-05 06:59:00 ===
2026-08-04 22:59:01 [INFO] file_cache is only supported with oauth2client<4.0.0
2026-08-04 22:59:08 [INFO] --- Step1_更新排班統計表 ---
2026-08-04 22:59:09 [INFO] file_cache is only supported with oauth2client<4.0.0
2026-08-04 22:59:10 [INFO] Drive 資料夾找到 100 個檔案
2026-08-04 22:59:10 [INFO]   找到檔案：排班統計表20260905-台中.xlsx_temp_1785880860 (application/vnd.google-apps.spreadsheet)
2026-08-04 22:59:10 [INFO]   找到檔案：排班統計表20260805-台中.xlsx_temp_1785880851 (application/vnd.google-apps.spreadsheet)
2026-08-04 22:59:10 [INFO]   找到檔案：排班統計表20260905-台北.xlsx_temp_1785880841 (application/vnd.google-apps.spreadsheet)
2026-08-04 22:59:10 [INFO]   找到檔案：排班統計表20260805-台北.xlsx_temp_1785880830 (application/vnd.google-apps.spreadsheet)
2026-08-04 22:59:10 [INFO]   找到檔案：排班統計表20260905-台中.xlsx (application/vnd.openxmlformats-officedocument.spreadsheetml.sheet)
2026-08-04 22:59:10 [INFO]   找到檔案：排班統計表20260805-台中.xlsx (application/vnd.openxmlformats-officedocument.spreadsheetml.sheet)
2026-08-04 22:59:10 [INFO]   找到檔案：排班統計表20260905-台北.xlsx (application/vnd.openxmlformats-officedocument.spreadsheetml.sheet)
2026-08-04 22:59:10 [INFO]   找到檔案：排班統計表20260805-台北.xlsx (application/vnd.openxmlformats-officedocument.spreadsheetml.sheet)
2026-08-04 22:59:10 [INFO]   找到檔案：排班統計表20260902-台中 (application/vnd.google-apps.spreadsheet)
2026-08-04 22:59:10 [INFO]   找到檔案：排班統計表20260902-台中 (application/vnd.google-apps.spreadsheet)
2026-08-04 22:59:10 [INFO]   找到檔案：排班統計表20260802-台中 (application/vnd.google-apps.spreadsheet)
2026-08-04 22:59:10 [INFO]   找到檔案：排班統計表20260802-台中 (application/vnd.google-apps.spreadsheet)
2026-08-04 22:59:10 [INFO]   找到檔案：排班統計表20260902-台北 (application/vnd.google-apps.spreadsheet)
2026-08-04 22:59:10 [INFO]   找到檔案：排班統計表20260902-台北 (application/vnd.google-apps.spreadsheet)
2026-08-04 22:59:10 [INFO]   找到檔案：排班統計表20260802-台北 (application/vnd.google-apps.spreadsheet)
2026-08-04 22:59:10 [INFO]   找到檔案：排班統計表20260802-台北 (application/vnd.google-apps.spreadsheet)
2026-08-04 22:59:10 [INFO]   找到檔案：排班統計表20260903-台中 (application/vnd.google-apps.spreadsheet)
2026-08-04 22:59:10 [INFO]   找到檔案：排班統計表20260903-台中 (application/vnd.google-apps.spreadsheet)
2026-08-04 22:59:10 [INFO]   找到檔案：排班統計表20260803-台中 (application/vnd.google-apps.spreadsheet)
2026-08-04 22:59:10 [INFO]   找到檔案：排班統計表20260803-台中 (application/vnd.google-apps.spreadsheet)
2026-08-04 22:59:10 [INFO]   找到檔案：排班統計表20260903-台北 (application/vnd.google-apps.spreadsheet)
2026-08-04 22:59:10 [INFO]   找到檔案：排班統計表20260903-台北 (application/vnd.google-apps.spreadsheet)
2026-08-04 22:59:10 [INFO]   找到檔案：排班統計表20260803-台北 (application/vnd.google-apps.spreadsheet)
2026-08-04 22:59:10 [INFO]   找到檔案：排班統計表20260803-台北 (application/vnd.google-apps.spreadsheet)
2026-08-04 22:59:10 [INFO]   找到檔案：排班統計表20260904-台中 (application/vnd.google-apps.spreadsheet)
2026-08-04 22:59:10 [INFO]   找到檔案：排班統計表20260804-台中 (application/vnd.google-apps.spreadsheet)
2026-08-04 22:59:10 [INFO]   找到檔案：排班統計表20260904-台北 (application/vnd.google-apps.spreadsheet)
2026-08-04 22:59:10 [INFO]   找到檔案：排班統計表20260904-台北 (application/vnd.google-apps.spreadsheet)
2026-08-04 22:59:10 [INFO]   找到檔案：排班統計表20260904-台北 (application/vnd.google-apps.spreadsheet)
2026-08-04 22:59:10 [INFO]   找到檔案：排班統計表20260804-台北 (application/vnd.google-apps.spreadsheet)
2026-08-04 22:59:10 [INFO]   找到檔案：排班統計表20260804-台北 (application/vnd.google-apps.spreadsheet)
2026-08-04 22:59:10 [INFO]   找到檔案：排班統計表20260804-台北.xlsx_temp_1785806573 (application/vnd.google-apps.spreadsheet)
2026-08-04 22:59:10 [INFO]   找到檔案：排班統計表20260904-台中.xlsx_temp_1785806608 (application/vnd.google-apps.spreadsheet)
2026-08-04 22:59:10 [INFO]   找到檔案：排班統計表20260904-台中.xlsx_temp_1785806608 (application/vnd.google-apps.spreadsheet)
2026-08-04 22:59:10 [INFO]   找到檔案：排班統計表20260804-台中.xlsx_temp_1785806599 (application/vnd.google-apps.spreadsheet)
2026-08-04 22:59:10 [INFO]   找到檔案：排班統計表20260804-台中.xlsx_temp_1785806598 (application/vnd.google-apps.spreadsheet)
2026-08-04 22:59:10 [INFO]   找到檔案：排班統計表20260904-台北.xlsx_temp_1785806585 (application/vnd.google-apps.spreadsheet)
2026-08-04 22:59:10 [INFO]   找到檔案：排班統計表20260904-台北.xlsx_temp_1785806587 (application/vnd.google-apps.spreadsheet)
2026-08-04 22:59:10 [INFO]   找到檔案：排班統計表20260804-台北.xlsx_temp_1785806575 (application/vnd.google-apps.spreadsheet)
2026-08-04 22:59:10 [INFO]   找到檔案：排班統計表20260904-台中.xlsx_temp_1785794161 (application/vnd.google-apps.spreadsheet)
2026-08-04 22:59:10 [INFO]   找到檔案：排班統計表20260804-台中.xlsx_temp_1785794152 (application/vnd.google-apps.spreadsheet)
2026-08-04 22:59:10 [INFO]   找到檔案：排班統計表20260904-台北.xlsx_temp_1785794143 (application/vnd.google-apps.spreadsheet)
2026-08-04 22:59:10 [INFO]   找到檔案：排班統計表20260804-台北.xlsx_temp_1785794124 (application/vnd.google-apps.spreadsheet)
2026-08-04 22:59:10 [INFO]   找到檔案：排班統計表20260904-台中.xlsx (application/vnd.openxmlformats-officedocument.spreadsheetml.sheet)
2026-08-04 22:59:10 [INFO]   找到檔案：排班統計表20260804-台中.xlsx (application/vnd.openxmlformats-officedocument.spreadsheetml.sheet)
2026-08-04 22:59:10 [INFO]   找到檔案：排班統計表20260904-台北.xlsx (application/vnd.openxmlformats-officedocument.spreadsheetml.sheet)
2026-08-04 22:59:10 [INFO]   找到檔案：排班統計表20260804-台北.xlsx (application/vnd.openxmlformats-officedocument.spreadsheetml.sheet)
2026-08-04 22:59:10 [INFO]   找到檔案：排班統計表20260903-台中.xlsx (application/vnd.openxmlformats-officedocument.spreadsheetml.sheet)
2026-08-04 22:59:10 [INFO]   找到檔案：排班統計表20260803-台中.xlsx (application/vnd.openxmlformats-officedocument.spreadsheetml.sheet)
2026-08-04 22:59:10 [INFO]   找到檔案：排班統計表20260903-台北.xlsx (application/vnd.openxmlformats-officedocument.spreadsheetml.sheet)
2026-08-04 22:59:10 [INFO]   找到檔案：排班統計表20260803-台北.xlsx (application/vnd.openxmlformats-officedocument.spreadsheetml.sheet)
2026-08-04 22:59:10 [INFO]   找到檔案：排班統計表20260902-台中.xlsx_temp_1785620621 (application/vnd.google-apps.spreadsheet)
2026-08-04 22:59:10 [INFO]   找到檔案：排班統計表20260802-台中.xlsx_temp_1785620604 (application/vnd.google-apps.spreadsheet)
2026-08-04 22:59:10 [INFO]   找到檔案：排班統計表20260902-台北.xlsx_temp_1785620597 (application/vnd.google-apps.spreadsheet)
2026-08-04 22:59:10 [INFO]   找到檔案：排班統計表20260802-台北.xlsx_temp_1785620587 (application/vnd.google-apps.spreadsheet)
2026-08-04 22:59:10 [INFO]   找到檔案：排班統計表20260902-台中.xlsx (application/vnd.openxmlformats-officedocument.spreadsheetml.sheet)
2026-08-04 22:59:10 [INFO]   找到檔案：排班統計表20260802-台中.xlsx (application/vnd.openxmlformats-officedocument.spreadsheetml.sheet)
2026-08-04 22:59:10 [INFO]   找到檔案：排班統計表20260902-台北.xlsx (application/vnd.openxmlformats-officedocument.spreadsheetml.sheet)
2026-08-04 22:59:10 [INFO]   找到檔案：排班統計表20260802-台北.xlsx (application/vnd.openxmlformats-officedocument.spreadsheetml.sheet)
2026-08-04 22:59:10 [INFO]   找到檔案：排班統計表20260901-台中 (application/vnd.google-apps.spreadsheet)
2026-08-04 22:59:10 [INFO]   找到檔案：排班統計表20260801-台中 (application/vnd.google-apps.spreadsheet)
2026-08-04 22:59:10 [INFO]   找到檔案：排班統計表20260901-台北 (application/vnd.google-apps.spreadsheet)
2026-08-04 22:59:10 [INFO]   找到檔案：排班統計表20260801-台北 (application/vnd.google-apps.spreadsheet)
2026-08-04 22:59:10 [INFO]   找到檔案：排班統計表20260901-台中.xlsx_temp_1785534867 (application/vnd.google-apps.spreadsheet)
2026-08-04 22:59:10 [INFO]   找到檔案：排班統計表20260801-台中.xlsx_temp_1785534857 (application/vnd.google-apps.spreadsheet)
2026-08-04 22:59:10 [INFO]   找到檔案：排班統計表20260901-台北.xlsx_temp_1785534848 (application/vnd.google-apps.spreadsheet)
2026-08-04 22:59:10 [INFO]   找到檔案：排班統計表20260801-台北.xlsx_temp_1785534828 (application/vnd.google-apps.spreadsheet)
2026-08-04 22:59:10 [INFO]   找到檔案：排班統計表20260901-台中.xlsx (application/vnd.openxmlformats-officedocument.spreadsheetml.sheet)
2026-08-04 22:59:10 [INFO]   找到檔案：排班統計表20260801-台中.xlsx (application/vnd.openxmlformats-officedocument.spreadsheetml.sheet)
2026-08-04 22:59:10 [INFO]   找到檔案：排班統計表20260901-台北.xlsx (application/vnd.openxmlformats-officedocument.spreadsheetml.sheet)
2026-08-04 22:59:10 [INFO]   找到檔案：排班統計表20260801-台北.xlsx (application/vnd.openxmlformats-officedocument.spreadsheetml.sheet)
2026-08-04 22:59:10 [INFO]   找到檔案：排班統計表20260831-台中 (application/vnd.google-apps.spreadsheet)
2026-08-04 22:59:10 [INFO]   找到檔案：排班統計表20260731-台中 (application/vnd.google-apps.spreadsheet)
2026-08-04 22:59:10 [INFO]   找到檔案：排班統計表20260831-台北 (application/vnd.google-apps.spreadsheet)
2026-08-04 22:59:10 [INFO]   找到檔案：排班統計表20260731-台北 (application/vnd.google-apps.spreadsheet)
2026-08-04 22:59:10 [INFO]   找到檔案：排班統計表20260831-台中.xlsx_temp_1785448547 (application/vnd.google-apps.spreadsheet)
2026-08-04 22:59:10 [INFO]   找到檔案：排班統計表20260731-台中.xlsx_temp_1785448539 (application/vnd.google-apps.spreadsheet)
2026-08-04 22:59:10 [INFO]   找到檔案：排班統計表20260831-台北.xlsx_temp_1785448531 (application/vnd.google-apps.spreadsheet)
2026-08-04 22:59:10 [INFO]   找到檔案：排班統計表20260731-台北.xlsx_temp_1785448512 (application/vnd.google-apps.spreadsheet)
2026-08-04 22:59:10 [INFO]   找到檔案：排班統計表20260831-台中.xlsx (application/vnd.openxmlformats-officedocument.spreadsheetml.sheet)
2026-08-04 22:59:10 [INFO]   找到檔案：排班統計表20260731-台中.xlsx (application/vnd.openxmlformats-officedocument.spreadsheetml.sheet)
2026-08-04 22:59:10 [INFO]   找到檔案：排班統計表20260831-台北.xlsx (application/vnd.openxmlformats-officedocument.spreadsheetml.sheet)
2026-08-04 22:59:10 [INFO]   找到檔案：排班統計表20260731-台北.xlsx (application/vnd.openxmlformats-officedocument.spreadsheetml.sheet)
2026-08-04 22:59:10 [INFO]   找到檔案：排班統計表20260830-台中 (application/vnd.google-apps.spreadsheet)
2026-08-04 22:59:10 [INFO]   找到檔案：排班統計表20260730-台中 (application/vnd.google-apps.spreadsheet)
2026-08-04 22:59:10 [INFO]   找到檔案：排班統計表20260830-台北 (application/vnd.google-apps.spreadsheet)
2026-08-04 22:59:10 [INFO]   找到檔案：排班統計表20260730-台北 (application/vnd.google-apps.spreadsheet)
2026-08-04 22:59:10 [INFO]   找到檔案：排班統計表20260830-台中.xlsx_temp_1785361457 (application/vnd.google-apps.spreadsheet)
2026-08-04 22:59:10 [INFO]   找到檔案：排班統計表20260730-台中.xlsx_temp_1785361437 (application/vnd.google-apps.spreadsheet)
2026-08-04 22:59:10 [INFO]   找到檔案：排班統計表20260830-台北.xlsx_temp_1785361429 (application/vnd.google-apps.spreadsheet)
2026-08-04 22:59:10 [INFO]   找到檔案：排班統計表20260730-台北.xlsx_temp_1785361418 (application/vnd.google-apps.spreadsheet)
2026-08-04 22:59:10 [INFO]   找到檔案：排班統計表20260830-台中.xlsx (application/vnd.openxmlformats-officedocument.spreadsheetml.sheet)
2026-08-04 22:59:10 [INFO]   找到檔案：排班統計表20260730-台中.xlsx (application/vnd.openxmlformats-officedocument.spreadsheetml.sheet)
2026-08-04 22:59:10 [INFO]   找到檔案：排班統計表20260830-台北.xlsx (application/vnd.openxmlformats-officedocument.spreadsheetml.sheet)
2026-08-04 22:59:10 [INFO]   找到檔案：排班統計表20260730-台北.xlsx (application/vnd.openxmlformats-officedocument.spreadsheetml.sheet)
2026-08-04 22:59:10 [INFO]   找到檔案：排班統計表20260829-台中 (application/vnd.google-apps.spreadsheet)
2026-08-04 22:59:10 [INFO]   找到檔案：排班統計表20260729-台中 (application/vnd.google-apps.spreadsheet)
2026-08-04 22:59:10 [INFO]   找到檔案：排班統計表20260829-台北 (application/vnd.google-apps.spreadsheet)
2026-08-04 22:59:10 [INFO]   找到檔案：排班統計表20260729-台北 (application/vnd.google-apps.spreadsheet)
2026-08-04 22:59:10 [INFO]   找到檔案：排班統計表20260829-台中.xlsx_temp_1785275621 (application/vnd.google-apps.spreadsheet)
2026-08-04 22:59:10 [INFO] 排班檔確認 OK：{'taipei_current': '排班統計表20260805-台北.xlsx', 'taipei_next': '排班統計表20260905-台北.xlsx', 'taichung_current': '排班統計表20260805-台中.xlsx', 'taichung_next': '排班統計表20260905-台中.xlsx'}
2026-08-04 22:59:11 [INFO]   匯入：排班統計表20260805-台北.xlsx
2026-08-04 22:59:11 [INFO]   xlsx → Google Sheets：排班統計表20260805-台北
2026-08-04 22:59:13 [ERROR] Step 1 失敗：<HttpError 404 when requesting https://www.googleapis.com/drive/v3/files/1V1OQgRFxId0L3oME9P14f03Zy0BLsLUNMtsNyJaGPpA?supportsAllDrives=true returned "File not found: 1V1OQgRFxId0L3oME9P14f03Zy0BLsLUNMtsNyJaGPpA.". Details: "[{'message': 'File not found: 1V1OQgRFxId0L3oME9P14f03Zy0BLsLUNMtsNyJaGPpA.', 'domain': 'global', 'reason': 'notFound', 'location': 'fileId', 'locationType': 'parameter'}]">
2026-08-04 22:59:14 [ERROR] 執行結束（有失敗）：['Step 1: <HttpError 404 when requesting https://www.googleapis.com/drive/v3/files/1V1OQgRFxId0L3oME9P14f03Zy0BLsLUNMtsNyJaGPpA?supportsAllDrives=true returned "File not found: 1V1OQgRFxId0L3oME9P14f03Zy0BLsLUNMtsNyJaGPpA.". Details: "[{\'message\': \'File not found: 1V1OQgRFxId0L3oME9P14f03Zy0BLsLUNMtsNyJaGPpA.\', \'domain\': \'global\', \'reason\': \'notFound\', \'location\': \'fileId\', \'locationType\': \'parameter\'}]">']
