開始執行：當月次月訂單
⚠️ 一鍵日排程 secrets TOML 注入失敗：No secrets found. Valid paths for a secrets.toml file or secret directories are: /home/runner/.streamlit/secrets.toml, /home/runner/work/tool-system/tool-system/.streamlit/secrets.toml
⚠️ 一鍵日排程 secrets env 注入失敗：No secrets found. Valid paths for a secrets.toml file or secret directories are: /home/runner/.streamlit/secrets.toml, /home/runner/work/tool-system/tool-system/.streamlit/secrets.toml
OAuth env ready = True
OAuth bootstrap forced = True
Command: Python bootstrap -> /home/runner/work/tool-system/tool-system/tools/scheduled_daily/orders_report.py
[2026-09-29 06:34:20] ====================================================
[2026-09-29 06:34:20] orders_report.py 開始執行
[2026-09-29 06:34:20] GITHUB_ACTIONS = true
[2026-09-29 06:34:20] PWD = /home/runner/work/tool-system/tool-system
[2026-09-29 06:34:20] LOCAL_OUTPUT_DIR = /Users/jenny/Library/CloudStorage/GoogleDrive-jenny@lemonclean.com.tw/我的雲端硬碟/lemon_Jenny/Jenny@lemon程式/訂單資料
[2026-09-29 06:34:20] LOCAL_OUTPUT_DIR exists = False
[2026-09-29 06:34:20] can_use_local_output_dir = False
[2026-09-29 06:34:20] root folder_id = 11O6eKHQ1e3Irqps7Kq1XJOSVVge3pCAc
[2026-09-29 06:34:20] ====================================================
[2026-09-29 06:34:20] Google Drive 初始化成功
[2026-09-29 06:34:21] 📁 使用既有資料夾：訂單資料
[2026-09-29 06:34:21] 服務日期：2026-09-01 ~ 2026-10-31
[2026-09-29 06:34:21] file_date = 20260929
[2026-09-29 06:34:21] 訂單資料 folder_id = 1o6ROTdseIRKOivgYQt50cNuCZLT3Rpug
[2026-09-29 06:34:21] 帳號數量 = 2
[2026-09-29 06:34:21] 
[2026-09-29 06:34:21] === 開始處理 台北 ===
[2026-09-29 06:34:21] 開始登入：jenny@lemonclean.com.tw
[2026-09-29 06:34:22] 登入成功：jenny@lemonclean.com.tw
[2026-09-29 06:34:22] 開始下載：city=台北 / export_url=https://backend.lemonclean.com.tw/purchase/export_order?clean_date_s=2026-09-01&clean_date_e=2026-10-31&purchase_status=1
[2026-09-29 06:34:34] ✅ 已下載到暫存：/tmp/tmpjqf74o9v/20260929訂單-台北.xls
[2026-09-29 06:34:34] 📦 檔案大小：1893376 bytes
[2026-09-29 06:34:34] 📂 暫存目錄存在：True
[2026-09-29 06:34:34] 📄 暫存檔案存在：True
[2026-09-29 06:34:34] 目前不是 Jenny 本機環境，略過本機存檔
[2026-09-29 06:34:34] Google Drive 初始化成功
[2026-09-29 06:34:34] 準備上傳到 Google Drive：20260929訂單-台北.xls
[2026-09-29 06:34:37] ☁️ 已上傳新檔：20260929訂單-台北.xls (file_id=1eqiekzTneWwByR0vH8TqEKVs574_ugYw) https://docs.google.com/spreadsheets/d/1eqiekzTneWwByR0vH8TqEKVs574_ugYw/edit?usp=drivesdk&ouid=101667783075862487943&rtpof=true&sd=true
[2026-09-29 06:34:37] ✅ 完成處理：20260929訂單-台北.xls
[2026-09-29 06:34:37] ✅ 台北 完成
[2026-09-29 06:34:37] 
[2026-09-29 06:34:37] === 開始處理 台中 ===
[2026-09-29 06:34:37] 開始登入：jenny.tc@lemonclean.com.tw
[2026-09-29 06:34:38] 登入成功：jenny.tc@lemonclean.com.tw
[2026-09-29 06:34:38] 開始下載：city=台中 / export_url=https://backend.lemonclean.com.tw/purchase/export_order?clean_date_s=2026-09-01&clean_date_e=2026-10-31&purchase_status=1
[2026-09-29 06:34:40] ✅ 已下載到暫存：/tmp/tmpm4l3_13a/20260929訂單-台中.xls
[2026-09-29 06:34:40] 📦 檔案大小：153088 bytes
[2026-09-29 06:34:40] 📂 暫存目錄存在：True
[2026-09-29 06:34:40] 📄 暫存檔案存在：True
[2026-09-29 06:34:40] 目前不是 Jenny 本機環境，略過本機存檔
[2026-09-29 06:34:40] Google Drive 初始化成功
[2026-09-29 06:34:40] 準備上傳到 Google Drive：20260929訂單-台中.xls
[2026-09-29 06:34:42] ☁️ 已上傳新檔：20260929訂單-台中.xls (file_id=16-KY0tUf-u3_ALJsPZ1nPY_whU4BD_6M) https://docs.google.com/spreadsheets/d/16-KY0tUf-u3_ALJsPZ1nPY_whU4BD_6M/edit?usp=drivesdk&ouid=101667783075862487943&rtpof=true&sd=true
[2026-09-29 06:34:42] ✅ 完成處理：20260929訂單-台中.xls
[2026-09-29 06:34:42] ✅ 台中 完成
[2026-09-29 06:34:42] 🎉 orders_report.py 全部完成

完成執行：當月次月訂單
scheduled_daily scheduler 全部完成
