開始執行：排班統計表
⚠️ 一鍵日排程 secrets TOML 注入失敗：No secrets found. Valid paths for a secrets.toml file or secret directories are: /home/runner/.streamlit/secrets.toml, /home/runner/work/tool-system/tool-system/.streamlit/secrets.toml
⚠️ 一鍵日排程 secrets env 注入失敗：No secrets found. Valid paths for a secrets.toml file or secret directories are: /home/runner/.streamlit/secrets.toml, /home/runner/work/tool-system/tool-system/.streamlit/secrets.toml
OAuth env ready = True
OAuth bootstrap forced = True
Command: Python bootstrap -> /home/runner/work/tool-system/tool-system/tools/scheduled_daily/schedule_report.py
[2026-09-29 06:21:56] ====================================================
[2026-09-29 06:21:56] schedule_report.py 開始執行
[2026-09-29 06:21:56] GITHUB_ACTIONS = true
[2026-09-29 06:21:56] PWD = /home/runner/work/tool-system/tool-system
[2026-09-29 06:21:56] LOCAL_OUTPUT_DIR = /Users/jenny/Library/CloudStorage/GoogleDrive-jenny@lemonclean.com.tw/.shortcut-targets-by-id/1zbu45AG1adMzz24HPdi_tLfh2Tncw_Br/排班統計表
[2026-09-29 06:21:56] LOCAL_OUTPUT_DIR exists = False
[2026-09-29 06:21:56] can_use_local_output_dir = False
[2026-09-29 06:21:56] root folder_id = 11O6eKHQ1e3Irqps7Kq1XJOSVVge3pCAc
[2026-09-29 06:21:56] ====================================================
[2026-09-29 06:21:56] Google Drive 初始化成功
[2026-09-29 06:21:57] 📁 使用既有資料夾：排班統計表
[2026-09-29 06:21:57] this_month = 2026-09
[2026-09-29 06:21:57] next_month = 2026-10
[2026-09-29 06:21:57] today_stamp = 20260929
[2026-09-29 06:21:57] next_month_stamp = 20261029
[2026-09-29 06:21:57] 排班統計表 folder_id = 18XDXdrCSsLYwSzz1Da9pQh-jGm2h2Ed8
[2026-09-29 06:21:57] 帳號數量 = 2
[2026-09-29 06:21:57] 
[2026-09-29 06:21:57] === 開始處理 台北 ===
[2026-09-29 06:21:57] 開始登入：jenny@lemonclean.com.tw
[2026-09-29 06:21:58] 登入成功：jenny@lemonclean.com.tw
[2026-09-29 06:21:58] 開始下載：month=2026-09 / filename=20260929排班統計表-台北.xlsx
[2026-09-29 06:21:59] ✅ 已下載到暫存：/tmp/tmprgogl8m7/20260929排班統計表-台北.xlsx
[2026-09-29 06:21:59] 📦 檔案大小：17920 bytes
[2026-09-29 06:21:59] 📂 暫存目錄存在：True
[2026-09-29 06:21:59] 📄 暫存檔案存在：True
[2026-09-29 06:21:59] 目前不是 Jenny 本機環境，略過本機存檔
[2026-09-29 06:21:59] Google Drive 初始化成功
[2026-09-29 06:21:59] 準備上傳到 Google Drive：20260929排班統計表-台北.xlsx
[2026-09-29 06:22:02] ☁️ 已上傳新檔：20260929排班統計表-台北.xlsx (file_id=1Fp362qYE0btEmximSPTVGJAw69U1f7Y0) https://docs.google.com/spreadsheets/d/1Fp362qYE0btEmximSPTVGJAw69U1f7Y0/edit?usp=drivesdk&ouid=101667783075862487943&rtpof=true&sd=true
[2026-09-29 06:22:02] ✅ 完成處理：20260929排班統計表-台北.xlsx
[2026-09-29 06:22:02] 開始下載：month=2026-10 / filename=20261029排班統計表-台北.xlsx
[2026-09-29 06:22:03] ✅ 已下載到暫存：/tmp/tmpn7jl4sn8/20261029排班統計表-台北.xlsx
[2026-09-29 06:22:03] 📦 檔案大小：16384 bytes
[2026-09-29 06:22:03] 📂 暫存目錄存在：True
[2026-09-29 06:22:03] 📄 暫存檔案存在：True
[2026-09-29 06:22:03] 目前不是 Jenny 本機環境，略過本機存檔
[2026-09-29 06:22:03] Google Drive 初始化成功
[2026-09-29 06:22:03] 準備上傳到 Google Drive：20261029排班統計表-台北.xlsx
[2026-09-29 06:22:06] ☁️ 已上傳新檔：20261029排班統計表-台北.xlsx (file_id=1MEu5H8oKagVnfseV2TZ3ZyP_leQv2F7z) https://docs.google.com/spreadsheets/d/1MEu5H8oKagVnfseV2TZ3ZyP_leQv2F7z/edit?usp=drivesdk&ouid=101667783075862487943&rtpof=true&sd=true
[2026-09-29 06:22:06] ✅ 完成處理：20261029排班統計表-台北.xlsx
[2026-09-29 06:22:06] ✅ 台北 全部完成
[2026-09-29 06:22:06] 
[2026-09-29 06:22:06] === 開始處理 台中 ===
[2026-09-29 06:22:06] 開始登入：jenny.tc@lemonclean.com.tw
[2026-09-29 06:22:07] 登入成功：jenny.tc@lemonclean.com.tw
[2026-09-29 06:22:07] 開始下載：month=2026-09 / filename=20260929排班統計表-台中.xlsx
[2026-09-29 06:22:07] ✅ 已下載到暫存：/tmp/tmpwguzdwba/20260929排班統計表-台中.xlsx
[2026-09-29 06:22:07] 📦 檔案大小：6144 bytes
[2026-09-29 06:22:07] 📂 暫存目錄存在：True
[2026-09-29 06:22:07] 📄 暫存檔案存在：True
[2026-09-29 06:22:07] 目前不是 Jenny 本機環境，略過本機存檔
[2026-09-29 06:22:07] Google Drive 初始化成功
[2026-09-29 06:22:07] 準備上傳到 Google Drive：20260929排班統計表-台中.xlsx
[2026-09-29 06:22:10] ☁️ 已上傳新檔：20260929排班統計表-台中.xlsx (file_id=1cj6WQ17Thp8Y7xXJlOWJnBST-T9IODTw) https://docs.google.com/spreadsheets/d/1cj6WQ17Thp8Y7xXJlOWJnBST-T9IODTw/edit?usp=drivesdk&ouid=101667783075862487943&rtpof=true&sd=true
[2026-09-29 06:22:10] ✅ 完成處理：20260929排班統計表-台中.xlsx
[2026-09-29 06:22:10] 開始下載：month=2026-10 / filename=20261029排班統計表-台中.xlsx
[2026-09-29 06:22:10] ✅ 已下載到暫存：/tmp/tmpfxs0t8nh/20261029排班統計表-台中.xlsx
[2026-09-29 06:22:10] 📦 檔案大小：5632 bytes
[2026-09-29 06:22:10] 📂 暫存目錄存在：True
[2026-09-29 06:22:10] 📄 暫存檔案存在：True
[2026-09-29 06:22:10] 目前不是 Jenny 本機環境，略過本機存檔
[2026-09-29 06:22:10] Google Drive 初始化成功
[2026-09-29 06:22:10] 準備上傳到 Google Drive：20261029排班統計表-台中.xlsx
[2026-09-29 06:22:13] ☁️ 已上傳新檔：20261029排班統計表-台中.xlsx (file_id=1LlkX-TLPRsHZw99f77louG5kNPWst9_S) https://docs.google.com/spreadsheets/d/1LlkX-TLPRsHZw99f77louG5kNPWst9_S/edit?usp=drivesdk&ouid=101667783075862487943&rtpof=true&sd=true
[2026-09-29 06:22:13] ✅ 完成處理：20261029排班統計表-台中.xlsx
[2026-09-29 06:22:13] ✅ 台中 全部完成
[2026-09-29 06:22:13] 🎉 schedule_report.py 全部完成

完成執行：排班統計表
scheduled_daily scheduler 全部完成
