2026-09-29 01:26:46 [INFO] === 客服排程系統 run_id=e9c86868 step=3 台北時間=2026-09-29 09:26:46 ===
2026-09-29 01:26:46 [INFO] 目標試算表 ID 來源：環境變數 SERVICE_TARGET_SPREADSHEET_ID
2026-09-29 01:26:46 [INFO] file_cache is only supported with oauth2client<4.0.0
2026-09-29 01:26:54 [INFO] --- Step3_更新前一天營業分數及營業額 ---
2026-09-29 01:26:55 [INFO] 信件日期（台北時間）：2026-09-28
2026-09-29 01:27:07 [INFO]   [mail] text/plain 為空，fallback 到 text/html（1459 字元）
2026-09-29 01:27:09 [INFO]   近三日營業額-台北 → 選中 17:25:04（與17:25差4s）
2026-09-29 01:27:09 [INFO]   [debug] 行30 repr='2026-09-26：8分'
2026-09-29 01:27:09 [INFO]   [debug] 行31 repr='2026-09-27：0分'
2026-09-29 01:27:09 [INFO]   [debug] 行32 repr='2026-09-28：14分'
2026-09-29 01:27:09 [INFO]   [debug] 行33 repr='【家電清潔】日營業額'
2026-09-29 01:27:09 [INFO]   [debug] 行34 repr='2026-09-26：0分'
2026-09-29 01:27:09 [INFO]   [debug] 行35 repr='2026-09-27：0分'
2026-09-29 01:27:09 [INFO]   [debug] 行36 repr='2026-09-28：0分'
2026-09-29 01:27:09 [INFO]   [debug] 行37 repr='【儲值金】日營業額'
2026-09-29 01:27:19 [INFO]   [mail] text/plain 為空，fallback 到 text/html（1014 字元）
2026-09-29 01:27:21 [INFO]   近三日營業額-台中 → 選中 17:25:07（與17:25差7s）
2026-09-29 01:27:21 [INFO]   [debug] 行23 repr='2026-09-26：2分'
2026-09-29 01:27:21 [INFO]   [debug] 行24 repr='2026-09-27：0分'
2026-09-29 01:27:21 [INFO]   [debug] 行25 repr='2026-09-28：2分'
2026-09-29 01:27:21 [INFO]   [debug] 行26 repr='【家電清潔】日營業額'
2026-09-29 01:27:21 [INFO]   [debug] 行27 repr='2026-09-26：0分'
2026-09-29 01:27:21 [INFO]   [debug] 行28 repr='2026-09-27：0分'
2026-09-29 01:27:21 [INFO]   [debug] 行29 repr='2026-09-28：0分'
2026-09-29 01:27:21 [INFO]   [debug] 行30 repr='【儲值金】日營業額'
2026-09-29 01:27:21 [INFO]   台北：{'daily_value': 14, 'total_count': 1271, 'total_amount': 2541800}
2026-09-29 01:27:21 [INFO]   台中：{'daily_value': 2, 'total_count': 155, 'total_amount': 310600}
2026-09-29 01:27:22 [WARNING] [執行檔打卡失敗（非致命）] APIError: [429]: Quota exceeded for quota metric 'Read requests' and limit 'Read requests per minute per user' of service 'sheets.googleapis.com' for consumer 'project_number:1042663213860'.
2026-09-29 01:27:22 [INFO] Step 3 完成，row=2417（27.0s）
2026-09-29 01:27:22 [WARNING] [執行檔打卡失敗（非致命）] APIError: [429]: Quota exceeded for quota metric 'Read requests' and limit 'Read requests per minute per user' of service 'sheets.googleapis.com' for consumer 'project_number:1042663213860'.
2026-09-29 01:27:22 [INFO] === 全部完成 run_id=e9c86868（27.6s）===
