開始執行：排班統計表
⚠️ 一鍵日排程 secrets TOML 注入失敗：No secrets found. Valid paths for a secrets.toml file or secret directories are: /home/runner/.streamlit/secrets.toml, /home/runner/work/tool-system/tool-system/.streamlit/secrets.toml
⚠️ 一鍵日排程 secrets env 注入失敗：No secrets found. Valid paths for a secrets.toml file or secret directories are: /home/runner/.streamlit/secrets.toml, /home/runner/work/tool-system/tool-system/.streamlit/secrets.toml
OAuth env ready = True
OAuth bootstrap forced = True
Command: Python bootstrap -> /home/runner/work/tool-system/tool-system/tools/scheduled_daily/schedule_report.py
[2026-09-23 03:58:55] ====================================================
[2026-09-23 03:58:55] schedule_report.py 開始執行
[2026-09-23 03:58:55] GITHUB_ACTIONS = true
[2026-09-23 03:58:55] PWD = /home/runner/work/tool-system/tool-system
[2026-09-23 03:58:55] LOCAL_OUTPUT_DIR = /Users/jenny/Library/CloudStorage/GoogleDrive-jenny@lemonclean.com.tw/.shortcut-targets-by-id/1zbu45AG1adMzz24HPdi_tLfh2Tncw_Br/排班統計表
[2026-09-23 03:58:55] LOCAL_OUTPUT_DIR exists = False
[2026-09-23 03:58:55] can_use_local_output_dir = False
[2026-09-23 03:58:55] root folder_id = 11O6eKHQ1e3Irqps7Kq1XJOSVVge3pCAc
[2026-09-23 03:58:55] ====================================================
[2026-09-23 03:58:55] Google Drive 初始化成功
[2026-09-23 03:58:56] 📁 使用既有資料夾：排班統計表
[2026-09-23 03:58:56] this_month = 2026-09
[2026-09-23 03:58:56] next_month = 2026-10
[2026-09-23 03:58:56] today_stamp = 20260923
[2026-09-23 03:58:56] next_month_stamp = 20261023
[2026-09-23 03:58:56] 排班統計表 folder_id = 18XDXdrCSsLYwSzz1Da9pQh-jGm2h2Ed8
[2026-09-23 03:58:56] 帳號數量 = 2
[2026-09-23 03:58:56] 
[2026-09-23 03:58:56] === 開始處理 台北 ===
[2026-09-23 03:58:56] 開始登入：jenny@lemonclean.com.tw
[2026-09-23 03:58:58] 登入成功：jenny@lemonclean.com.tw
[2026-09-23 03:58:58] 開始下載：month=2026-09 / filename=20260923排班統計表-台北.xlsx
[2026-09-23 03:58:59] ✅ 已下載到暫存：/tmp/tmp7atsuulp/20260923排班統計表-台北.xlsx
[2026-09-23 03:58:59] 📦 檔案大小：17920 bytes
[2026-09-23 03:58:59] 📂 暫存目錄存在：True
[2026-09-23 03:58:59] 📄 暫存檔案存在：True
[2026-09-23 03:58:59] 目前不是 Jenny 本機環境，略過本機存檔
[2026-09-23 03:58:59] Google Drive 初始化成功
[2026-09-23 03:58:59] 準備上傳到 Google Drive：20260923排班統計表-台北.xlsx
[2026-09-23 03:59:01] ☁️ 已上傳新檔：20260923排班統計表-台北.xlsx (file_id=14yowFkE1gFZOUC0mp2b9ISf390OAJ-8j) https://docs.google.com/spreadsheets/d/14yowFkE1gFZOUC0mp2b9ISf390OAJ-8j/edit?usp=drivesdk&ouid=101667783075862487943&rtpof=true&sd=true
[2026-09-23 03:59:01] ✅ 完成處理：20260923排班統計表-台北.xlsx
[2026-09-23 03:59:01] 開始下載：month=2026-10 / filename=20261023排班統計表-台北.xlsx
[2026-09-23 03:59:02] ✅ 已下載到暫存：/tmp/tmp492nx2ki/20261023排班統計表-台北.xlsx
[2026-09-23 03:59:02] 📦 檔案大小：15360 bytes
[2026-09-23 03:59:02] 📂 暫存目錄存在：True
[2026-09-23 03:59:02] 📄 暫存檔案存在：True
[2026-09-23 03:59:02] 目前不是 Jenny 本機環境，略過本機存檔
[2026-09-23 03:59:02] Google Drive 初始化成功
[2026-09-23 03:59:02] 準備上傳到 Google Drive：20261023排班統計表-台北.xlsx
[2026-09-23 03:59:04] ☁️ 已上傳新檔：20261023排班統計表-台北.xlsx (file_id=1RIKVFN62ABFpV09r8N3JjBxo5WuMS2Rt) https://docs.google.com/spreadsheets/d/1RIKVFN62ABFpV09r8N3JjBxo5WuMS2Rt/edit?usp=drivesdk&ouid=101667783075862487943&rtpof=true&sd=true
[2026-09-23 03:59:04] ✅ 完成處理：20261023排班統計表-台北.xlsx
[2026-09-23 03:59:04] ✅ 台北 全部完成
[2026-09-23 03:59:04] 
[2026-09-23 03:59:04] === 開始處理 台中 ===
[2026-09-23 03:59:04] 開始登入：jenny.tc@lemonclean.com.tw
[2026-09-23 03:59:05] 登入成功：jenny.tc@lemonclean.com.tw
[2026-09-23 03:59:05] 開始下載：month=2026-09 / filename=20260923排班統計表-台中.xlsx
[2026-09-23 03:59:06] ✅ 已下載到暫存：/tmp/tmpt9f33lvt/20260923排班統計表-台中.xlsx
[2026-09-23 03:59:06] 📦 檔案大小：6144 bytes
[2026-09-23 03:59:06] 📂 暫存目錄存在：True
[2026-09-23 03:59:06] 📄 暫存檔案存在：True
[2026-09-23 03:59:06] 目前不是 Jenny 本機環境，略過本機存檔
[2026-09-23 03:59:06] Google Drive 初始化成功
[2026-09-23 03:59:06] 準備上傳到 Google Drive：20260923排班統計表-台中.xlsx
[2026-09-23 03:59:08] ☁️ 已上傳新檔：20260923排班統計表-台中.xlsx (file_id=1SDcPNU4I1QZjBoN93AGXGLl-gbfWs-nW) https://docs.google.com/spreadsheets/d/1SDcPNU4I1QZjBoN93AGXGLl-gbfWs-nW/edit?usp=drivesdk&ouid=101667783075862487943&rtpof=true&sd=true
[2026-09-23 03:59:08] ✅ 完成處理：20260923排班統計表-台中.xlsx
[2026-09-23 03:59:08] 開始下載：month=2026-10 / filename=20261023排班統計表-台中.xlsx
[2026-09-23 03:59:08] ✅ 已下載到暫存：/tmp/tmp3unxem0r/20261023排班統計表-台中.xlsx
[2026-09-23 03:59:08] 📦 檔案大小：5632 bytes
[2026-09-23 03:59:08] 📂 暫存目錄存在：True
[2026-09-23 03:59:08] 📄 暫存檔案存在：True
[2026-09-23 03:59:08] 目前不是 Jenny 本機環境，略過本機存檔
[2026-09-23 03:59:08] Google Drive 初始化成功
[2026-09-23 03:59:08] 準備上傳到 Google Drive：20261023排班統計表-台中.xlsx
[2026-09-23 03:59:11] ☁️ 已上傳新檔：20261023排班統計表-台中.xlsx (file_id=1yg3MaRozpcTArtFFgayPXLM2ylqCcQOk) https://docs.google.com/spreadsheets/d/1yg3MaRozpcTArtFFgayPXLM2ylqCcQOk/edit?usp=drivesdk&ouid=101667783075862487943&rtpof=true&sd=true
[2026-09-23 03:59:11] ✅ 完成處理：20261023排班統計表-台中.xlsx
[2026-09-23 03:59:11] ✅ 台中 全部完成
[2026-09-23 03:59:11] 🎉 schedule_report.py 全部完成

完成執行：排班統計表
scheduled_daily scheduler 全部完成
