開始執行：專員個資
⚠️ 一鍵日排程 secrets TOML 注入失敗：No secrets found. Valid paths for a secrets.toml file or secret directories are: /home/runner/.streamlit/secrets.toml, /home/runner/work/tool-system/tool-system/.streamlit/secrets.toml
⚠️ 一鍵日排程 secrets env 注入失敗：No secrets found. Valid paths for a secrets.toml file or secret directories are: /home/runner/.streamlit/secrets.toml, /home/runner/work/tool-system/tool-system/.streamlit/secrets.toml
OAuth env ready = True
OAuth bootstrap forced = True
Command: Python bootstrap -> /home/runner/work/tool-system/tool-system/tools/scheduled_daily/staff_info.py
[2026-09-23 04:17:58] ====================================================
[2026-09-23 04:17:58] staff_info.py 開始執行
[2026-09-23 04:17:58] GITHUB_ACTIONS = true
[2026-09-23 04:17:58] PWD = /home/runner/work/tool-system/tool-system
[2026-09-23 04:17:58] LOCAL_OUTPUT_DIR = /Users/jenny/Library/CloudStorage/GoogleDrive-jenny@lemonclean.com.tw/我的雲端硬碟/lemon_Jenny/Jenny@lemon程式/專員個資
[2026-09-23 04:17:58] LOCAL_OUTPUT_DIR exists = False
[2026-09-23 04:17:58] can_use_local_output_dir = False
[2026-09-23 04:17:58] root folder_id = 11O6eKHQ1e3Irqps7Kq1XJOSVVge3pCAc
[2026-09-23 04:17:58] ====================================================
[2026-09-23 04:17:58] Google Drive 初始化成功
[2026-09-23 04:17:59] 📁 使用既有資料夾：專員個資
[2026-09-23 04:17:59] today_stamp = 20260923
[2026-09-23 04:17:59] 專員個資 folder_id = 1v1Er8oC3BEAWHbBrDq3SUpjEDwHIuK0f
[2026-09-23 04:17:59] 帳號數量 = 2
[2026-09-23 04:17:59] 
[2026-09-23 04:17:59] === 開始處理 台北 ===
[2026-09-23 04:17:59] 開始登入：jenny@lemonclean.com.tw
[2026-09-23 04:18:00] 登入成功：jenny@lemonclean.com.tw
[2026-09-23 04:18:00] 開始下載：city=台北 / filename=20260923專員個資-台北.xlsx
[2026-09-23 04:18:03] ✅ 已下載到暫存：/tmp/tmpbyr53j9z/20260923專員個資-台北.xlsx
[2026-09-23 04:18:03] 📦 檔案大小：228352 bytes
[2026-09-23 04:18:03] 📂 暫存目錄存在：True
[2026-09-23 04:18:03] 📄 暫存檔案存在：True
[2026-09-23 04:18:03] 目前不是 Jenny 本機環境，略過本機存檔
[2026-09-23 04:18:03] Google Drive 初始化成功
[2026-09-23 04:18:03] 準備上傳到 Google Drive：20260923專員個資-台北.xlsx
[2026-09-23 04:18:06] ☁️ 已上傳新檔：20260923專員個資-台北.xlsx (file_id=1u3EzD5S2ksrZ9U2L40lUGLclQNXiQPfV) https://docs.google.com/spreadsheets/d/1u3EzD5S2ksrZ9U2L40lUGLclQNXiQPfV/edit?usp=drivesdk&ouid=101667783075862487943&rtpof=true&sd=true
[2026-09-23 04:18:06] ✅ 完成處理：20260923專員個資-台北.xlsx
[2026-09-23 04:18:06] ✅ 台北 全部完成
[2026-09-23 04:18:06] 
[2026-09-23 04:18:06] === 開始處理 台中 ===
[2026-09-23 04:18:06] 開始登入：jenny.tc@lemonclean.com.tw
[2026-09-23 04:18:07] 登入成功：jenny.tc@lemonclean.com.tw
[2026-09-23 04:18:07] 開始下載：city=台中 / filename=20260923專員個資-台中.xlsx
[2026-09-23 04:18:08] ✅ 已下載到暫存：/tmp/tmpcqheiyru/20260923專員個資-台中.xlsx
[2026-09-23 04:18:08] 📦 檔案大小：59904 bytes
[2026-09-23 04:18:08] 📂 暫存目錄存在：True
[2026-09-23 04:18:08] 📄 暫存檔案存在：True
[2026-09-23 04:18:08] 目前不是 Jenny 本機環境，略過本機存檔
[2026-09-23 04:18:08] Google Drive 初始化成功
[2026-09-23 04:18:08] 準備上傳到 Google Drive：20260923專員個資-台中.xlsx
[2026-09-23 04:18:11] ☁️ 已上傳新檔：20260923專員個資-台中.xlsx (file_id=1L0XqqaRzlX3V88QKDhxUC8R8hBXsLN1f) https://docs.google.com/spreadsheets/d/1L0XqqaRzlX3V88QKDhxUC8R8hBXsLN1f/edit?usp=drivesdk&ouid=101667783075862487943&rtpof=true&sd=true
[2026-09-23 04:18:11] ✅ 完成處理：20260923專員個資-台中.xlsx
[2026-09-23 04:18:11] ✅ 台中 全部完成
[2026-09-23 04:18:11] 🎉 staff_info.py 全部完成

完成執行：專員個資
scheduled_daily scheduler 全部完成
