開始執行：專員班表
⚠️ 一鍵日排程 secrets TOML 注入失敗：No secrets found. Valid paths for a secrets.toml file or secret directories are: /home/runner/.streamlit/secrets.toml, /home/runner/work/tool-system/tool-system/.streamlit/secrets.toml
⚠️ 一鍵日排程 secrets env 注入失敗：No secrets found. Valid paths for a secrets.toml file or secret directories are: /home/runner/.streamlit/secrets.toml, /home/runner/work/tool-system/tool-system/.streamlit/secrets.toml
OAuth env ready = True
OAuth bootstrap forced = True
Command: Python bootstrap -> /home/runner/work/tool-system/tool-system/tools/scheduled_daily/staff_schedule.py
[2026-09-23 04:08:44] ====================================================
[2026-09-23 04:08:44] staff_schedule.py 開始執行
[2026-09-23 04:08:44] GITHUB_ACTIONS = true
[2026-09-23 04:08:44] PWD = /home/runner/work/tool-system/tool-system
[2026-09-23 04:08:44] LOCAL_OUTPUT_DIR = /Users/jenny/Library/CloudStorage/GoogleDrive-jenny@lemonclean.com.tw/我的雲端硬碟/lemon_Jenny/Jenny@lemon程式/專員班表
[2026-09-23 04:08:44] LOCAL_OUTPUT_DIR exists = False
[2026-09-23 04:08:44] can_use_local_output_dir = False
[2026-09-23 04:08:44] root folder_id = 11O6eKHQ1e3Irqps7Kq1XJOSVVge3pCAc
[2026-09-23 04:08:44] ====================================================
[2026-09-23 04:08:44] Google Drive 初始化成功
[2026-09-23 04:08:45] 📁 使用既有資料夾：專員班表
[2026-09-23 04:08:45] this_month = 2026-09
[2026-09-23 04:08:45] next_month = 2026-10
[2026-09-23 04:08:45] this_date = 20260923
[2026-09-23 04:08:45] next_date = 20261023
[2026-09-23 04:08:45] 專員班表 folder_id = 1V2AUNsT_jzQWawmnBNU_u-e7odYviwEk
[2026-09-23 04:08:45] 帳號數量 = 2
[2026-09-23 04:08:45] 
[2026-09-23 04:08:45] === 開始處理 台北 ===
[2026-09-23 04:08:45] 開始登入：jenny@lemonclean.com.tw
[2026-09-23 04:08:46] 登入成功：jenny@lemonclean.com.tw
[2026-09-23 04:08:46] 開始下載：city=台北 / month=2026-09 / filename=20260923專員班表-台北.xls
[2026-09-23 04:08:49] ✅ 已下載到暫存：/tmp/tmpsj5fhfnx/20260923專員班表-台北.xls
[2026-09-23 04:08:49] 📦 檔案大小：141824 bytes
[2026-09-23 04:08:49] 📂 暫存目錄存在：True
[2026-09-23 04:08:49] 📄 暫存檔案存在：True
[2026-09-23 04:08:49] 目前不是 Jenny 本機環境，略過本機存檔
[2026-09-23 04:08:49] Google Drive 初始化成功
[2026-09-23 04:08:49] 準備上傳到 Google Drive：20260923專員班表-台北.xls
[2026-09-23 04:08:52] ☁️ 已上傳新檔：20260923專員班表-台北.xls (file_id=1A770M9h7KuqGnzQcGyjs8HZ4SDwUzLVJ) https://docs.google.com/spreadsheets/d/1A770M9h7KuqGnzQcGyjs8HZ4SDwUzLVJ/edit?usp=drivesdk&ouid=101667783075862487943&rtpof=true&sd=true
[2026-09-23 04:08:52] ✅ 完成處理：20260923專員班表-台北.xls
[2026-09-23 04:08:52] 開始下載：city=台北 / month=2026-10 / filename=20261023專員班表-台北.xls
[2026-09-23 04:08:56] ✅ 已下載到暫存：/tmp/tmpvlz05ji3/20261023專員班表-台北.xls
[2026-09-23 04:08:56] 📦 檔案大小：111616 bytes
[2026-09-23 04:08:56] 📂 暫存目錄存在：True
[2026-09-23 04:08:56] 📄 暫存檔案存在：True
[2026-09-23 04:08:56] 目前不是 Jenny 本機環境，略過本機存檔
[2026-09-23 04:08:56] Google Drive 初始化成功
[2026-09-23 04:08:56] 準備上傳到 Google Drive：20261023專員班表-台北.xls
[2026-09-23 04:08:58] ☁️ 已上傳新檔：20261023專員班表-台北.xls (file_id=1y31tmVcbAT08Ry7hbciHop3OGRsgxyOP) https://docs.google.com/spreadsheets/d/1y31tmVcbAT08Ry7hbciHop3OGRsgxyOP/edit?usp=drivesdk&ouid=101667783075862487943&rtpof=true&sd=true
[2026-09-23 04:08:58] ✅ 完成處理：20261023專員班表-台北.xls
[2026-09-23 04:08:58] ✅ 台北 全部完成
[2026-09-23 04:08:58] 
[2026-09-23 04:08:58] === 開始處理 台中 ===
[2026-09-23 04:08:58] 開始登入：jenny.tc@lemonclean.com.tw
[2026-09-23 04:08:59] 登入成功：jenny.tc@lemonclean.com.tw
[2026-09-23 04:08:59] 開始下載：city=台中 / month=2026-09 / filename=20260923專員班表-台中.xls
[2026-09-23 04:09:00] ✅ 已下載到暫存：/tmp/tmpos3fc4_u/20260923專員班表-台中.xls
[2026-09-23 04:09:00] 📦 檔案大小：23040 bytes
[2026-09-23 04:09:00] 📂 暫存目錄存在：True
[2026-09-23 04:09:00] 📄 暫存檔案存在：True
[2026-09-23 04:09:00] 目前不是 Jenny 本機環境，略過本機存檔
[2026-09-23 04:09:00] Google Drive 初始化成功
[2026-09-23 04:09:00] 準備上傳到 Google Drive：20260923專員班表-台中.xls
[2026-09-23 04:09:03] ☁️ 已上傳新檔：20260923專員班表-台中.xls (file_id=197QqntmLSLXv6UqcH-haW6YPBDVUR06t) https://docs.google.com/spreadsheets/d/197QqntmLSLXv6UqcH-haW6YPBDVUR06t/edit?usp=drivesdk&ouid=101667783075862487943&rtpof=true&sd=true
[2026-09-23 04:09:03] ✅ 完成處理：20260923專員班表-台中.xls
[2026-09-23 04:09:03] 開始下載：city=台中 / month=2026-10 / filename=20261023專員班表-台中.xls
[2026-09-23 04:09:03] ✅ 已下載到暫存：/tmp/tmpow2u9aws/20261023專員班表-台中.xls
[2026-09-23 04:09:03] 📦 檔案大小：24576 bytes
[2026-09-23 04:09:03] 📂 暫存目錄存在：True
[2026-09-23 04:09:03] 📄 暫存檔案存在：True
[2026-09-23 04:09:03] 目前不是 Jenny 本機環境，略過本機存檔
[2026-09-23 04:09:03] Google Drive 初始化成功
[2026-09-23 04:09:03] 準備上傳到 Google Drive：20261023專員班表-台中.xls
[2026-09-23 04:09:06] ☁️ 已上傳新檔：20261023專員班表-台中.xls (file_id=1ac3hacMoj2TbrH9d9uuvPVNnecCKjJ4S) https://docs.google.com/spreadsheets/d/1ac3hacMoj2TbrH9d9uuvPVNnecCKjJ4S/edit?usp=drivesdk&ouid=101667783075862487943&rtpof=true&sd=true
[2026-09-23 04:09:06] ✅ 完成處理：20261023專員班表-台中.xls
[2026-09-23 04:09:06] ✅ 台中 全部完成
[2026-09-23 04:09:06] 🎉 staff_schedule.py 全部完成

完成執行：專員班表
scheduled_daily scheduler 全部完成
