📋 log_spreadsheet_id 已從設定檔載入
📝 外場排程打卡：外場排班統計表 / running
Command: /opt/hostedtoolcache/Python/3.11.16/x64/bin/python -u -m tools.field_management.schedule_stats --date 20260918 --system-name 外場排程系統 --run-type 排程
[2026-09-18 07:48:16] 開始處理排班統計表：20260918排班統計表-台北
🔄 Jenny OAuth 已將來源 Excel 轉成暫存 Google Sheet：1yqOqCxypyBe2W7ibBh7D_tf0IHMmJ4tu3z-TyOi0TMM
🗑️ 已刪除來源暫存 Google Sheet：1yqOqCxypyBe2W7ibBh7D_tf0IHMmJ4tu3z-TyOi0TMM
[2026-09-18 07:48:25] 完成：20260918排班統計表-台北.xlsx → 2026排班統計表!DJ4 / rows=80
[2026-09-18 07:48:28] 開始處理排班統計表：20261018排班統計表-台北
🔄 Jenny OAuth 已將來源 Excel 轉成暫存 Google Sheet：1ijUd0t7D58UcvVlRBwRa2EphkElN3aN987lp8TzdaR0
🗑️ 已刪除來源暫存 Google Sheet：1ijUd0t7D58UcvVlRBwRa2EphkElN3aN987lp8TzdaR0
[2026-09-18 07:48:38] 完成：20261018排班統計表-台北.xlsx → 2026排班統計表!DV4 / rows=62
[2026-09-18 07:48:40] 開始處理排班統計表：20260918排班統計表-台中
🔄 Jenny OAuth 已將來源 Excel 轉成暫存 Google Sheet：1MXM-M3Uudiat5YA6mfLQAtFXlHqZEiFNbf6JwT4ASFc
🗑️ 已刪除來源暫存 Google Sheet：1MXM-M3Uudiat5YA6mfLQAtFXlHqZEiFNbf6JwT4ASFc
[2026-09-18 07:48:49] 完成：20260918排班統計表-台中.xlsx → 2026排班統計表!DJ4 / rows=13
[2026-09-18 07:48:50] 開始處理排班統計表：20261018排班統計表-台中
🔄 Jenny OAuth 已將來源 Excel 轉成暫存 Google Sheet：1Ot-3FeZQQpCG32WEpfrwKONy0r4ALYT7h8aLXWrtbkA
🗑️ 已刪除來源暫存 Google Sheet：1Ot-3FeZQQpCG32WEpfrwKONy0r4ALYT7h8aLXWrtbkA
[2026-09-18 07:49:00] 完成：20261018排班統計表-台中.xlsx → 2026排班統計表!DV4 / rows=9
[2026-09-18 07:49:01] schedule_stats.py 全部完成

📝 外場排程打卡：外場排班統計表 / success
field_management scheduler 全部完成
