📋 log_spreadsheet_id 已從設定檔載入
📝 外場排程打卡：外場專員個資 / running
Command: /opt/hostedtoolcache/Python/3.11.16/x64/bin/python -u -m tools.field_management.staff_profile --date 20260918 --system-name 外場排程系統 --run-type 排程
[2026-09-18 07:50:49] 開始處理專員個資：20260918專員個資-台北
🔄 Jenny OAuth 已將來源 Excel 轉成暫存 Google Sheet：1vu9-H6bcFZ0TZGXyiiJML9pT84UXqNB9BTZ3AKHmbKU
🗑️ 已刪除來源暫存 Google Sheet：1vu9-H6bcFZ0TZGXyiiJML9pT84UXqNB9BTZ3AKHmbKU
[2026-09-18 07:50:58] 完成專員個資：20260918專員個資-台北.xlsx → 專員個人資料!A4:C / rows=97
[2026-09-18 07:50:59] 開始處理訂單截取：20260918訂單-台北
🔄 Jenny OAuth 已將來源 Excel 轉成暫存 Google Sheet：13LX-jOBNncmwknHJ8xpIbwhBhq2MnFt7res6FdbL9dE
🗑️ 已刪除來源暫存 Google Sheet：13LX-jOBNncmwknHJ8xpIbwhBhq2MnFt7res6FdbL9dE
[2026-09-18 07:51:11] 完成訂單截取：20260918訂單-台北.xls → 專員個人資料!G1:N / rows=1043
[2026-09-18 07:51:12] 開始處理專員個資：20260918專員個資-台中
🔄 Jenny OAuth 已將來源 Excel 轉成暫存 Google Sheet：1tg3KpFjYCmD8v5L8raQjQS3tmiu6dqKqOYAEM1Pi_T8
🗑️ 已刪除來源暫存 Google Sheet：1tg3KpFjYCmD8v5L8raQjQS3tmiu6dqKqOYAEM1Pi_T8
[2026-09-18 07:51:21] 完成專員個資：20260918專員個資-台中.xlsx → 專員個人資料!A4:C / rows=16
[2026-09-18 07:51:22] 開始處理訂單截取：20260918訂單-台中
🔄 Jenny OAuth 已將來源 Excel 轉成暫存 Google Sheet：13HzQfZZx5WbxwIrGRg5zb5YTdB6Hm6bjELqCL5Ie5W4
🗑️ 已刪除來源暫存 Google Sheet：13HzQfZZx5WbxwIrGRg5zb5YTdB6Hm6bjELqCL5Ie5W4
[2026-09-18 07:51:33] 完成訂單截取：20260918訂單-台中.xls → 專員個人資料!G1:N / rows=89
[2026-09-18 07:51:34] staff_profile.py 全部完成

📝 外場排程打卡：外場專員個資 / success
field_management scheduler 全部完成
