開始執行：排班統計表
⚠️ 一鍵日排程 secrets TOML 注入失敗：No secrets found. Valid paths for a secrets.toml file or secret directories are: /home/runner/.streamlit/secrets.toml, /home/runner/work/tool-system/tool-system/.streamlit/secrets.toml
⚠️ 一鍵日排程 secrets env 注入失敗：No secrets found. Valid paths for a secrets.toml file or secret directories are: /home/runner/.streamlit/secrets.toml, /home/runner/work/tool-system/tool-system/.streamlit/secrets.toml
OAuth env ready = True
OAuth bootstrap forced = True
Command: Python bootstrap -> /home/runner/work/tool-system/tool-system/tools/scheduled_daily/schedule_report.py
[2026-09-18 03:57:29] ====================================================
[2026-09-18 03:57:29] schedule_report.py 開始執行
[2026-09-18 03:57:29] GITHUB_ACTIONS = true
[2026-09-18 03:57:29] PWD = /home/runner/work/tool-system/tool-system
[2026-09-18 03:57:29] LOCAL_OUTPUT_DIR = /Users/jenny/Library/CloudStorage/GoogleDrive-jenny@lemonclean.com.tw/.shortcut-targets-by-id/1zbu45AG1adMzz24HPdi_tLfh2Tncw_Br/排班統計表
[2026-09-18 03:57:29] LOCAL_OUTPUT_DIR exists = False
[2026-09-18 03:57:29] can_use_local_output_dir = False
[2026-09-18 03:57:29] root folder_id = 11O6eKHQ1e3Irqps7Kq1XJOSVVge3pCAc
[2026-09-18 03:57:29] ====================================================
[2026-09-18 03:57:29] Google Drive 初始化成功
[2026-09-18 03:57:29] 📁 使用既有資料夾：排班統計表
[2026-09-18 03:57:29] this_month = 2026-09
[2026-09-18 03:57:29] next_month = 2026-10
[2026-09-18 03:57:29] today_stamp = 20260918
[2026-09-18 03:57:29] next_month_stamp = 20261018
[2026-09-18 03:57:29] 排班統計表 folder_id = 18XDXdrCSsLYwSzz1Da9pQh-jGm2h2Ed8
[2026-09-18 03:57:29] 帳號數量 = 2
[2026-09-18 03:57:29] 
[2026-09-18 03:57:29] === 開始處理 台北 ===
[2026-09-18 03:57:29] 開始登入：jenny@lemonclean.com.tw
[2026-09-18 03:57:31] 登入成功：jenny@lemonclean.com.tw
[2026-09-18 03:57:31] 開始下載：month=2026-09 / filename=20260918排班統計表-台北.xlsx
[2026-09-18 03:57:32] ✅ 已下載到暫存：/tmp/tmpufrhdmup/20260918排班統計表-台北.xlsx
[2026-09-18 03:57:32] 📦 檔案大小：17920 bytes
[2026-09-18 03:57:32] 📂 暫存目錄存在：True
[2026-09-18 03:57:32] 📄 暫存檔案存在：True
[2026-09-18 03:57:32] 目前不是 Jenny 本機環境，略過本機存檔
[2026-09-18 03:57:32] Google Drive 初始化成功
[2026-09-18 03:57:32] 準備上傳到 Google Drive：20260918排班統計表-台北.xlsx
[2026-09-18 03:57:35] ☁️ 已上傳新檔：20260918排班統計表-台北.xlsx (file_id=1xpKMWi6mKxEvFwxCF9TqLyYhnkQL2u0u) https://docs.google.com/spreadsheets/d/1xpKMWi6mKxEvFwxCF9TqLyYhnkQL2u0u/edit?usp=drivesdk&ouid=101667783075862487943&rtpof=true&sd=true
[2026-09-18 03:57:35] ✅ 完成處理：20260918排班統計表-台北.xlsx
[2026-09-18 03:57:35] 開始下載：month=2026-10 / filename=20261018排班統計表-台北.xlsx
[2026-09-18 03:57:36] ✅ 已下載到暫存：/tmp/tmpvn1acung/20261018排班統計表-台北.xlsx
[2026-09-18 03:57:36] 📦 檔案大小：14848 bytes
[2026-09-18 03:57:36] 📂 暫存目錄存在：True
[2026-09-18 03:57:36] 📄 暫存檔案存在：True
[2026-09-18 03:57:36] 目前不是 Jenny 本機環境，略過本機存檔
[2026-09-18 03:57:36] Google Drive 初始化成功
[2026-09-18 03:57:36] 準備上傳到 Google Drive：20261018排班統計表-台北.xlsx
[2026-09-18 03:57:38] ☁️ 已上傳新檔：20261018排班統計表-台北.xlsx (file_id=12BOrFPG9SBhZYuKBzptuJZ2L6VWoJVfL) https://docs.google.com/spreadsheets/d/12BOrFPG9SBhZYuKBzptuJZ2L6VWoJVfL/edit?usp=drivesdk&ouid=101667783075862487943&rtpof=true&sd=true
[2026-09-18 03:57:38] ✅ 完成處理：20261018排班統計表-台北.xlsx
[2026-09-18 03:57:38] ✅ 台北 全部完成
[2026-09-18 03:57:38] 
[2026-09-18 03:57:38] === 開始處理 台中 ===
[2026-09-18 03:57:38] 開始登入：jenny.tc@lemonclean.com.tw
[2026-09-18 03:57:40] 登入成功：jenny.tc@lemonclean.com.tw
[2026-09-18 03:57:40] 開始下載：month=2026-09 / filename=20260918排班統計表-台中.xlsx
[2026-09-18 03:57:40] ✅ 已下載到暫存：/tmp/tmp7ma0uava/20260918排班統計表-台中.xlsx
[2026-09-18 03:57:40] 📦 檔案大小：6144 bytes
[2026-09-18 03:57:40] 📂 暫存目錄存在：True
[2026-09-18 03:57:40] 📄 暫存檔案存在：True
[2026-09-18 03:57:40] 目前不是 Jenny 本機環境，略過本機存檔
[2026-09-18 03:57:40] Google Drive 初始化成功
[2026-09-18 03:57:40] 準備上傳到 Google Drive：20260918排班統計表-台中.xlsx
[2026-09-18 03:57:43] ☁️ 已上傳新檔：20260918排班統計表-台中.xlsx (file_id=10g2CirHI8CGzzlLttr4TqcI5XMLKSKiJ) https://docs.google.com/spreadsheets/d/10g2CirHI8CGzzlLttr4TqcI5XMLKSKiJ/edit?usp=drivesdk&ouid=101667783075862487943&rtpof=true&sd=true
[2026-09-18 03:57:43] ✅ 完成處理：20260918排班統計表-台中.xlsx
[2026-09-18 03:57:43] 開始下載：month=2026-10 / filename=20261018排班統計表-台中.xlsx
[2026-09-18 03:57:43] ✅ 已下載到暫存：/tmp/tmp6a8c1tgf/20261018排班統計表-台中.xlsx
[2026-09-18 03:57:43] 📦 檔案大小：5632 bytes
[2026-09-18 03:57:43] 📂 暫存目錄存在：True
[2026-09-18 03:57:43] 📄 暫存檔案存在：True
[2026-09-18 03:57:43] 目前不是 Jenny 本機環境，略過本機存檔
[2026-09-18 03:57:43] Google Drive 初始化成功
[2026-09-18 03:57:43] 準備上傳到 Google Drive：20261018排班統計表-台中.xlsx
[2026-09-18 03:57:46] ☁️ 已上傳新檔：20261018排班統計表-台中.xlsx (file_id=1OKVdPz5VRYlPJ9I1_sws3zI8yxBbMiU-) https://docs.google.com/spreadsheets/d/1OKVdPz5VRYlPJ9I1_sws3zI8yxBbMiU-/edit?usp=drivesdk&ouid=101667783075862487943&rtpof=true&sd=true
[2026-09-18 03:57:46] ✅ 完成處理：20261018排班統計表-台中.xlsx
[2026-09-18 03:57:46] ✅ 台中 全部完成
[2026-09-18 03:57:46] 🎉 schedule_report.py 全部完成

完成執行：排班統計表
scheduled_daily scheduler 全部完成
