2026-09-17 23:52:39 [INFO] === 客服排程系統 run_id=f4d80571 step=1 台北時間=2026-09-18 07:52:39 ===
2026-09-17 23:52:39 [INFO] 目標試算表 ID 來源：環境變數 SERVICE_TARGET_SPREADSHEET_ID
2026-09-17 23:52:39 [INFO] file_cache is only supported with oauth2client<4.0.0
2026-09-17 23:52:54 [INFO] --- Step1_更新排班統計表 ---
2026-09-17 23:52:54 [INFO] file_cache is only supported with oauth2client<4.0.0
2026-09-17 23:52:54 [INFO] 本次視窗：202609 ~ 202610（共 2 個月）
2026-09-17 23:52:55 [INFO] Drive 資料夾找到 144 個檔案
2026-09-17 23:52:55 [INFO]   找到檔案：20261018排班統計表-台中.xlsx (application/vnd.openxmlformats-officedocument.spreadsheetml.sheet)
2026-09-17 23:52:55 [INFO]   找到檔案：20260918排班統計表-台中.xlsx (application/vnd.openxmlformats-officedocument.spreadsheetml.sheet)
2026-09-17 23:52:55 [INFO]   找到檔案：20261018排班統計表-台北.xlsx (application/vnd.openxmlformats-officedocument.spreadsheetml.sheet)
2026-09-17 23:52:55 [INFO]   找到檔案：20260918排班統計表-台北.xlsx (application/vnd.openxmlformats-officedocument.spreadsheetml.sheet)
2026-09-17 23:52:55 [INFO]   找到檔案：20261017排班統計表-台中 (application/vnd.google-apps.spreadsheet)
2026-09-17 23:52:55 [INFO]   找到檔案：20261017排班統計表-台北 (application/vnd.google-apps.spreadsheet)
2026-09-17 23:52:55 [INFO]   找到檔案：20260917排班統計表-台中 (application/vnd.google-apps.spreadsheet)
2026-09-17 23:52:55 [INFO]   找到檔案：20260917排班統計表-台北 (application/vnd.google-apps.spreadsheet)
2026-09-17 23:52:55 [INFO]   找到檔案：20261017排班統計表-台中.xlsx (application/vnd.openxmlformats-officedocument.spreadsheetml.sheet)
2026-09-17 23:52:55 [INFO]   找到檔案：20260917排班統計表-台中.xlsx (application/vnd.openxmlformats-officedocument.spreadsheetml.sheet)
2026-09-17 23:52:55 [INFO]   找到檔案：20261017排班統計表-台北.xlsx (application/vnd.openxmlformats-officedocument.spreadsheetml.sheet)
2026-09-17 23:52:55 [INFO]   找到檔案：20260917排班統計表-台北.xlsx (application/vnd.openxmlformats-officedocument.spreadsheetml.sheet)
2026-09-17 23:52:55 [INFO]   找到檔案：20261016排班統計表-台中 (application/vnd.google-apps.spreadsheet)
2026-09-17 23:52:55 [INFO]   找到檔案：20261016排班統計表-台北 (application/vnd.google-apps.spreadsheet)
2026-09-17 23:52:55 [INFO]   找到檔案：20260916排班統計表-台中 (application/vnd.google-apps.spreadsheet)
2026-09-17 23:52:55 [INFO]   找到檔案：20260916排班統計表-台北 (application/vnd.google-apps.spreadsheet)
2026-09-17 23:52:55 [INFO]   找到檔案：20261016排班統計表-台中.xlsx (application/vnd.openxmlformats-officedocument.spreadsheetml.sheet)
2026-09-17 23:52:55 [INFO]   找到檔案：20260916排班統計表-台中.xlsx (application/vnd.openxmlformats-officedocument.spreadsheetml.sheet)
2026-09-17 23:52:55 [INFO]   找到檔案：20261016排班統計表-台北.xlsx (application/vnd.openxmlformats-officedocument.spreadsheetml.sheet)
2026-09-17 23:52:55 [INFO]   找到檔案：20260916排班統計表-台北.xlsx (application/vnd.openxmlformats-officedocument.spreadsheetml.sheet)
2026-09-17 23:52:55 [INFO]   找到檔案：20261015排班統計表-台中.xlsx (application/vnd.openxmlformats-officedocument.spreadsheetml.sheet)
2026-09-17 23:52:55 [INFO]   找到檔案：20260915排班統計表-台中.xlsx (application/vnd.openxmlformats-officedocument.spreadsheetml.sheet)
2026-09-17 23:52:55 [INFO]   找到檔案：20261015排班統計表-台北.xlsx (application/vnd.openxmlformats-officedocument.spreadsheetml.sheet)
2026-09-17 23:52:55 [INFO]   找到檔案：20260915排班統計表-台北.xlsx (application/vnd.openxmlformats-officedocument.spreadsheetml.sheet)
2026-09-17 23:52:55 [INFO]   找到檔案：20261015排班統計表-台中 (application/vnd.google-apps.spreadsheet)
2026-09-17 23:52:55 [INFO]   找到檔案：20261015排班統計表-台北 (application/vnd.google-apps.spreadsheet)
2026-09-17 23:52:55 [INFO]   找到檔案：20260915排班統計表-台中 (application/vnd.google-apps.spreadsheet)
2026-09-17 23:52:55 [INFO]   找到檔案：20260915排班統計表-台北 (application/vnd.google-apps.spreadsheet)
2026-09-17 23:52:55 [INFO]   找到檔案：20261014排班統計表-台中 (application/vnd.google-apps.spreadsheet)
2026-09-17 23:52:55 [INFO]   找到檔案：20261014排班統計表-台北 (application/vnd.google-apps.spreadsheet)
2026-09-17 23:52:55 [INFO]   找到檔案：20260914排班統計表-台中 (application/vnd.google-apps.spreadsheet)
2026-09-17 23:52:55 [INFO]   找到檔案：20260914排班統計表-台北 (application/vnd.google-apps.spreadsheet)
2026-09-17 23:52:55 [INFO]   找到檔案：20261014排班統計表-台中.xlsx (application/vnd.openxmlformats-officedocument.spreadsheetml.sheet)
2026-09-17 23:52:55 [INFO]   找到檔案：20260914排班統計表-台中.xlsx (application/vnd.openxmlformats-officedocument.spreadsheetml.sheet)
2026-09-17 23:52:55 [INFO]   找到檔案：20261014排班統計表-台北.xlsx (application/vnd.openxmlformats-officedocument.spreadsheetml.sheet)
2026-09-17 23:52:55 [INFO]   找到檔案：20260914排班統計表-台北.xlsx (application/vnd.openxmlformats-officedocument.spreadsheetml.sheet)
2026-09-17 23:52:55 [INFO]   找到檔案：20261013排班統計表-台中 (application/vnd.google-apps.spreadsheet)
2026-09-17 23:52:55 [INFO]   找到檔案：20261013排班統計表-台北 (application/vnd.google-apps.spreadsheet)
2026-09-17 23:52:55 [INFO]   找到檔案：20260913排班統計表-台中 (application/vnd.google-apps.spreadsheet)
2026-09-17 23:52:55 [INFO]   找到檔案：20260913排班統計表-台北 (application/vnd.google-apps.spreadsheet)
2026-09-17 23:52:55 [INFO]   找到檔案：20261013排班統計表-台中.xlsx (application/vnd.openxmlformats-officedocument.spreadsheetml.sheet)
2026-09-17 23:52:55 [INFO]   找到檔案：20260913排班統計表-台中.xlsx (application/vnd.openxmlformats-officedocument.spreadsheetml.sheet)
2026-09-17 23:52:55 [INFO]   找到檔案：20261013排班統計表-台北.xlsx (application/vnd.openxmlformats-officedocument.spreadsheetml.sheet)
2026-09-17 23:52:55 [INFO]   找到檔案：20260913排班統計表-台北.xlsx (application/vnd.openxmlformats-officedocument.spreadsheetml.sheet)
2026-09-17 23:52:55 [INFO]   找到檔案：20261012排班統計表-台中 (application/vnd.google-apps.spreadsheet)
2026-09-17 23:52:55 [INFO]   找到檔案：20261012排班統計表-台北 (application/vnd.google-apps.spreadsheet)
2026-09-17 23:52:55 [INFO]   找到檔案：20260912排班統計表-台中 (application/vnd.google-apps.spreadsheet)
2026-09-17 23:52:55 [INFO]   找到檔案：20260912排班統計表-台北 (application/vnd.google-apps.spreadsheet)
2026-09-17 23:52:55 [INFO]   找到檔案：20261012排班統計表-台中.xlsx (application/vnd.openxmlformats-officedocument.spreadsheetml.sheet)
2026-09-17 23:52:55 [INFO]   找到檔案：20260912排班統計表-台中.xlsx (application/vnd.openxmlformats-officedocument.spreadsheetml.sheet)
2026-09-17 23:52:55 [INFO]   找到檔案：20261012排班統計表-台北.xlsx (application/vnd.openxmlformats-officedocument.spreadsheetml.sheet)
2026-09-17 23:52:55 [INFO]   找到檔案：20260912排班統計表-台北.xlsx (application/vnd.openxmlformats-officedocument.spreadsheetml.sheet)
2026-09-17 23:52:55 [INFO]   找到檔案：20261011排班統計表-台中 (application/vnd.google-apps.spreadsheet)
2026-09-17 23:52:55 [INFO]   找到檔案：20261011排班統計表-台北 (application/vnd.google-apps.spreadsheet)
2026-09-17 23:52:55 [INFO]   找到檔案：20260911排班統計表-台中 (application/vnd.google-apps.spreadsheet)
2026-09-17 23:52:55 [INFO]   找到檔案：20260911排班統計表-台北 (application/vnd.google-apps.spreadsheet)
2026-09-17 23:52:55 [INFO]   找到檔案：20261011排班統計表-台中.xlsx (application/vnd.openxmlformats-officedocument.spreadsheetml.sheet)
2026-09-17 23:52:55 [INFO]   找到檔案：20260911排班統計表-台中.xlsx (application/vnd.openxmlformats-officedocument.spreadsheetml.sheet)
2026-09-17 23:52:55 [INFO]   找到檔案：20261011排班統計表-台北.xlsx (application/vnd.openxmlformats-officedocument.spreadsheetml.sheet)
2026-09-17 23:52:55 [INFO]   找到檔案：20260911排班統計表-台北.xlsx (application/vnd.openxmlformats-officedocument.spreadsheetml.sheet)
2026-09-17 23:52:55 [INFO]   找到檔案：20261010排班統計表-台中 (application/vnd.google-apps.spreadsheet)
2026-09-17 23:52:55 [INFO]   找到檔案：20261010排班統計表-台北 (application/vnd.google-apps.spreadsheet)
2026-09-17 23:52:55 [INFO]   找到檔案：20260910排班統計表-台中 (application/vnd.google-apps.spreadsheet)
2026-09-17 23:52:55 [INFO]   找到檔案：20260910排班統計表-台北 (application/vnd.google-apps.spreadsheet)
2026-09-17 23:52:55 [INFO]   找到檔案：20261010排班統計表-台中.xlsx (application/vnd.openxmlformats-officedocument.spreadsheetml.sheet)
2026-09-17 23:52:55 [INFO]   找到檔案：20260910排班統計表-台中.xlsx (application/vnd.openxmlformats-officedocument.spreadsheetml.sheet)
2026-09-17 23:52:55 [INFO]   找到檔案：20261010排班統計表-台北.xlsx (application/vnd.openxmlformats-officedocument.spreadsheetml.sheet)
2026-09-17 23:52:55 [INFO]   找到檔案：20260910排班統計表-台北.xlsx (application/vnd.openxmlformats-officedocument.spreadsheetml.sheet)
2026-09-17 23:52:55 [INFO]   找到檔案：20261009排班統計表-台中 (application/vnd.google-apps.spreadsheet)
2026-09-17 23:52:55 [INFO]   找到檔案：20261009排班統計表-台北 (application/vnd.google-apps.spreadsheet)
2026-09-17 23:52:55 [INFO]   找到檔案：20260909排班統計表-台中 (application/vnd.google-apps.spreadsheet)
2026-09-17 23:52:55 [INFO]   找到檔案：20260909排班統計表-台北 (application/vnd.google-apps.spreadsheet)
2026-09-17 23:52:55 [INFO]   找到檔案：20261009排班統計表-台中.xlsx (application/vnd.openxmlformats-officedocument.spreadsheetml.sheet)
2026-09-17 23:52:55 [INFO]   找到檔案：20260909排班統計表-台中.xlsx (application/vnd.openxmlformats-officedocument.spreadsheetml.sheet)
2026-09-17 23:52:55 [INFO]   找到檔案：20261009排班統計表-台北.xlsx (application/vnd.openxmlformats-officedocument.spreadsheetml.sheet)
2026-09-17 23:52:55 [INFO]   找到檔案：20260909排班統計表-台北.xlsx (application/vnd.openxmlformats-officedocument.spreadsheetml.sheet)
2026-09-17 23:52:55 [INFO]   找到檔案：20261008排班統計表-台中 (application/vnd.google-apps.spreadsheet)
2026-09-17 23:52:55 [INFO]   找到檔案：20261008排班統計表-台北 (application/vnd.google-apps.spreadsheet)
2026-09-17 23:52:55 [INFO]   找到檔案：20260908排班統計表-台中 (application/vnd.google-apps.spreadsheet)
2026-09-17 23:52:55 [INFO]   找到檔案：20260908排班統計表-台北 (application/vnd.google-apps.spreadsheet)
2026-09-17 23:52:55 [INFO]   找到檔案：20261008排班統計表-台中.xlsx (application/vnd.openxmlformats-officedocument.spreadsheetml.sheet)
2026-09-17 23:52:55 [INFO]   找到檔案：20260908排班統計表-台中.xlsx (application/vnd.openxmlformats-officedocument.spreadsheetml.sheet)
2026-09-17 23:52:55 [INFO]   找到檔案：20261008排班統計表-台北.xlsx (application/vnd.openxmlformats-officedocument.spreadsheetml.sheet)
2026-09-17 23:52:55 [INFO]   找到檔案：20260908排班統計表-台北.xlsx (application/vnd.openxmlformats-officedocument.spreadsheetml.sheet)
2026-09-17 23:52:55 [INFO]   找到檔案：20261007排班統計表-台中 (application/vnd.google-apps.spreadsheet)
2026-09-17 23:52:55 [INFO]   找到檔案：20261007排班統計表-台北 (application/vnd.google-apps.spreadsheet)
2026-09-17 23:52:55 [INFO]   找到檔案：20260907排班統計表-台中 (application/vnd.google-apps.spreadsheet)
2026-09-17 23:52:55 [INFO]   找到檔案：20260907排班統計表-台北 (application/vnd.google-apps.spreadsheet)
2026-09-17 23:52:55 [INFO]   找到檔案：20261007排班統計表-台中.xlsx (application/vnd.openxmlformats-officedocument.spreadsheetml.sheet)
2026-09-17 23:52:55 [INFO]   找到檔案：20260907排班統計表-台中.xlsx (application/vnd.openxmlformats-officedocument.spreadsheetml.sheet)
2026-09-17 23:52:55 [INFO]   找到檔案：20261007排班統計表-台北.xlsx (application/vnd.openxmlformats-officedocument.spreadsheetml.sheet)
2026-09-17 23:52:55 [INFO]   找到檔案：20260907排班統計表-台北.xlsx (application/vnd.openxmlformats-officedocument.spreadsheetml.sheet)
2026-09-17 23:52:55 [INFO]   找到檔案：20261006排班統計表-台中 (application/vnd.google-apps.spreadsheet)
2026-09-17 23:52:55 [INFO]   找到檔案：20261006排班統計表-台北 (application/vnd.google-apps.spreadsheet)
2026-09-17 23:52:55 [INFO]   找到檔案：20260906排班統計表-台中 (application/vnd.google-apps.spreadsheet)
2026-09-17 23:52:55 [INFO]   找到檔案：20260906排班統計表-台北 (application/vnd.google-apps.spreadsheet)
2026-09-17 23:52:55 [INFO]   找到檔案：20261006排班統計表-台中.xlsx (application/vnd.openxmlformats-officedocument.spreadsheetml.sheet)
2026-09-17 23:52:55 [INFO]   找到檔案：20260906排班統計表-台中.xlsx (application/vnd.openxmlformats-officedocument.spreadsheetml.sheet)
2026-09-17 23:52:55 [INFO]   找到檔案：20261006排班統計表-台北.xlsx (application/vnd.openxmlformats-officedocument.spreadsheetml.sheet)
2026-09-17 23:52:55 [INFO]   找到檔案：20260906排班統計表-台北.xlsx (application/vnd.openxmlformats-officedocument.spreadsheetml.sheet)
2026-09-17 23:52:55 [INFO]   找到檔案：20261005排班統計表-台中 (application/vnd.google-apps.spreadsheet)
2026-09-17 23:52:55 [INFO]   找到檔案：20261005排班統計表-台北 (application/vnd.google-apps.spreadsheet)
2026-09-17 23:52:55 [INFO]   找到檔案：20260905排班統計表-台中 (application/vnd.google-apps.spreadsheet)
2026-09-17 23:52:55 [INFO]   找到檔案：20260905排班統計表-台北 (application/vnd.google-apps.spreadsheet)
2026-09-17 23:52:55 [INFO]   找到檔案：20261005排班統計表-台中.xlsx (application/vnd.openxmlformats-officedocument.spreadsheetml.sheet)
2026-09-17 23:52:55 [INFO]   找到檔案：20260905排班統計表-台中.xlsx (application/vnd.openxmlformats-officedocument.spreadsheetml.sheet)
2026-09-17 23:52:55 [INFO]   找到檔案：20261005排班統計表-台北.xlsx (application/vnd.openxmlformats-officedocument.spreadsheetml.sheet)
2026-09-17 23:52:55 [INFO]   找到檔案：20260905排班統計表-台北.xlsx (application/vnd.openxmlformats-officedocument.spreadsheetml.sheet)
2026-09-17 23:52:55 [INFO]   找到檔案：20261004排班統計表-台中 (application/vnd.google-apps.spreadsheet)
2026-09-17 23:52:55 [INFO]   找到檔案：20261004排班統計表-台北 (application/vnd.google-apps.spreadsheet)
2026-09-17 23:52:55 [INFO]   找到檔案：20260904排班統計表-台中 (application/vnd.google-apps.spreadsheet)
2026-09-17 23:52:55 [INFO]   找到檔案：20260904排班統計表-台北 (application/vnd.google-apps.spreadsheet)
2026-09-17 23:52:55 [INFO]   找到檔案：20261004排班統計表-台中.xlsx (application/vnd.openxmlformats-officedocument.spreadsheetml.sheet)
2026-09-17 23:52:55 [INFO]   找到檔案：20260904排班統計表-台中.xlsx (application/vnd.openxmlformats-officedocument.spreadsheetml.sheet)
2026-09-17 23:52:55 [INFO]   找到檔案：20261004排班統計表-台北.xlsx (application/vnd.openxmlformats-officedocument.spreadsheetml.sheet)
2026-09-17 23:52:55 [INFO]   找到檔案：20260904排班統計表-台北.xlsx (application/vnd.openxmlformats-officedocument.spreadsheetml.sheet)
2026-09-17 23:52:55 [INFO]   找到檔案：20261003排班統計表-台中 (application/vnd.google-apps.spreadsheet)
2026-09-17 23:52:55 [INFO]   找到檔案：20261003排班統計表-台北 (application/vnd.google-apps.spreadsheet)
2026-09-17 23:52:55 [INFO]   找到檔案：20260903排班統計表-台中 (application/vnd.google-apps.spreadsheet)
2026-09-17 23:52:55 [INFO]   找到檔案：20260903排班統計表-台北 (application/vnd.google-apps.spreadsheet)
2026-09-17 23:52:55 [INFO]   找到檔案：20261003排班統計表-台中.xlsx (application/vnd.openxmlformats-officedocument.spreadsheetml.sheet)
2026-09-17 23:52:55 [INFO]   找到檔案：20260903排班統計表-台中.xlsx (application/vnd.openxmlformats-officedocument.spreadsheetml.sheet)
2026-09-17 23:52:55 [INFO]   找到檔案：20261003排班統計表-台北.xlsx (application/vnd.openxmlformats-officedocument.spreadsheetml.sheet)
2026-09-17 23:52:55 [INFO]   找到檔案：20260903排班統計表-台北.xlsx (application/vnd.openxmlformats-officedocument.spreadsheetml.sheet)
2026-09-17 23:52:55 [INFO]   找到檔案：20261002排班統計表-台中 (application/vnd.google-apps.spreadsheet)
2026-09-17 23:52:55 [INFO]   找到檔案：20261002排班統計表-台北 (application/vnd.google-apps.spreadsheet)
2026-09-17 23:52:55 [INFO]   找到檔案：20260902排班統計表-台中 (application/vnd.google-apps.spreadsheet)
2026-09-17 23:52:55 [INFO]   找到檔案：20260902排班統計表-台北 (application/vnd.google-apps.spreadsheet)
2026-09-17 23:52:55 [INFO]   找到檔案：20261002排班統計表-台中.xlsx (application/vnd.openxmlformats-officedocument.spreadsheetml.sheet)
2026-09-17 23:52:55 [INFO]   找到檔案：20260902排班統計表-台中.xlsx (application/vnd.openxmlformats-officedocument.spreadsheetml.sheet)
2026-09-17 23:52:55 [INFO]   找到檔案：20261002排班統計表-台北.xlsx (application/vnd.openxmlformats-officedocument.spreadsheetml.sheet)
2026-09-17 23:52:55 [INFO]   找到檔案：20260902排班統計表-台北.xlsx (application/vnd.openxmlformats-officedocument.spreadsheetml.sheet)
2026-09-17 23:52:55 [INFO]   找到檔案：20261001排班統計表-台中.xlsx (application/vnd.openxmlformats-officedocument.spreadsheetml.sheet)
2026-09-17 23:52:55 [INFO]   找到檔案：20260901排班統計表-台中.xlsx (application/vnd.openxmlformats-officedocument.spreadsheetml.sheet)
2026-09-17 23:52:55 [INFO]   找到檔案：20261001排班統計表-台北.xlsx (application/vnd.openxmlformats-officedocument.spreadsheetml.sheet)
2026-09-17 23:52:55 [INFO]   找到檔案：20260901排班統計表-台北.xlsx (application/vnd.openxmlformats-officedocument.spreadsheetml.sheet)
2026-09-17 23:52:55 [INFO]   找到檔案：20261001排班統計表-台中 (application/vnd.google-apps.spreadsheet)
2026-09-17 23:52:55 [INFO]   找到檔案：20261001排班統計表-台北 (application/vnd.google-apps.spreadsheet)
2026-09-17 23:52:55 [INFO]   找到檔案：20260901排班統計表-台中 (application/vnd.google-apps.spreadsheet)
2026-09-17 23:52:55 [INFO]   找到檔案：20260901排班統計表-台北 (application/vnd.google-apps.spreadsheet)
2026-09-17 23:52:55 [INFO]   找到檔案：20260931排班統計表-台中 (application/vnd.google-apps.spreadsheet)
2026-09-17 23:52:55 [INFO]   找到檔案：20260931排班統計表-台北 (application/vnd.google-apps.spreadsheet)
2026-09-17 23:52:55 [INFO]   找到檔案：20260931排班統計表-台中.xlsx (application/vnd.openxmlformats-officedocument.spreadsheetml.sheet)
2026-09-17 23:52:55 [INFO]   找到檔案：20260931排班統計表-台北.xlsx (application/vnd.openxmlformats-officedocument.spreadsheetml.sheet)
2026-09-17 23:52:55 [INFO] 排班檔確認 OK：{'202609': {'taipei': '20260918排班統計表-台北.xlsx', 'taichung': '20260918排班統計表-台中.xlsx'}, '202610': {'taipei': '20261018排班統計表-台北.xlsx', 'taichung': '20261018排班統計表-台中.xlsx'}}
2026-09-17 23:52:56 [INFO]   已清除範圍（202609 台北）：G3:O1026
2026-09-17 23:52:56 [INFO]   匯入：20260918排班統計表-台北.xlsx
2026-09-17 23:52:56 [INFO]   xlsx → Google Sheets：20260918排班統計表-台北
2026-09-17 23:52:56 [INFO] file_cache is only supported with oauth2client<4.0.0
2026-09-17 23:53:03 [INFO]   轉換完成，新 Google Sheets ID：1ZvmulUyyyjLf1JFiFJLLK6ZbBRq0jKmsyWSG-IOrBH0
2026-09-17 23:53:04 [INFO]   → 寫入 82 列（起始 R3C7）
2026-09-17 23:53:04 [INFO]   已清除範圍（202609 台中）：CD3:CL1026
2026-09-17 23:53:04 [INFO]   匯入：20260918排班統計表-台中.xlsx
2026-09-17 23:53:04 [INFO]   xlsx → Google Sheets：20260918排班統計表-台中
2026-09-17 23:53:05 [INFO] file_cache is only supported with oauth2client<4.0.0
2026-09-17 23:53:11 [INFO]   轉換完成，新 Google Sheets ID：1gLLWLLSW7qJ0Q_VJmpnt4HI0A33bnzmk9aFcOu2O_o0
2026-09-17 23:53:12 [INFO]   → 寫入 12 列（起始 R3C82）
2026-09-17 23:53:12 [INFO]   已清除範圍（202610 台北）：V3:AD1026
2026-09-17 23:53:12 [INFO]   匯入：20261018排班統計表-台北.xlsx
2026-09-17 23:53:12 [INFO]   xlsx → Google Sheets：20261018排班統計表-台北
2026-09-17 23:53:12 [INFO] file_cache is only supported with oauth2client<4.0.0
2026-09-17 23:53:18 [INFO]   轉換完成，新 Google Sheets ID：1r-kCY0uHlwkJ617jhwS4hZ4KmFRjr-NVpwRIGys0-dA
2026-09-17 23:53:20 [INFO]   → 寫入 65 列（起始 R3C22）
2026-09-17 23:53:20 [INFO]   已清除範圍（202610 台中）：CS3:DA1026
2026-09-17 23:53:20 [INFO]   匯入：20261018排班統計表-台中.xlsx
2026-09-17 23:53:20 [INFO]   xlsx → Google Sheets：20261018排班統計表-台中
2026-09-17 23:53:20 [INFO] file_cache is only supported with oauth2client<4.0.0
2026-09-17 23:53:27 [INFO]   轉換完成，新 Google Sheets ID：1F9vIkQH98EZI1_eez40j5QCQRXandtPlSGB77Iml2TA
2026-09-17 23:53:28 [INFO]   → 寫入 8 列（起始 R3C97）
2026-09-17 23:53:29 [INFO] Step 1 完成（34.4s）
2026-09-17 23:53:30 [INFO] === 全部完成 run_id=f4d80571（35.4s）===
