開始執行：專員個資
⚠️ 一鍵日排程 secrets TOML 注入失敗：No secrets found. Valid paths for a secrets.toml file or secret directories are: /home/runner/.streamlit/secrets.toml, /home/runner/work/tool-system/tool-system/.streamlit/secrets.toml
⚠️ 一鍵日排程 secrets env 注入失敗：No secrets found. Valid paths for a secrets.toml file or secret directories are: /home/runner/.streamlit/secrets.toml, /home/runner/work/tool-system/tool-system/.streamlit/secrets.toml
OAuth env ready = True
OAuth bootstrap forced = True
Command: Python bootstrap -> /home/runner/work/tool-system/tool-system/tools/scheduled_daily/staff_info.py
[2026-09-18 04:26:28] ====================================================
[2026-09-18 04:26:28] staff_info.py 開始執行
[2026-09-18 04:26:28] GITHUB_ACTIONS = true
[2026-09-18 04:26:28] PWD = /home/runner/work/tool-system/tool-system
[2026-09-18 04:26:28] LOCAL_OUTPUT_DIR = /Users/jenny/Library/CloudStorage/GoogleDrive-jenny@lemonclean.com.tw/我的雲端硬碟/lemon_Jenny/Jenny@lemon程式/專員個資
[2026-09-18 04:26:28] LOCAL_OUTPUT_DIR exists = False
[2026-09-18 04:26:28] can_use_local_output_dir = False
[2026-09-18 04:26:28] root folder_id = 11O6eKHQ1e3Irqps7Kq1XJOSVVge3pCAc
[2026-09-18 04:26:28] ====================================================
[2026-09-18 04:26:28] Google Drive 初始化成功
[2026-09-18 04:26:29] 📁 使用既有資料夾：專員個資
[2026-09-18 04:26:29] today_stamp = 20260918
[2026-09-18 04:26:29] 專員個資 folder_id = 1v1Er8oC3BEAWHbBrDq3SUpjEDwHIuK0f
[2026-09-18 04:26:29] 帳號數量 = 2
[2026-09-18 04:26:29] 
[2026-09-18 04:26:29] === 開始處理 台北 ===
[2026-09-18 04:26:29] 開始登入：jenny@lemonclean.com.tw
[2026-09-18 04:26:30] 登入成功：jenny@lemonclean.com.tw
[2026-09-18 04:26:30] 開始下載：city=台北 / filename=20260918專員個資-台北.xlsx
[2026-09-18 04:26:33] ✅ 已下載到暫存：/tmp/tmpbodlw2g0/20260918專員個資-台北.xlsx
[2026-09-18 04:26:33] 📦 檔案大小：228352 bytes
[2026-09-18 04:26:33] 📂 暫存目錄存在：True
[2026-09-18 04:26:33] 📄 暫存檔案存在：True
[2026-09-18 04:26:33] 目前不是 Jenny 本機環境，略過本機存檔
[2026-09-18 04:26:33] Google Drive 初始化成功
[2026-09-18 04:26:33] 準備上傳到 Google Drive：20260918專員個資-台北.xlsx
[2026-09-18 04:26:35] ☁️ 已上傳新檔：20260918專員個資-台北.xlsx (file_id=1KGQVJrafhpIRh6uHPm00oGWYbQ3OEjVm) https://docs.google.com/spreadsheets/d/1KGQVJrafhpIRh6uHPm00oGWYbQ3OEjVm/edit?usp=drivesdk&ouid=101667783075862487943&rtpof=true&sd=true
[2026-09-18 04:26:35] ✅ 完成處理：20260918專員個資-台北.xlsx
[2026-09-18 04:26:35] ✅ 台北 全部完成
[2026-09-18 04:26:35] 
[2026-09-18 04:26:35] === 開始處理 台中 ===
[2026-09-18 04:26:35] 開始登入：jenny.tc@lemonclean.com.tw
[2026-09-18 04:26:36] 登入成功：jenny.tc@lemonclean.com.tw
[2026-09-18 04:26:36] 開始下載：city=台中 / filename=20260918專員個資-台中.xlsx
[2026-09-18 04:26:37] ✅ 已下載到暫存：/tmp/tmpq3sxhijk/20260918專員個資-台中.xlsx
[2026-09-18 04:26:37] 📦 檔案大小：59904 bytes
[2026-09-18 04:26:37] 📂 暫存目錄存在：True
[2026-09-18 04:26:37] 📄 暫存檔案存在：True
[2026-09-18 04:26:37] 目前不是 Jenny 本機環境，略過本機存檔
[2026-09-18 04:26:37] Google Drive 初始化成功
[2026-09-18 04:26:37] 準備上傳到 Google Drive：20260918專員個資-台中.xlsx
[2026-09-18 04:26:38] ☁️ 已上傳新檔：20260918專員個資-台中.xlsx (file_id=1DBivcDgm6wezHXbyoMj5iGadccGkU3Oh) https://docs.google.com/spreadsheets/d/1DBivcDgm6wezHXbyoMj5iGadccGkU3Oh/edit?usp=drivesdk&ouid=101667783075862487943&rtpof=true&sd=true
[2026-09-18 04:26:38] ✅ 完成處理：20260918專員個資-台中.xlsx
[2026-09-18 04:26:38] ✅ 台中 全部完成
[2026-09-18 04:26:38] 🎉 staff_info.py 全部完成

完成執行：專員個資
scheduled_daily scheduler 全部完成
