[config] spreadsheet_id='1nNAXy6rvBnGR8ACnqKKzKNA4-UwZtZp47i806EPmR_8'
2026-07-26 22:56:27 [INFO] 目標試算表 ID 來源：主控試算表系統設定
2026-07-26 22:56:27 [INFO] === 客服排程系統 run_id=0f667554 step=1 台北時間=2026-07-27 06:56:25 ===
2026-07-26 22:56:27 [INFO] file_cache is only supported with oauth2client<4.0.0
2026-07-26 22:56:37 [INFO] --- Step1_更新排班統計表 ---
2026-07-26 22:56:37 [INFO] file_cache is only supported with oauth2client<4.0.0
2026-07-26 22:56:38 [INFO] Drive 資料夾找到 100 個檔案
2026-07-26 22:56:38 [INFO]   找到檔案：排班統計表20260827-台中.xlsx_temp_1785102333 (application/vnd.google-apps.spreadsheet)
2026-07-26 22:56:38 [INFO]   找到檔案：排班統計表20260727-台中.xlsx_temp_1785102323 (application/vnd.google-apps.spreadsheet)
2026-07-26 22:56:38 [INFO]   找到檔案：排班統計表20260827-台北.xlsx_temp_1785102315 (application/vnd.google-apps.spreadsheet)
2026-07-26 22:56:38 [INFO]   找到檔案：排班統計表20260727-台北.xlsx_temp_1785102294 (application/vnd.google-apps.spreadsheet)
2026-07-26 22:56:38 [INFO]   找到檔案：排班統計表20260827-台中.xlsx (application/vnd.openxmlformats-officedocument.spreadsheetml.sheet)
2026-07-26 22:56:38 [INFO]   找到檔案：排班統計表20260727-台中.xlsx (application/vnd.openxmlformats-officedocument.spreadsheetml.sheet)
2026-07-26 22:56:38 [INFO]   找到檔案：排班統計表20260827-台北.xlsx (application/vnd.openxmlformats-officedocument.spreadsheetml.sheet)
2026-07-26 22:56:38 [INFO]   找到檔案：排班統計表20260727-台北.xlsx (application/vnd.openxmlformats-officedocument.spreadsheetml.sheet)
2026-07-26 22:56:38 [INFO]   找到檔案：排班統計表20260826-台中 (application/vnd.google-apps.spreadsheet)
2026-07-26 22:56:38 [INFO]   找到檔案：排班統計表20260726-台中 (application/vnd.google-apps.spreadsheet)
2026-07-26 22:56:38 [INFO]   找到檔案：排班統計表20260826-台北 (application/vnd.google-apps.spreadsheet)
2026-07-26 22:56:38 [INFO]   找到檔案：排班統計表20260726-台北 (application/vnd.google-apps.spreadsheet)
2026-07-26 22:56:38 [INFO]   找到檔案：排班統計表20260826-台中.xlsx_temp_1785015702 (application/vnd.google-apps.spreadsheet)
2026-07-26 22:56:38 [INFO]   找到檔案：排班統計表20260726-台中.xlsx_temp_1785015695 (application/vnd.google-apps.spreadsheet)
2026-07-26 22:56:38 [INFO]   找到檔案：排班統計表20260826-台北.xlsx_temp_1785015686 (application/vnd.google-apps.spreadsheet)
2026-07-26 22:56:38 [INFO]   找到檔案：排班統計表20260726-台北.xlsx_temp_1785015676 (application/vnd.google-apps.spreadsheet)
2026-07-26 22:56:38 [INFO]   找到檔案：排班統計表20260826-台中.xlsx (application/vnd.openxmlformats-officedocument.spreadsheetml.sheet)
2026-07-26 22:56:38 [INFO]   找到檔案：排班統計表20260726-台中.xlsx (application/vnd.openxmlformats-officedocument.spreadsheetml.sheet)
2026-07-26 22:56:38 [INFO]   找到檔案：排班統計表20260826-台北.xlsx (application/vnd.openxmlformats-officedocument.spreadsheetml.sheet)
2026-07-26 22:56:38 [INFO]   找到檔案：排班統計表20260726-台北.xlsx (application/vnd.openxmlformats-officedocument.spreadsheetml.sheet)
2026-07-26 22:56:38 [INFO]   找到檔案：排班統計表20260825-台中 (application/vnd.google-apps.spreadsheet)
2026-07-26 22:56:38 [INFO]   找到檔案：排班統計表20260725-台中 (application/vnd.google-apps.spreadsheet)
2026-07-26 22:56:38 [INFO]   找到檔案：排班統計表20260825-台北 (application/vnd.google-apps.spreadsheet)
2026-07-26 22:56:38 [INFO]   找到檔案：排班統計表20260725-台北 (application/vnd.google-apps.spreadsheet)
2026-07-26 22:56:38 [INFO]   找到檔案：排班統計表20260825-台中.xlsx_temp_1784929915 (application/vnd.google-apps.spreadsheet)
2026-07-26 22:56:38 [INFO]   找到檔案：排班統計表20260725-台中.xlsx_temp_1784929907 (application/vnd.google-apps.spreadsheet)
2026-07-26 22:56:38 [INFO]   找到檔案：排班統計表20260825-台北.xlsx_temp_1784929899 (application/vnd.google-apps.spreadsheet)
2026-07-26 22:56:38 [INFO]   找到檔案：排班統計表20260725-台北.xlsx_temp_1784929890 (application/vnd.google-apps.spreadsheet)
2026-07-26 22:56:38 [INFO]   找到檔案：排班統計表20260825-台中.xlsx (application/vnd.openxmlformats-officedocument.spreadsheetml.sheet)
2026-07-26 22:56:38 [INFO]   找到檔案：排班統計表20260725-台中.xlsx (application/vnd.openxmlformats-officedocument.spreadsheetml.sheet)
2026-07-26 22:56:38 [INFO]   找到檔案：排班統計表20260825-台北.xlsx (application/vnd.openxmlformats-officedocument.spreadsheetml.sheet)
2026-07-26 22:56:38 [INFO]   找到檔案：排班統計表20260725-台北.xlsx (application/vnd.openxmlformats-officedocument.spreadsheetml.sheet)
2026-07-26 22:56:38 [INFO]   找到檔案：排班統計表20260824-台中 (application/vnd.google-apps.spreadsheet)
2026-07-26 22:56:38 [INFO]   找到檔案：排班統計表20260724-台中 (application/vnd.google-apps.spreadsheet)
2026-07-26 22:56:38 [INFO]   找到檔案：排班統計表20260824-台北 (application/vnd.google-apps.spreadsheet)
2026-07-26 22:56:38 [INFO]   找到檔案：排班統計表20260724-台北 (application/vnd.google-apps.spreadsheet)
2026-07-26 22:56:38 [INFO]   找到檔案：排班統計表20260824-台中.xlsx_temp_1784843599 (application/vnd.google-apps.spreadsheet)
2026-07-26 22:56:38 [INFO]   找到檔案：排班統計表20260724-台中.xlsx_temp_1784843591 (application/vnd.google-apps.spreadsheet)
2026-07-26 22:56:38 [INFO]   找到檔案：排班統計表20260824-台北.xlsx_temp_1784843583 (application/vnd.google-apps.spreadsheet)
2026-07-26 22:56:38 [INFO]   找到檔案：排班統計表20260724-台北.xlsx_temp_1784843574 (application/vnd.google-apps.spreadsheet)
2026-07-26 22:56:38 [INFO]   找到檔案：排班統計表20260824-台中.xlsx (application/vnd.openxmlformats-officedocument.spreadsheetml.sheet)
2026-07-26 22:56:38 [INFO]   找到檔案：排班統計表20260724-台中.xlsx (application/vnd.openxmlformats-officedocument.spreadsheetml.sheet)
2026-07-26 22:56:38 [INFO]   找到檔案：排班統計表20260824-台北.xlsx (application/vnd.openxmlformats-officedocument.spreadsheetml.sheet)
2026-07-26 22:56:38 [INFO]   找到檔案：排班統計表20260724-台北.xlsx (application/vnd.openxmlformats-officedocument.spreadsheetml.sheet)
2026-07-26 22:56:38 [INFO]   找到檔案：排班統計表20260823-台中 (application/vnd.google-apps.spreadsheet)
2026-07-26 22:56:38 [INFO]   找到檔案：排班統計表20260723-台中 (application/vnd.google-apps.spreadsheet)
2026-07-26 22:56:38 [INFO]   找到檔案：排班統計表20260823-台北 (application/vnd.google-apps.spreadsheet)
2026-07-26 22:56:38 [INFO]   找到檔案：排班統計表20260723-台北 (application/vnd.google-apps.spreadsheet)
2026-07-26 22:56:38 [INFO]   找到檔案：排班統計表20260823-台中.xlsx_temp_1784757287 (application/vnd.google-apps.spreadsheet)
2026-07-26 22:56:38 [INFO]   找到檔案：排班統計表20260723-台中.xlsx_temp_1784757279 (application/vnd.google-apps.spreadsheet)
2026-07-26 22:56:38 [INFO]   找到檔案：排班統計表20260823-台北.xlsx_temp_1784757270 (application/vnd.google-apps.spreadsheet)
2026-07-26 22:56:38 [INFO]   找到檔案：排班統計表20260723-台北.xlsx_temp_1784757249 (application/vnd.google-apps.spreadsheet)
2026-07-26 22:56:38 [INFO]   找到檔案：排班統計表20260823-台中.xlsx (application/vnd.openxmlformats-officedocument.spreadsheetml.sheet)
2026-07-26 22:56:38 [INFO]   找到檔案：排班統計表20260723-台中.xlsx (application/vnd.openxmlformats-officedocument.spreadsheetml.sheet)
2026-07-26 22:56:38 [INFO]   找到檔案：排班統計表20260823-台北.xlsx (application/vnd.openxmlformats-officedocument.spreadsheetml.sheet)
2026-07-26 22:56:38 [INFO]   找到檔案：排班統計表20260723-台北.xlsx (application/vnd.openxmlformats-officedocument.spreadsheetml.sheet)
2026-07-26 22:56:38 [INFO]   找到檔案：排班統計表20260822-台中 (application/vnd.google-apps.spreadsheet)
2026-07-26 22:56:38 [INFO]   找到檔案：排班統計表20260722-台中 (application/vnd.google-apps.spreadsheet)
2026-07-26 22:56:38 [INFO]   找到檔案：排班統計表20260822-台北 (application/vnd.google-apps.spreadsheet)
2026-07-26 22:56:38 [INFO]   找到檔案：排班統計表20260722-台北 (application/vnd.google-apps.spreadsheet)
2026-07-26 22:56:38 [INFO]   找到檔案：排班統計表20260822-台中.xlsx_temp_1784670682 (application/vnd.google-apps.spreadsheet)
2026-07-26 22:56:38 [INFO]   找到檔案：排班統計表20260722-台中.xlsx_temp_1784670672 (application/vnd.google-apps.spreadsheet)
2026-07-26 22:56:38 [INFO]   找到檔案：排班統計表20260822-台北.xlsx_temp_1784670663 (application/vnd.google-apps.spreadsheet)
2026-07-26 22:56:38 [INFO]   找到檔案：排班統計表20260722-台北.xlsx_temp_1784670641 (application/vnd.google-apps.spreadsheet)
2026-07-26 22:56:38 [INFO]   找到檔案：排班統計表20260822-台中.xlsx (application/vnd.openxmlformats-officedocument.spreadsheetml.sheet)
2026-07-26 22:56:38 [INFO]   找到檔案：排班統計表20260722-台中.xlsx (application/vnd.openxmlformats-officedocument.spreadsheetml.sheet)
2026-07-26 22:56:38 [INFO]   找到檔案：排班統計表20260822-台北.xlsx (application/vnd.openxmlformats-officedocument.spreadsheetml.sheet)
2026-07-26 22:56:38 [INFO]   找到檔案：排班統計表20260722-台北.xlsx (application/vnd.openxmlformats-officedocument.spreadsheetml.sheet)
2026-07-26 22:56:38 [INFO]   找到檔案：排班統計表20260821-台中 (application/vnd.google-apps.spreadsheet)
2026-07-26 22:56:38 [INFO]   找到檔案：排班統計表20260721-台中 (application/vnd.google-apps.spreadsheet)
2026-07-26 22:56:38 [INFO]   找到檔案：排班統計表20260821-台北 (application/vnd.google-apps.spreadsheet)
2026-07-26 22:56:38 [INFO]   找到檔案：排班統計表20260721-台北 (application/vnd.google-apps.spreadsheet)
2026-07-26 22:56:38 [INFO]   找到檔案：排班統計表20260821-台中.xlsx_temp_1784584454 (application/vnd.google-apps.spreadsheet)
2026-07-26 22:56:38 [INFO]   找到檔案：排班統計表20260721-台中.xlsx_temp_1784584445 (application/vnd.google-apps.spreadsheet)
2026-07-26 22:56:38 [INFO]   找到檔案：排班統計表20260821-台北.xlsx_temp_1784584437 (application/vnd.google-apps.spreadsheet)
2026-07-26 22:56:38 [INFO]   找到檔案：排班統計表20260721-台北.xlsx_temp_1784584427 (application/vnd.google-apps.spreadsheet)
2026-07-26 22:56:38 [INFO]   找到檔案：排班統計表20260821-台中.xlsx (application/vnd.openxmlformats-officedocument.spreadsheetml.sheet)
2026-07-26 22:56:38 [INFO]   找到檔案：排班統計表20260721-台中.xlsx (application/vnd.openxmlformats-officedocument.spreadsheetml.sheet)
2026-07-26 22:56:38 [INFO]   找到檔案：排班統計表20260821-台北.xlsx (application/vnd.openxmlformats-officedocument.spreadsheetml.sheet)
2026-07-26 22:56:38 [INFO]   找到檔案：排班統計表20260721-台北.xlsx (application/vnd.openxmlformats-officedocument.spreadsheetml.sheet)
2026-07-26 22:56:38 [INFO]   找到檔案：排班統計表20260820-台中 (application/vnd.google-apps.spreadsheet)
2026-07-26 22:56:38 [INFO]   找到檔案：排班統計表20260720-台中 (application/vnd.google-apps.spreadsheet)
2026-07-26 22:56:38 [INFO]   找到檔案：排班統計表20260820-台北 (application/vnd.google-apps.spreadsheet)
2026-07-26 22:56:38 [INFO]   找到檔案：排班統計表20260720-台北 (application/vnd.google-apps.spreadsheet)
2026-07-26 22:56:38 [INFO]   找到檔案：排班統計表20260820-台中.xlsx_temp_1784497206 (application/vnd.google-apps.spreadsheet)
2026-07-26 22:56:38 [INFO]   找到檔案：排班統計表20260720-台中.xlsx_temp_1784497198 (application/vnd.google-apps.spreadsheet)
2026-07-26 22:56:38 [INFO]   找到檔案：排班統計表20260820-台北.xlsx_temp_1784497189 (application/vnd.google-apps.spreadsheet)
2026-07-26 22:56:38 [INFO]   找到檔案：排班統計表20260720-台北.xlsx_temp_1784497178 (application/vnd.google-apps.spreadsheet)
2026-07-26 22:56:38 [INFO]   找到檔案：排班統計表20260820-台中.xlsx (application/vnd.openxmlformats-officedocument.spreadsheetml.sheet)
2026-07-26 22:56:38 [INFO]   找到檔案：排班統計表20260720-台中.xlsx (application/vnd.openxmlformats-officedocument.spreadsheetml.sheet)
2026-07-26 22:56:38 [INFO]   找到檔案：排班統計表20260820-台北.xlsx (application/vnd.openxmlformats-officedocument.spreadsheetml.sheet)
2026-07-26 22:56:38 [INFO]   找到檔案：排班統計表20260720-台北.xlsx (application/vnd.openxmlformats-officedocument.spreadsheetml.sheet)
2026-07-26 22:56:38 [INFO]   找到檔案：排班統計表20260819-台中 (application/vnd.google-apps.spreadsheet)
2026-07-26 22:56:38 [INFO]   找到檔案：排班統計表20260719-台中 (application/vnd.google-apps.spreadsheet)
2026-07-26 22:56:38 [INFO]   找到檔案：排班統計表20260819-台北 (application/vnd.google-apps.spreadsheet)
2026-07-26 22:56:38 [INFO]   找到檔案：排班統計表20260719-台北 (application/vnd.google-apps.spreadsheet)
2026-07-26 22:56:38 [INFO]   找到檔案：排班統計表20260819-台中.xlsx_temp_1784410691 (application/vnd.google-apps.spreadsheet)
2026-07-26 22:56:38 [INFO]   找到檔案：排班統計表20260719-台中.xlsx_temp_1784410682 (application/vnd.google-apps.spreadsheet)
2026-07-26 22:56:38 [INFO]   找到檔案：排班統計表20260819-台北.xlsx_temp_1784410673 (application/vnd.google-apps.spreadsheet)
2026-07-26 22:56:38 [INFO]   找到檔案：排班統計表20260719-台北.xlsx_temp_1784410660 (application/vnd.google-apps.spreadsheet)
2026-07-26 22:56:38 [INFO] 排班檔確認 OK：{'taipei_current': '排班統計表20260727-台北.xlsx', 'taipei_next': '排班統計表20260827-台北.xlsx', 'taichung_current': '排班統計表20260727-台中.xlsx', 'taichung_next': '排班統計表20260827-台中.xlsx'}
2026-07-26 22:56:38 [INFO]   匯入：排班統計表20260727-台北.xlsx
2026-07-26 22:56:38 [INFO]   xlsx → Google Sheets：排班統計表20260727-台北
2026-07-26 22:56:39 [INFO] file_cache is only supported with oauth2client<4.0.0
2026-07-26 22:56:43 [INFO]   轉換完成，新 Google Sheets ID：1KdqcAb9Jq_mWyo5LDqIFTErY8H0XxtIMfV5cC2eKKj0
2026-07-26 22:56:44 [INFO]   → 寫入 93 列（起始 R3C7）
2026-07-26 22:56:44 [INFO]   匯入：排班統計表20260827-台北.xlsx
2026-07-26 22:56:44 [INFO]   xlsx → Google Sheets：排班統計表20260827-台北
2026-07-26 22:56:44 [INFO] file_cache is only supported with oauth2client<4.0.0
2026-07-26 22:56:48 [INFO]   轉換完成，新 Google Sheets ID：15zQzXg7yL2VU8L9nUSYcCMCVY4CZPpKHGPgmZy0SJi0
2026-07-26 22:56:49 [INFO]   → 寫入 59 列（起始 R3C22）
2026-07-26 22:56:49 [INFO]   匯入：排班統計表20260727-台中.xlsx
2026-07-26 22:56:49 [INFO]   xlsx → Google Sheets：排班統計表20260727-台中
2026-07-26 22:56:49 [INFO] file_cache is only supported with oauth2client<4.0.0
2026-07-26 22:56:53 [INFO]   轉換完成，新 Google Sheets ID：1VtU7lpjqIPz6vTwsYszgLmICca-yS5ZHLbVJZEqmb5s
2026-07-26 22:56:54 [INFO]   → 寫入 19 列（起始 R3C82）
2026-07-26 22:56:54 [INFO]   匯入：排班統計表20260827-台中.xlsx
2026-07-26 22:56:54 [INFO]   xlsx → Google Sheets：排班統計表20260827-台中
2026-07-26 22:56:54 [INFO] file_cache is only supported with oauth2client<4.0.0
2026-07-26 22:56:59 [INFO]   轉換完成，新 Google Sheets ID：1_O_SIpVSOb6_BZX4RjUrSNG7IjciOY02pd-qnkobIIU
2026-07-26 22:57:00 [INFO]   → 寫入 12 列（起始 R3C97）
2026-07-26 22:57:01 [INFO] Step 1 完成（23.2s）
2026-07-26 22:57:01 [INFO] === 全部完成 run_id=0f667554（24.0s）===
