[config] spreadsheet_id='1nNAXy6rvBnGR8ACnqKKzKNA4-UwZtZp47i806EPmR_8'
2026-07-26 22:57:16 [INFO] 目標試算表 ID 來源：主控試算表系統設定
2026-07-26 22:57:16 [INFO] === 客服排程系統 run_id=78812f4f step=3 台北時間=2026-07-27 06:57:15 ===
2026-07-26 22:57:16 [INFO] file_cache is only supported with oauth2client<4.0.0
2026-07-26 22:57:16 [WARNING] [主控表打卡失敗（非致命）] <HttpError 429 when requesting https://sheets.googleapis.com/v4/spreadsheets/1nNAXy6rvBnGR8ACnqKKzKNA4-UwZtZp47i806EPmR_8?fields=sheets%28properties%28sheetId%2Ctitle%29%29&alt=json returned "Quota exceeded for quota metric 'Read requests' and limit 'Read requests per minute per user' of service 'sheets.googleapis.com' for consumer 'project_number:1042663213860'.". Details: "[{'@type': 'type.googleapis.com/google.rpc.ErrorInfo', 'reason': 'RATE_LIMIT_EXCEEDED', 'domain': 'googleapis.com', 'metadata': {'quota_location': 'global', 'quota_unit': '1/min/{project}/{user}', 'quota_limit_value': '60', 'service': 'sheets.googleapis.com', 'quota_limit': 'ReadRequestsPerMinutePerUser', 'quota_metric': 'sheets.googleapis.com/read_requests', 'consumer': 'projects/1042663213860'}}, {'@type': 'type.googleapis.com/google.rpc.Help', 'links': [{'description': 'Request a higher quota limit.', 'url': 'https://cloud.google.com/docs/quotas/help/request_increase'}]}]">
2026-07-26 22:57:17 [INFO] --- Step3_更新前一天營業分數及營業額 ---
2026-07-26 22:57:19 [INFO]   [mail] Gmail 登入帳號：jenny@lemonclean.com.tw
2026-07-26 22:57:20 [INFO]   [mail] 使用信箱：[Gmail]/&UWiQ6JD1TvY-
2026-07-26 22:57:20 [INFO]   [mail] X-GM-RAW：subject:"近三日營業額-台北" after:2026/07/26 before:2026/07/27
2026-07-26 22:57:20 [WARNING]   [mail] X-GM-RAW 搜尋失敗，改用日期搜尋：UID command error: BAD [b'Could not parse command']
2026-07-26 22:57:20 [INFO]   [mail] 日期搜尋 26-Jul-2026 找到 UID：22
2026-07-26 22:57:24 [INFO]   [mail] text/plain 為空，fallback 到 text/html（2028 字元）
2026-07-26 22:57:24 [INFO]   [mail] 候選：UID=159608 / 2026-07-26 17:25:04 / exact / 與17:25差4秒 / '近三日營業額-台北'
2026-07-26 22:57:26 [INFO]   近三日營業額-台北 → 選中 17:25:04（exact，與17:25差4秒，UID=159608）
2026-07-26 22:57:26 [INFO]   [debug] 行39 repr='2026-07-24：19分'
2026-07-26 22:57:26 [INFO]   [debug] 行40 repr='2026-07-25：16分'
2026-07-26 22:57:26 [INFO]   [debug] 行41 repr='2026-07-26：2分'
2026-07-26 22:57:26 [INFO]   [debug] 行42 repr='【家電清潔】日營業額'
2026-07-26 22:57:26 [INFO]   [debug] 行43 repr='2026-07-24：0分'
2026-07-26 22:57:26 [INFO]   [debug] 行44 repr='2026-07-25：0分'
2026-07-26 22:57:26 [INFO]   [debug] 行45 repr='2026-07-26：0分'
2026-07-26 22:57:26 [INFO]   [debug] 行46 repr='【儲值金】日營業額'
2026-07-26 22:57:27 [INFO]   [mail] Gmail 登入帳號：jenny@lemonclean.com.tw
2026-07-26 22:57:27 [INFO]   [mail] 使用信箱：[Gmail]/&UWiQ6JD1TvY-
2026-07-26 22:57:27 [INFO]   [mail] X-GM-RAW：subject:"近三日營業額-台中" after:2026/07/26 before:2026/07/27
2026-07-26 22:57:27 [WARNING]   [mail] X-GM-RAW 搜尋失敗，改用日期搜尋：UID command error: BAD [b'Could not parse command']
2026-07-26 22:57:27 [INFO]   [mail] 日期搜尋 26-Jul-2026 找到 UID：22
2026-07-26 22:57:31 [INFO]   [mail] text/plain 為空，fallback 到 text/html（1132 字元）
2026-07-26 22:57:31 [INFO]   [mail] 候選：UID=159611 / 2026-07-26 17:25:07 / exact / 與17:25差7秒 / '近三日營業額-台中'
2026-07-26 22:57:32 [INFO]   近三日營業額-台中 → 選中 17:25:07（exact，與17:25差7秒，UID=159611）
2026-07-26 22:57:33 [INFO]   [debug] 行25 repr='2026-07-24：7分'
2026-07-26 22:57:33 [INFO]   [debug] 行26 repr='2026-07-25：0分'
2026-07-26 22:57:33 [INFO]   [debug] 行27 repr='2026-07-26：1分'
2026-07-26 22:57:33 [INFO]   [debug] 行28 repr='【家電清潔】日營業額'
2026-07-26 22:57:33 [INFO]   [debug] 行29 repr='2026-07-24：0分'
2026-07-26 22:57:33 [INFO]   [debug] 行30 repr='2026-07-25：0分'
2026-07-26 22:57:33 [INFO]   [debug] 行31 repr='2026-07-26：0分'
2026-07-26 22:57:33 [INFO]   [debug] 行32 repr='【儲值金】日營業額'
2026-07-26 22:57:33 [INFO]   台北：{'daily_value': 2, 'total_count': 1334, 'total_amount': 2668850}
2026-07-26 22:57:33 [INFO]   台中：{'daily_value': 1, 'total_count': 95, 'total_amount': 190500}
2026-07-26 22:57:33 [WARNING] [執行檔打卡失敗（非致命）] APIError: [429]: Quota exceeded for quota metric 'Read requests' and limit 'Read requests per minute per user' of service 'sheets.googleapis.com' for consumer 'project_number:1042663213860'.
2026-07-26 22:57:33 [INFO] Step 3 完成，row=2353（15.9s）
2026-07-26 22:57:35 [INFO] === 全部完成 run_id=78812f4f（16.4s）===
