📋 log_spreadsheet_id 已從設定檔載入
📝 外場排程打卡：外場排班統計表 / running
Command: /opt/hostedtoolcache/Python/3.11.16/x64/bin/python -u -m tools.field_management.schedule_stats --date 20260916 --system-name 外場排程系統 --run-type 排程
[2026-09-16 07:50:19] 開始處理排班統計表：20260916排班統計表-台北
🔄 Jenny OAuth 已將來源 Excel 轉成暫存 Google Sheet：1znFEMBW36_zNmX3u2gZLi619PFJfep2cxL-6xLD-ZMQ
🗑️ 已刪除來源暫存 Google Sheet：1znFEMBW36_zNmX3u2gZLi619PFJfep2cxL-6xLD-ZMQ
[2026-09-16 07:50:31] 完成：20260916排班統計表-台北.xlsx → 2026排班統計表!DJ4 / rows=79
[2026-09-16 07:50:42] 開始處理排班統計表：20261016排班統計表-台北
🔄 Jenny OAuth 已將來源 Excel 轉成暫存 Google Sheet：1wj800nqIlbqclor3QdDEN2kp8R0yHiiy63snTXpm3xs
🗑️ 已刪除來源暫存 Google Sheet：1wj800nqIlbqclor3QdDEN2kp8R0yHiiy63snTXpm3xs
[2026-09-16 07:50:51] 完成：20261016排班統計表-台北.xlsx → 2026排班統計表!DV4 / rows=64
[2026-09-16 07:50:52] 開始處理排班統計表：20260916排班統計表-台中
🔄 Jenny OAuth 已將來源 Excel 轉成暫存 Google Sheet：1Te97r94snNQ_9G-x14WHlspjIkrJUK21_C7YghUJOME
🗑️ 已刪除來源暫存 Google Sheet：1Te97r94snNQ_9G-x14WHlspjIkrJUK21_C7YghUJOME
[2026-09-16 07:50:59] 完成：20260916排班統計表-台中.xlsx → 2026排班統計表!DJ4 / rows=13
[2026-09-16 07:51:00] 開始處理排班統計表：20261016排班統計表-台中
🔄 Jenny OAuth 已將來源 Excel 轉成暫存 Google Sheet：1L8I6xcdM31MaoPjLc4Tz9gydEYwii2Pn_HbF4yawNl4
🗑️ 已刪除來源暫存 Google Sheet：1L8I6xcdM31MaoPjLc4Tz9gydEYwii2Pn_HbF4yawNl4
[2026-09-16 07:51:07] 完成：20261016排班統計表-台中.xlsx → 2026排班統計表!DV4 / rows=9
[2026-09-16 07:51:08] schedule_stats.py 全部完成

📝 外場排程打卡：外場排班統計表 / success
field_management scheduler 全部完成
