2026-09-15 23:55:47 [INFO] === 客服排程系統 run_id=f6c59cbc step=1 台北時間=2026-09-16 07:55:47 ===
2026-09-15 23:55:47 [INFO] 目標試算表 ID 來源：環境變數 SERVICE_TARGET_SPREADSHEET_ID
2026-09-15 23:55:47 [INFO] file_cache is only supported with oauth2client<4.0.0
2026-09-15 23:56:04 [INFO] --- Step1_更新排班統計表 ---
2026-09-15 23:56:06 [INFO] file_cache is only supported with oauth2client<4.0.0
2026-09-15 23:56:06 [INFO] 本次視窗：202609 ~ 202610（共 2 個月）
2026-09-15 23:56:07 [INFO] Drive 資料夾找到 128 個檔案
2026-09-15 23:56:07 [INFO]   找到檔案：20261016排班統計表-台中.xlsx (application/vnd.openxmlformats-officedocument.spreadsheetml.sheet)
2026-09-15 23:56:07 [INFO]   找到檔案：20260916排班統計表-台中.xlsx (application/vnd.openxmlformats-officedocument.spreadsheetml.sheet)
2026-09-15 23:56:07 [INFO]   找到檔案：20261016排班統計表-台北.xlsx (application/vnd.openxmlformats-officedocument.spreadsheetml.sheet)
2026-09-15 23:56:07 [INFO]   找到檔案：20260916排班統計表-台北.xlsx (application/vnd.openxmlformats-officedocument.spreadsheetml.sheet)
2026-09-15 23:56:07 [INFO]   找到檔案：20261015排班統計表-台中.xlsx (application/vnd.openxmlformats-officedocument.spreadsheetml.sheet)
2026-09-15 23:56:07 [INFO]   找到檔案：20260915排班統計表-台中.xlsx (application/vnd.openxmlformats-officedocument.spreadsheetml.sheet)
2026-09-15 23:56:07 [INFO]   找到檔案：20261015排班統計表-台北.xlsx (application/vnd.openxmlformats-officedocument.spreadsheetml.sheet)
2026-09-15 23:56:07 [INFO]   找到檔案：20260915排班統計表-台北.xlsx (application/vnd.openxmlformats-officedocument.spreadsheetml.sheet)
2026-09-15 23:56:07 [INFO]   找到檔案：20261015排班統計表-台中 (application/vnd.google-apps.spreadsheet)
2026-09-15 23:56:07 [INFO]   找到檔案：20261015排班統計表-台北 (application/vnd.google-apps.spreadsheet)
2026-09-15 23:56:07 [INFO]   找到檔案：20260915排班統計表-台中 (application/vnd.google-apps.spreadsheet)
2026-09-15 23:56:07 [INFO]   找到檔案：20260915排班統計表-台北 (application/vnd.google-apps.spreadsheet)
2026-09-15 23:56:07 [INFO]   找到檔案：20261014排班統計表-台中 (application/vnd.google-apps.spreadsheet)
2026-09-15 23:56:07 [INFO]   找到檔案：20261014排班統計表-台北 (application/vnd.google-apps.spreadsheet)
2026-09-15 23:56:07 [INFO]   找到檔案：20260914排班統計表-台中 (application/vnd.google-apps.spreadsheet)
2026-09-15 23:56:07 [INFO]   找到檔案：20260914排班統計表-台北 (application/vnd.google-apps.spreadsheet)
2026-09-15 23:56:07 [INFO]   找到檔案：20261014排班統計表-台中.xlsx (application/vnd.openxmlformats-officedocument.spreadsheetml.sheet)
2026-09-15 23:56:07 [INFO]   找到檔案：20260914排班統計表-台中.xlsx (application/vnd.openxmlformats-officedocument.spreadsheetml.sheet)
2026-09-15 23:56:07 [INFO]   找到檔案：20261014排班統計表-台北.xlsx (application/vnd.openxmlformats-officedocument.spreadsheetml.sheet)
2026-09-15 23:56:07 [INFO]   找到檔案：20260914排班統計表-台北.xlsx (application/vnd.openxmlformats-officedocument.spreadsheetml.sheet)
2026-09-15 23:56:07 [INFO]   找到檔案：20261013排班統計表-台中 (application/vnd.google-apps.spreadsheet)
2026-09-15 23:56:07 [INFO]   找到檔案：20261013排班統計表-台北 (application/vnd.google-apps.spreadsheet)
2026-09-15 23:56:07 [INFO]   找到檔案：20260913排班統計表-台中 (application/vnd.google-apps.spreadsheet)
2026-09-15 23:56:07 [INFO]   找到檔案：20260913排班統計表-台北 (application/vnd.google-apps.spreadsheet)
2026-09-15 23:56:07 [INFO]   找到檔案：20261013排班統計表-台中.xlsx (application/vnd.openxmlformats-officedocument.spreadsheetml.sheet)
2026-09-15 23:56:07 [INFO]   找到檔案：20260913排班統計表-台中.xlsx (application/vnd.openxmlformats-officedocument.spreadsheetml.sheet)
2026-09-15 23:56:07 [INFO]   找到檔案：20261013排班統計表-台北.xlsx (application/vnd.openxmlformats-officedocument.spreadsheetml.sheet)
2026-09-15 23:56:07 [INFO]   找到檔案：20260913排班統計表-台北.xlsx (application/vnd.openxmlformats-officedocument.spreadsheetml.sheet)
2026-09-15 23:56:07 [INFO]   找到檔案：20261012排班統計表-台中 (application/vnd.google-apps.spreadsheet)
2026-09-15 23:56:07 [INFO]   找到檔案：20261012排班統計表-台北 (application/vnd.google-apps.spreadsheet)
2026-09-15 23:56:07 [INFO]   找到檔案：20260912排班統計表-台中 (application/vnd.google-apps.spreadsheet)
2026-09-15 23:56:07 [INFO]   找到檔案：20260912排班統計表-台北 (application/vnd.google-apps.spreadsheet)
2026-09-15 23:56:07 [INFO]   找到檔案：20261012排班統計表-台中.xlsx (application/vnd.openxmlformats-officedocument.spreadsheetml.sheet)
2026-09-15 23:56:07 [INFO]   找到檔案：20260912排班統計表-台中.xlsx (application/vnd.openxmlformats-officedocument.spreadsheetml.sheet)
2026-09-15 23:56:07 [INFO]   找到檔案：20261012排班統計表-台北.xlsx (application/vnd.openxmlformats-officedocument.spreadsheetml.sheet)
2026-09-15 23:56:07 [INFO]   找到檔案：20260912排班統計表-台北.xlsx (application/vnd.openxmlformats-officedocument.spreadsheetml.sheet)
2026-09-15 23:56:07 [INFO]   找到檔案：20261011排班統計表-台中 (application/vnd.google-apps.spreadsheet)
2026-09-15 23:56:07 [INFO]   找到檔案：20261011排班統計表-台北 (application/vnd.google-apps.spreadsheet)
2026-09-15 23:56:07 [INFO]   找到檔案：20260911排班統計表-台中 (application/vnd.google-apps.spreadsheet)
2026-09-15 23:56:07 [INFO]   找到檔案：20260911排班統計表-台北 (application/vnd.google-apps.spreadsheet)
2026-09-15 23:56:07 [INFO]   找到檔案：20261011排班統計表-台中.xlsx (application/vnd.openxmlformats-officedocument.spreadsheetml.sheet)
2026-09-15 23:56:07 [INFO]   找到檔案：20260911排班統計表-台中.xlsx (application/vnd.openxmlformats-officedocument.spreadsheetml.sheet)
2026-09-15 23:56:07 [INFO]   找到檔案：20261011排班統計表-台北.xlsx (application/vnd.openxmlformats-officedocument.spreadsheetml.sheet)
2026-09-15 23:56:07 [INFO]   找到檔案：20260911排班統計表-台北.xlsx (application/vnd.openxmlformats-officedocument.spreadsheetml.sheet)
2026-09-15 23:56:07 [INFO]   找到檔案：20261010排班統計表-台中 (application/vnd.google-apps.spreadsheet)
2026-09-15 23:56:07 [INFO]   找到檔案：20261010排班統計表-台北 (application/vnd.google-apps.spreadsheet)
2026-09-15 23:56:07 [INFO]   找到檔案：20260910排班統計表-台中 (application/vnd.google-apps.spreadsheet)
2026-09-15 23:56:07 [INFO]   找到檔案：20260910排班統計表-台北 (application/vnd.google-apps.spreadsheet)
2026-09-15 23:56:07 [INFO]   找到檔案：20261010排班統計表-台中.xlsx (application/vnd.openxmlformats-officedocument.spreadsheetml.sheet)
2026-09-15 23:56:07 [INFO]   找到檔案：20260910排班統計表-台中.xlsx (application/vnd.openxmlformats-officedocument.spreadsheetml.sheet)
2026-09-15 23:56:07 [INFO]   找到檔案：20261010排班統計表-台北.xlsx (application/vnd.openxmlformats-officedocument.spreadsheetml.sheet)
2026-09-15 23:56:07 [INFO]   找到檔案：20260910排班統計表-台北.xlsx (application/vnd.openxmlformats-officedocument.spreadsheetml.sheet)
2026-09-15 23:56:07 [INFO]   找到檔案：20261009排班統計表-台中 (application/vnd.google-apps.spreadsheet)
2026-09-15 23:56:07 [INFO]   找到檔案：20261009排班統計表-台北 (application/vnd.google-apps.spreadsheet)
2026-09-15 23:56:07 [INFO]   找到檔案：20260909排班統計表-台中 (application/vnd.google-apps.spreadsheet)
2026-09-15 23:56:07 [INFO]   找到檔案：20260909排班統計表-台北 (application/vnd.google-apps.spreadsheet)
2026-09-15 23:56:07 [INFO]   找到檔案：20261009排班統計表-台中.xlsx (application/vnd.openxmlformats-officedocument.spreadsheetml.sheet)
2026-09-15 23:56:07 [INFO]   找到檔案：20260909排班統計表-台中.xlsx (application/vnd.openxmlformats-officedocument.spreadsheetml.sheet)
2026-09-15 23:56:07 [INFO]   找到檔案：20261009排班統計表-台北.xlsx (application/vnd.openxmlformats-officedocument.spreadsheetml.sheet)
2026-09-15 23:56:07 [INFO]   找到檔案：20260909排班統計表-台北.xlsx (application/vnd.openxmlformats-officedocument.spreadsheetml.sheet)
2026-09-15 23:56:07 [INFO]   找到檔案：20261008排班統計表-台中 (application/vnd.google-apps.spreadsheet)
2026-09-15 23:56:07 [INFO]   找到檔案：20261008排班統計表-台北 (application/vnd.google-apps.spreadsheet)
2026-09-15 23:56:07 [INFO]   找到檔案：20260908排班統計表-台中 (application/vnd.google-apps.spreadsheet)
2026-09-15 23:56:07 [INFO]   找到檔案：20260908排班統計表-台北 (application/vnd.google-apps.spreadsheet)
2026-09-15 23:56:07 [INFO]   找到檔案：20261008排班統計表-台中.xlsx (application/vnd.openxmlformats-officedocument.spreadsheetml.sheet)
2026-09-15 23:56:07 [INFO]   找到檔案：20260908排班統計表-台中.xlsx (application/vnd.openxmlformats-officedocument.spreadsheetml.sheet)
2026-09-15 23:56:07 [INFO]   找到檔案：20261008排班統計表-台北.xlsx (application/vnd.openxmlformats-officedocument.spreadsheetml.sheet)
2026-09-15 23:56:07 [INFO]   找到檔案：20260908排班統計表-台北.xlsx (application/vnd.openxmlformats-officedocument.spreadsheetml.sheet)
2026-09-15 23:56:07 [INFO]   找到檔案：20261007排班統計表-台中 (application/vnd.google-apps.spreadsheet)
2026-09-15 23:56:07 [INFO]   找到檔案：20261007排班統計表-台北 (application/vnd.google-apps.spreadsheet)
2026-09-15 23:56:07 [INFO]   找到檔案：20260907排班統計表-台中 (application/vnd.google-apps.spreadsheet)
2026-09-15 23:56:07 [INFO]   找到檔案：20260907排班統計表-台北 (application/vnd.google-apps.spreadsheet)
2026-09-15 23:56:07 [INFO]   找到檔案：20261007排班統計表-台中.xlsx (application/vnd.openxmlformats-officedocument.spreadsheetml.sheet)
2026-09-15 23:56:07 [INFO]   找到檔案：20260907排班統計表-台中.xlsx (application/vnd.openxmlformats-officedocument.spreadsheetml.sheet)
2026-09-15 23:56:07 [INFO]   找到檔案：20261007排班統計表-台北.xlsx (application/vnd.openxmlformats-officedocument.spreadsheetml.sheet)
2026-09-15 23:56:07 [INFO]   找到檔案：20260907排班統計表-台北.xlsx (application/vnd.openxmlformats-officedocument.spreadsheetml.sheet)
2026-09-15 23:56:07 [INFO]   找到檔案：20261006排班統計表-台中 (application/vnd.google-apps.spreadsheet)
2026-09-15 23:56:07 [INFO]   找到檔案：20261006排班統計表-台北 (application/vnd.google-apps.spreadsheet)
2026-09-15 23:56:07 [INFO]   找到檔案：20260906排班統計表-台中 (application/vnd.google-apps.spreadsheet)
2026-09-15 23:56:07 [INFO]   找到檔案：20260906排班統計表-台北 (application/vnd.google-apps.spreadsheet)
2026-09-15 23:56:07 [INFO]   找到檔案：20261006排班統計表-台中.xlsx (application/vnd.openxmlformats-officedocument.spreadsheetml.sheet)
2026-09-15 23:56:07 [INFO]   找到檔案：20260906排班統計表-台中.xlsx (application/vnd.openxmlformats-officedocument.spreadsheetml.sheet)
2026-09-15 23:56:07 [INFO]   找到檔案：20261006排班統計表-台北.xlsx (application/vnd.openxmlformats-officedocument.spreadsheetml.sheet)
2026-09-15 23:56:07 [INFO]   找到檔案：20260906排班統計表-台北.xlsx (application/vnd.openxmlformats-officedocument.spreadsheetml.sheet)
2026-09-15 23:56:07 [INFO]   找到檔案：20261005排班統計表-台中 (application/vnd.google-apps.spreadsheet)
2026-09-15 23:56:07 [INFO]   找到檔案：20261005排班統計表-台北 (application/vnd.google-apps.spreadsheet)
2026-09-15 23:56:07 [INFO]   找到檔案：20260905排班統計表-台中 (application/vnd.google-apps.spreadsheet)
2026-09-15 23:56:07 [INFO]   找到檔案：20260905排班統計表-台北 (application/vnd.google-apps.spreadsheet)
2026-09-15 23:56:07 [INFO]   找到檔案：20261005排班統計表-台中.xlsx (application/vnd.openxmlformats-officedocument.spreadsheetml.sheet)
2026-09-15 23:56:07 [INFO]   找到檔案：20260905排班統計表-台中.xlsx (application/vnd.openxmlformats-officedocument.spreadsheetml.sheet)
2026-09-15 23:56:07 [INFO]   找到檔案：20261005排班統計表-台北.xlsx (application/vnd.openxmlformats-officedocument.spreadsheetml.sheet)
2026-09-15 23:56:07 [INFO]   找到檔案：20260905排班統計表-台北.xlsx (application/vnd.openxmlformats-officedocument.spreadsheetml.sheet)
2026-09-15 23:56:07 [INFO]   找到檔案：20261004排班統計表-台中 (application/vnd.google-apps.spreadsheet)
2026-09-15 23:56:07 [INFO]   找到檔案：20261004排班統計表-台北 (application/vnd.google-apps.spreadsheet)
2026-09-15 23:56:07 [INFO]   找到檔案：20260904排班統計表-台中 (application/vnd.google-apps.spreadsheet)
2026-09-15 23:56:07 [INFO]   找到檔案：20260904排班統計表-台北 (application/vnd.google-apps.spreadsheet)
2026-09-15 23:56:07 [INFO]   找到檔案：20261004排班統計表-台中.xlsx (application/vnd.openxmlformats-officedocument.spreadsheetml.sheet)
2026-09-15 23:56:07 [INFO]   找到檔案：20260904排班統計表-台中.xlsx (application/vnd.openxmlformats-officedocument.spreadsheetml.sheet)
2026-09-15 23:56:07 [INFO]   找到檔案：20261004排班統計表-台北.xlsx (application/vnd.openxmlformats-officedocument.spreadsheetml.sheet)
2026-09-15 23:56:07 [INFO]   找到檔案：20260904排班統計表-台北.xlsx (application/vnd.openxmlformats-officedocument.spreadsheetml.sheet)
2026-09-15 23:56:07 [INFO]   找到檔案：20261003排班統計表-台中 (application/vnd.google-apps.spreadsheet)
2026-09-15 23:56:07 [INFO]   找到檔案：20261003排班統計表-台北 (application/vnd.google-apps.spreadsheet)
2026-09-15 23:56:07 [INFO]   找到檔案：20260903排班統計表-台中 (application/vnd.google-apps.spreadsheet)
2026-09-15 23:56:07 [INFO]   找到檔案：20260903排班統計表-台北 (application/vnd.google-apps.spreadsheet)
2026-09-15 23:56:07 [INFO]   找到檔案：20261003排班統計表-台中.xlsx (application/vnd.openxmlformats-officedocument.spreadsheetml.sheet)
2026-09-15 23:56:07 [INFO]   找到檔案：20260903排班統計表-台中.xlsx (application/vnd.openxmlformats-officedocument.spreadsheetml.sheet)
2026-09-15 23:56:07 [INFO]   找到檔案：20261003排班統計表-台北.xlsx (application/vnd.openxmlformats-officedocument.spreadsheetml.sheet)
2026-09-15 23:56:07 [INFO]   找到檔案：20260903排班統計表-台北.xlsx (application/vnd.openxmlformats-officedocument.spreadsheetml.sheet)
2026-09-15 23:56:07 [INFO]   找到檔案：20261002排班統計表-台中 (application/vnd.google-apps.spreadsheet)
2026-09-15 23:56:07 [INFO]   找到檔案：20261002排班統計表-台北 (application/vnd.google-apps.spreadsheet)
2026-09-15 23:56:07 [INFO]   找到檔案：20260902排班統計表-台中 (application/vnd.google-apps.spreadsheet)
2026-09-15 23:56:07 [INFO]   找到檔案：20260902排班統計表-台北 (application/vnd.google-apps.spreadsheet)
2026-09-15 23:56:07 [INFO]   找到檔案：20261002排班統計表-台中.xlsx (application/vnd.openxmlformats-officedocument.spreadsheetml.sheet)
2026-09-15 23:56:07 [INFO]   找到檔案：20260902排班統計表-台中.xlsx (application/vnd.openxmlformats-officedocument.spreadsheetml.sheet)
2026-09-15 23:56:07 [INFO]   找到檔案：20261002排班統計表-台北.xlsx (application/vnd.openxmlformats-officedocument.spreadsheetml.sheet)
2026-09-15 23:56:07 [INFO]   找到檔案：20260902排班統計表-台北.xlsx (application/vnd.openxmlformats-officedocument.spreadsheetml.sheet)
2026-09-15 23:56:07 [INFO]   找到檔案：20261001排班統計表-台中.xlsx (application/vnd.openxmlformats-officedocument.spreadsheetml.sheet)
2026-09-15 23:56:07 [INFO]   找到檔案：20260901排班統計表-台中.xlsx (application/vnd.openxmlformats-officedocument.spreadsheetml.sheet)
2026-09-15 23:56:07 [INFO]   找到檔案：20261001排班統計表-台北.xlsx (application/vnd.openxmlformats-officedocument.spreadsheetml.sheet)
2026-09-15 23:56:07 [INFO]   找到檔案：20260901排班統計表-台北.xlsx (application/vnd.openxmlformats-officedocument.spreadsheetml.sheet)
2026-09-15 23:56:07 [INFO]   找到檔案：20261001排班統計表-台中 (application/vnd.google-apps.spreadsheet)
2026-09-15 23:56:07 [INFO]   找到檔案：20261001排班統計表-台北 (application/vnd.google-apps.spreadsheet)
2026-09-15 23:56:07 [INFO]   找到檔案：20260901排班統計表-台中 (application/vnd.google-apps.spreadsheet)
2026-09-15 23:56:07 [INFO]   找到檔案：20260901排班統計表-台北 (application/vnd.google-apps.spreadsheet)
2026-09-15 23:56:07 [INFO]   找到檔案：20260931排班統計表-台中 (application/vnd.google-apps.spreadsheet)
2026-09-15 23:56:07 [INFO]   找到檔案：20260931排班統計表-台北 (application/vnd.google-apps.spreadsheet)
2026-09-15 23:56:07 [INFO]   找到檔案：20260931排班統計表-台中.xlsx (application/vnd.openxmlformats-officedocument.spreadsheetml.sheet)
2026-09-15 23:56:07 [INFO]   找到檔案：20260931排班統計表-台北.xlsx (application/vnd.openxmlformats-officedocument.spreadsheetml.sheet)
2026-09-15 23:56:07 [INFO] 排班檔確認 OK：{'202609': {'taipei': '20260916排班統計表-台北.xlsx', 'taichung': '20260916排班統計表-台中.xlsx'}, '202610': {'taipei': '20261016排班統計表-台北.xlsx', 'taichung': '20261016排班統計表-台中.xlsx'}}
2026-09-15 23:56:08 [INFO]   已清除範圍（202609 台北）：G3:O1026
2026-09-15 23:56:08 [INFO]   匯入：20260916排班統計表-台北.xlsx
2026-09-15 23:56:08 [INFO]   xlsx → Google Sheets：20260916排班統計表-台北
2026-09-15 23:56:09 [INFO] file_cache is only supported with oauth2client<4.0.0
2026-09-15 23:56:15 [INFO]   轉換完成，新 Google Sheets ID：1dVHv1omZsy3yoq4GKyfp0hDkHM3SkfVrBuzh3042AEI
2026-09-15 23:56:16 [INFO]   → 寫入 82 列（起始 R3C7）
2026-09-15 23:56:16 [INFO]   已清除範圍（202609 台中）：CD3:CL1026
2026-09-15 23:56:16 [INFO]   匯入：20260916排班統計表-台中.xlsx
2026-09-15 23:56:16 [INFO]   xlsx → Google Sheets：20260916排班統計表-台中
2026-09-15 23:56:17 [INFO] file_cache is only supported with oauth2client<4.0.0
2026-09-15 23:56:22 [INFO]   轉換完成，新 Google Sheets ID：1f76T4Ztgu2Es7tUY5fbpgBvx2C5Du7j7bTeydeOyrqw
2026-09-15 23:56:23 [INFO]   → 寫入 12 列（起始 R3C82）
2026-09-15 23:56:23 [INFO]   已清除範圍（202610 台北）：V3:AD1026
2026-09-15 23:56:23 [INFO]   匯入：20261016排班統計表-台北.xlsx
2026-09-15 23:56:23 [INFO]   xlsx → Google Sheets：20261016排班統計表-台北
2026-09-15 23:56:24 [INFO] file_cache is only supported with oauth2client<4.0.0
2026-09-15 23:56:29 [INFO]   轉換完成，新 Google Sheets ID：1XNtZxVPKlp2vshC5BkfxPKxj1rQiYcCLMKPwqFyowY4
2026-09-15 23:56:30 [INFO]   → 寫入 67 列（起始 R3C22）
2026-09-15 23:56:31 [INFO]   已清除範圍（202610 台中）：CS3:DA1026
2026-09-15 23:56:31 [INFO]   匯入：20261016排班統計表-台中.xlsx
2026-09-15 23:56:31 [INFO]   xlsx → Google Sheets：20261016排班統計表-台中
2026-09-15 23:56:31 [INFO] file_cache is only supported with oauth2client<4.0.0
2026-09-15 23:56:47 [INFO]   轉換完成，新 Google Sheets ID：1PKxVIOplKQZdXgCCXE76t9AtDog2whc28qUKX-FdZbw
2026-09-15 23:56:48 [INFO]   → 寫入 8 列（起始 R3C97）
2026-09-15 23:56:49 [INFO] Step 1 完成（43.7s）
2026-09-15 23:56:50 [INFO] === 全部完成 run_id=f6c59cbc（44.6s）===
