開始執行：專員個資
⚠️ 一鍵日排程 secrets TOML 注入失敗：No secrets found. Valid paths for a secrets.toml file or secret directories are: /home/runner/.streamlit/secrets.toml, /home/runner/work/tool-system/tool-system/.streamlit/secrets.toml
⚠️ 一鍵日排程 secrets env 注入失敗：No secrets found. Valid paths for a secrets.toml file or secret directories are: /home/runner/.streamlit/secrets.toml, /home/runner/work/tool-system/tool-system/.streamlit/secrets.toml
OAuth env ready = True
OAuth bootstrap forced = True
Command: Python bootstrap -> /home/runner/work/tool-system/tool-system/tools/scheduled_daily/staff_info.py
[2026-09-16 04:19:37] ====================================================
[2026-09-16 04:19:37] staff_info.py 開始執行
[2026-09-16 04:19:37] GITHUB_ACTIONS = true
[2026-09-16 04:19:37] PWD = /home/runner/work/tool-system/tool-system
[2026-09-16 04:19:37] LOCAL_OUTPUT_DIR = /Users/jenny/Library/CloudStorage/GoogleDrive-jenny@lemonclean.com.tw/我的雲端硬碟/lemon_Jenny/Jenny@lemon程式/專員個資
[2026-09-16 04:19:37] LOCAL_OUTPUT_DIR exists = False
[2026-09-16 04:19:37] can_use_local_output_dir = False
[2026-09-16 04:19:37] root folder_id = 11O6eKHQ1e3Irqps7Kq1XJOSVVge3pCAc
[2026-09-16 04:19:37] ====================================================
[2026-09-16 04:19:37] Google Drive 初始化成功
[2026-09-16 04:19:38] 📁 使用既有資料夾：專員個資
[2026-09-16 04:19:38] today_stamp = 20260916
[2026-09-16 04:19:38] 專員個資 folder_id = 1v1Er8oC3BEAWHbBrDq3SUpjEDwHIuK0f
[2026-09-16 04:19:38] 帳號數量 = 2
[2026-09-16 04:19:38] 
[2026-09-16 04:19:38] === 開始處理 台北 ===
[2026-09-16 04:19:38] 開始登入：jenny@lemonclean.com.tw
[2026-09-16 04:19:40] 登入成功：jenny@lemonclean.com.tw
[2026-09-16 04:19:40] 開始下載：city=台北 / filename=20260916專員個資-台北.xlsx
[2026-09-16 04:19:42] ✅ 已下載到暫存：/tmp/tmpxxlxisy2/20260916專員個資-台北.xlsx
[2026-09-16 04:19:42] 📦 檔案大小：228352 bytes
[2026-09-16 04:19:42] 📂 暫存目錄存在：True
[2026-09-16 04:19:42] 📄 暫存檔案存在：True
[2026-09-16 04:19:42] 目前不是 Jenny 本機環境，略過本機存檔
[2026-09-16 04:19:42] Google Drive 初始化成功
[2026-09-16 04:19:43] 準備上傳到 Google Drive：20260916專員個資-台北.xlsx
[2026-09-16 04:19:46] ☁️ 已上傳新檔：20260916專員個資-台北.xlsx (file_id=1ZkKBcjQ06pjWAVMvSfP2k4SantQiH__y) https://docs.google.com/spreadsheets/d/1ZkKBcjQ06pjWAVMvSfP2k4SantQiH__y/edit?usp=drivesdk&ouid=101667783075862487943&rtpof=true&sd=true
[2026-09-16 04:19:46] ✅ 完成處理：20260916專員個資-台北.xlsx
[2026-09-16 04:19:46] ✅ 台北 全部完成
[2026-09-16 04:19:46] 
[2026-09-16 04:19:46] === 開始處理 台中 ===
[2026-09-16 04:19:46] 開始登入：jenny.tc@lemonclean.com.tw
[2026-09-16 04:19:47] 登入成功：jenny.tc@lemonclean.com.tw
[2026-09-16 04:19:47] 開始下載：city=台中 / filename=20260916專員個資-台中.xlsx
[2026-09-16 04:19:47] ✅ 已下載到暫存：/tmp/tmputoglqbj/20260916專員個資-台中.xlsx
[2026-09-16 04:19:47] 📦 檔案大小：59904 bytes
[2026-09-16 04:19:47] 📂 暫存目錄存在：True
[2026-09-16 04:19:47] 📄 暫存檔案存在：True
[2026-09-16 04:19:47] 目前不是 Jenny 本機環境，略過本機存檔
[2026-09-16 04:19:47] Google Drive 初始化成功
[2026-09-16 04:19:47] 準備上傳到 Google Drive：20260916專員個資-台中.xlsx
[2026-09-16 04:19:50] ☁️ 已上傳新檔：20260916專員個資-台中.xlsx (file_id=1yqitNsjnNHO1mlFMkjiOuoHL4A8N2MFk) https://docs.google.com/spreadsheets/d/1yqitNsjnNHO1mlFMkjiOuoHL4A8N2MFk/edit?usp=drivesdk&ouid=101667783075862487943&rtpof=true&sd=true
[2026-09-16 04:19:50] ✅ 完成處理：20260916專員個資-台中.xlsx
[2026-09-16 04:19:50] ✅ 台中 全部完成
[2026-09-16 04:19:50] 🎉 staff_info.py 全部完成

完成執行：專員個資
scheduled_daily scheduler 全部完成
