📋 log_spreadsheet_id 已從設定檔載入
📝 外場排程打卡：外場專員個資 / running
Command: /opt/hostedtoolcache/Python/3.11.16/x64/bin/python -u -m tools.field_management.staff_profile --date 20261003 --system-name 外場排程系統 --run-type 排程
[2026-10-03 06:04:38] 開始處理專員個資：20261003專員個資-台北
🔄 Jenny OAuth 已將來源 Excel 轉成暫存 Google Sheet：1HRfGTlH76ENX5-OszxqWIQvH38DV_GDvmz2YSJFcIb8
🗑️ 已刪除來源暫存 Google Sheet：1HRfGTlH76ENX5-OszxqWIQvH38DV_GDvmz2YSJFcIb8
[2026-10-03 06:04:47] 完成專員個資：20261003專員個資-台北.xlsx → 專員個人資料!A4:C / rows=93
[2026-10-03 06:04:49] 開始處理訂單截取：20261003訂單-台北
🔄 Jenny OAuth 已將來源 Excel 轉成暫存 Google Sheet：1CbWmb-vS_DnnharAKKWp5Ue1AVy4YSE-sYLyoiWJseM
🗑️ 已刪除來源暫存 Google Sheet：1CbWmb-vS_DnnharAKKWp5Ue1AVy4YSE-sYLyoiWJseM
[2026-10-03 06:04:59] 完成訂單截取：20261003訂單-台北.xls → 專員個人資料!G1:N / rows=536
[2026-10-03 06:05:00] 開始處理專員個資：20261003專員個資-台中
🔄 Jenny OAuth 已將來源 Excel 轉成暫存 Google Sheet：1gG3jDeFJm6qYySRu7kUzRaUiphEIFr7xBue6ELBow1A
🗑️ 已刪除來源暫存 Google Sheet：1gG3jDeFJm6qYySRu7kUzRaUiphEIFr7xBue6ELBow1A
[2026-10-03 06:05:09] 完成專員個資：20261003專員個資-台中.xlsx → 專員個人資料!A4:C / rows=16
[2026-10-03 06:05:10] 開始處理訂單截取：20261003訂單-台中
🔄 Jenny OAuth 已將來源 Excel 轉成暫存 Google Sheet：1ZUZx9uiW4rFT_GsM0KamWOoMDcB5DFl_jwzJlPw8kw0
🗑️ 已刪除來源暫存 Google Sheet：1ZUZx9uiW4rFT_GsM0KamWOoMDcB5DFl_jwzJlPw8kw0
[2026-10-03 06:05:17] 完成訂單截取：20261003訂單-台中.xls → 專員個人資料!G1:N / rows=44
[2026-10-03 06:05:18] staff_profile.py 全部完成

📝 外場排程打卡：外場專員個資 / success
field_management scheduler 全部完成
