開始執行：排班統計表
⚠️ 一鍵日排程 secrets TOML 注入失敗：No secrets found. Valid paths for a secrets.toml file or secret directories are: /home/runner/.streamlit/secrets.toml, /home/runner/work/tool-system/tool-system/.streamlit/secrets.toml
⚠️ 一鍵日排程 secrets env 注入失敗：No secrets found. Valid paths for a secrets.toml file or secret directories are: /home/runner/.streamlit/secrets.toml, /home/runner/work/tool-system/tool-system/.streamlit/secrets.toml
OAuth env ready = True
OAuth bootstrap forced = True
Command: Python bootstrap -> /home/runner/work/tool-system/tool-system/tools/scheduled_daily/schedule_report.py
[2026-10-03 01:01:33] ====================================================
[2026-10-03 01:01:33] schedule_report.py 開始執行
[2026-10-03 01:01:33] GITHUB_ACTIONS = true
[2026-10-03 01:01:33] PWD = /home/runner/work/tool-system/tool-system
[2026-10-03 01:01:33] LOCAL_OUTPUT_DIR = /Users/jenny/Library/CloudStorage/GoogleDrive-jenny@lemonclean.com.tw/.shortcut-targets-by-id/1zbu45AG1adMzz24HPdi_tLfh2Tncw_Br/排班統計表
[2026-10-03 01:01:33] LOCAL_OUTPUT_DIR exists = False
[2026-10-03 01:01:33] can_use_local_output_dir = False
[2026-10-03 01:01:33] root folder_id = 11O6eKHQ1e3Irqps7Kq1XJOSVVge3pCAc
[2026-10-03 01:01:33] ====================================================
[2026-10-03 01:01:33] Google Drive 初始化成功
[2026-10-03 01:01:34] 📁 使用既有資料夾：排班統計表
[2026-10-03 01:01:34] this_month = 2026-10
[2026-10-03 01:01:34] next_month = 2026-11
[2026-10-03 01:01:34] today_stamp = 20261003
[2026-10-03 01:01:34] next_month_stamp = 20261103
[2026-10-03 01:01:34] 排班統計表 folder_id = 18XDXdrCSsLYwSzz1Da9pQh-jGm2h2Ed8
[2026-10-03 01:01:34] 帳號數量 = 2
[2026-10-03 01:01:34] 
[2026-10-03 01:01:34] === 開始處理 台北 ===
[2026-10-03 01:01:34] 開始登入：jenny@lemonclean.com.tw
[2026-10-03 01:01:35] 登入成功：jenny@lemonclean.com.tw
[2026-10-03 01:01:35] 開始下載：month=2026-10 / filename=20261003排班統計表-台北.xlsx
[2026-10-03 01:01:36] ✅ 已下載到暫存：/tmp/tmpy_12tygu/20261003排班統計表-台北.xlsx
[2026-10-03 01:01:36] 📦 檔案大小：17920 bytes
[2026-10-03 01:01:36] 📂 暫存目錄存在：True
[2026-10-03 01:01:36] 📄 暫存檔案存在：True
[2026-10-03 01:01:36] 目前不是 Jenny 本機環境，略過本機存檔
[2026-10-03 01:01:36] Google Drive 初始化成功
[2026-10-03 01:01:36] 準備上傳到 Google Drive：20261003排班統計表-台北.xlsx
[2026-10-03 01:01:39] ☁️ 已上傳新檔：20261003排班統計表-台北.xlsx (file_id=1Qru1FxI5MbXRGZc_mG-J3HiugzJO-JdE) https://docs.google.com/spreadsheets/d/1Qru1FxI5MbXRGZc_mG-J3HiugzJO-JdE/edit?usp=drivesdk&ouid=101667783075862487943&rtpof=true&sd=true
[2026-10-03 01:01:39] ✅ 完成處理：20261003排班統計表-台北.xlsx
[2026-10-03 01:01:39] 開始下載：month=2026-11 / filename=20261103排班統計表-台北.xlsx
[2026-10-03 01:01:40] ✅ 已下載到暫存：/tmp/tmplbu5gbw0/20261103排班統計表-台北.xlsx
[2026-10-03 01:01:40] 📦 檔案大小：8192 bytes
[2026-10-03 01:01:40] 📂 暫存目錄存在：True
[2026-10-03 01:01:40] 📄 暫存檔案存在：True
[2026-10-03 01:01:40] 目前不是 Jenny 本機環境，略過本機存檔
[2026-10-03 01:01:40] Google Drive 初始化成功
[2026-10-03 01:01:40] 準備上傳到 Google Drive：20261103排班統計表-台北.xlsx
[2026-10-03 01:01:43] ☁️ 已上傳新檔：20261103排班統計表-台北.xlsx (file_id=1U7dAPTf-f-Sy4Bzuketp5GBDjSLCQ5nb) https://docs.google.com/spreadsheets/d/1U7dAPTf-f-Sy4Bzuketp5GBDjSLCQ5nb/edit?usp=drivesdk&ouid=101667783075862487943&rtpof=true&sd=true
[2026-10-03 01:01:43] ✅ 完成處理：20261103排班統計表-台北.xlsx
[2026-10-03 01:01:43] ✅ 台北 全部完成
[2026-10-03 01:01:43] 
[2026-10-03 01:01:43] === 開始處理 台中 ===
[2026-10-03 01:01:43] 開始登入：jenny.tc@lemonclean.com.tw
[2026-10-03 01:01:44] 登入成功：jenny.tc@lemonclean.com.tw
[2026-10-03 01:01:44] 開始下載：month=2026-10 / filename=20261003排班統計表-台中.xlsx
[2026-10-03 01:01:44] ✅ 已下載到暫存：/tmp/tmpyhk2bg4k/20261003排班統計表-台中.xlsx
[2026-10-03 01:01:44] 📦 檔案大小：6144 bytes
[2026-10-03 01:01:44] 📂 暫存目錄存在：True
[2026-10-03 01:01:44] 📄 暫存檔案存在：True
[2026-10-03 01:01:44] 目前不是 Jenny 本機環境，略過本機存檔
[2026-10-03 01:01:44] Google Drive 初始化成功
[2026-10-03 01:01:44] 準備上傳到 Google Drive：20261003排班統計表-台中.xlsx
[2026-10-03 01:01:47] ☁️ 已上傳新檔：20261003排班統計表-台中.xlsx (file_id=1ZSThemM2WCwE3YiCstblGAiZaTAvKluI) https://docs.google.com/spreadsheets/d/1ZSThemM2WCwE3YiCstblGAiZaTAvKluI/edit?usp=drivesdk&ouid=101667783075862487943&rtpof=true&sd=true
[2026-10-03 01:01:47] ✅ 完成處理：20261003排班統計表-台中.xlsx
[2026-10-03 01:01:47] 開始下載：month=2026-11 / filename=20261103排班統計表-台中.xlsx
[2026-10-03 01:01:47] ✅ 已下載到暫存：/tmp/tmpj935_laz/20261103排班統計表-台中.xlsx
[2026-10-03 01:01:47] 📦 檔案大小：4608 bytes
[2026-10-03 01:01:47] 📂 暫存目錄存在：True
[2026-10-03 01:01:47] 📄 暫存檔案存在：True
[2026-10-03 01:01:47] 目前不是 Jenny 本機環境，略過本機存檔
[2026-10-03 01:01:47] Google Drive 初始化成功
[2026-10-03 01:01:47] 準備上傳到 Google Drive：20261103排班統計表-台中.xlsx
[2026-10-03 01:01:51] ☁️ 已上傳新檔：20261103排班統計表-台中.xlsx (file_id=1FDz_WOts8Gx10C6btN75Vl_sEZVEQgmO) https://docs.google.com/spreadsheets/d/1FDz_WOts8Gx10C6btN75Vl_sEZVEQgmO/edit?usp=drivesdk&ouid=101667783075862487943&rtpof=true&sd=true
[2026-10-03 01:01:51] ✅ 完成處理：20261103排班統計表-台中.xlsx
[2026-10-03 01:01:51] ✅ 台中 全部完成
[2026-10-03 01:01:51] 🎉 schedule_report.py 全部完成

完成執行：排班統計表
scheduled_daily scheduler 全部完成
