2026-10-02 22:01:28 [INFO] === 客服排程系統 run_id=7564aae2 step=1 台北時間=2026-10-03 06:01:28 ===
2026-10-02 22:01:28 [INFO] 目標試算表 ID 來源：環境變數 SERVICE_TARGET_SPREADSHEET_ID
2026-10-02 22:01:28 [INFO] file_cache is only supported with oauth2client<4.0.0
2026-10-02 22:01:49 [INFO] --- Step1_更新排班統計表 ---
2026-10-02 22:01:51 [INFO] file_cache is only supported with oauth2client<4.0.0
2026-10-02 22:01:51 [INFO] 本次視窗：202610 ~ 202611（共 2 個月）
2026-10-02 22:01:51 [INFO] Drive 資料夾找到 21 個檔案
2026-10-02 22:01:51 [INFO]   找到檔案：20261003排班統計表-台北.xlsx_temp_1790978501 (application/vnd.google-apps.spreadsheet)
2026-10-02 22:01:51 [INFO]   找到檔案：20261103排班統計表-台中.xlsx (application/vnd.openxmlformats-officedocument.spreadsheetml.sheet)
2026-10-02 22:01:51 [INFO]   找到檔案：20261003排班統計表-台中.xlsx (application/vnd.openxmlformats-officedocument.spreadsheetml.sheet)
2026-10-02 22:01:51 [INFO]   找到檔案：20261103排班統計表-台北.xlsx (application/vnd.openxmlformats-officedocument.spreadsheetml.sheet)
2026-10-02 22:01:51 [INFO]   找到檔案：20261003排班統計表-台北.xlsx (application/vnd.openxmlformats-officedocument.spreadsheetml.sheet)
2026-10-02 22:01:51 [INFO]   找到檔案：20261102排班統計表-台中 (application/vnd.google-apps.spreadsheet)
2026-10-02 22:01:51 [INFO]   找到檔案：20261102排班統計表-台北 (application/vnd.google-apps.spreadsheet)
2026-10-02 22:01:51 [INFO]   找到檔案：20261002排班統計表-台中 (application/vnd.google-apps.spreadsheet)
2026-10-02 22:01:51 [INFO]   找到檔案：20261002排班統計表-台北 (application/vnd.google-apps.spreadsheet)
2026-10-02 22:01:51 [INFO]   找到檔案：20261102排班統計表-台中.xlsx (application/vnd.openxmlformats-officedocument.spreadsheetml.sheet)
2026-10-02 22:01:51 [INFO]   找到檔案：20261002排班統計表-台中.xlsx (application/vnd.openxmlformats-officedocument.spreadsheetml.sheet)
2026-10-02 22:01:51 [INFO]   找到檔案：20261102排班統計表-台北.xlsx (application/vnd.openxmlformats-officedocument.spreadsheetml.sheet)
2026-10-02 22:01:51 [INFO]   找到檔案：20261002排班統計表-台北.xlsx (application/vnd.openxmlformats-officedocument.spreadsheetml.sheet)
2026-10-02 22:01:51 [INFO]   找到檔案：20261101排班統計表-台中 (application/vnd.google-apps.spreadsheet)
2026-10-02 22:01:51 [INFO]   找到檔案：20261101排班統計表-台北 (application/vnd.google-apps.spreadsheet)
2026-10-02 22:01:51 [INFO]   找到檔案：20261001排班統計表-台中 (application/vnd.google-apps.spreadsheet)
2026-10-02 22:01:51 [INFO]   找到檔案：20261001排班統計表-台北 (application/vnd.google-apps.spreadsheet)
2026-10-02 22:01:51 [INFO]   找到檔案：20261101排班統計表-台中.xlsx (application/vnd.openxmlformats-officedocument.spreadsheetml.sheet)
2026-10-02 22:01:51 [INFO]   找到檔案：20261001排班統計表-台中.xlsx (application/vnd.openxmlformats-officedocument.spreadsheetml.sheet)
2026-10-02 22:01:51 [INFO]   找到檔案：20261101排班統計表-台北.xlsx (application/vnd.openxmlformats-officedocument.spreadsheetml.sheet)
2026-10-02 22:01:51 [INFO]   找到檔案：20261001排班統計表-台北.xlsx (application/vnd.openxmlformats-officedocument.spreadsheetml.sheet)
2026-10-02 22:01:51 [INFO] 排班檔確認 OK：{'202610': {'taipei': '20261003排班統計表-台北.xlsx', 'taichung': '20261003排班統計表-台中.xlsx'}, '202611': {'taipei': '20261103排班統計表-台北.xlsx', 'taichung': '20261103排班統計表-台中.xlsx'}}
2026-10-02 22:01:52 [INFO]   已清除範圍（202610 台北）：G3:O1026
2026-10-02 22:01:52 [INFO]   匯入：20261003排班統計表-台北.xlsx
2026-10-02 22:01:52 [INFO]   xlsx → Google Sheets：20261003排班統計表-台北
2026-10-02 22:01:53 [INFO] file_cache is only supported with oauth2client<4.0.0
2026-10-02 22:01:55 [INFO]   轉換完成，新 Google Sheets ID：1y43r5gvTb61TevzrUbseAlApMSsPx2Oin4i1YA7P8e0
2026-10-02 22:01:56 [INFO]   → 寫入 84 列（起始 R3C7）
2026-10-02 22:01:56 [INFO]   已清除範圍（202610 台中）：CD3:CL1026
2026-10-02 22:01:56 [INFO]   匯入：20261003排班統計表-台中.xlsx
2026-10-02 22:01:56 [INFO]   xlsx → Google Sheets：20261003排班統計表-台中
2026-10-02 22:01:56 [INFO] file_cache is only supported with oauth2client<4.0.0
2026-10-02 22:01:59 [INFO]   轉換完成，新 Google Sheets ID：10QFoSPlORq2FbwMWUWwhF93pxqMQRyN7x-htzQwpuDI
2026-10-02 22:02:01 [INFO]   → 寫入 12 列（起始 R3C82）
2026-10-02 22:02:01 [INFO]   已清除範圍（202611 台北）：V3:AD1026
2026-10-02 22:02:01 [INFO]   匯入：20261103排班統計表-台北.xlsx
2026-10-02 22:02:01 [INFO]   xlsx → Google Sheets：20261103排班統計表-台北
2026-10-02 22:02:01 [INFO] file_cache is only supported with oauth2client<4.0.0
2026-10-02 22:02:09 [INFO]   轉換完成，新 Google Sheets ID：1qGar4aQK8aj9hmy06ppcTjKsl-7Q2gs0PmTQR5lR5uM
2026-10-02 22:02:10 [INFO]   → 寫入 22 列（起始 R3C22）
2026-10-02 22:02:10 [INFO]   已清除範圍（202611 台中）：CS3:DA1026
2026-10-02 22:02:10 [INFO]   匯入：20261103排班統計表-台中.xlsx
2026-10-02 22:02:10 [INFO]   xlsx → Google Sheets：20261103排班統計表-台中
2026-10-02 22:02:10 [INFO] file_cache is only supported with oauth2client<4.0.0
2026-10-02 22:02:14 [INFO]   轉換完成，新 Google Sheets ID：1eO8Sh1RhULHluTsodFwmtUWyTZFCjaCRwZWJ49C_km0
2026-10-02 22:02:15 [INFO]   → 寫入 1 列（起始 R3C97）
2026-10-02 22:02:16 [INFO] Step 1 完成（25.7s）
2026-10-02 22:02:17 [INFO] === 全部完成 run_id=7564aae2（26.8s）===
