2026-10-02 22:03:09 [INFO] === 客服排程系統 run_id=4417a20b step=3 台北時間=2026-10-03 06:03:09 ===
2026-10-02 22:03:09 [INFO] 目標試算表 ID 來源：環境變數 SERVICE_TARGET_SPREADSHEET_ID
2026-10-02 22:03:09 [INFO] file_cache is only supported with oauth2client<4.0.0
2026-10-02 22:03:26 [INFO] --- Step3_更新前一天營業分數及營業額 ---
2026-10-02 22:03:27 [INFO] 信件日期（台北時間）：2026-10-02
2026-10-02 22:03:49 [INFO]   [mail] text/plain 為空，fallback 到 text/html（4449 字元）
2026-10-02 22:03:52 [INFO]   近三日營業額-台北 → 選中 17:25:04（與17:25差4s）
2026-10-02 22:03:52 [INFO]   [debug] 行78 repr='2026-09-30：47分'
2026-10-02 22:03:52 [INFO]   [debug] 行79 repr='2026-10-01：212分'
2026-10-02 22:03:52 [INFO]   [debug] 行80 repr='2026-10-02：80分'
2026-10-02 22:03:52 [INFO]   [debug] 行81 repr='【家電清潔】日營業額'
2026-10-02 22:03:52 [INFO]   [debug] 行82 repr='2026-09-30：0分'
2026-10-02 22:03:52 [INFO]   [debug] 行83 repr='2026-10-01：0分'
2026-10-02 22:03:52 [INFO]   [debug] 行84 repr='2026-10-02：0分'
2026-10-02 22:03:52 [INFO]   [debug] 行85 repr='【儲值金】日營業額'
2026-10-02 22:04:04 [INFO]   [mail] text/plain 為空，fallback 到 text/html（1067 字元）
2026-10-02 22:04:05 [INFO]   近三日營業額-台中 → 選中 17:25:07（與17:25差7s）
2026-10-02 22:04:05 [INFO]   [debug] 行24 repr='2026-09-30：2分'
2026-10-02 22:04:05 [INFO]   [debug] 行25 repr='2026-10-01：10分'
2026-10-02 22:04:05 [INFO]   [debug] 行26 repr='2026-10-02：2分'
2026-10-02 22:04:05 [INFO]   [debug] 行27 repr='【家電清潔】日營業額'
2026-10-02 22:04:05 [INFO]   [debug] 行28 repr='2026-09-30：0分'
2026-10-02 22:04:05 [INFO]   [debug] 行29 repr='2026-10-01：0分'
2026-10-02 22:04:05 [INFO]   [debug] 行30 repr='2026-10-02：0分'
2026-10-02 22:04:05 [INFO]   [debug] 行31 repr='【儲值金】日營業額'
2026-10-02 22:04:05 [INFO]   台北：{'daily_value': 80, 'total_count': 293, 'total_amount': 585000}
2026-10-02 22:04:05 [INFO]   台中：{'daily_value': 2, 'total_count': 12, 'total_amount': 24800}
2026-10-02 22:04:06 [INFO] Step 3 完成，row=2421（39.3s）
2026-10-02 22:04:07 [INFO] === 全部完成 run_id=4417a20b（40.2s）===
