開始執行：專員班表
⚠️ 一鍵日排程 secrets TOML 注入失敗：No secrets found. Valid paths for a secrets.toml file or secret directories are: /home/runner/.streamlit/secrets.toml, /home/runner/work/tool-system/tool-system/.streamlit/secrets.toml
⚠️ 一鍵日排程 secrets env 注入失敗：No secrets found. Valid paths for a secrets.toml file or secret directories are: /home/runner/.streamlit/secrets.toml, /home/runner/work/tool-system/tool-system/.streamlit/secrets.toml
OAuth env ready = True
OAuth bootstrap forced = True
Command: Python bootstrap -> /home/runner/work/tool-system/tool-system/tools/scheduled_daily/staff_schedule.py
[2026-10-03 01:11:17] ====================================================
[2026-10-03 01:11:17] staff_schedule.py 開始執行
[2026-10-03 01:11:17] GITHUB_ACTIONS = true
[2026-10-03 01:11:17] PWD = /home/runner/work/tool-system/tool-system
[2026-10-03 01:11:17] LOCAL_OUTPUT_DIR = /Users/jenny/Library/CloudStorage/GoogleDrive-jenny@lemonclean.com.tw/我的雲端硬碟/lemon_Jenny/Jenny@lemon程式/專員班表
[2026-10-03 01:11:17] LOCAL_OUTPUT_DIR exists = False
[2026-10-03 01:11:17] can_use_local_output_dir = False
[2026-10-03 01:11:17] root folder_id = 11O6eKHQ1e3Irqps7Kq1XJOSVVge3pCAc
[2026-10-03 01:11:17] ====================================================
[2026-10-03 01:11:17] Google Drive 初始化成功
[2026-10-03 01:11:18] 📁 使用既有資料夾：專員班表
[2026-10-03 01:11:18] this_month = 2026-10
[2026-10-03 01:11:18] next_month = 2026-11
[2026-10-03 01:11:18] this_date = 20261003
[2026-10-03 01:11:18] next_date = 20261103
[2026-10-03 01:11:18] 專員班表 folder_id = 1V2AUNsT_jzQWawmnBNU_u-e7odYviwEk
[2026-10-03 01:11:18] 帳號數量 = 2
[2026-10-03 01:11:18] 
[2026-10-03 01:11:18] === 開始處理 台北 ===
[2026-10-03 01:11:18] 開始登入：jenny@lemonclean.com.tw
[2026-10-03 01:11:19] 登入成功：jenny@lemonclean.com.tw
[2026-10-03 01:11:19] 開始下載：city=台北 / month=2026-10 / filename=20261003專員班表-台北.xls
[2026-10-03 01:11:23] ✅ 已下載到暫存：/tmp/tmp3gxpblb0/20261003專員班表-台北.xls
[2026-10-03 01:11:23] 📦 檔案大小：134656 bytes
[2026-10-03 01:11:23] 📂 暫存目錄存在：True
[2026-10-03 01:11:23] 📄 暫存檔案存在：True
[2026-10-03 01:11:23] 目前不是 Jenny 本機環境，略過本機存檔
[2026-10-03 01:11:23] Google Drive 初始化成功
[2026-10-03 01:11:23] 準備上傳到 Google Drive：20261003專員班表-台北.xls
[2026-10-03 01:11:26] ☁️ 已上傳新檔：20261003專員班表-台北.xls (file_id=17X3R-jdu8rwKnmo2o8zfv5EfVjlflW3C) https://docs.google.com/spreadsheets/d/17X3R-jdu8rwKnmo2o8zfv5EfVjlflW3C/edit?usp=drivesdk&ouid=101667783075862487943&rtpof=true&sd=true
[2026-10-03 01:11:26] ✅ 完成處理：20261003專員班表-台北.xls
[2026-10-03 01:11:26] 開始下載：city=台北 / month=2026-11 / filename=20261103專員班表-台北.xls
[2026-10-03 01:11:28] ✅ 已下載到暫存：/tmp/tmpox3ryz2k/20261103專員班表-台北.xls
[2026-10-03 01:11:28] 📦 檔案大小：41984 bytes
[2026-10-03 01:11:28] 📂 暫存目錄存在：True
[2026-10-03 01:11:28] 📄 暫存檔案存在：True
[2026-10-03 01:11:28] 目前不是 Jenny 本機環境，略過本機存檔
[2026-10-03 01:11:28] Google Drive 初始化成功
[2026-10-03 01:11:28] 準備上傳到 Google Drive：20261103專員班表-台北.xls
[2026-10-03 01:11:31] ☁️ 已上傳新檔：20261103專員班表-台北.xls (file_id=11-6_WMFpZca1gGK7sOStaG6aIC3-Gx_a) https://docs.google.com/spreadsheets/d/11-6_WMFpZca1gGK7sOStaG6aIC3-Gx_a/edit?usp=drivesdk&ouid=101667783075862487943&rtpof=true&sd=true
[2026-10-03 01:11:31] ✅ 完成處理：20261103專員班表-台北.xls
[2026-10-03 01:11:31] ✅ 台北 全部完成
[2026-10-03 01:11:31] 
[2026-10-03 01:11:31] === 開始處理 台中 ===
[2026-10-03 01:11:31] 開始登入：jenny.tc@lemonclean.com.tw
[2026-10-03 01:11:32] 登入成功：jenny.tc@lemonclean.com.tw
[2026-10-03 01:11:32] 開始下載：city=台中 / month=2026-10 / filename=20261003專員班表-台中.xls
[2026-10-03 01:11:33] ✅ 已下載到暫存：/tmp/tmpaukz685p/20261003專員班表-台中.xls
[2026-10-03 01:11:33] 📦 檔案大小：26112 bytes
[2026-10-03 01:11:33] 📂 暫存目錄存在：True
[2026-10-03 01:11:33] 📄 暫存檔案存在：True
[2026-10-03 01:11:33] 目前不是 Jenny 本機環境，略過本機存檔
[2026-10-03 01:11:33] Google Drive 初始化成功
[2026-10-03 01:11:33] 準備上傳到 Google Drive：20261003專員班表-台中.xls
[2026-10-03 01:11:38] ☁️ 已上傳新檔：20261003專員班表-台中.xls (file_id=1ltIw6hb1DUV2MpDTlB8XlSmu_uyMYKLh) https://docs.google.com/spreadsheets/d/1ltIw6hb1DUV2MpDTlB8XlSmu_uyMYKLh/edit?usp=drivesdk&ouid=101667783075862487943&rtpof=true&sd=true
[2026-10-03 01:11:38] ✅ 完成處理：20261003專員班表-台中.xls
[2026-10-03 01:11:38] 開始下載：city=台中 / month=2026-11 / filename=20261103專員班表-台中.xls
[2026-10-03 01:11:38] ✅ 已下載到暫存：/tmp/tmp9nxpoyvj/20261103專員班表-台中.xls
[2026-10-03 01:11:38] 📦 檔案大小：6144 bytes
[2026-10-03 01:11:38] 📂 暫存目錄存在：True
[2026-10-03 01:11:38] 📄 暫存檔案存在：True
[2026-10-03 01:11:38] 目前不是 Jenny 本機環境，略過本機存檔
[2026-10-03 01:11:38] Google Drive 初始化成功
[2026-10-03 01:11:38] 準備上傳到 Google Drive：20261103專員班表-台中.xls
[2026-10-03 01:11:43] ☁️ 已上傳新檔：20261103專員班表-台中.xls (file_id=1DH1YxP5rOzV1L8jOTgPa1Fb1VFwDX75r) https://docs.google.com/spreadsheets/d/1DH1YxP5rOzV1L8jOTgPa1Fb1VFwDX75r/edit?usp=drivesdk&ouid=101667783075862487943&rtpof=true&sd=true
[2026-10-03 01:11:43] ✅ 完成處理：20261103專員班表-台中.xls
[2026-10-03 01:11:43] ✅ 台中 全部完成
[2026-10-03 01:11:43] 🎉 staff_schedule.py 全部完成

完成執行：專員班表
scheduled_daily scheduler 全部完成
