[config] spreadsheet_id='1nNAXy6rvBnGR8ACnqKKzKNA4-UwZtZp47i806EPmR_8'
2026-08-03 22:56:21 [INFO] 目標試算表 ID 來源：主控試算表系統設定
2026-08-03 22:56:21 [INFO] === 客服排程系統 run_id=8045f9bf step=1 台北時間=2026-08-04 06:56:19 ===
2026-08-03 22:56:21 [INFO] file_cache is only supported with oauth2client<4.0.0
2026-08-03 22:56:30 [INFO] --- Step1_更新排班統計表 ---
2026-08-03 22:56:31 [INFO] file_cache is only supported with oauth2client<4.0.0
2026-08-03 22:56:32 [INFO] Drive 資料夾找到 100 個檔案
2026-08-03 22:56:32 [INFO]   找到檔案：排班統計表20260904-台中.xlsx_temp_1785794161 (application/vnd.google-apps.spreadsheet)
2026-08-03 22:56:32 [INFO]   找到檔案：排班統計表20260804-台中.xlsx_temp_1785794152 (application/vnd.google-apps.spreadsheet)
2026-08-03 22:56:32 [INFO]   找到檔案：排班統計表20260904-台北.xlsx_temp_1785794143 (application/vnd.google-apps.spreadsheet)
2026-08-03 22:56:32 [INFO]   找到檔案：排班統計表20260804-台北.xlsx_temp_1785794124 (application/vnd.google-apps.spreadsheet)
2026-08-03 22:56:32 [INFO]   找到檔案：排班統計表20260904-台中.xlsx (application/vnd.openxmlformats-officedocument.spreadsheetml.sheet)
2026-08-03 22:56:32 [INFO]   找到檔案：排班統計表20260804-台中.xlsx (application/vnd.openxmlformats-officedocument.spreadsheetml.sheet)
2026-08-03 22:56:32 [INFO]   找到檔案：排班統計表20260904-台北.xlsx (application/vnd.openxmlformats-officedocument.spreadsheetml.sheet)
2026-08-03 22:56:32 [INFO]   找到檔案：排班統計表20260804-台北.xlsx (application/vnd.openxmlformats-officedocument.spreadsheetml.sheet)
2026-08-03 22:56:32 [INFO]   找到檔案：排班統計表20260903-台中.xlsx (application/vnd.openxmlformats-officedocument.spreadsheetml.sheet)
2026-08-03 22:56:32 [INFO]   找到檔案：排班統計表20260803-台中.xlsx (application/vnd.openxmlformats-officedocument.spreadsheetml.sheet)
2026-08-03 22:56:32 [INFO]   找到檔案：排班統計表20260903-台北.xlsx (application/vnd.openxmlformats-officedocument.spreadsheetml.sheet)
2026-08-03 22:56:32 [INFO]   找到檔案：排班統計表20260803-台北.xlsx (application/vnd.openxmlformats-officedocument.spreadsheetml.sheet)
2026-08-03 22:56:32 [INFO]   找到檔案：排班統計表20260902-台中.xlsx_temp_1785620621 (application/vnd.google-apps.spreadsheet)
2026-08-03 22:56:32 [INFO]   找到檔案：排班統計表20260802-台中.xlsx_temp_1785620604 (application/vnd.google-apps.spreadsheet)
2026-08-03 22:56:32 [INFO]   找到檔案：排班統計表20260902-台北.xlsx_temp_1785620597 (application/vnd.google-apps.spreadsheet)
2026-08-03 22:56:32 [INFO]   找到檔案：排班統計表20260802-台北.xlsx_temp_1785620587 (application/vnd.google-apps.spreadsheet)
2026-08-03 22:56:32 [INFO]   找到檔案：排班統計表20260902-台中.xlsx (application/vnd.openxmlformats-officedocument.spreadsheetml.sheet)
2026-08-03 22:56:32 [INFO]   找到檔案：排班統計表20260802-台中.xlsx (application/vnd.openxmlformats-officedocument.spreadsheetml.sheet)
2026-08-03 22:56:32 [INFO]   找到檔案：排班統計表20260902-台北.xlsx (application/vnd.openxmlformats-officedocument.spreadsheetml.sheet)
2026-08-03 22:56:32 [INFO]   找到檔案：排班統計表20260802-台北.xlsx (application/vnd.openxmlformats-officedocument.spreadsheetml.sheet)
2026-08-03 22:56:32 [INFO]   找到檔案：排班統計表20260901-台中 (application/vnd.google-apps.spreadsheet)
2026-08-03 22:56:32 [INFO]   找到檔案：排班統計表20260801-台中 (application/vnd.google-apps.spreadsheet)
2026-08-03 22:56:32 [INFO]   找到檔案：排班統計表20260901-台北 (application/vnd.google-apps.spreadsheet)
2026-08-03 22:56:32 [INFO]   找到檔案：排班統計表20260801-台北 (application/vnd.google-apps.spreadsheet)
2026-08-03 22:56:32 [INFO]   找到檔案：排班統計表20260901-台中.xlsx_temp_1785534867 (application/vnd.google-apps.spreadsheet)
2026-08-03 22:56:32 [INFO]   找到檔案：排班統計表20260801-台中.xlsx_temp_1785534857 (application/vnd.google-apps.spreadsheet)
2026-08-03 22:56:32 [INFO]   找到檔案：排班統計表20260901-台北.xlsx_temp_1785534848 (application/vnd.google-apps.spreadsheet)
2026-08-03 22:56:32 [INFO]   找到檔案：排班統計表20260801-台北.xlsx_temp_1785534828 (application/vnd.google-apps.spreadsheet)
2026-08-03 22:56:32 [INFO]   找到檔案：排班統計表20260901-台中.xlsx (application/vnd.openxmlformats-officedocument.spreadsheetml.sheet)
2026-08-03 22:56:32 [INFO]   找到檔案：排班統計表20260801-台中.xlsx (application/vnd.openxmlformats-officedocument.spreadsheetml.sheet)
2026-08-03 22:56:32 [INFO]   找到檔案：排班統計表20260901-台北.xlsx (application/vnd.openxmlformats-officedocument.spreadsheetml.sheet)
2026-08-03 22:56:32 [INFO]   找到檔案：排班統計表20260801-台北.xlsx (application/vnd.openxmlformats-officedocument.spreadsheetml.sheet)
2026-08-03 22:56:32 [INFO]   找到檔案：排班統計表20260831-台中 (application/vnd.google-apps.spreadsheet)
2026-08-03 22:56:32 [INFO]   找到檔案：排班統計表20260731-台中 (application/vnd.google-apps.spreadsheet)
2026-08-03 22:56:32 [INFO]   找到檔案：排班統計表20260831-台北 (application/vnd.google-apps.spreadsheet)
2026-08-03 22:56:32 [INFO]   找到檔案：排班統計表20260731-台北 (application/vnd.google-apps.spreadsheet)
2026-08-03 22:56:32 [INFO]   找到檔案：排班統計表20260831-台中.xlsx_temp_1785448547 (application/vnd.google-apps.spreadsheet)
2026-08-03 22:56:32 [INFO]   找到檔案：排班統計表20260731-台中.xlsx_temp_1785448539 (application/vnd.google-apps.spreadsheet)
2026-08-03 22:56:32 [INFO]   找到檔案：排班統計表20260831-台北.xlsx_temp_1785448531 (application/vnd.google-apps.spreadsheet)
2026-08-03 22:56:32 [INFO]   找到檔案：排班統計表20260731-台北.xlsx_temp_1785448512 (application/vnd.google-apps.spreadsheet)
2026-08-03 22:56:32 [INFO]   找到檔案：排班統計表20260831-台中.xlsx (application/vnd.openxmlformats-officedocument.spreadsheetml.sheet)
2026-08-03 22:56:32 [INFO]   找到檔案：排班統計表20260731-台中.xlsx (application/vnd.openxmlformats-officedocument.spreadsheetml.sheet)
2026-08-03 22:56:32 [INFO]   找到檔案：排班統計表20260831-台北.xlsx (application/vnd.openxmlformats-officedocument.spreadsheetml.sheet)
2026-08-03 22:56:32 [INFO]   找到檔案：排班統計表20260731-台北.xlsx (application/vnd.openxmlformats-officedocument.spreadsheetml.sheet)
2026-08-03 22:56:32 [INFO]   找到檔案：排班統計表20260830-台中 (application/vnd.google-apps.spreadsheet)
2026-08-03 22:56:32 [INFO]   找到檔案：排班統計表20260730-台中 (application/vnd.google-apps.spreadsheet)
2026-08-03 22:56:32 [INFO]   找到檔案：排班統計表20260830-台北 (application/vnd.google-apps.spreadsheet)
2026-08-03 22:56:32 [INFO]   找到檔案：排班統計表20260730-台北 (application/vnd.google-apps.spreadsheet)
2026-08-03 22:56:32 [INFO]   找到檔案：排班統計表20260830-台中.xlsx_temp_1785361457 (application/vnd.google-apps.spreadsheet)
2026-08-03 22:56:32 [INFO]   找到檔案：排班統計表20260730-台中.xlsx_temp_1785361437 (application/vnd.google-apps.spreadsheet)
2026-08-03 22:56:32 [INFO]   找到檔案：排班統計表20260830-台北.xlsx_temp_1785361429 (application/vnd.google-apps.spreadsheet)
2026-08-03 22:56:32 [INFO]   找到檔案：排班統計表20260730-台北.xlsx_temp_1785361418 (application/vnd.google-apps.spreadsheet)
2026-08-03 22:56:32 [INFO]   找到檔案：排班統計表20260830-台中.xlsx (application/vnd.openxmlformats-officedocument.spreadsheetml.sheet)
2026-08-03 22:56:32 [INFO]   找到檔案：排班統計表20260730-台中.xlsx (application/vnd.openxmlformats-officedocument.spreadsheetml.sheet)
2026-08-03 22:56:32 [INFO]   找到檔案：排班統計表20260830-台北.xlsx (application/vnd.openxmlformats-officedocument.spreadsheetml.sheet)
2026-08-03 22:56:32 [INFO]   找到檔案：排班統計表20260730-台北.xlsx (application/vnd.openxmlformats-officedocument.spreadsheetml.sheet)
2026-08-03 22:56:32 [INFO]   找到檔案：排班統計表20260829-台中 (application/vnd.google-apps.spreadsheet)
2026-08-03 22:56:32 [INFO]   找到檔案：排班統計表20260729-台中 (application/vnd.google-apps.spreadsheet)
2026-08-03 22:56:32 [INFO]   找到檔案：排班統計表20260829-台北 (application/vnd.google-apps.spreadsheet)
2026-08-03 22:56:32 [INFO]   找到檔案：排班統計表20260729-台北 (application/vnd.google-apps.spreadsheet)
2026-08-03 22:56:32 [INFO]   找到檔案：排班統計表20260829-台中.xlsx_temp_1785275621 (application/vnd.google-apps.spreadsheet)
2026-08-03 22:56:32 [INFO]   找到檔案：排班統計表20260729-台中.xlsx_temp_1785275610 (application/vnd.google-apps.spreadsheet)
2026-08-03 22:56:32 [INFO]   找到檔案：排班統計表20260829-台北.xlsx_temp_1785275600 (application/vnd.google-apps.spreadsheet)
2026-08-03 22:56:32 [INFO]   找到檔案：排班統計表20260729-台北.xlsx_temp_1785275577 (application/vnd.google-apps.spreadsheet)
2026-08-03 22:56:32 [INFO]   找到檔案：排班統計表20260829-台中.xlsx (application/vnd.openxmlformats-officedocument.spreadsheetml.sheet)
2026-08-03 22:56:32 [INFO]   找到檔案：排班統計表20260729-台中.xlsx (application/vnd.openxmlformats-officedocument.spreadsheetml.sheet)
2026-08-03 22:56:32 [INFO]   找到檔案：排班統計表20260829-台北.xlsx (application/vnd.openxmlformats-officedocument.spreadsheetml.sheet)
2026-08-03 22:56:32 [INFO]   找到檔案：排班統計表20260729-台北.xlsx (application/vnd.openxmlformats-officedocument.spreadsheetml.sheet)
2026-08-03 22:56:32 [INFO]   找到檔案：排班統計表20260828-台中 (application/vnd.google-apps.spreadsheet)
2026-08-03 22:56:32 [INFO]   找到檔案：排班統計表20260728-台中 (application/vnd.google-apps.spreadsheet)
2026-08-03 22:56:32 [INFO]   找到檔案：排班統計表20260828-台北 (application/vnd.google-apps.spreadsheet)
2026-08-03 22:56:32 [INFO]   找到檔案：排班統計表20260728-台北 (application/vnd.google-apps.spreadsheet)
2026-08-03 22:56:32 [INFO]   找到檔案：排班統計表20260828-台中.xlsx_temp_1785189318 (application/vnd.google-apps.spreadsheet)
2026-08-03 22:56:32 [INFO]   找到檔案：排班統計表20260728-台中.xlsx_temp_1785189311 (application/vnd.google-apps.spreadsheet)
2026-08-03 22:56:32 [INFO]   找到檔案：排班統計表20260828-台北.xlsx_temp_1785189298 (application/vnd.google-apps.spreadsheet)
2026-08-03 22:56:32 [INFO]   找到檔案：排班統計表20260728-台北.xlsx_temp_1785189279 (application/vnd.google-apps.spreadsheet)
2026-08-03 22:56:32 [INFO]   找到檔案：排班統計表20260828-台中.xlsx (application/vnd.openxmlformats-officedocument.spreadsheetml.sheet)
2026-08-03 22:56:32 [INFO]   找到檔案：排班統計表20260728-台中.xlsx (application/vnd.openxmlformats-officedocument.spreadsheetml.sheet)
2026-08-03 22:56:32 [INFO]   找到檔案：排班統計表20260828-台北.xlsx (application/vnd.openxmlformats-officedocument.spreadsheetml.sheet)
2026-08-03 22:56:32 [INFO]   找到檔案：排班統計表20260728-台北.xlsx (application/vnd.openxmlformats-officedocument.spreadsheetml.sheet)
2026-08-03 22:56:32 [INFO]   找到檔案：排班統計表20260827-台中 (application/vnd.google-apps.spreadsheet)
2026-08-03 22:56:32 [INFO]   找到檔案：排班統計表20260727-台中 (application/vnd.google-apps.spreadsheet)
2026-08-03 22:56:32 [INFO]   找到檔案：排班統計表20260827-台北 (application/vnd.google-apps.spreadsheet)
2026-08-03 22:56:32 [INFO]   找到檔案：排班統計表20260727-台北 (application/vnd.google-apps.spreadsheet)
2026-08-03 22:56:32 [INFO]   找到檔案：排班統計表20260827-台中.xlsx_temp_1785102333 (application/vnd.google-apps.spreadsheet)
2026-08-03 22:56:32 [INFO]   找到檔案：排班統計表20260727-台中.xlsx_temp_1785102323 (application/vnd.google-apps.spreadsheet)
2026-08-03 22:56:32 [INFO]   找到檔案：排班統計表20260827-台北.xlsx_temp_1785102315 (application/vnd.google-apps.spreadsheet)
2026-08-03 22:56:32 [INFO]   找到檔案：排班統計表20260727-台北.xlsx_temp_1785102294 (application/vnd.google-apps.spreadsheet)
2026-08-03 22:56:32 [INFO]   找到檔案：排班統計表20260827-台中.xlsx (application/vnd.openxmlformats-officedocument.spreadsheetml.sheet)
2026-08-03 22:56:32 [INFO]   找到檔案：排班統計表20260727-台中.xlsx (application/vnd.openxmlformats-officedocument.spreadsheetml.sheet)
2026-08-03 22:56:32 [INFO]   找到檔案：排班統計表20260827-台北.xlsx (application/vnd.openxmlformats-officedocument.spreadsheetml.sheet)
2026-08-03 22:56:32 [INFO]   找到檔案：排班統計表20260727-台北.xlsx (application/vnd.openxmlformats-officedocument.spreadsheetml.sheet)
2026-08-03 22:56:32 [INFO]   找到檔案：排班統計表20260826-台中 (application/vnd.google-apps.spreadsheet)
2026-08-03 22:56:32 [INFO]   找到檔案：排班統計表20260726-台中 (application/vnd.google-apps.spreadsheet)
2026-08-03 22:56:32 [INFO]   找到檔案：排班統計表20260826-台北 (application/vnd.google-apps.spreadsheet)
2026-08-03 22:56:32 [INFO]   找到檔案：排班統計表20260726-台北 (application/vnd.google-apps.spreadsheet)
2026-08-03 22:56:32 [INFO]   找到檔案：排班統計表20260826-台中.xlsx_temp_1785015702 (application/vnd.google-apps.spreadsheet)
2026-08-03 22:56:32 [INFO]   找到檔案：排班統計表20260726-台中.xlsx_temp_1785015695 (application/vnd.google-apps.spreadsheet)
2026-08-03 22:56:32 [INFO]   找到檔案：排班統計表20260826-台北.xlsx_temp_1785015686 (application/vnd.google-apps.spreadsheet)
2026-08-03 22:56:32 [INFO]   找到檔案：排班統計表20260726-台北.xlsx_temp_1785015676 (application/vnd.google-apps.spreadsheet)
2026-08-03 22:56:32 [INFO] 排班檔確認 OK：{'taipei_current': '排班統計表20260804-台北.xlsx', 'taipei_next': '排班統計表20260904-台北.xlsx', 'taichung_current': '排班統計表20260804-台中.xlsx', 'taichung_next': '排班統計表20260904-台中.xlsx'}
2026-08-03 22:56:32 [INFO]   匯入：排班統計表20260804-台北.xlsx
2026-08-03 22:56:32 [INFO]   xlsx → Google Sheets：排班統計表20260804-台北
2026-08-03 22:56:35 [ERROR] Step 1 失敗：<HttpError 404 when requesting https://www.googleapis.com/drive/v3/files/1N_ZoEBv_MYFhXY1ukZQxJe7wFYLrcdQ17gYk8TEVpvs?supportsAllDrives=true returned "File not found: 1N_ZoEBv_MYFhXY1ukZQxJe7wFYLrcdQ17gYk8TEVpvs.". Details: "[{'message': 'File not found: 1N_ZoEBv_MYFhXY1ukZQxJe7wFYLrcdQ17gYk8TEVpvs.', 'domain': 'global', 'reason': 'notFound', 'location': 'fileId', 'locationType': 'parameter'}]">
2026-08-03 22:56:35 [ERROR] 執行結束（有失敗）：['Step 1: <HttpError 404 when requesting https://www.googleapis.com/drive/v3/files/1N_ZoEBv_MYFhXY1ukZQxJe7wFYLrcdQ17gYk8TEVpvs?supportsAllDrives=true returned "File not found: 1N_ZoEBv_MYFhXY1ukZQxJe7wFYLrcdQ17gYk8TEVpvs.". Details: "[{\'message\': \'File not found: 1N_ZoEBv_MYFhXY1ukZQxJe7wFYLrcdQ17gYk8TEVpvs.\', \'domain\': \'global\', \'reason\': \'notFound\', \'location\': \'fileId\', \'locationType\': \'parameter\'}]">']
