2026-08-23 22:16:53 [INFO] === 客服排程系統 run_id=795c0ba3 step=1 台北時間=2026-08-24 06:16:53 ===
2026-08-23 22:16:53 [INFO] 目標試算表 ID 來源：環境變數 SERVICE_TARGET_SPREADSHEET_ID
2026-08-23 22:16:53 [INFO] file_cache is only supported with oauth2client<4.0.0
2026-08-23 22:17:05 [INFO] --- Step1_更新排班統計表 ---
2026-08-23 22:17:06 [INFO] file_cache is only supported with oauth2client<4.0.0
2026-08-23 22:17:07 [INFO] Drive 資料夾找到 116 個檔案
2026-08-23 22:17:07 [INFO]   找到檔案：20260924排班統計表-台中.xlsx (application/vnd.openxmlformats-officedocument.spreadsheetml.sheet)
2026-08-23 22:17:07 [INFO]   找到檔案：20260824排班統計表-台中.xlsx (application/vnd.openxmlformats-officedocument.spreadsheetml.sheet)
2026-08-23 22:17:07 [INFO]   找到檔案：20260924排班統計表-台北.xlsx (application/vnd.openxmlformats-officedocument.spreadsheetml.sheet)
2026-08-23 22:17:07 [INFO]   找到檔案：20260824排班統計表-台北.xlsx (application/vnd.openxmlformats-officedocument.spreadsheetml.sheet)
2026-08-23 22:17:07 [INFO]   找到檔案：20260923排班統計表-台中 (application/vnd.google-apps.spreadsheet)
2026-08-23 22:17:07 [INFO]   找到檔案：20260923排班統計表-台北 (application/vnd.google-apps.spreadsheet)
2026-08-23 22:17:07 [INFO]   找到檔案：20260823排班統計表-台中 (application/vnd.google-apps.spreadsheet)
2026-08-23 22:17:07 [INFO]   找到檔案：20260823排班統計表-台北 (application/vnd.google-apps.spreadsheet)
2026-08-23 22:17:07 [INFO]   找到檔案：20260923排班統計表-台中.xlsx (application/vnd.openxmlformats-officedocument.spreadsheetml.sheet)
2026-08-23 22:17:07 [INFO]   找到檔案：20260823排班統計表-台中.xlsx (application/vnd.openxmlformats-officedocument.spreadsheetml.sheet)
2026-08-23 22:17:07 [INFO]   找到檔案：20260923排班統計表-台北.xlsx (application/vnd.openxmlformats-officedocument.spreadsheetml.sheet)
2026-08-23 22:17:07 [INFO]   找到檔案：20260823排班統計表-台北.xlsx (application/vnd.openxmlformats-officedocument.spreadsheetml.sheet)
2026-08-23 22:17:07 [INFO]   找到檔案：20260922排班統計表-台中 (application/vnd.google-apps.spreadsheet)
2026-08-23 22:17:07 [INFO]   找到檔案：20260922排班統計表-台北 (application/vnd.google-apps.spreadsheet)
2026-08-23 22:17:07 [INFO]   找到檔案：20260822排班統計表-台中 (application/vnd.google-apps.spreadsheet)
2026-08-23 22:17:07 [INFO]   找到檔案：20260822排班統計表-台北 (application/vnd.google-apps.spreadsheet)
2026-08-23 22:17:07 [INFO]   找到檔案：20260922排班統計表-台中.xlsx (application/vnd.openxmlformats-officedocument.spreadsheetml.sheet)
2026-08-23 22:17:07 [INFO]   找到檔案：20260822排班統計表-台中.xlsx (application/vnd.openxmlformats-officedocument.spreadsheetml.sheet)
2026-08-23 22:17:07 [INFO]   找到檔案：20260922排班統計表-台北.xlsx (application/vnd.openxmlformats-officedocument.spreadsheetml.sheet)
2026-08-23 22:17:07 [INFO]   找到檔案：20260822排班統計表-台北.xlsx (application/vnd.openxmlformats-officedocument.spreadsheetml.sheet)
2026-08-23 22:17:07 [INFO]   找到檔案：20260921排班統計表-台中 (application/vnd.google-apps.spreadsheet)
2026-08-23 22:17:07 [INFO]   找到檔案：20260921排班統計表-台北 (application/vnd.google-apps.spreadsheet)
2026-08-23 22:17:07 [INFO]   找到檔案：20260821排班統計表-台中 (application/vnd.google-apps.spreadsheet)
2026-08-23 22:17:07 [INFO]   找到檔案：20260821排班統計表-台北 (application/vnd.google-apps.spreadsheet)
2026-08-23 22:17:07 [INFO]   找到檔案：20260921排班統計表-台中.xlsx (application/vnd.openxmlformats-officedocument.spreadsheetml.sheet)
2026-08-23 22:17:07 [INFO]   找到檔案：20260821排班統計表-台中.xlsx (application/vnd.openxmlformats-officedocument.spreadsheetml.sheet)
2026-08-23 22:17:07 [INFO]   找到檔案：20260921排班統計表-台北.xlsx (application/vnd.openxmlformats-officedocument.spreadsheetml.sheet)
2026-08-23 22:17:07 [INFO]   找到檔案：20260821排班統計表-台北.xlsx (application/vnd.openxmlformats-officedocument.spreadsheetml.sheet)
2026-08-23 22:17:07 [INFO]   找到檔案：20260920排班統計表-台中 (application/vnd.google-apps.spreadsheet)
2026-08-23 22:17:07 [INFO]   找到檔案：20260920排班統計表-台北 (application/vnd.google-apps.spreadsheet)
2026-08-23 22:17:07 [INFO]   找到檔案：20260820排班統計表-台中 (application/vnd.google-apps.spreadsheet)
2026-08-23 22:17:07 [INFO]   找到檔案：20260820排班統計表-台北 (application/vnd.google-apps.spreadsheet)
2026-08-23 22:17:07 [INFO]   找到檔案：20260920排班統計表-台中.xlsx (application/vnd.openxmlformats-officedocument.spreadsheetml.sheet)
2026-08-23 22:17:07 [INFO]   找到檔案：20260820排班統計表-台中.xlsx (application/vnd.openxmlformats-officedocument.spreadsheetml.sheet)
2026-08-23 22:17:07 [INFO]   找到檔案：20260920排班統計表-台北.xlsx (application/vnd.openxmlformats-officedocument.spreadsheetml.sheet)
2026-08-23 22:17:07 [INFO]   找到檔案：20260820排班統計表-台北.xlsx (application/vnd.openxmlformats-officedocument.spreadsheetml.sheet)
2026-08-23 22:17:07 [INFO]   找到檔案：20260919排班統計表-台中 (application/vnd.google-apps.spreadsheet)
2026-08-23 22:17:07 [INFO]   找到檔案：20260919排班統計表-台北 (application/vnd.google-apps.spreadsheet)
2026-08-23 22:17:07 [INFO]   找到檔案：20260819排班統計表-台中 (application/vnd.google-apps.spreadsheet)
2026-08-23 22:17:07 [INFO]   找到檔案：20260819排班統計表-台北 (application/vnd.google-apps.spreadsheet)
2026-08-23 22:17:07 [INFO]   找到檔案：20260919排班統計表-台中.xlsx (application/vnd.openxmlformats-officedocument.spreadsheetml.sheet)
2026-08-23 22:17:07 [INFO]   找到檔案：20260819排班統計表-台中.xlsx (application/vnd.openxmlformats-officedocument.spreadsheetml.sheet)
2026-08-23 22:17:07 [INFO]   找到檔案：20260919排班統計表-台北.xlsx (application/vnd.openxmlformats-officedocument.spreadsheetml.sheet)
2026-08-23 22:17:07 [INFO]   找到檔案：20260819排班統計表-台北.xlsx (application/vnd.openxmlformats-officedocument.spreadsheetml.sheet)
2026-08-23 22:17:07 [INFO]   找到檔案：20260918排班統計表-台中 (application/vnd.google-apps.spreadsheet)
2026-08-23 22:17:07 [INFO]   找到檔案：20260918排班統計表-台北 (application/vnd.google-apps.spreadsheet)
2026-08-23 22:17:07 [INFO]   找到檔案：20260818排班統計表-台中 (application/vnd.google-apps.spreadsheet)
2026-08-23 22:17:07 [INFO]   找到檔案：20260818排班統計表-台北 (application/vnd.google-apps.spreadsheet)
2026-08-23 22:17:07 [INFO]   找到檔案：20260918排班統計表-台中.xlsx (application/vnd.openxmlformats-officedocument.spreadsheetml.sheet)
2026-08-23 22:17:07 [INFO]   找到檔案：20260818排班統計表-台中.xlsx (application/vnd.openxmlformats-officedocument.spreadsheetml.sheet)
2026-08-23 22:17:07 [INFO]   找到檔案：20260918排班統計表-台北.xlsx (application/vnd.openxmlformats-officedocument.spreadsheetml.sheet)
2026-08-23 22:17:07 [INFO]   找到檔案：20260818排班統計表-台北.xlsx (application/vnd.openxmlformats-officedocument.spreadsheetml.sheet)
2026-08-23 22:17:07 [INFO]   找到檔案：20260917排班統計表-台中.xlsx (application/vnd.openxmlformats-officedocument.spreadsheetml.sheet)
2026-08-23 22:17:07 [INFO]   找到檔案：20260817排班統計表-台中.xlsx (application/vnd.openxmlformats-officedocument.spreadsheetml.sheet)
2026-08-23 22:17:07 [INFO]   找到檔案：20260917排班統計表-台北.xlsx (application/vnd.openxmlformats-officedocument.spreadsheetml.sheet)
2026-08-23 22:17:07 [INFO]   找到檔案：20260817排班統計表-台北.xlsx (application/vnd.openxmlformats-officedocument.spreadsheetml.sheet)
2026-08-23 22:17:07 [INFO]   找到檔案：20260917排班統計表-台中 (application/vnd.google-apps.spreadsheet)
2026-08-23 22:17:07 [INFO]   找到檔案：20260917排班統計表-台北 (application/vnd.google-apps.spreadsheet)
2026-08-23 22:17:07 [INFO]   找到檔案：20260817排班統計表-台中 (application/vnd.google-apps.spreadsheet)
2026-08-23 22:17:07 [INFO]   找到檔案：20260817排班統計表-台北 (application/vnd.google-apps.spreadsheet)
2026-08-23 22:17:07 [INFO]   找到檔案：20260916排班統計表-台中 (application/vnd.google-apps.spreadsheet)
2026-08-23 22:17:07 [INFO]   找到檔案：20260916排班統計表-台北 (application/vnd.google-apps.spreadsheet)
2026-08-23 22:17:07 [INFO]   找到檔案：20260816排班統計表-台中 (application/vnd.google-apps.spreadsheet)
2026-08-23 22:17:07 [INFO]   找到檔案：20260816排班統計表-台北 (application/vnd.google-apps.spreadsheet)
2026-08-23 22:17:07 [INFO]   找到檔案：20260916排班統計表-台中.xlsx (application/vnd.openxmlformats-officedocument.spreadsheetml.sheet)
2026-08-23 22:17:07 [INFO]   找到檔案：20260816排班統計表-台中.xlsx (application/vnd.openxmlformats-officedocument.spreadsheetml.sheet)
2026-08-23 22:17:07 [INFO]   找到檔案：20260916排班統計表-台北.xlsx (application/vnd.openxmlformats-officedocument.spreadsheetml.sheet)
2026-08-23 22:17:07 [INFO]   找到檔案：20260816排班統計表-台北.xlsx (application/vnd.openxmlformats-officedocument.spreadsheetml.sheet)
2026-08-23 22:17:07 [INFO]   找到檔案：20260915排班統計表-台中 (application/vnd.google-apps.spreadsheet)
2026-08-23 22:17:07 [INFO]   找到檔案：20260915排班統計表-台北 (application/vnd.google-apps.spreadsheet)
2026-08-23 22:17:07 [INFO]   找到檔案：20260815排班統計表-台中 (application/vnd.google-apps.spreadsheet)
2026-08-23 22:17:07 [INFO]   找到檔案：20260815排班統計表-台北 (application/vnd.google-apps.spreadsheet)
2026-08-23 22:17:07 [INFO]   找到檔案：20260915排班統計表-台中.xlsx (application/vnd.openxmlformats-officedocument.spreadsheetml.sheet)
2026-08-23 22:17:07 [INFO]   找到檔案：20260815排班統計表-台中.xlsx (application/vnd.openxmlformats-officedocument.spreadsheetml.sheet)
2026-08-23 22:17:07 [INFO]   找到檔案：20260915排班統計表-台北.xlsx (application/vnd.openxmlformats-officedocument.spreadsheetml.sheet)
2026-08-23 22:17:07 [INFO]   找到檔案：20260815排班統計表-台北.xlsx (application/vnd.openxmlformats-officedocument.spreadsheetml.sheet)
2026-08-23 22:17:07 [INFO]   找到檔案：20260914排班統計表-台中 (application/vnd.google-apps.spreadsheet)
2026-08-23 22:17:07 [INFO]   找到檔案：20260914排班統計表-台北 (application/vnd.google-apps.spreadsheet)
2026-08-23 22:17:07 [INFO]   找到檔案：20260814排班統計表-台中 (application/vnd.google-apps.spreadsheet)
2026-08-23 22:17:07 [INFO]   找到檔案：20260814排班統計表-台北 (application/vnd.google-apps.spreadsheet)
2026-08-23 22:17:07 [INFO]   找到檔案：20260914排班統計表-台中.xlsx (application/vnd.openxmlformats-officedocument.spreadsheetml.sheet)
2026-08-23 22:17:07 [INFO]   找到檔案：20260814排班統計表-台中.xlsx (application/vnd.openxmlformats-officedocument.spreadsheetml.sheet)
2026-08-23 22:17:07 [INFO]   找到檔案：20260914排班統計表-台北.xlsx (application/vnd.openxmlformats-officedocument.spreadsheetml.sheet)
2026-08-23 22:17:07 [INFO]   找到檔案：20260814排班統計表-台北.xlsx (application/vnd.openxmlformats-officedocument.spreadsheetml.sheet)
2026-08-23 22:17:07 [INFO]   找到檔案：20260913排班統計表-台中 (application/vnd.google-apps.spreadsheet)
2026-08-23 22:17:07 [INFO]   找到檔案：20260913排班統計表-台北 (application/vnd.google-apps.spreadsheet)
2026-08-23 22:17:07 [INFO]   找到檔案：20260813排班統計表-台中 (application/vnd.google-apps.spreadsheet)
2026-08-23 22:17:07 [INFO]   找到檔案：20260813排班統計表-台北 (application/vnd.google-apps.spreadsheet)
2026-08-23 22:17:07 [INFO]   找到檔案：20260913排班統計表-台中.xlsx (application/vnd.openxmlformats-officedocument.spreadsheetml.sheet)
2026-08-23 22:17:07 [INFO]   找到檔案：20260813排班統計表-台中.xlsx (application/vnd.openxmlformats-officedocument.spreadsheetml.sheet)
2026-08-23 22:17:07 [INFO]   找到檔案：20260913排班統計表-台北.xlsx (application/vnd.openxmlformats-officedocument.spreadsheetml.sheet)
2026-08-23 22:17:07 [INFO]   找到檔案：20260813排班統計表-台北.xlsx (application/vnd.openxmlformats-officedocument.spreadsheetml.sheet)
2026-08-23 22:17:07 [INFO]   找到檔案：20260912排班統計表-台中 (application/vnd.google-apps.spreadsheet)
2026-08-23 22:17:07 [INFO]   找到檔案：20260912排班統計表-台北 (application/vnd.google-apps.spreadsheet)
2026-08-23 22:17:07 [INFO]   找到檔案：20260812排班統計表-台中 (application/vnd.google-apps.spreadsheet)
2026-08-23 22:17:07 [INFO]   找到檔案：20260812排班統計表-台北 (application/vnd.google-apps.spreadsheet)
2026-08-23 22:17:07 [INFO]   找到檔案：20260912排班統計表-台中.xlsx (application/vnd.openxmlformats-officedocument.spreadsheetml.sheet)
2026-08-23 22:17:07 [INFO]   找到檔案：20260812排班統計表-台中.xlsx (application/vnd.openxmlformats-officedocument.spreadsheetml.sheet)
2026-08-23 22:17:07 [INFO]   找到檔案：20260912排班統計表-台北.xlsx (application/vnd.openxmlformats-officedocument.spreadsheetml.sheet)
2026-08-23 22:17:07 [INFO]   找到檔案：20260812排班統計表-台北.xlsx (application/vnd.openxmlformats-officedocument.spreadsheetml.sheet)
2026-08-23 22:17:07 [INFO]   找到檔案：20260911排班統計表-台中 (application/vnd.google-apps.spreadsheet)
2026-08-23 22:17:07 [INFO]   找到檔案：20260911排班統計表-台北 (application/vnd.google-apps.spreadsheet)
2026-08-23 22:17:07 [INFO]   找到檔案：20260811排班統計表-台中 (application/vnd.google-apps.spreadsheet)
2026-08-23 22:17:07 [INFO]   找到檔案：20260811排班統計表-台北 (application/vnd.google-apps.spreadsheet)
2026-08-23 22:17:07 [INFO]   找到檔案：20260911排班統計表-台中.xlsx (application/vnd.openxmlformats-officedocument.spreadsheetml.sheet)
2026-08-23 22:17:07 [INFO]   找到檔案：20260811排班統計表-台中.xlsx (application/vnd.openxmlformats-officedocument.spreadsheetml.sheet)
2026-08-23 22:17:07 [INFO]   找到檔案：20260911排班統計表-台北.xlsx (application/vnd.openxmlformats-officedocument.spreadsheetml.sheet)
2026-08-23 22:17:07 [INFO]   找到檔案：20260811排班統計表-台北.xlsx (application/vnd.openxmlformats-officedocument.spreadsheetml.sheet)
2026-08-23 22:17:07 [INFO]   找到檔案：20260910排班統計表-台中 (application/vnd.google-apps.spreadsheet)
2026-08-23 22:17:07 [INFO]   找到檔案：20260910排班統計表-台北 (application/vnd.google-apps.spreadsheet)
2026-08-23 22:17:07 [INFO]   找到檔案：20260810排班統計表-台中 (application/vnd.google-apps.spreadsheet)
2026-08-23 22:17:07 [INFO]   找到檔案：20260810排班統計表-台北 (application/vnd.google-apps.spreadsheet)
2026-08-23 22:17:07 [INFO]   找到檔案：20260910排班統計表-台中.xlsx (application/vnd.openxmlformats-officedocument.spreadsheetml.sheet)
2026-08-23 22:17:07 [INFO]   找到檔案：20260810排班統計表-台中.xlsx (application/vnd.openxmlformats-officedocument.spreadsheetml.sheet)
2026-08-23 22:17:07 [INFO]   找到檔案：20260910排班統計表-台北.xlsx (application/vnd.openxmlformats-officedocument.spreadsheetml.sheet)
2026-08-23 22:17:07 [INFO]   找到檔案：20260810排班統計表-台北.xlsx (application/vnd.openxmlformats-officedocument.spreadsheetml.sheet)
2026-08-23 22:17:07 [INFO] 排班檔確認 OK：{'202608': {'taipei': '20260824排班統計表-台北.xlsx', 'taichung': '20260824排班統計表-台中.xlsx'}, '202609': {'taipei': '20260924排班統計表-台北.xlsx', 'taichung': '20260924排班統計表-台中.xlsx'}}
2026-08-23 22:17:07 [INFO]   匯入：20260824排班統計表-台北.xlsx
2026-08-23 22:17:07 [INFO]   xlsx → Google Sheets：20260824排班統計表-台北
2026-08-23 22:17:08 [INFO] file_cache is only supported with oauth2client<4.0.0
2026-08-23 22:17:13 [INFO]   轉換完成，新 Google Sheets ID：1eIbyFG-cHrfcHBEt0cV8cBnZysWJs6iMR-o2WqK6D68
2026-08-23 22:17:14 [INFO]   匯入：20260824排班統計表-台中.xlsx
2026-08-23 22:17:14 [INFO]   xlsx → Google Sheets：20260824排班統計表-台中
2026-08-23 22:17:14 [INFO] file_cache is only supported with oauth2client<4.0.0
2026-08-23 22:17:19 [INFO]   轉換完成，新 Google Sheets ID：19UucqYQCR8yPwGdYgeD-yTVEOgAGjQhTd5t-0hr_7O8
2026-08-23 22:17:21 [INFO]   → 寫入 87 列（起始 R3C7）
2026-08-23 22:17:21 [INFO]   → 寫入 16 列（起始 R3C82）
2026-08-23 22:17:21 [INFO]   匯入：20260924排班統計表-台北.xlsx
2026-08-23 22:17:21 [INFO]   xlsx → Google Sheets：20260924排班統計表-台北
2026-08-23 22:17:21 [INFO] file_cache is only supported with oauth2client<4.0.0
2026-08-23 22:17:26 [INFO]   轉換完成，新 Google Sheets ID：1W4sqYpftHBWhDrJo8YXfO_wGkrJ3q4wp1ryW93ON5GA
2026-08-23 22:17:27 [INFO]   匯入：20260924排班統計表-台中.xlsx
2026-08-23 22:17:27 [INFO]   xlsx → Google Sheets：20260924排班統計表-台中
2026-08-23 22:17:28 [INFO] file_cache is only supported with oauth2client<4.0.0
2026-08-23 22:17:33 [INFO]   轉換完成，新 Google Sheets ID：1kkqcC0NE-kMtE8aglHQaqebITym9HrdHyR0vcz07a2c
2026-08-23 22:17:34 [INFO]   → 寫入 63 列（起始 R3C22）
2026-08-23 22:17:35 [INFO]   → 寫入 8 列（起始 R3C97）
2026-08-23 22:17:35 [INFO] Step 1 完成（29.3s）
2026-08-23 22:17:36 [INFO] === 全部完成 run_id=795c0ba3（30.2s）===
