開始執行：當月次月訂單
⚠️ 一鍵日排程 secrets TOML 注入失敗：No secrets found. Valid paths for a secrets.toml file or secret directories are: /home/runner/.streamlit/secrets.toml, /home/runner/work/tool-system/tool-system/.streamlit/secrets.toml
⚠️ 一鍵日排程 secrets env 注入失敗：No secrets found. Valid paths for a secrets.toml file or secret directories are: /home/runner/.streamlit/secrets.toml, /home/runner/work/tool-system/tool-system/.streamlit/secrets.toml
OAuth env ready = True
OAuth bootstrap forced = True
Command: Python bootstrap -> /home/runner/work/tool-system/tool-system/tools/scheduled_daily/orders_report.py
[2026-10-06 01:21:17] ====================================================
[2026-10-06 01:21:17] orders_report.py 開始執行
[2026-10-06 01:21:17] GITHUB_ACTIONS = true
[2026-10-06 01:21:17] PWD = /home/runner/work/tool-system/tool-system
[2026-10-06 01:21:17] LOCAL_OUTPUT_DIR = /Users/jenny/Library/CloudStorage/GoogleDrive-jenny@lemonclean.com.tw/我的雲端硬碟/lemon_Jenny/Jenny@lemon程式/訂單資料
[2026-10-06 01:21:17] LOCAL_OUTPUT_DIR exists = False
[2026-10-06 01:21:17] can_use_local_output_dir = False
[2026-10-06 01:21:17] root folder_id = 11O6eKHQ1e3Irqps7Kq1XJOSVVge3pCAc
[2026-10-06 01:21:17] ====================================================
[2026-10-06 01:21:17] Google Drive 初始化成功
[2026-10-06 01:21:18] 📁 使用既有資料夾：訂單資料
[2026-10-06 01:21:18] 服務日期：2026-10-01 ~ 2026-11-30
[2026-10-06 01:21:18] file_date = 20261006
[2026-10-06 01:21:18] 訂單資料 folder_id = 1o6ROTdseIRKOivgYQt50cNuCZLT3Rpug
[2026-10-06 01:21:18] 帳號數量 = 2
[2026-10-06 01:21:18] 
[2026-10-06 01:21:18] === 開始處理 台北 ===
[2026-10-06 01:21:18] 開始登入：jenny@lemonclean.com.tw
[2026-10-06 01:21:19] 登入成功：jenny@lemonclean.com.tw
[2026-10-06 01:21:19] 開始下載：city=台北 / export_url=https://backend.lemonclean.com.tw/purchase/export_order?clean_date_s=2026-10-01&clean_date_e=2026-11-30&purchase_status=1
[2026-10-06 01:21:28] ✅ 已下載到暫存：/tmp/tmpluouqexe/20261006訂單-台北.xls
[2026-10-06 01:21:28] 📦 檔案大小：1304064 bytes
[2026-10-06 01:21:28] 📂 暫存目錄存在：True
[2026-10-06 01:21:28] 📄 暫存檔案存在：True
[2026-10-06 01:21:28] 目前不是 Jenny 本機環境，略過本機存檔
[2026-10-06 01:21:28] Google Drive 初始化成功
[2026-10-06 01:21:28] 準備上傳到 Google Drive：20261006訂單-台北.xls
[2026-10-06 01:21:31] ☁️ 已上傳新檔：20261006訂單-台北.xls (file_id=1p1I8yUHbttNp2nz33A44yfDrHu0lEJ30) https://docs.google.com/spreadsheets/d/1p1I8yUHbttNp2nz33A44yfDrHu0lEJ30/edit?usp=drivesdk&ouid=101667783075862487943&rtpof=true&sd=true
[2026-10-06 01:21:31] ✅ 完成處理：20261006訂單-台北.xls
[2026-10-06 01:21:31] ✅ 台北 完成
[2026-10-06 01:21:31] 
[2026-10-06 01:21:31] === 開始處理 台中 ===
[2026-10-06 01:21:31] 開始登入：jenny.tc@lemonclean.com.tw
[2026-10-06 01:21:33] 登入成功：jenny.tc@lemonclean.com.tw
[2026-10-06 01:21:33] 開始下載：city=台中 / export_url=https://backend.lemonclean.com.tw/purchase/export_order?clean_date_s=2026-10-01&clean_date_e=2026-11-30&purchase_status=1
[2026-10-06 01:21:33] ✅ 已下載到暫存：/tmp/tmp2remwsxy/20261006訂單-台中.xls
[2026-10-06 01:21:33] 📦 檔案大小：84480 bytes
[2026-10-06 01:21:33] 📂 暫存目錄存在：True
[2026-10-06 01:21:33] 📄 暫存檔案存在：True
[2026-10-06 01:21:33] 目前不是 Jenny 本機環境，略過本機存檔
[2026-10-06 01:21:33] Google Drive 初始化成功
[2026-10-06 01:21:33] 準備上傳到 Google Drive：20261006訂單-台中.xls
[2026-10-06 01:21:36] ☁️ 已上傳新檔：20261006訂單-台中.xls (file_id=11sT6fw67JkGW0EAFvg05DOY7MOwPlLAt) https://docs.google.com/spreadsheets/d/11sT6fw67JkGW0EAFvg05DOY7MOwPlLAt/edit?usp=drivesdk&ouid=101667783075862487943&rtpof=true&sd=true
[2026-10-06 01:21:36] ✅ 完成處理：20261006訂單-台中.xls
[2026-10-06 01:21:36] ✅ 台中 完成
[2026-10-06 01:21:36] 🎉 orders_report.py 全部完成

完成執行：當月次月訂單
scheduled_daily scheduler 全部完成
