開始執行：專員班表
⚠️ 一鍵日排程 secrets TOML 注入失敗：No secrets found. Valid paths for a secrets.toml file or secret directories are: /home/runner/.streamlit/secrets.toml, /home/runner/work/tool-system/tool-system/.streamlit/secrets.toml
⚠️ 一鍵日排程 secrets env 注入失敗：No secrets found. Valid paths for a secrets.toml file or secret directories are: /home/runner/.streamlit/secrets.toml, /home/runner/work/tool-system/tool-system/.streamlit/secrets.toml
OAuth env ready = True
OAuth bootstrap forced = True
Command: Python bootstrap -> /home/runner/work/tool-system/tool-system/tools/scheduled_daily/staff_schedule.py
[2026-10-06 01:11:17] ====================================================
[2026-10-06 01:11:17] staff_schedule.py 開始執行
[2026-10-06 01:11:17] GITHUB_ACTIONS = true
[2026-10-06 01:11:17] PWD = /home/runner/work/tool-system/tool-system
[2026-10-06 01:11:17] LOCAL_OUTPUT_DIR = /Users/jenny/Library/CloudStorage/GoogleDrive-jenny@lemonclean.com.tw/我的雲端硬碟/lemon_Jenny/Jenny@lemon程式/專員班表
[2026-10-06 01:11:17] LOCAL_OUTPUT_DIR exists = False
[2026-10-06 01:11:17] can_use_local_output_dir = False
[2026-10-06 01:11:17] root folder_id = 11O6eKHQ1e3Irqps7Kq1XJOSVVge3pCAc
[2026-10-06 01:11:17] ====================================================
[2026-10-06 01:11:17] Google Drive 初始化成功
[2026-10-06 01:11:17] 📁 使用既有資料夾：專員班表
[2026-10-06 01:11:17] this_month = 2026-10
[2026-10-06 01:11:17] next_month = 2026-11
[2026-10-06 01:11:17] this_date = 20261006
[2026-10-06 01:11:17] next_date = 20261106
[2026-10-06 01:11:17] 專員班表 folder_id = 1V2AUNsT_jzQWawmnBNU_u-e7odYviwEk
[2026-10-06 01:11:17] 帳號數量 = 2
[2026-10-06 01:11:17] 
[2026-10-06 01:11:17] === 開始處理 台北 ===
[2026-10-06 01:11:17] 開始登入：jenny@lemonclean.com.tw
[2026-10-06 01:11:20] 登入成功：jenny@lemonclean.com.tw
[2026-10-06 01:11:20] 開始下載：city=台北 / month=2026-10 / filename=20261006專員班表-台北.xls
[2026-10-06 01:11:24] ✅ 已下載到暫存：/tmp/tmpampgwtrq/20261006專員班表-台北.xls
[2026-10-06 01:11:24] 📦 檔案大小：134144 bytes
[2026-10-06 01:11:24] 📂 暫存目錄存在：True
[2026-10-06 01:11:24] 📄 暫存檔案存在：True
[2026-10-06 01:11:24] 目前不是 Jenny 本機環境，略過本機存檔
[2026-10-06 01:11:24] Google Drive 初始化成功
[2026-10-06 01:11:24] 準備上傳到 Google Drive：20261006專員班表-台北.xls
[2026-10-06 01:11:27] ☁️ 已上傳新檔：20261006專員班表-台北.xls (file_id=1cR_6ovKpPU-uW9dap9SrTksR8sMI1cBh) https://docs.google.com/spreadsheets/d/1cR_6ovKpPU-uW9dap9SrTksR8sMI1cBh/edit?usp=drivesdk&ouid=101667783075862487943&rtpof=true&sd=true
[2026-10-06 01:11:27] ✅ 完成處理：20261006專員班表-台北.xls
[2026-10-06 01:11:27] 開始下載：city=台北 / month=2026-11 / filename=20261106專員班表-台北.xls
[2026-10-06 01:11:30] ✅ 已下載到暫存：/tmp/tmpbxg386up/20261106專員班表-台北.xls
[2026-10-06 01:11:30] 📦 檔案大小：74240 bytes
[2026-10-06 01:11:30] 📂 暫存目錄存在：True
[2026-10-06 01:11:30] 📄 暫存檔案存在：True
[2026-10-06 01:11:30] 目前不是 Jenny 本機環境，略過本機存檔
[2026-10-06 01:11:30] Google Drive 初始化成功
[2026-10-06 01:11:30] 準備上傳到 Google Drive：20261106專員班表-台北.xls
[2026-10-06 01:11:32] ☁️ 已上傳新檔：20261106專員班表-台北.xls (file_id=1Tganz20lIqAQExc1mxdRWULz9n55CVpP) https://docs.google.com/spreadsheets/d/1Tganz20lIqAQExc1mxdRWULz9n55CVpP/edit?usp=drivesdk&ouid=101667783075862487943&rtpof=true&sd=true
[2026-10-06 01:11:32] ✅ 完成處理：20261106專員班表-台北.xls
[2026-10-06 01:11:32] ✅ 台北 全部完成
[2026-10-06 01:11:32] 
[2026-10-06 01:11:32] === 開始處理 台中 ===
[2026-10-06 01:11:32] 開始登入：jenny.tc@lemonclean.com.tw
[2026-10-06 01:11:33] 登入成功：jenny.tc@lemonclean.com.tw
[2026-10-06 01:11:33] 開始下載：city=台中 / month=2026-10 / filename=20261006專員班表-台中.xls
[2026-10-06 01:11:34] ✅ 已下載到暫存：/tmp/tmph2_he2nl/20261006專員班表-台中.xls
[2026-10-06 01:11:34] 📦 檔案大小：25600 bytes
[2026-10-06 01:11:34] 📂 暫存目錄存在：True
[2026-10-06 01:11:34] 📄 暫存檔案存在：True
[2026-10-06 01:11:34] 目前不是 Jenny 本機環境，略過本機存檔
[2026-10-06 01:11:34] Google Drive 初始化成功
[2026-10-06 01:11:34] 準備上傳到 Google Drive：20261006專員班表-台中.xls
[2026-10-06 01:11:36] ☁️ 已上傳新檔：20261006專員班表-台中.xls (file_id=16mOWpxbpQzER6Irg0qhhXp80AwsjYdFf) https://docs.google.com/spreadsheets/d/16mOWpxbpQzER6Irg0qhhXp80AwsjYdFf/edit?usp=drivesdk&ouid=101667783075862487943&rtpof=true&sd=true
[2026-10-06 01:11:36] ✅ 完成處理：20261006專員班表-台中.xls
[2026-10-06 01:11:36] 開始下載：city=台中 / month=2026-11 / filename=20261106專員班表-台中.xls
[2026-10-06 01:11:37] ✅ 已下載到暫存：/tmp/tmp_cocr1z4/20261106專員班表-台中.xls
[2026-10-06 01:11:37] 📦 檔案大小：19968 bytes
[2026-10-06 01:11:37] 📂 暫存目錄存在：True
[2026-10-06 01:11:37] 📄 暫存檔案存在：True
[2026-10-06 01:11:37] 目前不是 Jenny 本機環境，略過本機存檔
[2026-10-06 01:11:37] Google Drive 初始化成功
[2026-10-06 01:11:37] 準備上傳到 Google Drive：20261106專員班表-台中.xls
[2026-10-06 01:11:39] ☁️ 已上傳新檔：20261106專員班表-台中.xls (file_id=1HdxuhbEhORTDW3vsIP8fnTC5doqWkDLL) https://docs.google.com/spreadsheets/d/1HdxuhbEhORTDW3vsIP8fnTC5doqWkDLL/edit?usp=drivesdk&ouid=101667783075862487943&rtpof=true&sd=true
[2026-10-06 01:11:39] ✅ 完成處理：20261106專員班表-台中.xls
[2026-10-06 01:11:39] ✅ 台中 全部完成
[2026-10-06 01:11:39] 🎉 staff_schedule.py 全部完成

完成執行：專員班表
scheduled_daily scheduler 全部完成
