📋 log_spreadsheet_id 已從設定檔載入
📝 外場排程打卡：外場排班統計表 / running
Command: /opt/hostedtoolcache/Python/3.11.17/x64/bin/python -u -m tools.field_management.schedule_stats --date 20261011 --system-name 外場排程系統 --run-type 排程
[2026-10-11 05:01:29] 開始處理排班統計表：20261011排班統計表-台北
🔄 Jenny OAuth 已將來源 Excel 轉成暫存 Google Sheet：1bTA_GlGLFomxfB24grtaW4s1UMfnAx0Vh5I01lkMEEM
🗑️ 已刪除來源暫存 Google Sheet：1bTA_GlGLFomxfB24grtaW4s1UMfnAx0Vh5I01lkMEEM
[2026-10-11 05:01:42] 完成：20261011排班統計表-台北.xlsx → 2026排班統計表!DV4 / rows=81
[2026-10-11 05:01:46] 開始處理排班統計表：20261111排班統計表-台北
🔄 Jenny OAuth 已將來源 Excel 轉成暫存 Google Sheet：1JyIfCTT04NdH-wUY3e7WKmmm8fjLKVtFaB6D0a2bucs
🗑️ 已刪除來源暫存 Google Sheet：1JyIfCTT04NdH-wUY3e7WKmmm8fjLKVtFaB6D0a2bucs
[2026-10-11 05:01:55] 完成：20261111排班統計表-台北.xlsx → 2026排班統計表!EH4 / rows=51
[2026-10-11 05:01:57] 開始處理排班統計表：20261211排班統計表-台北
🔄 Jenny OAuth 已將來源 Excel 轉成暫存 Google Sheet：1-tjxNNcUCwaXvEnzqXYK5WAqT-Wq92kerEzY7Uq3q4E
🗑️ 已刪除來源暫存 Google Sheet：1-tjxNNcUCwaXvEnzqXYK5WAqT-Wq92kerEzY7Uq3q4E
[2026-10-11 05:02:06] 完成：20261211排班統計表-台北.xlsx → 2026排班統計表!ET4 / rows=13
[2026-10-11 05:02:09] 開始處理排班統計表：20270111排班統計表-台北
🔄 Jenny OAuth 已將來源 Excel 轉成暫存 Google Sheet：14DirZsKgTtbtfSHbjNOElJcUEVruYS7XlW3nePLgBI8
🗑️ 已刪除來源暫存 Google Sheet：14DirZsKgTtbtfSHbjNOElJcUEVruYS7XlW3nePLgBI8
[2026-10-11 05:02:18] 完成：20270111排班統計表-台北.xlsx → 2026排班統計表!R4 / rows=12
[2026-10-11 05:02:20] 開始處理排班統計表：20270211排班統計表-台北
🔄 Jenny OAuth 已將來源 Excel 轉成暫存 Google Sheet：1b-k-vM3-vpT7eX9uOjEPMdeZts0sligZgqNOOIfej2U
🗑️ 已刪除來源暫存 Google Sheet：1b-k-vM3-vpT7eX9uOjEPMdeZts0sligZgqNOOIfej2U
[2026-10-11 05:02:28] 完成：20270211排班統計表-台北.xlsx → 2026排班統計表!AD4 / rows=11
[2026-10-11 05:02:31] 開始處理排班統計表：20261011排班統計表-台中
🔄 Jenny OAuth 已將來源 Excel 轉成暫存 Google Sheet：1ZrYub9G9vVkIyxrzfR78_tW8x9owTQMfWFiomNAmgRU
🗑️ 已刪除來源暫存 Google Sheet：1ZrYub9G9vVkIyxrzfR78_tW8x9owTQMfWFiomNAmgRU
[2026-10-11 05:02:41] 完成：20261011排班統計表-台中.xlsx → 2026排班統計表!DV4 / rows=13
[2026-10-11 05:02:44] 開始處理排班統計表：20261111排班統計表-台中
🔄 Jenny OAuth 已將來源 Excel 轉成暫存 Google Sheet：1zdJ6lEFBTUpERKSJMvtt2FO7pgdxKJLsuv11_SvKoSo
🗑️ 已刪除來源暫存 Google Sheet：1zdJ6lEFBTUpERKSJMvtt2FO7pgdxKJLsuv11_SvKoSo
[2026-10-11 05:02:54] 完成：20261111排班統計表-台中.xlsx → 2026排班統計表!EH4 / rows=8
[2026-10-11 05:02:55] 開始處理排班統計表：20261211排班統計表-台中
🔄 Jenny OAuth 已將來源 Excel 轉成暫存 Google Sheet：1YTu3VEz0QuUvIzTgi7DPouXu19QTBWteHKitnJryHq0
🗑️ 已刪除來源暫存 Google Sheet：1YTu3VEz0QuUvIzTgi7DPouXu19QTBWteHKitnJryHq0
[2026-10-11 05:03:04] 完成：20261211排班統計表-台中.xlsx → 2026排班統計表!ET4 / rows=4
[2026-10-11 05:03:05] 開始處理排班統計表：20270111排班統計表-台中
🔄 Jenny OAuth 已將來源 Excel 轉成暫存 Google Sheet：1-2MpV2DpsLnWLZG0Y8_2L5x5je0qpOh3Pv9bG-26rNw
🗑️ 已刪除來源暫存 Google Sheet：1-2MpV2DpsLnWLZG0Y8_2L5x5je0qpOh3Pv9bG-26rNw
[2026-10-11 05:03:14] 完成：20270111排班統計表-台中.xlsx → 2026排班統計表!R4 / rows=4
[2026-10-11 05:03:16] 開始處理排班統計表：20270211排班統計表-台中
🔄 Jenny OAuth 已將來源 Excel 轉成暫存 Google Sheet：1e566MBWWCfqv9Y7AmpjhcCOjW_BjoSRMcQaQe1xUem0
🗑️ 已刪除來源暫存 Google Sheet：1e566MBWWCfqv9Y7AmpjhcCOjW_BjoSRMcQaQe1xUem0
[2026-10-11 05:03:26] 完成：20270211排班統計表-台中.xlsx → 2026排班統計表!AD4 / rows=4
[2026-10-11 05:03:27] schedule_stats.py 全部完成

📝 外場排程打卡：外場排班統計表 / success
field_management scheduler 全部完成
