開始執行：排班統計表
⚠️ 一鍵日排程 secrets TOML 注入失敗：No secrets found. Valid paths for a secrets.toml file or secret directories are: /home/runner/.streamlit/secrets.toml, /home/runner/work/tool-system/tool-system/.streamlit/secrets.toml
⚠️ 一鍵日排程 secrets env 注入失敗：No secrets found. Valid paths for a secrets.toml file or secret directories are: /home/runner/.streamlit/secrets.toml, /home/runner/work/tool-system/tool-system/.streamlit/secrets.toml
OAuth env ready = True
OAuth bootstrap forced = True
Command: Python bootstrap -> /home/runner/work/tool-system/tool-system/tools/scheduled_daily/schedule_report.py
[2026-10-11 01:01:22] ====================================================
[2026-10-11 01:01:22] schedule_report.py 開始執行
[2026-10-11 01:01:22] GITHUB_ACTIONS = true
[2026-10-11 01:01:22] PWD = /home/runner/work/tool-system/tool-system
[2026-10-11 01:01:22] LOCAL_OUTPUT_DIR = /Users/jenny/Library/CloudStorage/GoogleDrive-jenny@lemonclean.com.tw/.shortcut-targets-by-id/1zbu45AG1adMzz24HPdi_tLfh2Tncw_Br/排班統計表
[2026-10-11 01:01:22] LOCAL_OUTPUT_DIR exists = False
[2026-10-11 01:01:22] can_use_local_output_dir = False
[2026-10-11 01:01:22] root folder_id = 11O6eKHQ1e3Irqps7Kq1XJOSVVge3pCAc
[2026-10-11 01:01:22] ====================================================
[2026-10-11 01:01:22] Google Drive 初始化成功
[2026-10-11 01:01:23] 📁 使用既有資料夾：排班統計表
[2026-10-11 01:01:23] schedule_months = ['2026-10', '2026-11', '2026-12', '2027-01', '2027-02']
[2026-10-11 01:01:23] 排班統計表 folder_id = 18XDXdrCSsLYwSzz1Da9pQh-jGm2h2Ed8
[2026-10-11 01:01:23] 帳號數量 = 2
[2026-10-11 01:01:23] 
[2026-10-11 01:01:23] === 開始處理 台北 ===
[2026-10-11 01:01:23] 開始登入：jenny@lemonclean.com.tw
[2026-10-11 01:01:25] 登入成功：jenny@lemonclean.com.tw
[2026-10-11 01:01:25] 開始下載：month=2026-10 / filename=20261011排班統計表-台北.xlsx
[2026-10-11 01:01:26] ✅ 已下載到暫存：/tmp/tmpfyknivte/20261011排班統計表-台北.xlsx
[2026-10-11 01:01:26] 📦 檔案大小：18432 bytes
[2026-10-11 01:01:26] 📂 暫存目錄存在：True
[2026-10-11 01:01:26] 📄 暫存檔案存在：True
[2026-10-11 01:01:26] 目前不是 Jenny 本機環境，略過本機存檔
[2026-10-11 01:01:26] Google Drive 初始化成功
[2026-10-11 01:01:26] 準備上傳到 Google Drive：20261011排班統計表-台北.xlsx
[2026-10-11 01:01:29] ☁️ 已上傳新檔：20261011排班統計表-台北.xlsx (file_id=1OLzB6-MazidTzQFXvYr5fgGu7qDH5mR7) https://docs.google.com/spreadsheets/d/1OLzB6-MazidTzQFXvYr5fgGu7qDH5mR7/edit?usp=drivesdk&ouid=101667783075862487943&rtpof=true&sd=true
[2026-10-11 01:01:29] ✅ 完成處理：20261011排班統計表-台北.xlsx
[2026-10-11 01:01:29] 開始下載：month=2026-11 / filename=20261111排班統計表-台北.xlsx
[2026-10-11 01:01:30] ✅ 已下載到暫存：/tmp/tmpmhvswdik/20261111排班統計表-台北.xlsx
[2026-10-11 01:01:30] 📦 檔案大小：13824 bytes
[2026-10-11 01:01:30] 📂 暫存目錄存在：True
[2026-10-11 01:01:30] 📄 暫存檔案存在：True
[2026-10-11 01:01:30] 目前不是 Jenny 本機環境，略過本機存檔
[2026-10-11 01:01:30] Google Drive 初始化成功
[2026-10-11 01:01:30] 準備上傳到 Google Drive：20261111排班統計表-台北.xlsx
[2026-10-11 01:01:33] ☁️ 已上傳新檔：20261111排班統計表-台北.xlsx (file_id=1wNVbhkJ1b-BKiwdsBAGxVu7bkBAfqdhk) https://docs.google.com/spreadsheets/d/1wNVbhkJ1b-BKiwdsBAGxVu7bkBAfqdhk/edit?usp=drivesdk&ouid=101667783075862487943&rtpof=true&sd=true
[2026-10-11 01:01:33] ✅ 完成處理：20261111排班統計表-台北.xlsx
[2026-10-11 01:01:33] 開始下載：month=2026-12 / filename=20261211排班統計表-台北.xlsx
[2026-10-11 01:01:33] ✅ 已下載到暫存：/tmp/tmps4ebu_95/20261211排班統計表-台北.xlsx
[2026-10-11 01:01:33] 📦 檔案大小：6144 bytes
[2026-10-11 01:01:33] 📂 暫存目錄存在：True
[2026-10-11 01:01:33] 📄 暫存檔案存在：True
[2026-10-11 01:01:33] 目前不是 Jenny 本機環境，略過本機存檔
[2026-10-11 01:01:33] Google Drive 初始化成功
[2026-10-11 01:01:33] 準備上傳到 Google Drive：20261211排班統計表-台北.xlsx
[2026-10-11 01:01:36] ☁️ 已上傳新檔：20261211排班統計表-台北.xlsx (file_id=1TVdCZHVUp5WlTaQA-APZFNgGoVu0vJoE) https://docs.google.com/spreadsheets/d/1TVdCZHVUp5WlTaQA-APZFNgGoVu0vJoE/edit?usp=drivesdk&ouid=101667783075862487943&rtpof=true&sd=true
[2026-10-11 01:01:36] ✅ 完成處理：20261211排班統計表-台北.xlsx
[2026-10-11 01:01:36] 開始下載：month=2027-01 / filename=20270111排班統計表-台北.xlsx
[2026-10-11 01:01:36] ✅ 已下載到暫存：/tmp/tmpa3ii32y4/20270111排班統計表-台北.xlsx
[2026-10-11 01:01:36] 📦 檔案大小：6144 bytes
[2026-10-11 01:01:36] 📂 暫存目錄存在：True
[2026-10-11 01:01:36] 📄 暫存檔案存在：True
[2026-10-11 01:01:36] 目前不是 Jenny 本機環境，略過本機存檔
[2026-10-11 01:01:36] Google Drive 初始化成功
[2026-10-11 01:01:36] 準備上傳到 Google Drive：20270111排班統計表-台北.xlsx
[2026-10-11 01:01:39] ☁️ 已上傳新檔：20270111排班統計表-台北.xlsx (file_id=1m5DcrFj-MMJwKva_2-_WLCD5maeIqSum) https://docs.google.com/spreadsheets/d/1m5DcrFj-MMJwKva_2-_WLCD5maeIqSum/edit?usp=drivesdk&ouid=101667783075862487943&rtpof=true&sd=true
[2026-10-11 01:01:39] ✅ 完成處理：20270111排班統計表-台北.xlsx
[2026-10-11 01:01:39] 開始下載：month=2027-02 / filename=20270211排班統計表-台北.xlsx
[2026-10-11 01:01:39] ✅ 已下載到暫存：/tmp/tmp6z9qjbys/20270211排班統計表-台北.xlsx
[2026-10-11 01:01:39] 📦 檔案大小：6144 bytes
[2026-10-11 01:01:39] 📂 暫存目錄存在：True
[2026-10-11 01:01:39] 📄 暫存檔案存在：True
[2026-10-11 01:01:39] 目前不是 Jenny 本機環境，略過本機存檔
[2026-10-11 01:01:39] Google Drive 初始化成功
[2026-10-11 01:01:39] 準備上傳到 Google Drive：20270211排班統計表-台北.xlsx
[2026-10-11 01:01:42] ☁️ 已上傳新檔：20270211排班統計表-台北.xlsx (file_id=1wA0T3PojFdg2HCfIzPpSUJnWukrMK094) https://docs.google.com/spreadsheets/d/1wA0T3PojFdg2HCfIzPpSUJnWukrMK094/edit?usp=drivesdk&ouid=101667783075862487943&rtpof=true&sd=true
[2026-10-11 01:01:42] ✅ 完成處理：20270211排班統計表-台北.xlsx
[2026-10-11 01:01:42] ✅ 台北 全部完成
[2026-10-11 01:01:42] 
[2026-10-11 01:01:42] === 開始處理 台中 ===
[2026-10-11 01:01:42] 開始登入：jenny.tc@lemonclean.com.tw
[2026-10-11 01:01:43] 登入成功：jenny.tc@lemonclean.com.tw
[2026-10-11 01:01:43] 開始下載：month=2026-10 / filename=20261011排班統計表-台中.xlsx
[2026-10-11 01:01:43] ✅ 已下載到暫存：/tmp/tmp9irsen4h/20261011排班統計表-台中.xlsx
[2026-10-11 01:01:43] 📦 檔案大小：6144 bytes
[2026-10-11 01:01:43] 📂 暫存目錄存在：True
[2026-10-11 01:01:43] 📄 暫存檔案存在：True
[2026-10-11 01:01:43] 目前不是 Jenny 本機環境，略過本機存檔
[2026-10-11 01:01:43] Google Drive 初始化成功
[2026-10-11 01:01:43] 準備上傳到 Google Drive：20261011排班統計表-台中.xlsx
[2026-10-11 01:01:46] ☁️ 已上傳新檔：20261011排班統計表-台中.xlsx (file_id=1tkYoZkCIPhRaZkP9yr65tTd8KL7AWv_V) https://docs.google.com/spreadsheets/d/1tkYoZkCIPhRaZkP9yr65tTd8KL7AWv_V/edit?usp=drivesdk&ouid=101667783075862487943&rtpof=true&sd=true
[2026-10-11 01:01:46] ✅ 完成處理：20261011排班統計表-台中.xlsx
[2026-10-11 01:01:46] 開始下載：month=2026-11 / filename=20261111排班統計表-台中.xlsx
[2026-10-11 01:01:46] ✅ 已下載到暫存：/tmp/tmpxwpx2oyh/20261111排班統計表-台中.xlsx
[2026-10-11 01:01:46] 📦 檔案大小：5632 bytes
[2026-10-11 01:01:46] 📂 暫存目錄存在：True
[2026-10-11 01:01:46] 📄 暫存檔案存在：True
[2026-10-11 01:01:46] 目前不是 Jenny 本機環境，略過本機存檔
[2026-10-11 01:01:46] Google Drive 初始化成功
[2026-10-11 01:01:46] 準備上傳到 Google Drive：20261111排班統計表-台中.xlsx
[2026-10-11 01:01:48] ☁️ 已上傳新檔：20261111排班統計表-台中.xlsx (file_id=1m_t5x5fgm6JMXOYpPs2qmWTXXJWXdV9b) https://docs.google.com/spreadsheets/d/1m_t5x5fgm6JMXOYpPs2qmWTXXJWXdV9b/edit?usp=drivesdk&ouid=101667783075862487943&rtpof=true&sd=true
[2026-10-11 01:01:48] ✅ 完成處理：20261111排班統計表-台中.xlsx
[2026-10-11 01:01:48] 開始下載：month=2026-12 / filename=20261211排班統計表-台中.xlsx
[2026-10-11 01:01:49] ✅ 已下載到暫存：/tmp/tmpun6wrosh/20261211排班統計表-台中.xlsx
[2026-10-11 01:01:49] 📦 檔案大小：4608 bytes
[2026-10-11 01:01:49] 📂 暫存目錄存在：True
[2026-10-11 01:01:49] 📄 暫存檔案存在：True
[2026-10-11 01:01:49] 目前不是 Jenny 本機環境，略過本機存檔
[2026-10-11 01:01:49] Google Drive 初始化成功
[2026-10-11 01:01:49] 準備上傳到 Google Drive：20261211排班統計表-台中.xlsx
[2026-10-11 01:01:51] ☁️ 已上傳新檔：20261211排班統計表-台中.xlsx (file_id=1ysxJ_UgoKIIrTYrmLOIE0EzKCDGFPDI1) https://docs.google.com/spreadsheets/d/1ysxJ_UgoKIIrTYrmLOIE0EzKCDGFPDI1/edit?usp=drivesdk&ouid=101667783075862487943&rtpof=true&sd=true
[2026-10-11 01:01:51] ✅ 完成處理：20261211排班統計表-台中.xlsx
[2026-10-11 01:01:51] 開始下載：month=2027-01 / filename=20270111排班統計表-台中.xlsx
[2026-10-11 01:01:51] ✅ 已下載到暫存：/tmp/tmpg6hz5qs_/20270111排班統計表-台中.xlsx
[2026-10-11 01:01:51] 📦 檔案大小：4608 bytes
[2026-10-11 01:01:51] 📂 暫存目錄存在：True
[2026-10-11 01:01:51] 📄 暫存檔案存在：True
[2026-10-11 01:01:51] 目前不是 Jenny 本機環境，略過本機存檔
[2026-10-11 01:01:51] Google Drive 初始化成功
[2026-10-11 01:01:51] 準備上傳到 Google Drive：20270111排班統計表-台中.xlsx
[2026-10-11 01:01:54] ☁️ 已上傳新檔：20270111排班統計表-台中.xlsx (file_id=1dA3LdNFqcdX0agyz1mIQXV9P_GDTvZOY) https://docs.google.com/spreadsheets/d/1dA3LdNFqcdX0agyz1mIQXV9P_GDTvZOY/edit?usp=drivesdk&ouid=101667783075862487943&rtpof=true&sd=true
[2026-10-11 01:01:54] ✅ 完成處理：20270111排班統計表-台中.xlsx
[2026-10-11 01:01:54] 開始下載：month=2027-02 / filename=20270211排班統計表-台中.xlsx
[2026-10-11 01:01:54] ✅ 已下載到暫存：/tmp/tmpk63ybdua/20270211排班統計表-台中.xlsx
[2026-10-11 01:01:54] 📦 檔案大小：4608 bytes
[2026-10-11 01:01:54] 📂 暫存目錄存在：True
[2026-10-11 01:01:54] 📄 暫存檔案存在：True
[2026-10-11 01:01:54] 目前不是 Jenny 本機環境，略過本機存檔
[2026-10-11 01:01:54] Google Drive 初始化成功
[2026-10-11 01:01:54] 準備上傳到 Google Drive：20270211排班統計表-台中.xlsx
[2026-10-11 01:01:57] ☁️ 已上傳新檔：20270211排班統計表-台中.xlsx (file_id=1qEZCXYuvF4Erryh7iHRKbnQq7EvOZWS8) https://docs.google.com/spreadsheets/d/1qEZCXYuvF4Erryh7iHRKbnQq7EvOZWS8/edit?usp=drivesdk&ouid=101667783075862487943&rtpof=true&sd=true
[2026-10-11 01:01:57] ✅ 完成處理：20270211排班統計表-台中.xlsx
[2026-10-11 01:01:57] ✅ 台中 全部完成
[2026-10-11 01:01:57] 🎉 schedule_report.py 全部完成

完成執行：排班統計表
scheduled_daily scheduler 全部完成
