2026-10-10 21:33:04 [INFO] === 客服排程系統 run_id=6f5f3076 step=3 台北時間=2026-10-11 05:33:04 ===
2026-10-10 21:33:04 [INFO] 目標試算表 ID 來源：環境變數 SERVICE_TARGET_SPREADSHEET_ID
2026-10-10 21:33:04 [INFO] file_cache is only supported with oauth2client<4.0.0
2026-10-10 21:33:14 [INFO] --- Step3_更新前一天營業分數及營業額 ---
2026-10-10 21:33:15 [INFO] 信件日期（台北時間）：2026-10-10
2026-10-10 21:33:24 [INFO]   [mail] text/plain 為空，fallback 到 text/html（2644 字元）
2026-10-10 21:33:27 [INFO]   近三日營業額-台北 → 選中 17:25:04（與17:25差4s）
2026-10-10 21:33:27 [INFO]   [debug] 行49 repr='2026-10-08：45分'
2026-10-10 21:33:27 [INFO]   [debug] 行50 repr='2026-10-09：11分'
2026-10-10 21:33:27 [INFO]   [debug] 行51 repr='2026-10-10：10分'
2026-10-10 21:33:27 [INFO]   [debug] 行52 repr='【家電清潔】日營業額'
2026-10-10 21:33:27 [INFO]   [debug] 行53 repr='2026-10-08：0分'
2026-10-10 21:33:27 [INFO]   [debug] 行54 repr='2026-10-09：0分'
2026-10-10 21:33:27 [INFO]   [debug] 行55 repr='2026-10-10：0分'
2026-10-10 21:33:27 [INFO]   [debug] 行56 repr='【儲值金】日營業額'
2026-10-10 21:33:35 [INFO]   [mail] text/plain 為空，fallback 到 text/html（936 字元）
2026-10-10 21:33:35 [INFO]   近三日營業額-台中 → 選中 17:25:07（與17:25差7s）
2026-10-10 21:33:35 [INFO]   [debug] 行22 repr='2026-10-08：25分'
2026-10-10 21:33:35 [INFO]   [debug] 行23 repr='2026-10-09：0分'
2026-10-10 21:33:35 [INFO]   [debug] 行24 repr='2026-10-10：0分'
2026-10-10 21:33:35 [INFO]   [debug] 行25 repr='【家電清潔】日營業額'
2026-10-10 21:33:35 [INFO]   [debug] 行26 repr='2026-10-08：0分'
2026-10-10 21:33:35 [INFO]   [debug] 行27 repr='2026-10-09：0分'
2026-10-10 21:33:35 [INFO]   [debug] 行28 repr='2026-10-10：0分'
2026-10-10 21:33:35 [INFO]   [debug] 行29 repr='【儲值金】日營業額'
2026-10-10 21:33:35 [INFO]   台北：{'daily_value': 10, 'total_count': 703, 'total_amount': 1406250}
2026-10-10 21:33:35 [INFO]   台中：{'daily_value': 0, 'total_count': 53, 'total_amount': 105600}
2026-10-10 21:33:37 [INFO] Step 3 完成，row=2429（21.8s）
2026-10-10 21:33:37 [INFO] === 全部完成 run_id=6f5f3076（22.6s）===
