開始執行：排班統計表
⚠️ 一鍵日排程 secrets TOML 注入失敗：No secrets found. Valid paths for a secrets.toml file or secret directories are: /home/runner/.streamlit/secrets.toml, /home/runner/work/tool-system/tool-system/.streamlit/secrets.toml
⚠️ 一鍵日排程 secrets env 注入失敗：No secrets found. Valid paths for a secrets.toml file or secret directories are: /home/runner/.streamlit/secrets.toml, /home/runner/work/tool-system/tool-system/.streamlit/secrets.toml
OAuth env ready = True
OAuth bootstrap forced = True
Command: Python bootstrap -> /home/runner/work/tool-system/tool-system/tools/scheduled_daily/schedule_report.py
[2026-10-07 01:01:57] ====================================================
[2026-10-07 01:01:57] schedule_report.py 開始執行
[2026-10-07 01:01:57] GITHUB_ACTIONS = true
[2026-10-07 01:01:57] PWD = /home/runner/work/tool-system/tool-system
[2026-10-07 01:01:57] LOCAL_OUTPUT_DIR = /Users/jenny/Library/CloudStorage/GoogleDrive-jenny@lemonclean.com.tw/.shortcut-targets-by-id/1zbu45AG1adMzz24HPdi_tLfh2Tncw_Br/排班統計表
[2026-10-07 01:01:57] LOCAL_OUTPUT_DIR exists = False
[2026-10-07 01:01:57] can_use_local_output_dir = False
[2026-10-07 01:01:57] root folder_id = 11O6eKHQ1e3Irqps7Kq1XJOSVVge3pCAc
[2026-10-07 01:01:57] ====================================================
[2026-10-07 01:01:57] Google Drive 初始化成功
[2026-10-07 01:01:57] 📁 使用既有資料夾：排班統計表
[2026-10-07 01:01:57] this_month = 2026-10
[2026-10-07 01:01:57] next_month = 2026-11
[2026-10-07 01:01:57] today_stamp = 20261007
[2026-10-07 01:01:57] next_month_stamp = 20261107
[2026-10-07 01:01:57] 排班統計表 folder_id = 18XDXdrCSsLYwSzz1Da9pQh-jGm2h2Ed8
[2026-10-07 01:01:57] 帳號數量 = 2
[2026-10-07 01:01:57] 
[2026-10-07 01:01:57] === 開始處理 台北 ===
[2026-10-07 01:01:57] 開始登入：jenny@lemonclean.com.tw
[2026-10-07 01:02:01] 登入成功：jenny@lemonclean.com.tw
[2026-10-07 01:02:01] 開始下載：month=2026-10 / filename=20261007排班統計表-台北.xlsx
[2026-10-07 01:02:02] ✅ 已下載到暫存：/tmp/tmpue8vcvhc/20261007排班統計表-台北.xlsx
[2026-10-07 01:02:02] 📦 檔案大小：17920 bytes
[2026-10-07 01:02:02] 📂 暫存目錄存在：True
[2026-10-07 01:02:02] 📄 暫存檔案存在：True
[2026-10-07 01:02:02] 目前不是 Jenny 本機環境，略過本機存檔
[2026-10-07 01:02:02] Google Drive 初始化成功
[2026-10-07 01:02:02] 準備上傳到 Google Drive：20261007排班統計表-台北.xlsx
[2026-10-07 01:02:06] ☁️ 已上傳新檔：20261007排班統計表-台北.xlsx (file_id=1osCdU1QbtGGKZNibKGd238RNQqfCafXr) https://docs.google.com/spreadsheets/d/1osCdU1QbtGGKZNibKGd238RNQqfCafXr/edit?usp=drivesdk&ouid=101667783075862487943&rtpof=true&sd=true
[2026-10-07 01:02:06] ✅ 完成處理：20261007排班統計表-台北.xlsx
[2026-10-07 01:02:06] 開始下載：month=2026-11 / filename=20261107排班統計表-台北.xlsx
[2026-10-07 01:02:07] ✅ 已下載到暫存：/tmp/tmp58607_yk/20261107排班統計表-台北.xlsx
[2026-10-07 01:02:07] 📦 檔案大小：12288 bytes
[2026-10-07 01:02:07] 📂 暫存目錄存在：True
[2026-10-07 01:02:07] 📄 暫存檔案存在：True
[2026-10-07 01:02:07] 目前不是 Jenny 本機環境，略過本機存檔
[2026-10-07 01:02:07] Google Drive 初始化成功
[2026-10-07 01:02:07] 準備上傳到 Google Drive：20261107排班統計表-台北.xlsx
[2026-10-07 01:02:09] ☁️ 已上傳新檔：20261107排班統計表-台北.xlsx (file_id=1p_-EQBIc0fEt7QUVP41r5j41KvAPcQiR) https://docs.google.com/spreadsheets/d/1p_-EQBIc0fEt7QUVP41r5j41KvAPcQiR/edit?usp=drivesdk&ouid=101667783075862487943&rtpof=true&sd=true
[2026-10-07 01:02:09] ✅ 完成處理：20261107排班統計表-台北.xlsx
[2026-10-07 01:02:09] ✅ 台北 全部完成
[2026-10-07 01:02:09] 
[2026-10-07 01:02:09] === 開始處理 台中 ===
[2026-10-07 01:02:09] 開始登入：jenny.tc@lemonclean.com.tw
[2026-10-07 01:02:11] 登入成功：jenny.tc@lemonclean.com.tw
[2026-10-07 01:02:11] 開始下載：month=2026-10 / filename=20261007排班統計表-台中.xlsx
[2026-10-07 01:02:11] ✅ 已下載到暫存：/tmp/tmp4s27t4x8/20261007排班統計表-台中.xlsx
[2026-10-07 01:02:11] 📦 檔案大小：6144 bytes
[2026-10-07 01:02:11] 📂 暫存目錄存在：True
[2026-10-07 01:02:11] 📄 暫存檔案存在：True
[2026-10-07 01:02:11] 目前不是 Jenny 本機環境，略過本機存檔
[2026-10-07 01:02:11] Google Drive 初始化成功
[2026-10-07 01:02:11] 準備上傳到 Google Drive：20261007排班統計表-台中.xlsx
[2026-10-07 01:02:15] ☁️ 已上傳新檔：20261007排班統計表-台中.xlsx (file_id=1WJktasQ0hyn4WPH-eJ_l6TUrs_yXhXhJ) https://docs.google.com/spreadsheets/d/1WJktasQ0hyn4WPH-eJ_l6TUrs_yXhXhJ/edit?usp=drivesdk&ouid=101667783075862487943&rtpof=true&sd=true
[2026-10-07 01:02:15] ✅ 完成處理：20261007排班統計表-台中.xlsx
[2026-10-07 01:02:15] 開始下載：month=2026-11 / filename=20261107排班統計表-台中.xlsx
[2026-10-07 01:02:15] ✅ 已下載到暫存：/tmp/tmp99hconp0/20261107排班統計表-台中.xlsx
[2026-10-07 01:02:15] 📦 檔案大小：5632 bytes
[2026-10-07 01:02:15] 📂 暫存目錄存在：True
[2026-10-07 01:02:15] 📄 暫存檔案存在：True
[2026-10-07 01:02:15] 目前不是 Jenny 本機環境，略過本機存檔
[2026-10-07 01:02:15] Google Drive 初始化成功
[2026-10-07 01:02:15] 準備上傳到 Google Drive：20261107排班統計表-台中.xlsx
[2026-10-07 01:02:18] ☁️ 已上傳新檔：20261107排班統計表-台中.xlsx (file_id=14wfxJgvWJb4Qu6he4dueNi2ceWyeELVt) https://docs.google.com/spreadsheets/d/14wfxJgvWJb4Qu6he4dueNi2ceWyeELVt/edit?usp=drivesdk&ouid=101667783075862487943&rtpof=true&sd=true
[2026-10-07 01:02:18] ✅ 完成處理：20261107排班統計表-台中.xlsx
[2026-10-07 01:02:18] ✅ 台中 全部完成
[2026-10-07 01:02:18] 🎉 schedule_report.py 全部完成

完成執行：排班統計表
scheduled_daily scheduler 全部完成
