2026-10-06 21:31:20 [INFO] === 客服排程系統 run_id=87e959fb step=1 台北時間=2026-10-07 05:31:20 ===
2026-10-06 21:31:20 [INFO] 目標試算表 ID 來源：環境變數 SERVICE_TARGET_SPREADSHEET_ID
2026-10-06 21:31:20 [INFO] file_cache is only supported with oauth2client<4.0.0
2026-10-06 21:31:40 [INFO] --- Step1_更新排班統計表 ---
2026-10-06 21:31:41 [INFO] file_cache is only supported with oauth2client<4.0.0
2026-10-06 21:31:41 [INFO] 本次視窗：202610 ~ 202611（共 2 個月）
2026-10-06 21:31:42 [INFO] Drive 資料夾找到 52 個檔案
2026-10-06 21:31:42 [INFO]   找到檔案：20261107排班統計表-台中.xlsx (application/vnd.openxmlformats-officedocument.spreadsheetml.sheet)
2026-10-06 21:31:42 [INFO]   找到檔案：20261007排班統計表-台中.xlsx (application/vnd.openxmlformats-officedocument.spreadsheetml.sheet)
2026-10-06 21:31:42 [INFO]   找到檔案：20261107排班統計表-台北.xlsx (application/vnd.openxmlformats-officedocument.spreadsheetml.sheet)
2026-10-06 21:31:42 [INFO]   找到檔案：20261007排班統計表-台北.xlsx (application/vnd.openxmlformats-officedocument.spreadsheetml.sheet)
2026-10-06 21:31:42 [INFO]   找到檔案：20261106排班統計表-台中 (application/vnd.google-apps.spreadsheet)
2026-10-06 21:31:42 [INFO]   找到檔案：20261106排班統計表-台北 (application/vnd.google-apps.spreadsheet)
2026-10-06 21:31:42 [INFO]   找到檔案：20261006排班統計表-台中 (application/vnd.google-apps.spreadsheet)
2026-10-06 21:31:42 [INFO]   找到檔案：20261006排班統計表-台北 (application/vnd.google-apps.spreadsheet)
2026-10-06 21:31:42 [INFO]   找到檔案：20261106排班統計表-台中.xlsx (application/vnd.openxmlformats-officedocument.spreadsheetml.sheet)
2026-10-06 21:31:42 [INFO]   找到檔案：20261006排班統計表-台中.xlsx (application/vnd.openxmlformats-officedocument.spreadsheetml.sheet)
2026-10-06 21:31:42 [INFO]   找到檔案：20261106排班統計表-台北.xlsx (application/vnd.openxmlformats-officedocument.spreadsheetml.sheet)
2026-10-06 21:31:42 [INFO]   找到檔案：20261006排班統計表-台北.xlsx (application/vnd.openxmlformats-officedocument.spreadsheetml.sheet)
2026-10-06 21:31:42 [INFO]   找到檔案：20261105排班統計表-台中 (application/vnd.google-apps.spreadsheet)
2026-10-06 21:31:42 [INFO]   找到檔案：20261105排班統計表-台北 (application/vnd.google-apps.spreadsheet)
2026-10-06 21:31:42 [INFO]   找到檔案：20261005排班統計表-台中 (application/vnd.google-apps.spreadsheet)
2026-10-06 21:31:42 [INFO]   找到檔案：20261005排班統計表-台北 (application/vnd.google-apps.spreadsheet)
2026-10-06 21:31:42 [INFO]   找到檔案：20261105排班統計表-台中.xlsx (application/vnd.openxmlformats-officedocument.spreadsheetml.sheet)
2026-10-06 21:31:42 [INFO]   找到檔案：20261005排班統計表-台中.xlsx (application/vnd.openxmlformats-officedocument.spreadsheetml.sheet)
2026-10-06 21:31:42 [INFO]   找到檔案：20261105排班統計表-台北.xlsx (application/vnd.openxmlformats-officedocument.spreadsheetml.sheet)
2026-10-06 21:31:42 [INFO]   找到檔案：20261005排班統計表-台北.xlsx (application/vnd.openxmlformats-officedocument.spreadsheetml.sheet)
2026-10-06 21:31:42 [INFO]   找到檔案：20261104排班統計表-台中 (application/vnd.google-apps.spreadsheet)
2026-10-06 21:31:42 [INFO]   找到檔案：20261104排班統計表-台北 (application/vnd.google-apps.spreadsheet)
2026-10-06 21:31:42 [INFO]   找到檔案：20261004排班統計表-台中 (application/vnd.google-apps.spreadsheet)
2026-10-06 21:31:42 [INFO]   找到檔案：20261004排班統計表-台北 (application/vnd.google-apps.spreadsheet)
2026-10-06 21:31:42 [INFO]   找到檔案：20261104排班統計表-台中.xlsx (application/vnd.openxmlformats-officedocument.spreadsheetml.sheet)
2026-10-06 21:31:42 [INFO]   找到檔案：20261004排班統計表-台中.xlsx (application/vnd.openxmlformats-officedocument.spreadsheetml.sheet)
2026-10-06 21:31:42 [INFO]   找到檔案：20261104排班統計表-台北.xlsx (application/vnd.openxmlformats-officedocument.spreadsheetml.sheet)
2026-10-06 21:31:42 [INFO]   找到檔案：20261004排班統計表-台北.xlsx (application/vnd.openxmlformats-officedocument.spreadsheetml.sheet)
2026-10-06 21:31:42 [INFO]   找到檔案：20261103排班統計表-台中 (application/vnd.google-apps.spreadsheet)
2026-10-06 21:31:42 [INFO]   找到檔案：20261103排班統計表-台北 (application/vnd.google-apps.spreadsheet)
2026-10-06 21:31:42 [INFO]   找到檔案：20261003排班統計表-台中 (application/vnd.google-apps.spreadsheet)
2026-10-06 21:31:42 [INFO]   找到檔案：20261003排班統計表-台北 (application/vnd.google-apps.spreadsheet)
2026-10-06 21:31:42 [INFO]   找到檔案：20261103排班統計表-台中.xlsx (application/vnd.openxmlformats-officedocument.spreadsheetml.sheet)
2026-10-06 21:31:42 [INFO]   找到檔案：20261003排班統計表-台中.xlsx (application/vnd.openxmlformats-officedocument.spreadsheetml.sheet)
2026-10-06 21:31:42 [INFO]   找到檔案：20261103排班統計表-台北.xlsx (application/vnd.openxmlformats-officedocument.spreadsheetml.sheet)
2026-10-06 21:31:42 [INFO]   找到檔案：20261003排班統計表-台北.xlsx (application/vnd.openxmlformats-officedocument.spreadsheetml.sheet)
2026-10-06 21:31:42 [INFO]   找到檔案：20261102排班統計表-台中 (application/vnd.google-apps.spreadsheet)
2026-10-06 21:31:42 [INFO]   找到檔案：20261102排班統計表-台北 (application/vnd.google-apps.spreadsheet)
2026-10-06 21:31:42 [INFO]   找到檔案：20261002排班統計表-台中 (application/vnd.google-apps.spreadsheet)
2026-10-06 21:31:42 [INFO]   找到檔案：20261002排班統計表-台北 (application/vnd.google-apps.spreadsheet)
2026-10-06 21:31:42 [INFO]   找到檔案：20261102排班統計表-台中.xlsx (application/vnd.openxmlformats-officedocument.spreadsheetml.sheet)
2026-10-06 21:31:42 [INFO]   找到檔案：20261002排班統計表-台中.xlsx (application/vnd.openxmlformats-officedocument.spreadsheetml.sheet)
2026-10-06 21:31:42 [INFO]   找到檔案：20261102排班統計表-台北.xlsx (application/vnd.openxmlformats-officedocument.spreadsheetml.sheet)
2026-10-06 21:31:42 [INFO]   找到檔案：20261002排班統計表-台北.xlsx (application/vnd.openxmlformats-officedocument.spreadsheetml.sheet)
2026-10-06 21:31:42 [INFO]   找到檔案：20261101排班統計表-台中 (application/vnd.google-apps.spreadsheet)
2026-10-06 21:31:42 [INFO]   找到檔案：20261101排班統計表-台北 (application/vnd.google-apps.spreadsheet)
2026-10-06 21:31:42 [INFO]   找到檔案：20261001排班統計表-台中 (application/vnd.google-apps.spreadsheet)
2026-10-06 21:31:42 [INFO]   找到檔案：20261001排班統計表-台北 (application/vnd.google-apps.spreadsheet)
2026-10-06 21:31:42 [INFO]   找到檔案：20261101排班統計表-台中.xlsx (application/vnd.openxmlformats-officedocument.spreadsheetml.sheet)
2026-10-06 21:31:42 [INFO]   找到檔案：20261001排班統計表-台中.xlsx (application/vnd.openxmlformats-officedocument.spreadsheetml.sheet)
2026-10-06 21:31:42 [INFO]   找到檔案：20261101排班統計表-台北.xlsx (application/vnd.openxmlformats-officedocument.spreadsheetml.sheet)
2026-10-06 21:31:42 [INFO]   找到檔案：20261001排班統計表-台北.xlsx (application/vnd.openxmlformats-officedocument.spreadsheetml.sheet)
2026-10-06 21:31:42 [INFO] 排班檔確認 OK：{'202610': {'taipei': '20261007排班統計表-台北.xlsx', 'taichung': '20261007排班統計表-台中.xlsx'}, '202611': {'taipei': '20261107排班統計表-台北.xlsx', 'taichung': '20261107排班統計表-台中.xlsx'}}
2026-10-06 21:31:43 [INFO]   已清除範圍（202610 台北）：G3:O1026
2026-10-06 21:31:43 [INFO]   匯入：20261007排班統計表-台北.xlsx
2026-10-06 21:31:43 [INFO]   xlsx → Google Sheets：20261007排班統計表-台北
2026-10-06 21:31:43 [INFO] file_cache is only supported with oauth2client<4.0.0
2026-10-06 21:31:49 [INFO]   轉換完成，新 Google Sheets ID：1xD2yotbZrno9rZUiDdk2OoZR3LWYIOmPa6XynR7sAqQ
2026-10-06 21:31:51 [INFO]   → 寫入 83 列（起始 R3C7）
2026-10-06 21:31:51 [INFO]   已清除範圍（202610 台中）：CD3:CL1026
2026-10-06 21:31:51 [INFO]   匯入：20261007排班統計表-台中.xlsx
2026-10-06 21:31:51 [INFO]   xlsx → Google Sheets：20261007排班統計表-台中
2026-10-06 21:31:51 [INFO] file_cache is only supported with oauth2client<4.0.0
2026-10-06 21:31:58 [INFO]   轉換完成，新 Google Sheets ID：1Mw2jHmigKXHSlLLylyrWdJ1r8btMYyW5Q3fhq9V3dv0
2026-10-06 21:32:00 [INFO]   → 寫入 12 列（起始 R3C82）
2026-10-06 21:32:00 [INFO]   已清除範圍（202611 台北）：V3:AD1026
2026-10-06 21:32:00 [INFO]   匯入：20261107排班統計表-台北.xlsx
2026-10-06 21:32:00 [INFO]   xlsx → Google Sheets：20261107排班統計表-台北
2026-10-06 21:32:00 [INFO] file_cache is only supported with oauth2client<4.0.0
2026-10-06 21:32:07 [INFO]   轉換完成，新 Google Sheets ID：1bSmloKsZd0ofTlVXilxDNICNe5r8vUIWmbwYVWlm-IE
2026-10-06 21:32:09 [INFO]   → 寫入 47 列（起始 R3C22）
2026-10-06 21:32:10 [INFO]   已清除範圍（202611 台中）：CS3:DA1026
2026-10-06 21:32:10 [INFO]   匯入：20261107排班統計表-台中.xlsx
2026-10-06 21:32:10 [INFO]   xlsx → Google Sheets：20261107排班統計表-台中
2026-10-06 21:32:10 [INFO] file_cache is only supported with oauth2client<4.0.0
2026-10-06 21:32:15 [INFO]   轉換完成，新 Google Sheets ID：1usxIPRqYQdyMDpvzWmJ_TTE_EhA6QHlyStAAdf7HbNE
2026-10-06 21:32:18 [INFO]   → 寫入 7 列（起始 R3C97）
2026-10-06 21:32:20 [INFO] Step 1 完成（38.3s）
2026-10-06 21:32:21 [INFO] === 全部完成 run_id=87e959fb（39.8s）===
