2026-10-06 21:32:48 [INFO] === 客服排程系統 run_id=c6c66ce0 step=3 台北時間=2026-10-07 05:32:48 ===
2026-10-06 21:32:48 [INFO] 目標試算表 ID 來源：環境變數 SERVICE_TARGET_SPREADSHEET_ID
2026-10-06 21:32:48 [INFO] file_cache is only supported with oauth2client<4.0.0
2026-10-06 21:33:05 [INFO] --- Step3_更新前一天營業分數及營業額 ---
2026-10-06 21:33:06 [INFO] 信件日期（台北時間）：2026-10-06
2026-10-06 21:33:18 [INFO]   [mail] text/plain 為空，fallback 到 text/html（3460 字元）
2026-10-06 21:33:25 [INFO]   近三日營業額-台北 → 選中 17:25:04（與17:25差4s）
2026-10-06 21:33:25 [INFO]   [debug] 行62 repr='2026-10-04：16分'
2026-10-06 21:33:25 [INFO]   [debug] 行63 repr='2026-10-05：212分'
2026-10-06 21:33:25 [INFO]   [debug] 行64 repr='2026-10-06：36分'
2026-10-06 21:33:25 [INFO]   [debug] 行65 repr='【家電清潔】日營業額'
2026-10-06 21:33:25 [INFO]   [debug] 行66 repr='2026-10-04：0分'
2026-10-06 21:33:25 [INFO]   [debug] 行67 repr='2026-10-05：0分'
2026-10-06 21:33:25 [INFO]   [debug] 行68 repr='2026-10-06：0分'
2026-10-06 21:33:25 [INFO]   [debug] 行69 repr='【儲值金】日營業額'
2026-10-06 21:33:34 [INFO]   [mail] text/plain 為空，fallback 到 text/html（867 字元）
2026-10-06 21:33:38 [INFO]   近三日營業額-台中 → 選中 17:25:07（與17:25差7s）
2026-10-06 21:33:38 [INFO]   [debug] 行21 repr='2026-10-04：0分'
2026-10-06 21:33:38 [INFO]   [debug] 行22 repr='2026-10-05：0分'
2026-10-06 21:33:38 [INFO]   [debug] 行23 repr='2026-10-06：0分'
2026-10-06 21:33:38 [INFO]   [debug] 行24 repr='【家電清潔】日營業額'
2026-10-06 21:33:38 [INFO]   [debug] 行25 repr='2026-10-04：0分'
2026-10-06 21:33:38 [INFO]   [debug] 行26 repr='2026-10-05：0分'
2026-10-06 21:33:38 [INFO]   [debug] 行27 repr='2026-10-06：0分'
2026-10-06 21:33:38 [INFO]   [debug] 行28 repr='【儲值金】日營業額'
2026-10-06 21:33:38 [INFO]   台北：{'daily_value': 36, 'total_count': 579, 'total_amount': 1158850}
2026-10-06 21:33:38 [INFO]   台中：{'daily_value': 0, 'total_count': 12, 'total_amount': 24800}
2026-10-06 21:33:40 [INFO] Step 3 完成，row=2425（32.8s）
2026-10-06 21:33:41 [INFO] === 全部完成 run_id=c6c66ce0（34.2s）===
