開始執行：專員班表
⚠️ 一鍵日排程 secrets TOML 注入失敗：No secrets found. Valid paths for a secrets.toml file or secret directories are: /home/runner/.streamlit/secrets.toml, /home/runner/work/tool-system/tool-system/.streamlit/secrets.toml
⚠️ 一鍵日排程 secrets env 注入失敗：No secrets found. Valid paths for a secrets.toml file or secret directories are: /home/runner/.streamlit/secrets.toml, /home/runner/work/tool-system/tool-system/.streamlit/secrets.toml
OAuth env ready = True
OAuth bootstrap forced = True
Command: Python bootstrap -> /home/runner/work/tool-system/tool-system/tools/scheduled_daily/staff_schedule.py
[2026-10-07 01:11:17] ====================================================
[2026-10-07 01:11:17] staff_schedule.py 開始執行
[2026-10-07 01:11:17] GITHUB_ACTIONS = true
[2026-10-07 01:11:17] PWD = /home/runner/work/tool-system/tool-system
[2026-10-07 01:11:17] LOCAL_OUTPUT_DIR = /Users/jenny/Library/CloudStorage/GoogleDrive-jenny@lemonclean.com.tw/我的雲端硬碟/lemon_Jenny/Jenny@lemon程式/專員班表
[2026-10-07 01:11:17] LOCAL_OUTPUT_DIR exists = False
[2026-10-07 01:11:17] can_use_local_output_dir = False
[2026-10-07 01:11:17] root folder_id = 11O6eKHQ1e3Irqps7Kq1XJOSVVge3pCAc
[2026-10-07 01:11:17] ====================================================
[2026-10-07 01:11:17] Google Drive 初始化成功
[2026-10-07 01:11:18] 📁 使用既有資料夾：專員班表
[2026-10-07 01:11:18] this_month = 2026-10
[2026-10-07 01:11:18] next_month = 2026-11
[2026-10-07 01:11:18] this_date = 20261007
[2026-10-07 01:11:18] next_date = 20261107
[2026-10-07 01:11:18] 專員班表 folder_id = 1V2AUNsT_jzQWawmnBNU_u-e7odYviwEk
[2026-10-07 01:11:18] 帳號數量 = 2
[2026-10-07 01:11:18] 
[2026-10-07 01:11:18] === 開始處理 台北 ===
[2026-10-07 01:11:18] 開始登入：jenny@lemonclean.com.tw
[2026-10-07 01:11:19] 登入成功：jenny@lemonclean.com.tw
[2026-10-07 01:11:19] 開始下載：city=台北 / month=2026-10 / filename=20261007專員班表-台北.xls
[2026-10-07 01:11:22] ✅ 已下載到暫存：/tmp/tmpprtpgvlk/20261007專員班表-台北.xls
[2026-10-07 01:11:22] 📦 檔案大小：134656 bytes
[2026-10-07 01:11:22] 📂 暫存目錄存在：True
[2026-10-07 01:11:22] 📄 暫存檔案存在：True
[2026-10-07 01:11:22] 目前不是 Jenny 本機環境，略過本機存檔
[2026-10-07 01:11:22] Google Drive 初始化成功
[2026-10-07 01:11:22] 準備上傳到 Google Drive：20261007專員班表-台北.xls
[2026-10-07 01:11:26] ☁️ 已上傳新檔：20261007專員班表-台北.xls (file_id=1_biMNgV0TcIh5ys6A8xyBODy9GeR5cjL) https://docs.google.com/spreadsheets/d/1_biMNgV0TcIh5ys6A8xyBODy9GeR5cjL/edit?usp=drivesdk&ouid=101667783075862487943&rtpof=true&sd=true
[2026-10-07 01:11:26] ✅ 完成處理：20261007專員班表-台北.xls
[2026-10-07 01:11:26] 開始下載：city=台北 / month=2026-11 / filename=20261107專員班表-台北.xls
[2026-10-07 01:11:29] ✅ 已下載到暫存：/tmp/tmpqrzgfh08/20261107專員班表-台北.xls
[2026-10-07 01:11:29] 📦 檔案大小：75776 bytes
[2026-10-07 01:11:29] 📂 暫存目錄存在：True
[2026-10-07 01:11:29] 📄 暫存檔案存在：True
[2026-10-07 01:11:29] 目前不是 Jenny 本機環境，略過本機存檔
[2026-10-07 01:11:29] Google Drive 初始化成功
[2026-10-07 01:11:29] 準備上傳到 Google Drive：20261107專員班表-台北.xls
[2026-10-07 01:11:32] ☁️ 已上傳新檔：20261107專員班表-台北.xls (file_id=1sHDnPRf6RL0QLHsrPNsrbzlx9WyS7nkk) https://docs.google.com/spreadsheets/d/1sHDnPRf6RL0QLHsrPNsrbzlx9WyS7nkk/edit?usp=drivesdk&ouid=101667783075862487943&rtpof=true&sd=true
[2026-10-07 01:11:32] ✅ 完成處理：20261107專員班表-台北.xls
[2026-10-07 01:11:32] ✅ 台北 全部完成
[2026-10-07 01:11:32] 
[2026-10-07 01:11:32] === 開始處理 台中 ===
[2026-10-07 01:11:32] 開始登入：jenny.tc@lemonclean.com.tw
[2026-10-07 01:11:33] 登入成功：jenny.tc@lemonclean.com.tw
[2026-10-07 01:11:33] 開始下載：city=台中 / month=2026-10 / filename=20261007專員班表-台中.xls
[2026-10-07 01:11:34] ✅ 已下載到暫存：/tmp/tmp30rdud2_/20261007專員班表-台中.xls
[2026-10-07 01:11:34] 📦 檔案大小：25600 bytes
[2026-10-07 01:11:34] 📂 暫存目錄存在：True
[2026-10-07 01:11:34] 📄 暫存檔案存在：True
[2026-10-07 01:11:34] 目前不是 Jenny 本機環境，略過本機存檔
[2026-10-07 01:11:34] Google Drive 初始化成功
[2026-10-07 01:11:34] 準備上傳到 Google Drive：20261007專員班表-台中.xls
[2026-10-07 01:11:37] ☁️ 已上傳新檔：20261007專員班表-台中.xls (file_id=1JS_dTb5IjbfsrO4-UfRb7W0LzBWKuClG) https://docs.google.com/spreadsheets/d/1JS_dTb5IjbfsrO4-UfRb7W0LzBWKuClG/edit?usp=drivesdk&ouid=101667783075862487943&rtpof=true&sd=true
[2026-10-07 01:11:37] ✅ 完成處理：20261007專員班表-台中.xls
[2026-10-07 01:11:37] 開始下載：city=台中 / month=2026-11 / filename=20261107專員班表-台中.xls
[2026-10-07 01:11:38] ✅ 已下載到暫存：/tmp/tmplwuqvg63/20261107專員班表-台中.xls
[2026-10-07 01:11:38] 📦 檔案大小：22528 bytes
[2026-10-07 01:11:38] 📂 暫存目錄存在：True
[2026-10-07 01:11:38] 📄 暫存檔案存在：True
[2026-10-07 01:11:38] 目前不是 Jenny 本機環境，略過本機存檔
[2026-10-07 01:11:38] Google Drive 初始化成功
[2026-10-07 01:11:38] 準備上傳到 Google Drive：20261107專員班表-台中.xls
[2026-10-07 01:11:41] ☁️ 已上傳新檔：20261107專員班表-台中.xls (file_id=1ZQiBFqE5jYqYwKHYd27A0n4PRtJ95PZD) https://docs.google.com/spreadsheets/d/1ZQiBFqE5jYqYwKHYd27A0n4PRtJ95PZD/edit?usp=drivesdk&ouid=101667783075862487943&rtpof=true&sd=true
[2026-10-07 01:11:41] ✅ 完成處理：20261107專員班表-台中.xls
[2026-10-07 01:11:41] ✅ 台中 全部完成
[2026-10-07 01:11:41] 🎉 staff_schedule.py 全部完成

完成執行：專員班表
scheduled_daily scheduler 全部完成
