開始執行：專員個資
⚠️ 一鍵日排程 secrets TOML 注入失敗：No secrets found. Valid paths for a secrets.toml file or secret directories are: /home/runner/.streamlit/secrets.toml, /home/runner/work/tool-system/tool-system/.streamlit/secrets.toml
⚠️ 一鍵日排程 secrets env 注入失敗：No secrets found. Valid paths for a secrets.toml file or secret directories are: /home/runner/.streamlit/secrets.toml, /home/runner/work/tool-system/tool-system/.streamlit/secrets.toml
OAuth env ready = True
OAuth bootstrap forced = True
Command: Python bootstrap -> /home/runner/work/tool-system/tool-system/tools/scheduled_daily/staff_info.py
[2026-10-07 01:31:51] ====================================================
[2026-10-07 01:31:51] staff_info.py 開始執行
[2026-10-07 01:31:51] GITHUB_ACTIONS = true
[2026-10-07 01:31:51] PWD = /home/runner/work/tool-system/tool-system
[2026-10-07 01:31:51] LOCAL_OUTPUT_DIR = /Users/jenny/Library/CloudStorage/GoogleDrive-jenny@lemonclean.com.tw/我的雲端硬碟/lemon_Jenny/Jenny@lemon程式/專員個資
[2026-10-07 01:31:51] LOCAL_OUTPUT_DIR exists = False
[2026-10-07 01:31:51] can_use_local_output_dir = False
[2026-10-07 01:31:51] root folder_id = 11O6eKHQ1e3Irqps7Kq1XJOSVVge3pCAc
[2026-10-07 01:31:51] ====================================================
[2026-10-07 01:31:51] Google Drive 初始化成功
[2026-10-07 01:31:52] 📁 使用既有資料夾：專員個資
[2026-10-07 01:31:52] today_stamp = 20261007
[2026-10-07 01:31:52] 專員個資 folder_id = 1v1Er8oC3BEAWHbBrDq3SUpjEDwHIuK0f
[2026-10-07 01:31:52] 帳號數量 = 2
[2026-10-07 01:31:52] 
[2026-10-07 01:31:52] === 開始處理 台北 ===
[2026-10-07 01:31:52] 開始登入：jenny@lemonclean.com.tw
[2026-10-07 01:31:53] 登入成功：jenny@lemonclean.com.tw
[2026-10-07 01:31:53] 開始下載：city=台北 / filename=20261007專員個資-台北.xlsx
[2026-10-07 01:31:56] ✅ 已下載到暫存：/tmp/tmpuag7rzyz/20261007專員個資-台北.xlsx
[2026-10-07 01:31:56] 📦 檔案大小：228352 bytes
[2026-10-07 01:31:56] 📂 暫存目錄存在：True
[2026-10-07 01:31:56] 📄 暫存檔案存在：True
[2026-10-07 01:31:56] 目前不是 Jenny 本機環境，略過本機存檔
[2026-10-07 01:31:56] Google Drive 初始化成功
[2026-10-07 01:31:56] 準備上傳到 Google Drive：20261007專員個資-台北.xlsx
[2026-10-07 01:31:59] ☁️ 已上傳新檔：20261007專員個資-台北.xlsx (file_id=18liDV1vgwqov6vbC0fUywrjvWSqYGsH5) https://docs.google.com/spreadsheets/d/18liDV1vgwqov6vbC0fUywrjvWSqYGsH5/edit?usp=drivesdk&ouid=101667783075862487943&rtpof=true&sd=true
[2026-10-07 01:31:59] ✅ 完成處理：20261007專員個資-台北.xlsx
[2026-10-07 01:31:59] ✅ 台北 全部完成
[2026-10-07 01:31:59] 
[2026-10-07 01:31:59] === 開始處理 台中 ===
[2026-10-07 01:31:59] 開始登入：jenny.tc@lemonclean.com.tw
[2026-10-07 01:32:00] 登入成功：jenny.tc@lemonclean.com.tw
[2026-10-07 01:32:00] 開始下載：city=台中 / filename=20261007專員個資-台中.xlsx
[2026-10-07 01:32:00] ✅ 已下載到暫存：/tmp/tmp4rluhotj/20261007專員個資-台中.xlsx
[2026-10-07 01:32:00] 📦 檔案大小：59904 bytes
[2026-10-07 01:32:00] 📂 暫存目錄存在：True
[2026-10-07 01:32:00] 📄 暫存檔案存在：True
[2026-10-07 01:32:00] 目前不是 Jenny 本機環境，略過本機存檔
[2026-10-07 01:32:00] Google Drive 初始化成功
[2026-10-07 01:32:00] 準備上傳到 Google Drive：20261007專員個資-台中.xlsx
[2026-10-07 01:32:03] ☁️ 已上傳新檔：20261007專員個資-台中.xlsx (file_id=1l1KjhwGHtJZIiy6OWFqlhv2R7EBhhQnb) https://docs.google.com/spreadsheets/d/1l1KjhwGHtJZIiy6OWFqlhv2R7EBhhQnb/edit?usp=drivesdk&ouid=101667783075862487943&rtpof=true&sd=true
[2026-10-07 01:32:03] ✅ 完成處理：20261007專員個資-台中.xlsx
[2026-10-07 01:32:03] ✅ 台中 全部完成
[2026-10-07 01:32:03] 🎉 staff_info.py 全部完成

完成執行：專員個資
scheduled_daily scheduler 全部完成
