開始執行：專員班表
⚠️ 一鍵日排程 secrets TOML 注入失敗：No secrets found. Valid paths for a secrets.toml file or secret directories are: /home/runner/.streamlit/secrets.toml, /home/runner/work/tool-system/tool-system/.streamlit/secrets.toml
⚠️ 一鍵日排程 secrets env 注入失敗：No secrets found. Valid paths for a secrets.toml file or secret directories are: /home/runner/.streamlit/secrets.toml, /home/runner/work/tool-system/tool-system/.streamlit/secrets.toml
OAuth env ready = True
OAuth bootstrap forced = True
Command: Python bootstrap -> /home/runner/work/tool-system/tool-system/tools/scheduled_daily/staff_schedule.py
[2026-08-20 01:36:15] ====================================================
[2026-08-20 01:36:15] staff_schedule.py 開始執行
[2026-08-20 01:36:15] GITHUB_ACTIONS = true
[2026-08-20 01:36:15] PWD = /home/runner/work/tool-system/tool-system
[2026-08-20 01:36:15] LOCAL_OUTPUT_DIR = /Users/jenny/Library/CloudStorage/GoogleDrive-jenny@lemonclean.com.tw/我的雲端硬碟/lemon_Jenny/Jenny@lemon程式/專員班表
[2026-08-20 01:36:15] LOCAL_OUTPUT_DIR exists = False
[2026-08-20 01:36:15] can_use_local_output_dir = False
[2026-08-20 01:36:15] root folder_id = 11O6eKHQ1e3Irqps7Kq1XJOSVVge3pCAc
[2026-08-20 01:36:15] ====================================================
[2026-08-20 01:36:15] Google Drive 初始化成功
[2026-08-20 01:36:16] 📁 使用既有資料夾：專員班表
[2026-08-20 01:36:16] this_month = 2026-08
[2026-08-20 01:36:16] next_month = 2026-09
[2026-08-20 01:36:16] this_date = 20260820
[2026-08-20 01:36:16] next_date = 20260920
[2026-08-20 01:36:16] 專員班表 folder_id = 1V2AUNsT_jzQWawmnBNU_u-e7odYviwEk
[2026-08-20 01:36:16] 帳號數量 = 2
[2026-08-20 01:36:16] 
[2026-08-20 01:36:16] === 開始處理 台北 ===
[2026-08-20 01:36:16] 開始登入：jenny@lemonclean.com.tw
[2026-08-20 01:36:17] 登入成功：jenny@lemonclean.com.tw
[2026-08-20 01:36:17] 開始下載：city=台北 / month=2026-08 / filename=20260820專員班表-台北.xls
[2026-08-20 01:36:22] ✅ 已下載到暫存：/tmp/tmpo2qytvqi/20260820專員班表-台北.xls
[2026-08-20 01:36:22] 📦 檔案大小：142336 bytes
[2026-08-20 01:36:22] 📂 暫存目錄存在：True
[2026-08-20 01:36:22] 📄 暫存檔案存在：True
[2026-08-20 01:36:22] 目前不是 Jenny 本機環境，略過本機存檔
[2026-08-20 01:36:22] Google Drive 初始化成功
[2026-08-20 01:36:22] 準備上傳到 Google Drive：20260820專員班表-台北.xls
[2026-08-20 01:36:25] ☁️ 已上傳新檔：20260820專員班表-台北.xls (file_id=1Pm7cydZfV_v2IuQ2rijMAArbsv2pjzUw) https://docs.google.com/spreadsheets/d/1Pm7cydZfV_v2IuQ2rijMAArbsv2pjzUw/edit?usp=drivesdk&ouid=101667783075862487943&rtpof=true&sd=true
[2026-08-20 01:36:25] ✅ 完成處理：20260820專員班表-台北.xls
[2026-08-20 01:36:25] 開始下載：city=台北 / month=2026-09 / filename=20260920專員班表-台北.xls
[2026-08-20 01:36:29] ✅ 已下載到暫存：/tmp/tmp_uv4k925/20260920專員班表-台北.xls
[2026-08-20 01:36:29] 📦 檔案大小：103936 bytes
[2026-08-20 01:36:29] 📂 暫存目錄存在：True
[2026-08-20 01:36:29] 📄 暫存檔案存在：True
[2026-08-20 01:36:29] 目前不是 Jenny 本機環境，略過本機存檔
[2026-08-20 01:36:29] Google Drive 初始化成功
[2026-08-20 01:36:29] 準備上傳到 Google Drive：20260920專員班表-台北.xls
[2026-08-20 01:36:31] ☁️ 已上傳新檔：20260920專員班表-台北.xls (file_id=1CQsdBC0YNnhLJn3j9dhOczuc3KW8UxAx) https://docs.google.com/spreadsheets/d/1CQsdBC0YNnhLJn3j9dhOczuc3KW8UxAx/edit?usp=drivesdk&ouid=101667783075862487943&rtpof=true&sd=true
[2026-08-20 01:36:31] ✅ 完成處理：20260920專員班表-台北.xls
[2026-08-20 01:36:31] ✅ 台北 全部完成
[2026-08-20 01:36:31] 
[2026-08-20 01:36:31] === 開始處理 台中 ===
[2026-08-20 01:36:31] 開始登入：jenny.tc@lemonclean.com.tw
[2026-08-20 01:36:32] 登入成功：jenny.tc@lemonclean.com.tw
[2026-08-20 01:36:32] 開始下載：city=台中 / month=2026-08 / filename=20260820專員班表-台中.xls
[2026-08-20 01:36:33] ✅ 已下載到暫存：/tmp/tmpj3n9f_cw/20260820專員班表-台中.xls
[2026-08-20 01:36:33] 📦 檔案大小：26112 bytes
[2026-08-20 01:36:33] 📂 暫存目錄存在：True
[2026-08-20 01:36:33] 📄 暫存檔案存在：True
[2026-08-20 01:36:33] 目前不是 Jenny 本機環境，略過本機存檔
[2026-08-20 01:36:33] Google Drive 初始化成功
[2026-08-20 01:36:33] 準備上傳到 Google Drive：20260820專員班表-台中.xls
[2026-08-20 01:36:36] ☁️ 已上傳新檔：20260820專員班表-台中.xls (file_id=1ZNaUOzaKrj87QaLAk87dNEuv72iumMd8) https://docs.google.com/spreadsheets/d/1ZNaUOzaKrj87QaLAk87dNEuv72iumMd8/edit?usp=drivesdk&ouid=101667783075862487943&rtpof=true&sd=true
[2026-08-20 01:36:36] ✅ 完成處理：20260820專員班表-台中.xls
[2026-08-20 01:36:36] 開始下載：city=台中 / month=2026-09 / filename=20260920專員班表-台中.xls
[2026-08-20 01:36:36] ✅ 已下載到暫存：/tmp/tmp3o88fyhr/20260920專員班表-台中.xls
[2026-08-20 01:36:36] 📦 檔案大小：22528 bytes
[2026-08-20 01:36:36] 📂 暫存目錄存在：True
[2026-08-20 01:36:36] 📄 暫存檔案存在：True
[2026-08-20 01:36:36] 目前不是 Jenny 本機環境，略過本機存檔
[2026-08-20 01:36:36] Google Drive 初始化成功
[2026-08-20 01:36:36] 準備上傳到 Google Drive：20260920專員班表-台中.xls
[2026-08-20 01:36:39] ☁️ 已上傳新檔：20260920專員班表-台中.xls (file_id=1OG2FqDHQj3H_DemBlX3CPLyc-I2CFWpg) https://docs.google.com/spreadsheets/d/1OG2FqDHQj3H_DemBlX3CPLyc-I2CFWpg/edit?usp=drivesdk&ouid=101667783075862487943&rtpof=true&sd=true
[2026-08-20 01:36:39] ✅ 完成處理：20260920專員班表-台中.xls
[2026-08-20 01:36:39] ✅ 台中 全部完成
[2026-08-20 01:36:39] 🎉 staff_schedule.py 全部完成

完成執行：專員班表
scheduled_daily scheduler 全部完成
