開始執行：專員個資
⚠️ 一鍵日排程 secrets TOML 注入失敗：No secrets found. Valid paths for a secrets.toml file or secret directories are: /home/runner/.streamlit/secrets.toml, /home/runner/work/tool-system/tool-system/.streamlit/secrets.toml
⚠️ 一鍵日排程 secrets env 注入失敗：No secrets found. Valid paths for a secrets.toml file or secret directories are: /home/runner/.streamlit/secrets.toml, /home/runner/work/tool-system/tool-system/.streamlit/secrets.toml
OAuth env ready = True
OAuth bootstrap forced = True
Command: Python bootstrap -> /home/runner/work/tool-system/tool-system/tools/scheduled_daily/staff_info.py
[2026-08-20 01:47:14] ====================================================
[2026-08-20 01:47:14] staff_info.py 開始執行
[2026-08-20 01:47:14] GITHUB_ACTIONS = true
[2026-08-20 01:47:14] PWD = /home/runner/work/tool-system/tool-system
[2026-08-20 01:47:14] LOCAL_OUTPUT_DIR = /Users/jenny/Library/CloudStorage/GoogleDrive-jenny@lemonclean.com.tw/我的雲端硬碟/lemon_Jenny/Jenny@lemon程式/專員個資
[2026-08-20 01:47:14] LOCAL_OUTPUT_DIR exists = False
[2026-08-20 01:47:14] can_use_local_output_dir = False
[2026-08-20 01:47:14] root folder_id = 11O6eKHQ1e3Irqps7Kq1XJOSVVge3pCAc
[2026-08-20 01:47:14] ====================================================
[2026-08-20 01:47:14] Google Drive 初始化成功
[2026-08-20 01:47:14] 📁 使用既有資料夾：專員個資
[2026-08-20 01:47:14] today_stamp = 20260820
[2026-08-20 01:47:14] 專員個資 folder_id = 1v1Er8oC3BEAWHbBrDq3SUpjEDwHIuK0f
[2026-08-20 01:47:14] 帳號數量 = 2
[2026-08-20 01:47:14] 
[2026-08-20 01:47:14] === 開始處理 台北 ===
[2026-08-20 01:47:14] 開始登入：jenny@lemonclean.com.tw
[2026-08-20 01:47:16] 登入成功：jenny@lemonclean.com.tw
[2026-08-20 01:47:16] 開始下載：city=台北 / filename=20260820專員個資-台北.xlsx
[2026-08-20 01:47:19] ✅ 已下載到暫存：/tmp/tmp8gigjtzo/20260820專員個資-台北.xlsx
[2026-08-20 01:47:19] 📦 檔案大小：227328 bytes
[2026-08-20 01:47:19] 📂 暫存目錄存在：True
[2026-08-20 01:47:19] 📄 暫存檔案存在：True
[2026-08-20 01:47:19] 目前不是 Jenny 本機環境，略過本機存檔
[2026-08-20 01:47:19] Google Drive 初始化成功
[2026-08-20 01:47:19] 準備上傳到 Google Drive：20260820專員個資-台北.xlsx
[2026-08-20 01:47:22] ☁️ 已上傳新檔：20260820專員個資-台北.xlsx (file_id=16HmRy2WlwqVGw-WD9GwFz9ZoIAQE5deW) https://docs.google.com/spreadsheets/d/16HmRy2WlwqVGw-WD9GwFz9ZoIAQE5deW/edit?usp=drivesdk&ouid=101667783075862487943&rtpof=true&sd=true
[2026-08-20 01:47:22] ✅ 完成處理：20260820專員個資-台北.xlsx
[2026-08-20 01:47:22] ✅ 台北 全部完成
[2026-08-20 01:47:22] 
[2026-08-20 01:47:22] === 開始處理 台中 ===
[2026-08-20 01:47:22] 開始登入：jenny.tc@lemonclean.com.tw
[2026-08-20 01:47:23] 登入成功：jenny.tc@lemonclean.com.tw
[2026-08-20 01:47:23] 開始下載：city=台中 / filename=20260820專員個資-台中.xlsx
[2026-08-20 01:47:24] ✅ 已下載到暫存：/tmp/tmpdo238_nk/20260820專員個資-台中.xlsx
[2026-08-20 01:47:24] 📦 檔案大小：59904 bytes
[2026-08-20 01:47:24] 📂 暫存目錄存在：True
[2026-08-20 01:47:24] 📄 暫存檔案存在：True
[2026-08-20 01:47:24] 目前不是 Jenny 本機環境，略過本機存檔
[2026-08-20 01:47:24] Google Drive 初始化成功
[2026-08-20 01:47:24] 準備上傳到 Google Drive：20260820專員個資-台中.xlsx
[2026-08-20 01:47:26] ☁️ 已上傳新檔：20260820專員個資-台中.xlsx (file_id=1lLS2J30wlFTYhDDtKejXkle7nH50C9v-) https://docs.google.com/spreadsheets/d/1lLS2J30wlFTYhDDtKejXkle7nH50C9v-/edit?usp=drivesdk&ouid=101667783075862487943&rtpof=true&sd=true
[2026-08-20 01:47:26] ✅ 完成處理：20260820專員個資-台中.xlsx
[2026-08-20 01:47:26] ✅ 台中 全部完成
[2026-08-20 01:47:26] 🎉 staff_info.py 全部完成

完成執行：專員個資
scheduled_daily scheduler 全部完成
