📋 log_spreadsheet_id 已從設定檔載入
📝 外場排程打卡：外場排班統計表 / running
Command: /opt/hostedtoolcache/Python/3.11.16/x64/bin/python -u -m tools.field_management.schedule_stats --date 20260909 --system-name 外場排程系統 --run-type 排程
[2026-09-09 07:45:45] 開始處理排班統計表：20260909排班統計表-台北
🔄 Jenny OAuth 已將來源 Excel 轉成暫存 Google Sheet：1XomW8ejOAH-Je0s776YixBC7W5jeWbTC6hC8z0-5A74
🗑️ 已刪除來源暫存 Google Sheet：1XomW8ejOAH-Je0s776YixBC7W5jeWbTC6hC8z0-5A74
[2026-09-09 07:45:52] 完成：20260909排班統計表-台北.xlsx → 2026排班統計表!DJ4 / rows=78
[2026-09-09 07:46:03] 開始處理排班統計表：20261009排班統計表-台北
🔄 Jenny OAuth 已將來源 Excel 轉成暫存 Google Sheet：1a4bGsJPS7_ol5gq93PpxFNF4f_abVzcAOTuBlYdgsiA
🗑️ 已刪除來源暫存 Google Sheet：1a4bGsJPS7_ol5gq93PpxFNF4f_abVzcAOTuBlYdgsiA
[2026-09-09 07:46:07] 完成：20261009排班統計表-台北.xlsx → 2026排班統計表!DV4 / rows=58
[2026-09-09 07:46:09] 開始處理排班統計表：20260909排班統計表-台中
🔄 Jenny OAuth 已將來源 Excel 轉成暫存 Google Sheet：1hIh_IoIRryJtuM7qRpkd2UibSSn7gS6GB9GVdDjB14s
🗑️ 已刪除來源暫存 Google Sheet：1hIh_IoIRryJtuM7qRpkd2UibSSn7gS6GB9GVdDjB14s
[2026-09-09 07:46:14] 完成：20260909排班統計表-台中.xlsx → 2026排班統計表!DJ4 / rows=12
[2026-09-09 07:46:15] 開始處理排班統計表：20261009排班統計表-台中
🔄 Jenny OAuth 已將來源 Excel 轉成暫存 Google Sheet：1X7d1I1J2woRBBli607SB6zwqFOwcvIO1pQ8k0_QK_wU
🗑️ 已刪除來源暫存 Google Sheet：1X7d1I1J2woRBBli607SB6zwqFOwcvIO1pQ8k0_QK_wU
[2026-09-09 07:46:19] 完成：20261009排班統計表-台中.xlsx → 2026排班統計表!DV4 / rows=9
[2026-09-09 07:46:20] schedule_stats.py 全部完成

📝 外場排程打卡：外場排班統計表 / success
field_management scheduler 全部完成
