開始執行：排班統計表
⚠️ 一鍵日排程 secrets TOML 注入失敗：No secrets found. Valid paths for a secrets.toml file or secret directories are: /home/runner/.streamlit/secrets.toml, /home/runner/work/tool-system/tool-system/.streamlit/secrets.toml
⚠️ 一鍵日排程 secrets env 注入失敗：No secrets found. Valid paths for a secrets.toml file or secret directories are: /home/runner/.streamlit/secrets.toml, /home/runner/work/tool-system/tool-system/.streamlit/secrets.toml
OAuth env ready = True
OAuth bootstrap forced = True
Command: Python bootstrap -> /home/runner/work/tool-system/tool-system/tools/scheduled_daily/schedule_report.py
[2026-09-09 03:40:37] ====================================================
[2026-09-09 03:40:37] schedule_report.py 開始執行
[2026-09-09 03:40:37] GITHUB_ACTIONS = true
[2026-09-09 03:40:37] PWD = /home/runner/work/tool-system/tool-system
[2026-09-09 03:40:37] LOCAL_OUTPUT_DIR = /Users/jenny/Library/CloudStorage/GoogleDrive-jenny@lemonclean.com.tw/.shortcut-targets-by-id/1zbu45AG1adMzz24HPdi_tLfh2Tncw_Br/排班統計表
[2026-09-09 03:40:37] LOCAL_OUTPUT_DIR exists = False
[2026-09-09 03:40:37] can_use_local_output_dir = False
[2026-09-09 03:40:37] root folder_id = 11O6eKHQ1e3Irqps7Kq1XJOSVVge3pCAc
[2026-09-09 03:40:37] ====================================================
[2026-09-09 03:40:37] Google Drive 初始化成功
[2026-09-09 03:40:37] 📁 使用既有資料夾：排班統計表
[2026-09-09 03:40:37] this_month = 2026-09
[2026-09-09 03:40:37] next_month = 2026-10
[2026-09-09 03:40:37] today_stamp = 20260909
[2026-09-09 03:40:37] next_month_stamp = 20261009
[2026-09-09 03:40:37] 排班統計表 folder_id = 18XDXdrCSsLYwSzz1Da9pQh-jGm2h2Ed8
[2026-09-09 03:40:37] 帳號數量 = 2
[2026-09-09 03:40:37] 
[2026-09-09 03:40:37] === 開始處理 台北 ===
[2026-09-09 03:40:37] 開始登入：jenny@lemonclean.com.tw
[2026-09-09 03:40:40] 登入成功：jenny@lemonclean.com.tw
[2026-09-09 03:40:40] 開始下載：month=2026-09 / filename=20260909排班統計表-台北.xlsx
[2026-09-09 03:40:41] ✅ 已下載到暫存：/tmp/tmpn6bdhwne/20260909排班統計表-台北.xlsx
[2026-09-09 03:40:41] 📦 檔案大小：17408 bytes
[2026-09-09 03:40:41] 📂 暫存目錄存在：True
[2026-09-09 03:40:41] 📄 暫存檔案存在：True
[2026-09-09 03:40:41] 目前不是 Jenny 本機環境，略過本機存檔
[2026-09-09 03:40:41] Google Drive 初始化成功
[2026-09-09 03:40:41] 準備上傳到 Google Drive：20260909排班統計表-台北.xlsx
[2026-09-09 03:40:43] ☁️ 已上傳新檔：20260909排班統計表-台北.xlsx (file_id=16SQfDAIZn6suX5RQ-q-Pb0TtHunHDDVP) https://docs.google.com/spreadsheets/d/16SQfDAIZn6suX5RQ-q-Pb0TtHunHDDVP/edit?usp=drivesdk&ouid=101667783075862487943&rtpof=true&sd=true
[2026-09-09 03:40:43] ✅ 完成處理：20260909排班統計表-台北.xlsx
[2026-09-09 03:40:43] 開始下載：month=2026-10 / filename=20261009排班統計表-台北.xlsx
[2026-09-09 03:40:44] ✅ 已下載到暫存：/tmp/tmpqpmu1pk7/20261009排班統計表-台北.xlsx
[2026-09-09 03:40:44] 📦 檔案大小：15872 bytes
[2026-09-09 03:40:44] 📂 暫存目錄存在：True
[2026-09-09 03:40:44] 📄 暫存檔案存在：True
[2026-09-09 03:40:44] 目前不是 Jenny 本機環境，略過本機存檔
[2026-09-09 03:40:44] Google Drive 初始化成功
[2026-09-09 03:40:44] 準備上傳到 Google Drive：20261009排班統計表-台北.xlsx
[2026-09-09 03:40:47] ☁️ 已上傳新檔：20261009排班統計表-台北.xlsx (file_id=1jKzHGnf8eRus5YbcbN32wQN5WtdFsVJt) https://docs.google.com/spreadsheets/d/1jKzHGnf8eRus5YbcbN32wQN5WtdFsVJt/edit?usp=drivesdk&ouid=101667783075862487943&rtpof=true&sd=true
[2026-09-09 03:40:47] ✅ 完成處理：20261009排班統計表-台北.xlsx
[2026-09-09 03:40:47] ✅ 台北 全部完成
[2026-09-09 03:40:47] 
[2026-09-09 03:40:47] === 開始處理 台中 ===
[2026-09-09 03:40:47] 開始登入：jenny.tc@lemonclean.com.tw
[2026-09-09 03:40:48] 登入成功：jenny.tc@lemonclean.com.tw
[2026-09-09 03:40:48] 開始下載：month=2026-09 / filename=20260909排班統計表-台中.xlsx
[2026-09-09 03:40:48] ✅ 已下載到暫存：/tmp/tmppquthv7t/20260909排班統計表-台中.xlsx
[2026-09-09 03:40:48] 📦 檔案大小：6144 bytes
[2026-09-09 03:40:48] 📂 暫存目錄存在：True
[2026-09-09 03:40:48] 📄 暫存檔案存在：True
[2026-09-09 03:40:48] 目前不是 Jenny 本機環境，略過本機存檔
[2026-09-09 03:40:48] Google Drive 初始化成功
[2026-09-09 03:40:48] 準備上傳到 Google Drive：20260909排班統計表-台中.xlsx
[2026-09-09 03:40:51] ☁️ 已上傳新檔：20260909排班統計表-台中.xlsx (file_id=1jlxNrpPhCIYdOAJC7oogfTGeOKVZhTuj) https://docs.google.com/spreadsheets/d/1jlxNrpPhCIYdOAJC7oogfTGeOKVZhTuj/edit?usp=drivesdk&ouid=101667783075862487943&rtpof=true&sd=true
[2026-09-09 03:40:51] ✅ 完成處理：20260909排班統計表-台中.xlsx
[2026-09-09 03:40:51] 開始下載：month=2026-10 / filename=20261009排班統計表-台中.xlsx
[2026-09-09 03:40:51] ✅ 已下載到暫存：/tmp/tmpf2h6slv0/20261009排班統計表-台中.xlsx
[2026-09-09 03:40:51] 📦 檔案大小：5632 bytes
[2026-09-09 03:40:51] 📂 暫存目錄存在：True
[2026-09-09 03:40:51] 📄 暫存檔案存在：True
[2026-09-09 03:40:51] 目前不是 Jenny 本機環境，略過本機存檔
[2026-09-09 03:40:51] Google Drive 初始化成功
[2026-09-09 03:40:51] 準備上傳到 Google Drive：20261009排班統計表-台中.xlsx
[2026-09-09 03:40:54] ☁️ 已上傳新檔：20261009排班統計表-台中.xlsx (file_id=1-zfFWhBGzTdm7klg9RuwEfGHK4E_sdHO) https://docs.google.com/spreadsheets/d/1-zfFWhBGzTdm7klg9RuwEfGHK4E_sdHO/edit?usp=drivesdk&ouid=101667783075862487943&rtpof=true&sd=true
[2026-09-09 03:40:54] ✅ 完成處理：20261009排班統計表-台中.xlsx
[2026-09-09 03:40:54] ✅ 台中 全部完成
[2026-09-09 03:40:54] 🎉 schedule_report.py 全部完成

完成執行：排班統計表
scheduled_daily scheduler 全部完成
