開始執行：專員班表
⚠️ 一鍵日排程 secrets TOML 注入失敗：No secrets found. Valid paths for a secrets.toml file or secret directories are: /home/runner/.streamlit/secrets.toml, /home/runner/work/tool-system/tool-system/.streamlit/secrets.toml
⚠️ 一鍵日排程 secrets env 注入失敗：No secrets found. Valid paths for a secrets.toml file or secret directories are: /home/runner/.streamlit/secrets.toml, /home/runner/work/tool-system/tool-system/.streamlit/secrets.toml
OAuth env ready = True
OAuth bootstrap forced = True
Command: Python bootstrap -> /home/runner/work/tool-system/tool-system/tools/scheduled_daily/staff_schedule.py
[2026-09-09 03:52:53] ====================================================
[2026-09-09 03:52:53] staff_schedule.py 開始執行
[2026-09-09 03:52:53] GITHUB_ACTIONS = true
[2026-09-09 03:52:53] PWD = /home/runner/work/tool-system/tool-system
[2026-09-09 03:52:53] LOCAL_OUTPUT_DIR = /Users/jenny/Library/CloudStorage/GoogleDrive-jenny@lemonclean.com.tw/我的雲端硬碟/lemon_Jenny/Jenny@lemon程式/專員班表
[2026-09-09 03:52:53] LOCAL_OUTPUT_DIR exists = False
[2026-09-09 03:52:53] can_use_local_output_dir = False
[2026-09-09 03:52:53] root folder_id = 11O6eKHQ1e3Irqps7Kq1XJOSVVge3pCAc
[2026-09-09 03:52:53] ====================================================
[2026-09-09 03:52:53] Google Drive 初始化成功
[2026-09-09 03:52:54] 📁 使用既有資料夾：專員班表
[2026-09-09 03:52:54] this_month = 2026-09
[2026-09-09 03:52:54] next_month = 2026-10
[2026-09-09 03:52:54] this_date = 20260909
[2026-09-09 03:52:54] next_date = 20261009
[2026-09-09 03:52:54] 專員班表 folder_id = 1V2AUNsT_jzQWawmnBNU_u-e7odYviwEk
[2026-09-09 03:52:54] 帳號數量 = 2
[2026-09-09 03:52:54] 
[2026-09-09 03:52:54] === 開始處理 台北 ===
[2026-09-09 03:52:54] 開始登入：jenny@lemonclean.com.tw
[2026-09-09 03:52:56] 登入成功：jenny@lemonclean.com.tw
[2026-09-09 03:52:56] 開始下載：city=台北 / month=2026-09 / filename=20260909專員班表-台北.xls
[2026-09-09 03:52:59] ✅ 已下載到暫存：/tmp/tmpfh7p1a28/20260909專員班表-台北.xls
[2026-09-09 03:52:59] 📦 檔案大小：137216 bytes
[2026-09-09 03:52:59] 📂 暫存目錄存在：True
[2026-09-09 03:52:59] 📄 暫存檔案存在：True
[2026-09-09 03:52:59] 目前不是 Jenny 本機環境，略過本機存檔
[2026-09-09 03:52:59] Google Drive 初始化成功
[2026-09-09 03:52:59] 準備上傳到 Google Drive：20260909專員班表-台北.xls
[2026-09-09 03:53:01] ☁️ 已上傳新檔：20260909專員班表-台北.xls (file_id=15KiTNn2f1yQ1Lv6kQoU_sJas2XDBP5aE) https://docs.google.com/spreadsheets/d/15KiTNn2f1yQ1Lv6kQoU_sJas2XDBP5aE/edit?usp=drivesdk&ouid=101667783075862487943&rtpof=true&sd=true
[2026-09-09 03:53:01] ✅ 完成處理：20260909專員班表-台北.xls
[2026-09-09 03:53:01] 開始下載：city=台北 / month=2026-10 / filename=20261009專員班表-台北.xls
[2026-09-09 03:53:04] ✅ 已下載到暫存：/tmp/tmpo_3o43kt/20261009專員班表-台北.xls
[2026-09-09 03:53:04] 📦 檔案大小：98304 bytes
[2026-09-09 03:53:04] 📂 暫存目錄存在：True
[2026-09-09 03:53:04] 📄 暫存檔案存在：True
[2026-09-09 03:53:04] 目前不是 Jenny 本機環境，略過本機存檔
[2026-09-09 03:53:04] Google Drive 初始化成功
[2026-09-09 03:53:04] 準備上傳到 Google Drive：20261009專員班表-台北.xls
[2026-09-09 03:53:06] ☁️ 已上傳新檔：20261009專員班表-台北.xls (file_id=1KEmSeEO4xaS4eTDz0oaJz9jG3xwsaGl7) https://docs.google.com/spreadsheets/d/1KEmSeEO4xaS4eTDz0oaJz9jG3xwsaGl7/edit?usp=drivesdk&ouid=101667783075862487943&rtpof=true&sd=true
[2026-09-09 03:53:06] ✅ 完成處理：20261009專員班表-台北.xls
[2026-09-09 03:53:06] ✅ 台北 全部完成
[2026-09-09 03:53:06] 
[2026-09-09 03:53:06] === 開始處理 台中 ===
[2026-09-09 03:53:06] 開始登入：jenny.tc@lemonclean.com.tw
[2026-09-09 03:53:08] 登入成功：jenny.tc@lemonclean.com.tw
[2026-09-09 03:53:08] 開始下載：city=台中 / month=2026-09 / filename=20260909專員班表-台中.xls
[2026-09-09 03:53:09] ✅ 已下載到暫存：/tmp/tmp7b4hiwde/20260909專員班表-台中.xls
[2026-09-09 03:53:09] 📦 檔案大小：23552 bytes
[2026-09-09 03:53:09] 📂 暫存目錄存在：True
[2026-09-09 03:53:09] 📄 暫存檔案存在：True
[2026-09-09 03:53:09] 目前不是 Jenny 本機環境，略過本機存檔
[2026-09-09 03:53:09] Google Drive 初始化成功
[2026-09-09 03:53:09] 準備上傳到 Google Drive：20260909專員班表-台中.xls
[2026-09-09 03:53:11] ☁️ 已上傳新檔：20260909專員班表-台中.xls (file_id=1XdFzfUd0Z4uBPXF01wAmMLbQReGfoOQY) https://docs.google.com/spreadsheets/d/1XdFzfUd0Z4uBPXF01wAmMLbQReGfoOQY/edit?usp=drivesdk&ouid=101667783075862487943&rtpof=true&sd=true
[2026-09-09 03:53:11] ✅ 完成處理：20260909專員班表-台中.xls
[2026-09-09 03:53:11] 開始下載：city=台中 / month=2026-10 / filename=20261009專員班表-台中.xls
[2026-09-09 03:53:12] ✅ 已下載到暫存：/tmp/tmppzcpj7mi/20261009專員班表-台中.xls
[2026-09-09 03:53:12] 📦 檔案大小：24576 bytes
[2026-09-09 03:53:12] 📂 暫存目錄存在：True
[2026-09-09 03:53:12] 📄 暫存檔案存在：True
[2026-09-09 03:53:12] 目前不是 Jenny 本機環境，略過本機存檔
[2026-09-09 03:53:12] Google Drive 初始化成功
[2026-09-09 03:53:12] 準備上傳到 Google Drive：20261009專員班表-台中.xls
[2026-09-09 03:53:16] ☁️ 已上傳新檔：20261009專員班表-台中.xls (file_id=1RpMx35ETb4b2zFSiVpSAArEqA8ds6z0T) https://docs.google.com/spreadsheets/d/1RpMx35ETb4b2zFSiVpSAArEqA8ds6z0T/edit?usp=drivesdk&ouid=101667783075862487943&rtpof=true&sd=true
[2026-09-09 03:53:16] ✅ 完成處理：20261009專員班表-台中.xls
[2026-09-09 03:53:16] ✅ 台中 全部完成
[2026-09-09 03:53:16] 🎉 staff_schedule.py 全部完成

完成執行：專員班表
scheduled_daily scheduler 全部完成
