開始執行：專員個資
⚠️ 一鍵日排程 secrets TOML 注入失敗：No secrets found. Valid paths for a secrets.toml file or secret directories are: /home/runner/.streamlit/secrets.toml, /home/runner/work/tool-system/tool-system/.streamlit/secrets.toml
⚠️ 一鍵日排程 secrets env 注入失敗：No secrets found. Valid paths for a secrets.toml file or secret directories are: /home/runner/.streamlit/secrets.toml, /home/runner/work/tool-system/tool-system/.streamlit/secrets.toml
OAuth env ready = True
OAuth bootstrap forced = True
Command: Python bootstrap -> /home/runner/work/tool-system/tool-system/tools/scheduled_daily/staff_info.py
[2026-09-09 04:00:07] ====================================================
[2026-09-09 04:00:07] staff_info.py 開始執行
[2026-09-09 04:00:07] GITHUB_ACTIONS = true
[2026-09-09 04:00:07] PWD = /home/runner/work/tool-system/tool-system
[2026-09-09 04:00:07] LOCAL_OUTPUT_DIR = /Users/jenny/Library/CloudStorage/GoogleDrive-jenny@lemonclean.com.tw/我的雲端硬碟/lemon_Jenny/Jenny@lemon程式/專員個資
[2026-09-09 04:00:07] LOCAL_OUTPUT_DIR exists = False
[2026-09-09 04:00:07] can_use_local_output_dir = False
[2026-09-09 04:00:07] root folder_id = 11O6eKHQ1e3Irqps7Kq1XJOSVVge3pCAc
[2026-09-09 04:00:07] ====================================================
[2026-09-09 04:00:07] Google Drive 初始化成功
[2026-09-09 04:00:07] 📁 使用既有資料夾：專員個資
[2026-09-09 04:00:07] today_stamp = 20260909
[2026-09-09 04:00:07] 專員個資 folder_id = 1v1Er8oC3BEAWHbBrDq3SUpjEDwHIuK0f
[2026-09-09 04:00:07] 帳號數量 = 2
[2026-09-09 04:00:07] 
[2026-09-09 04:00:07] === 開始處理 台北 ===
[2026-09-09 04:00:07] 開始登入：jenny@lemonclean.com.tw
[2026-09-09 04:00:10] 登入成功：jenny@lemonclean.com.tw
[2026-09-09 04:00:10] 開始下載：city=台北 / filename=20260909專員個資-台北.xlsx
[2026-09-09 04:00:13] ✅ 已下載到暫存：/tmp/tmpsyen9lad/20260909專員個資-台北.xlsx
[2026-09-09 04:00:13] 📦 檔案大小：228352 bytes
[2026-09-09 04:00:13] 📂 暫存目錄存在：True
[2026-09-09 04:00:13] 📄 暫存檔案存在：True
[2026-09-09 04:00:13] 目前不是 Jenny 本機環境，略過本機存檔
[2026-09-09 04:00:13] Google Drive 初始化成功
[2026-09-09 04:00:13] 準備上傳到 Google Drive：20260909專員個資-台北.xlsx
[2026-09-09 04:00:14] ☁️ 已上傳新檔：20260909專員個資-台北.xlsx (file_id=1OcxaFbpxi57oqT38LkvWT0QIc-p9ZAMf) https://docs.google.com/spreadsheets/d/1OcxaFbpxi57oqT38LkvWT0QIc-p9ZAMf/edit?usp=drivesdk&ouid=101667783075862487943&rtpof=true&sd=true
[2026-09-09 04:00:14] ✅ 完成處理：20260909專員個資-台北.xlsx
[2026-09-09 04:00:14] ✅ 台北 全部完成
[2026-09-09 04:00:14] 
[2026-09-09 04:00:14] === 開始處理 台中 ===
[2026-09-09 04:00:14] 開始登入：jenny.tc@lemonclean.com.tw
[2026-09-09 04:00:16] 登入成功：jenny.tc@lemonclean.com.tw
[2026-09-09 04:00:16] 開始下載：city=台中 / filename=20260909專員個資-台中.xlsx
[2026-09-09 04:00:16] ✅ 已下載到暫存：/tmp/tmpkhw7tahy/20260909專員個資-台中.xlsx
[2026-09-09 04:00:16] 📦 檔案大小：59904 bytes
[2026-09-09 04:00:16] 📂 暫存目錄存在：True
[2026-09-09 04:00:16] 📄 暫存檔案存在：True
[2026-09-09 04:00:16] 目前不是 Jenny 本機環境，略過本機存檔
[2026-09-09 04:00:16] Google Drive 初始化成功
[2026-09-09 04:00:16] 準備上傳到 Google Drive：20260909專員個資-台中.xlsx
[2026-09-09 04:00:18] ☁️ 已上傳新檔：20260909專員個資-台中.xlsx (file_id=1WNVYMn5g1nSRFO7Yb-TZgQGI_E4aqqIm) https://docs.google.com/spreadsheets/d/1WNVYMn5g1nSRFO7Yb-TZgQGI_E4aqqIm/edit?usp=drivesdk&ouid=101667783075862487943&rtpof=true&sd=true
[2026-09-09 04:00:18] ✅ 完成處理：20260909專員個資-台中.xlsx
[2026-09-09 04:00:18] ✅ 台中 全部完成
[2026-09-09 04:00:18] 🎉 staff_info.py 全部完成

完成執行：專員個資
scheduled_daily scheduler 全部完成
