開始執行：排班統計表
⚠️ 一鍵日排程 secrets TOML 注入失敗：No secrets found. Valid paths for a secrets.toml file or secret directories are: /home/runner/.streamlit/secrets.toml, /home/runner/work/tool-system/tool-system/.streamlit/secrets.toml
⚠️ 一鍵日排程 secrets env 注入失敗：No secrets found. Valid paths for a secrets.toml file or secret directories are: /home/runner/.streamlit/secrets.toml, /home/runner/work/tool-system/tool-system/.streamlit/secrets.toml
OAuth env ready = True
OAuth bootstrap forced = True
Command: Python bootstrap -> /home/runner/work/tool-system/tool-system/tools/scheduled_daily/schedule_report.py
[2026-09-01 05:42:50] ====================================================
[2026-09-01 05:42:50] schedule_report.py 開始執行
[2026-09-01 05:42:50] GITHUB_ACTIONS = true
[2026-09-01 05:42:50] PWD = /home/runner/work/tool-system/tool-system
[2026-09-01 05:42:50] LOCAL_OUTPUT_DIR = /Users/jenny/Library/CloudStorage/GoogleDrive-jenny@lemonclean.com.tw/.shortcut-targets-by-id/1zbu45AG1adMzz24HPdi_tLfh2Tncw_Br/排班統計表
[2026-09-01 05:42:50] LOCAL_OUTPUT_DIR exists = False
[2026-09-01 05:42:50] can_use_local_output_dir = False
[2026-09-01 05:42:50] root folder_id = 11O6eKHQ1e3Irqps7Kq1XJOSVVge3pCAc
[2026-09-01 05:42:50] ====================================================
[2026-09-01 05:42:50] Google Drive 初始化成功
[2026-09-01 05:42:51] 📁 使用既有資料夾：排班統計表
[2026-09-01 05:42:51] this_month = 2026-09
[2026-09-01 05:42:51] next_month = 2026-10
[2026-09-01 05:42:51] today_stamp = 20260901
[2026-09-01 05:42:51] next_month_stamp = 20261001
[2026-09-01 05:42:51] 排班統計表 folder_id = 18XDXdrCSsLYwSzz1Da9pQh-jGm2h2Ed8
[2026-09-01 05:42:51] 帳號數量 = 2
[2026-09-01 05:42:51] 
[2026-09-01 05:42:51] === 開始處理 台北 ===
[2026-09-01 05:42:51] 開始登入：jenny@lemonclean.com.tw
[2026-09-01 05:42:52] 登入成功：jenny@lemonclean.com.tw
[2026-09-01 05:42:52] 開始下載：month=2026-09 / filename=20260901排班統計表-台北.xlsx
[2026-09-01 05:42:53] ✅ 已下載到暫存：/tmp/tmp6w9b6qlt/20260901排班統計表-台北.xlsx
[2026-09-01 05:42:53] 📦 檔案大小：16896 bytes
[2026-09-01 05:42:53] 📂 暫存目錄存在：True
[2026-09-01 05:42:53] 📄 暫存檔案存在：True
[2026-09-01 05:42:53] 目前不是 Jenny 本機環境，略過本機存檔
[2026-09-01 05:42:53] Google Drive 初始化成功
[2026-09-01 05:42:53] 準備上傳到 Google Drive：20260901排班統計表-台北.xlsx
[2026-09-01 05:42:56] ☁️ 已上傳新檔：20260901排班統計表-台北.xlsx (file_id=14rPw7aowgs_nLLdlvX4n7YOCOCg_XM7i) https://docs.google.com/spreadsheets/d/14rPw7aowgs_nLLdlvX4n7YOCOCg_XM7i/edit?usp=drivesdk&ouid=101667783075862487943&rtpof=true&sd=true
[2026-09-01 05:42:56] ✅ 完成處理：20260901排班統計表-台北.xlsx
[2026-09-01 05:42:56] 開始下載：month=2026-10 / filename=20261001排班統計表-台北.xlsx
[2026-09-01 05:42:56] ✅ 已下載到暫存：/tmp/tmpl0fi8vm7/20261001排班統計表-台北.xlsx
[2026-09-01 05:42:56] 📦 檔案大小：4608 bytes
[2026-09-01 05:42:56] 📂 暫存目錄存在：True
[2026-09-01 05:42:56] 📄 暫存檔案存在：True
[2026-09-01 05:42:56] 目前不是 Jenny 本機環境，略過本機存檔
[2026-09-01 05:42:56] Google Drive 初始化成功
[2026-09-01 05:42:56] 準備上傳到 Google Drive：20261001排班統計表-台北.xlsx
[2026-09-01 05:42:59] ☁️ 已上傳新檔：20261001排班統計表-台北.xlsx (file_id=1BnIpvVUGfS4EkfcDGIEDI3q8NaxXoBrU) https://docs.google.com/spreadsheets/d/1BnIpvVUGfS4EkfcDGIEDI3q8NaxXoBrU/edit?usp=drivesdk&ouid=101667783075862487943&rtpof=true&sd=true
[2026-09-01 05:42:59] ✅ 完成處理：20261001排班統計表-台北.xlsx
[2026-09-01 05:42:59] ✅ 台北 全部完成
[2026-09-01 05:42:59] 
[2026-09-01 05:42:59] === 開始處理 台中 ===
[2026-09-01 05:42:59] 開始登入：jenny.tc@lemonclean.com.tw
[2026-09-01 05:43:00] 登入成功：jenny.tc@lemonclean.com.tw
[2026-09-01 05:43:00] 開始下載：month=2026-09 / filename=20260901排班統計表-台中.xlsx
[2026-09-01 05:43:00] ✅ 已下載到暫存：/tmp/tmpt6xb71_r/20260901排班統計表-台中.xlsx
[2026-09-01 05:43:00] 📦 檔案大小：6144 bytes
[2026-09-01 05:43:00] 📂 暫存目錄存在：True
[2026-09-01 05:43:00] 📄 暫存檔案存在：True
[2026-09-01 05:43:00] 目前不是 Jenny 本機環境，略過本機存檔
[2026-09-01 05:43:00] Google Drive 初始化成功
[2026-09-01 05:43:00] 準備上傳到 Google Drive：20260901排班統計表-台中.xlsx
[2026-09-01 05:43:03] ☁️ 已上傳新檔：20260901排班統計表-台中.xlsx (file_id=1CyvXkybe1_Rd5aNONnPPO-dH_vAcNjdi) https://docs.google.com/spreadsheets/d/1CyvXkybe1_Rd5aNONnPPO-dH_vAcNjdi/edit?usp=drivesdk&ouid=101667783075862487943&rtpof=true&sd=true
[2026-09-01 05:43:03] ✅ 完成處理：20260901排班統計表-台中.xlsx
[2026-09-01 05:43:03] 開始下載：month=2026-10 / filename=20261001排班統計表-台中.xlsx
[2026-09-01 05:43:03] ✅ 已下載到暫存：/tmp/tmppblyobam/20261001排班統計表-台中.xlsx
[2026-09-01 05:43:03] 📦 檔案大小：4608 bytes
[2026-09-01 05:43:03] 📂 暫存目錄存在：True
[2026-09-01 05:43:03] 📄 暫存檔案存在：True
[2026-09-01 05:43:03] 目前不是 Jenny 本機環境，略過本機存檔
[2026-09-01 05:43:03] Google Drive 初始化成功
[2026-09-01 05:43:03] 準備上傳到 Google Drive：20261001排班統計表-台中.xlsx
[2026-09-01 05:43:05] ☁️ 已上傳新檔：20261001排班統計表-台中.xlsx (file_id=1baVqqqOcvPCcZNnnMOnHHy4FO16CYVXl) https://docs.google.com/spreadsheets/d/1baVqqqOcvPCcZNnnMOnHHy4FO16CYVXl/edit?usp=drivesdk&ouid=101667783075862487943&rtpof=true&sd=true
[2026-09-01 05:43:05] ✅ 完成處理：20261001排班統計表-台中.xlsx
[2026-09-01 05:43:05] ✅ 台中 全部完成
[2026-09-01 05:43:05] 🎉 schedule_report.py 全部完成

完成執行：排班統計表
scheduled_daily scheduler 全部完成
