開始執行：專員個資
⚠️ 一鍵日排程 secrets TOML 注入失敗：No secrets found. Valid paths for a secrets.toml file or secret directories are: /home/runner/.streamlit/secrets.toml, /home/runner/work/tool-system/tool-system/.streamlit/secrets.toml
⚠️ 一鍵日排程 secrets env 注入失敗：No secrets found. Valid paths for a secrets.toml file or secret directories are: /home/runner/.streamlit/secrets.toml, /home/runner/work/tool-system/tool-system/.streamlit/secrets.toml
OAuth env ready = True
OAuth bootstrap forced = True
Command: Python bootstrap -> /home/runner/work/tool-system/tool-system/tools/scheduled_daily/staff_info.py
[2026-09-01 05:57:21] ====================================================
[2026-09-01 05:57:21] staff_info.py 開始執行
[2026-09-01 05:57:21] GITHUB_ACTIONS = true
[2026-09-01 05:57:21] PWD = /home/runner/work/tool-system/tool-system
[2026-09-01 05:57:21] LOCAL_OUTPUT_DIR = /Users/jenny/Library/CloudStorage/GoogleDrive-jenny@lemonclean.com.tw/我的雲端硬碟/lemon_Jenny/Jenny@lemon程式/專員個資
[2026-09-01 05:57:21] LOCAL_OUTPUT_DIR exists = False
[2026-09-01 05:57:21] can_use_local_output_dir = False
[2026-09-01 05:57:21] root folder_id = 11O6eKHQ1e3Irqps7Kq1XJOSVVge3pCAc
[2026-09-01 05:57:21] ====================================================
[2026-09-01 05:57:21] Google Drive 初始化成功
[2026-09-01 05:57:21] 📁 使用既有資料夾：專員個資
[2026-09-01 05:57:21] today_stamp = 20260901
[2026-09-01 05:57:21] 專員個資 folder_id = 1v1Er8oC3BEAWHbBrDq3SUpjEDwHIuK0f
[2026-09-01 05:57:21] 帳號數量 = 2
[2026-09-01 05:57:21] 
[2026-09-01 05:57:21] === 開始處理 台北 ===
[2026-09-01 05:57:21] 開始登入：jenny@lemonclean.com.tw
[2026-09-01 05:57:23] 登入成功：jenny@lemonclean.com.tw
[2026-09-01 05:57:23] 開始下載：city=台北 / filename=20260901專員個資-台北.xlsx
[2026-09-01 05:57:25] ✅ 已下載到暫存：/tmp/tmpbtf1qq9a/20260901專員個資-台北.xlsx
[2026-09-01 05:57:25] 📦 檔案大小：228352 bytes
[2026-09-01 05:57:25] 📂 暫存目錄存在：True
[2026-09-01 05:57:25] 📄 暫存檔案存在：True
[2026-09-01 05:57:25] 目前不是 Jenny 本機環境，略過本機存檔
[2026-09-01 05:57:25] Google Drive 初始化成功
[2026-09-01 05:57:25] 準備上傳到 Google Drive：20260901專員個資-台北.xlsx
[2026-09-01 05:57:28] ☁️ 已上傳新檔：20260901專員個資-台北.xlsx (file_id=1-1bW8r9i1Y4NIFKCnRVu1ReAHhfe-TeX) https://docs.google.com/spreadsheets/d/1-1bW8r9i1Y4NIFKCnRVu1ReAHhfe-TeX/edit?usp=drivesdk&ouid=101667783075862487943&rtpof=true&sd=true
[2026-09-01 05:57:28] ✅ 完成處理：20260901專員個資-台北.xlsx
[2026-09-01 05:57:28] ✅ 台北 全部完成
[2026-09-01 05:57:28] 
[2026-09-01 05:57:28] === 開始處理 台中 ===
[2026-09-01 05:57:28] 開始登入：jenny.tc@lemonclean.com.tw
[2026-09-01 05:57:29] 登入成功：jenny.tc@lemonclean.com.tw
[2026-09-01 05:57:29] 開始下載：city=台中 / filename=20260901專員個資-台中.xlsx
[2026-09-01 05:57:30] ✅ 已下載到暫存：/tmp/tmp51l10ht6/20260901專員個資-台中.xlsx
[2026-09-01 05:57:30] 📦 檔案大小：59904 bytes
[2026-09-01 05:57:30] 📂 暫存目錄存在：True
[2026-09-01 05:57:30] 📄 暫存檔案存在：True
[2026-09-01 05:57:30] 目前不是 Jenny 本機環境，略過本機存檔
[2026-09-01 05:57:30] Google Drive 初始化成功
[2026-09-01 05:57:30] 準備上傳到 Google Drive：20260901專員個資-台中.xlsx
[2026-09-01 05:57:32] ☁️ 已上傳新檔：20260901專員個資-台中.xlsx (file_id=1025Cz3pZxjt3C06bQZozOpBQ3s5eFX8D) https://docs.google.com/spreadsheets/d/1025Cz3pZxjt3C06bQZozOpBQ3s5eFX8D/edit?usp=drivesdk&ouid=101667783075862487943&rtpof=true&sd=true
[2026-09-01 05:57:32] ✅ 完成處理：20260901專員個資-台中.xlsx
[2026-09-01 05:57:32] ✅ 台中 全部完成
[2026-09-01 05:57:32] 🎉 staff_info.py 全部完成

完成執行：專員個資
scheduled_daily scheduler 全部完成
