開始執行：排班統計表
⚠️ 一鍵日排程 secrets TOML 注入失敗：No secrets found. Valid paths for a secrets.toml file or secret directories are: /home/runner/.streamlit/secrets.toml, /home/runner/work/tool-system/tool-system/.streamlit/secrets.toml
⚠️ 一鍵日排程 secrets env 注入失敗：No secrets found. Valid paths for a secrets.toml file or secret directories are: /home/runner/.streamlit/secrets.toml, /home/runner/work/tool-system/tool-system/.streamlit/secrets.toml
OAuth env ready = True
OAuth bootstrap forced = True
Command: Python bootstrap -> /home/runner/work/tool-system/tool-system/tools/scheduled_daily/schedule_report.py
[2026-08-16 01:13:33] ====================================================
[2026-08-16 01:13:33] schedule_report.py 開始執行
[2026-08-16 01:13:33] GITHUB_ACTIONS = true
[2026-08-16 01:13:33] PWD = /home/runner/work/tool-system/tool-system
[2026-08-16 01:13:33] LOCAL_OUTPUT_DIR = /Users/jenny/Library/CloudStorage/GoogleDrive-jenny@lemonclean.com.tw/.shortcut-targets-by-id/1zbu45AG1adMzz24HPdi_tLfh2Tncw_Br/排班統計表
[2026-08-16 01:13:33] LOCAL_OUTPUT_DIR exists = False
[2026-08-16 01:13:33] can_use_local_output_dir = False
[2026-08-16 01:13:33] root folder_id = 11O6eKHQ1e3Irqps7Kq1XJOSVVge3pCAc
[2026-08-16 01:13:33] ====================================================
[2026-08-16 01:13:33] Google Drive 初始化成功
[2026-08-16 01:13:34] 📁 使用既有資料夾：排班統計表
[2026-08-16 01:13:34] this_month = 2026-08
[2026-08-16 01:13:34] next_month = 2026-09
[2026-08-16 01:13:34] today_stamp = 20260816
[2026-08-16 01:13:34] next_month_stamp = 20260916
[2026-08-16 01:13:34] 排班統計表 folder_id = 18XDXdrCSsLYwSzz1Da9pQh-jGm2h2Ed8
[2026-08-16 01:13:34] 帳號數量 = 2
[2026-08-16 01:13:34] 
[2026-08-16 01:13:34] === 開始處理 台北 ===
[2026-08-16 01:13:34] 開始登入：jenny@lemonclean.com.tw
[2026-08-16 01:13:37] 登入成功：jenny@lemonclean.com.tw
[2026-08-16 01:13:37] 開始下載：month=2026-08 / filename=20260816排班統計表-台北.xlsx
[2026-08-16 01:13:38] ✅ 已下載到暫存：/tmp/tmp97ib12yc/20260816排班統計表-台北.xlsx
[2026-08-16 01:13:38] 📦 檔案大小：17920 bytes
[2026-08-16 01:13:38] 📂 暫存目錄存在：True
[2026-08-16 01:13:38] 📄 暫存檔案存在：True
[2026-08-16 01:13:38] 目前不是 Jenny 本機環境，略過本機存檔
[2026-08-16 01:13:38] Google Drive 初始化成功
[2026-08-16 01:13:38] 準備上傳到 Google Drive：20260816排班統計表-台北.xlsx
[2026-08-16 01:13:41] ☁️ 已上傳新檔：20260816排班統計表-台北.xlsx (file_id=1ffdQoGN1M8imC7rWdDqGaPemXnXBKUbT) https://docs.google.com/spreadsheets/d/1ffdQoGN1M8imC7rWdDqGaPemXnXBKUbT/edit?usp=drivesdk&ouid=101667783075862487943&rtpof=true&sd=true
[2026-08-16 01:13:41] ✅ 完成處理：20260816排班統計表-台北.xlsx
[2026-08-16 01:13:41] 開始下載：month=2026-09 / filename=20260916排班統計表-台北.xlsx
[2026-08-16 01:13:42] ✅ 已下載到暫存：/tmp/tmptasauvmq/20260916排班統計表-台北.xlsx
[2026-08-16 01:13:42] 📦 檔案大小：14336 bytes
[2026-08-16 01:13:42] 📂 暫存目錄存在：True
[2026-08-16 01:13:42] 📄 暫存檔案存在：True
[2026-08-16 01:13:42] 目前不是 Jenny 本機環境，略過本機存檔
[2026-08-16 01:13:42] Google Drive 初始化成功
[2026-08-16 01:13:42] 準備上傳到 Google Drive：20260916排班統計表-台北.xlsx
[2026-08-16 01:13:45] ☁️ 已上傳新檔：20260916排班統計表-台北.xlsx (file_id=1xlRPOJPYvT1y4Xf1zLfY1ssoYN8xqwZc) https://docs.google.com/spreadsheets/d/1xlRPOJPYvT1y4Xf1zLfY1ssoYN8xqwZc/edit?usp=drivesdk&ouid=101667783075862487943&rtpof=true&sd=true
[2026-08-16 01:13:45] ✅ 完成處理：20260916排班統計表-台北.xlsx
[2026-08-16 01:13:45] ✅ 台北 全部完成
[2026-08-16 01:13:45] 
[2026-08-16 01:13:45] === 開始處理 台中 ===
[2026-08-16 01:13:45] 開始登入：jenny.tc@lemonclean.com.tw
[2026-08-16 01:13:46] 登入成功：jenny.tc@lemonclean.com.tw
[2026-08-16 01:13:46] 開始下載：month=2026-08 / filename=20260816排班統計表-台中.xlsx
[2026-08-16 01:13:46] ✅ 已下載到暫存：/tmp/tmpqk5hbxiy/20260816排班統計表-台中.xlsx
[2026-08-16 01:13:46] 📦 檔案大小：7168 bytes
[2026-08-16 01:13:46] 📂 暫存目錄存在：True
[2026-08-16 01:13:46] 📄 暫存檔案存在：True
[2026-08-16 01:13:46] 目前不是 Jenny 本機環境，略過本機存檔
[2026-08-16 01:13:46] Google Drive 初始化成功
[2026-08-16 01:13:46] 準備上傳到 Google Drive：20260816排班統計表-台中.xlsx
[2026-08-16 01:13:48] ☁️ 已上傳新檔：20260816排班統計表-台中.xlsx (file_id=1wWQSdj1HK95h1xWQJCRV_UcITPOYAlJU) https://docs.google.com/spreadsheets/d/1wWQSdj1HK95h1xWQJCRV_UcITPOYAlJU/edit?usp=drivesdk&ouid=101667783075862487943&rtpof=true&sd=true
[2026-08-16 01:13:48] ✅ 完成處理：20260816排班統計表-台中.xlsx
[2026-08-16 01:13:48] 開始下載：month=2026-09 / filename=20260916排班統計表-台中.xlsx
[2026-08-16 01:13:49] ✅ 已下載到暫存：/tmp/tmp44luqbxd/20260916排班統計表-台中.xlsx
[2026-08-16 01:13:49] 📦 檔案大小：5632 bytes
[2026-08-16 01:13:49] 📂 暫存目錄存在：True
[2026-08-16 01:13:49] 📄 暫存檔案存在：True
[2026-08-16 01:13:49] 目前不是 Jenny 本機環境，略過本機存檔
[2026-08-16 01:13:49] Google Drive 初始化成功
[2026-08-16 01:13:49] 準備上傳到 Google Drive：20260916排班統計表-台中.xlsx
[2026-08-16 01:13:51] ☁️ 已上傳新檔：20260916排班統計表-台中.xlsx (file_id=1aUVgO-YgxBoDswSYgLSJeOjIpP3Rv5Qn) https://docs.google.com/spreadsheets/d/1aUVgO-YgxBoDswSYgLSJeOjIpP3Rv5Qn/edit?usp=drivesdk&ouid=101667783075862487943&rtpof=true&sd=true
[2026-08-16 01:13:51] ✅ 完成處理：20260916排班統計表-台中.xlsx
[2026-08-16 01:13:51] ✅ 台中 全部完成
[2026-08-16 01:13:51] 🎉 schedule_report.py 全部完成

完成執行：排班統計表
scheduled_daily scheduler 全部完成
