2026-08-15 22:16:47 [INFO] === 客服排程系統 run_id=7351b351 step=1 台北時間=2026-08-16 06:16:47 ===
2026-08-15 22:16:47 [INFO] 目標試算表 ID 來源：環境變數 SERVICE_TARGET_SPREADSHEET_ID
2026-08-15 22:16:47 [INFO] file_cache is only supported with oauth2client<4.0.0
2026-08-15 22:16:59 [INFO] --- Step1_更新排班統計表 ---
2026-08-15 22:17:00 [INFO] file_cache is only supported with oauth2client<4.0.0
2026-08-15 22:17:00 [INFO] Drive 資料夾找到 52 個檔案
2026-08-15 22:17:00 [INFO]   找到檔案：20260916排班統計表-台中.xlsx (application/vnd.openxmlformats-officedocument.spreadsheetml.sheet)
2026-08-15 22:17:00 [INFO]   找到檔案：20260816排班統計表-台中.xlsx (application/vnd.openxmlformats-officedocument.spreadsheetml.sheet)
2026-08-15 22:17:00 [INFO]   找到檔案：20260916排班統計表-台北.xlsx (application/vnd.openxmlformats-officedocument.spreadsheetml.sheet)
2026-08-15 22:17:00 [INFO]   找到檔案：20260816排班統計表-台北.xlsx (application/vnd.openxmlformats-officedocument.spreadsheetml.sheet)
2026-08-15 22:17:00 [INFO]   找到檔案：20260915排班統計表-台中 (application/vnd.google-apps.spreadsheet)
2026-08-15 22:17:00 [INFO]   找到檔案：20260915排班統計表-台北 (application/vnd.google-apps.spreadsheet)
2026-08-15 22:17:00 [INFO]   找到檔案：20260815排班統計表-台中 (application/vnd.google-apps.spreadsheet)
2026-08-15 22:17:00 [INFO]   找到檔案：20260815排班統計表-台北 (application/vnd.google-apps.spreadsheet)
2026-08-15 22:17:00 [INFO]   找到檔案：20260915排班統計表-台中.xlsx (application/vnd.openxmlformats-officedocument.spreadsheetml.sheet)
2026-08-15 22:17:00 [INFO]   找到檔案：20260815排班統計表-台中.xlsx (application/vnd.openxmlformats-officedocument.spreadsheetml.sheet)
2026-08-15 22:17:00 [INFO]   找到檔案：20260915排班統計表-台北.xlsx (application/vnd.openxmlformats-officedocument.spreadsheetml.sheet)
2026-08-15 22:17:00 [INFO]   找到檔案：20260815排班統計表-台北.xlsx (application/vnd.openxmlformats-officedocument.spreadsheetml.sheet)
2026-08-15 22:17:00 [INFO]   找到檔案：20260914排班統計表-台中 (application/vnd.google-apps.spreadsheet)
2026-08-15 22:17:00 [INFO]   找到檔案：20260914排班統計表-台北 (application/vnd.google-apps.spreadsheet)
2026-08-15 22:17:00 [INFO]   找到檔案：20260814排班統計表-台中 (application/vnd.google-apps.spreadsheet)
2026-08-15 22:17:00 [INFO]   找到檔案：20260814排班統計表-台北 (application/vnd.google-apps.spreadsheet)
2026-08-15 22:17:00 [INFO]   找到檔案：20260914排班統計表-台中.xlsx (application/vnd.openxmlformats-officedocument.spreadsheetml.sheet)
2026-08-15 22:17:00 [INFO]   找到檔案：20260814排班統計表-台中.xlsx (application/vnd.openxmlformats-officedocument.spreadsheetml.sheet)
2026-08-15 22:17:00 [INFO]   找到檔案：20260914排班統計表-台北.xlsx (application/vnd.openxmlformats-officedocument.spreadsheetml.sheet)
2026-08-15 22:17:00 [INFO]   找到檔案：20260814排班統計表-台北.xlsx (application/vnd.openxmlformats-officedocument.spreadsheetml.sheet)
2026-08-15 22:17:00 [INFO]   找到檔案：20260913排班統計表-台中 (application/vnd.google-apps.spreadsheet)
2026-08-15 22:17:00 [INFO]   找到檔案：20260913排班統計表-台北 (application/vnd.google-apps.spreadsheet)
2026-08-15 22:17:00 [INFO]   找到檔案：20260813排班統計表-台中 (application/vnd.google-apps.spreadsheet)
2026-08-15 22:17:00 [INFO]   找到檔案：20260813排班統計表-台北 (application/vnd.google-apps.spreadsheet)
2026-08-15 22:17:00 [INFO]   找到檔案：20260913排班統計表-台中.xlsx (application/vnd.openxmlformats-officedocument.spreadsheetml.sheet)
2026-08-15 22:17:00 [INFO]   找到檔案：20260813排班統計表-台中.xlsx (application/vnd.openxmlformats-officedocument.spreadsheetml.sheet)
2026-08-15 22:17:00 [INFO]   找到檔案：20260913排班統計表-台北.xlsx (application/vnd.openxmlformats-officedocument.spreadsheetml.sheet)
2026-08-15 22:17:00 [INFO]   找到檔案：20260813排班統計表-台北.xlsx (application/vnd.openxmlformats-officedocument.spreadsheetml.sheet)
2026-08-15 22:17:00 [INFO]   找到檔案：20260912排班統計表-台中 (application/vnd.google-apps.spreadsheet)
2026-08-15 22:17:00 [INFO]   找到檔案：20260912排班統計表-台北 (application/vnd.google-apps.spreadsheet)
2026-08-15 22:17:00 [INFO]   找到檔案：20260812排班統計表-台中 (application/vnd.google-apps.spreadsheet)
2026-08-15 22:17:00 [INFO]   找到檔案：20260812排班統計表-台北 (application/vnd.google-apps.spreadsheet)
2026-08-15 22:17:00 [INFO]   找到檔案：20260912排班統計表-台中.xlsx (application/vnd.openxmlformats-officedocument.spreadsheetml.sheet)
2026-08-15 22:17:00 [INFO]   找到檔案：20260812排班統計表-台中.xlsx (application/vnd.openxmlformats-officedocument.spreadsheetml.sheet)
2026-08-15 22:17:00 [INFO]   找到檔案：20260912排班統計表-台北.xlsx (application/vnd.openxmlformats-officedocument.spreadsheetml.sheet)
2026-08-15 22:17:00 [INFO]   找到檔案：20260812排班統計表-台北.xlsx (application/vnd.openxmlformats-officedocument.spreadsheetml.sheet)
2026-08-15 22:17:00 [INFO]   找到檔案：20260911排班統計表-台中 (application/vnd.google-apps.spreadsheet)
2026-08-15 22:17:00 [INFO]   找到檔案：20260911排班統計表-台北 (application/vnd.google-apps.spreadsheet)
2026-08-15 22:17:00 [INFO]   找到檔案：20260811排班統計表-台中 (application/vnd.google-apps.spreadsheet)
2026-08-15 22:17:00 [INFO]   找到檔案：20260811排班統計表-台北 (application/vnd.google-apps.spreadsheet)
2026-08-15 22:17:00 [INFO]   找到檔案：20260911排班統計表-台中.xlsx (application/vnd.openxmlformats-officedocument.spreadsheetml.sheet)
2026-08-15 22:17:00 [INFO]   找到檔案：20260811排班統計表-台中.xlsx (application/vnd.openxmlformats-officedocument.spreadsheetml.sheet)
2026-08-15 22:17:00 [INFO]   找到檔案：20260911排班統計表-台北.xlsx (application/vnd.openxmlformats-officedocument.spreadsheetml.sheet)
2026-08-15 22:17:00 [INFO]   找到檔案：20260811排班統計表-台北.xlsx (application/vnd.openxmlformats-officedocument.spreadsheetml.sheet)
2026-08-15 22:17:00 [INFO]   找到檔案：20260910排班統計表-台中 (application/vnd.google-apps.spreadsheet)
2026-08-15 22:17:00 [INFO]   找到檔案：20260910排班統計表-台北 (application/vnd.google-apps.spreadsheet)
2026-08-15 22:17:00 [INFO]   找到檔案：20260810排班統計表-台中 (application/vnd.google-apps.spreadsheet)
2026-08-15 22:17:00 [INFO]   找到檔案：20260810排班統計表-台北 (application/vnd.google-apps.spreadsheet)
2026-08-15 22:17:00 [INFO]   找到檔案：20260910排班統計表-台中.xlsx (application/vnd.openxmlformats-officedocument.spreadsheetml.sheet)
2026-08-15 22:17:00 [INFO]   找到檔案：20260810排班統計表-台中.xlsx (application/vnd.openxmlformats-officedocument.spreadsheetml.sheet)
2026-08-15 22:17:00 [INFO]   找到檔案：20260910排班統計表-台北.xlsx (application/vnd.openxmlformats-officedocument.spreadsheetml.sheet)
2026-08-15 22:17:00 [INFO]   找到檔案：20260810排班統計表-台北.xlsx (application/vnd.openxmlformats-officedocument.spreadsheetml.sheet)
2026-08-15 22:17:00 [INFO] 排班檔確認 OK：{'202608': {'taipei': '20260816排班統計表-台北.xlsx', 'taichung': '20260816排班統計表-台中.xlsx'}, '202609': {'taipei': '20260916排班統計表-台北.xlsx', 'taichung': '20260916排班統計表-台中.xlsx'}}
2026-08-15 22:17:01 [INFO]   匯入：20260816排班統計表-台北.xlsx
2026-08-15 22:17:01 [INFO]   xlsx → Google Sheets：20260816排班統計表-台北
2026-08-15 22:17:01 [INFO] file_cache is only supported with oauth2client<4.0.0
2026-08-15 22:17:07 [INFO]   轉換完成，新 Google Sheets ID：1lT2INB9YGbqVlVPXoIapTqwqU5K5QU8sjru3jZASQIQ
2026-08-15 22:17:09 [INFO]   匯入：20260816排班統計表-台中.xlsx
2026-08-15 22:17:09 [INFO]   xlsx → Google Sheets：20260816排班統計表-台中
2026-08-15 22:17:09 [INFO] file_cache is only supported with oauth2client<4.0.0
2026-08-15 22:17:15 [INFO]   轉換完成，新 Google Sheets ID：183pz88G6OdTt-JE7Xlviqfgqm9B_UfK5BAvInfk6BHY
2026-08-15 22:17:17 [INFO]   → 寫入 84 列（起始 R3C7）
2026-08-15 22:17:17 [INFO]   → 寫入 16 列（起始 R3C82）
2026-08-15 22:17:17 [INFO]   匯入：20260916排班統計表-台北.xlsx
2026-08-15 22:17:17 [INFO]   xlsx → Google Sheets：20260916排班統計表-台北
2026-08-15 22:17:18 [INFO] file_cache is only supported with oauth2client<4.0.0
2026-08-15 22:17:25 [INFO]   轉換完成，新 Google Sheets ID：10GUvBg8shEi9OM4GWBXwsM39FN6ay-mVmmH--zyXQKI
2026-08-15 22:17:26 [INFO]   匯入：20260916排班統計表-台中.xlsx
2026-08-15 22:17:26 [INFO]   xlsx → Google Sheets：20260916排班統計表-台中
2026-08-15 22:17:27 [INFO] file_cache is only supported with oauth2client<4.0.0
2026-08-15 22:17:32 [INFO]   轉換完成，新 Google Sheets ID：1KSItqP7BHPNW6ioCQYdBha6Rbfp9CFnIVqxhFM6K2r0
2026-08-15 22:17:34 [INFO]   → 寫入 60 列（起始 R3C22）
2026-08-15 22:17:34 [INFO]   → 寫入 8 列（起始 R3C97）
2026-08-15 22:17:35 [INFO] Step 1 完成（35.1s）
2026-08-15 22:17:36 [INFO] === 全部完成 run_id=7351b351（36.0s）===
