開始執行：專員個資
⚠️ 一鍵日排程 secrets TOML 注入失敗：No secrets found. Valid paths for a secrets.toml file or secret directories are: /home/runner/.streamlit/secrets.toml, /home/runner/work/tool-system/tool-system/.streamlit/secrets.toml
⚠️ 一鍵日排程 secrets env 注入失敗：No secrets found. Valid paths for a secrets.toml file or secret directories are: /home/runner/.streamlit/secrets.toml, /home/runner/work/tool-system/tool-system/.streamlit/secrets.toml
OAuth env ready = True
OAuth bootstrap forced = True
Command: Python bootstrap -> /home/runner/work/tool-system/tool-system/tools/scheduled_daily/staff_info.py
[2026-08-16 01:42:36] ====================================================
[2026-08-16 01:42:36] staff_info.py 開始執行
[2026-08-16 01:42:36] GITHUB_ACTIONS = true
[2026-08-16 01:42:36] PWD = /home/runner/work/tool-system/tool-system
[2026-08-16 01:42:36] LOCAL_OUTPUT_DIR = /Users/jenny/Library/CloudStorage/GoogleDrive-jenny@lemonclean.com.tw/我的雲端硬碟/lemon_Jenny/Jenny@lemon程式/專員個資
[2026-08-16 01:42:36] LOCAL_OUTPUT_DIR exists = False
[2026-08-16 01:42:36] can_use_local_output_dir = False
[2026-08-16 01:42:36] root folder_id = 11O6eKHQ1e3Irqps7Kq1XJOSVVge3pCAc
[2026-08-16 01:42:36] ====================================================
[2026-08-16 01:42:36] Google Drive 初始化成功
[2026-08-16 01:42:37] 📁 使用既有資料夾：專員個資
[2026-08-16 01:42:37] today_stamp = 20260816
[2026-08-16 01:42:37] 專員個資 folder_id = 1v1Er8oC3BEAWHbBrDq3SUpjEDwHIuK0f
[2026-08-16 01:42:37] 帳號數量 = 2
[2026-08-16 01:42:37] 
[2026-08-16 01:42:37] === 開始處理 台北 ===
[2026-08-16 01:42:37] 開始登入：jenny@lemonclean.com.tw
[2026-08-16 01:42:38] 登入成功：jenny@lemonclean.com.tw
[2026-08-16 01:42:38] 開始下載：city=台北 / filename=20260816專員個資-台北.xlsx
[2026-08-16 01:42:42] ✅ 已下載到暫存：/tmp/tmpudyk486b/20260816專員個資-台北.xlsx
[2026-08-16 01:42:42] 📦 檔案大小：225792 bytes
[2026-08-16 01:42:42] 📂 暫存目錄存在：True
[2026-08-16 01:42:42] 📄 暫存檔案存在：True
[2026-08-16 01:42:42] 目前不是 Jenny 本機環境，略過本機存檔
[2026-08-16 01:42:42] Google Drive 初始化成功
[2026-08-16 01:42:42] 準備上傳到 Google Drive：20260816專員個資-台北.xlsx
[2026-08-16 01:42:45] ☁️ 已上傳新檔：20260816專員個資-台北.xlsx (file_id=1saplMFEgQSpANs1X0lNRNizlbAJF3Dix) https://docs.google.com/spreadsheets/d/1saplMFEgQSpANs1X0lNRNizlbAJF3Dix/edit?usp=drivesdk&ouid=101667783075862487943&rtpof=true&sd=true
[2026-08-16 01:42:45] ✅ 完成處理：20260816專員個資-台北.xlsx
[2026-08-16 01:42:45] ✅ 台北 全部完成
[2026-08-16 01:42:45] 
[2026-08-16 01:42:45] === 開始處理 台中 ===
[2026-08-16 01:42:45] 開始登入：jenny.tc@lemonclean.com.tw
[2026-08-16 01:42:46] 登入成功：jenny.tc@lemonclean.com.tw
[2026-08-16 01:42:46] 開始下載：city=台中 / filename=20260816專員個資-台中.xlsx
[2026-08-16 01:42:47] ✅ 已下載到暫存：/tmp/tmp6j8e_3p3/20260816專員個資-台中.xlsx
[2026-08-16 01:42:47] 📦 檔案大小：59904 bytes
[2026-08-16 01:42:47] 📂 暫存目錄存在：True
[2026-08-16 01:42:47] 📄 暫存檔案存在：True
[2026-08-16 01:42:47] 目前不是 Jenny 本機環境，略過本機存檔
[2026-08-16 01:42:47] Google Drive 初始化成功
[2026-08-16 01:42:47] 準備上傳到 Google Drive：20260816專員個資-台中.xlsx
[2026-08-16 01:42:50] ☁️ 已上傳新檔：20260816專員個資-台中.xlsx (file_id=1GHvmNQfori1UUT66uAtFJ03kB-xKwI4a) https://docs.google.com/spreadsheets/d/1GHvmNQfori1UUT66uAtFJ03kB-xKwI4a/edit?usp=drivesdk&ouid=101667783075862487943&rtpof=true&sd=true
[2026-08-16 01:42:50] ✅ 完成處理：20260816專員個資-台中.xlsx
[2026-08-16 01:42:50] ✅ 台中 全部完成
[2026-08-16 01:42:50] 🎉 staff_info.py 全部完成

完成執行：專員個資
scheduled_daily scheduler 全部完成
