📋 log_spreadsheet_id 已從設定檔載入
📝 外場排程打卡：外場排班統計表 / running
Command: /opt/hostedtoolcache/Python/3.11.16/x64/bin/python -u -m tools.field_management.schedule_stats --date 20260922 --system-name 外場排程系統 --run-type 排程
[2026-09-22 08:24:36] 開始處理排班統計表：20260922排班統計表-台北
🔄 Jenny OAuth 已將來源 Excel 轉成暫存 Google Sheet：1bDDCBOhZE5lIZxTs_T3qR_g2sSjxmnybv6W_TrgNXlM
🗑️ 已刪除來源暫存 Google Sheet：1bDDCBOhZE5lIZxTs_T3qR_g2sSjxmnybv6W_TrgNXlM
[2026-09-22 08:24:41] 完成：20260922排班統計表-台北.xlsx → 2026排班統計表!DJ4 / rows=81
[2026-09-22 08:24:42] 開始處理排班統計表：20261022排班統計表-台北
🔄 Jenny OAuth 已將來源 Excel 轉成暫存 Google Sheet：1b4TjZ2eFYf4L_YdA8A-smuWMmMuVKJzmh-_OtAUOXLQ
🗑️ 已刪除來源暫存 Google Sheet：1b4TjZ2eFYf4L_YdA8A-smuWMmMuVKJzmh-_OtAUOXLQ
[2026-09-22 08:24:46] 完成：20261022排班統計表-台北.xlsx → 2026排班統計表!DV4 / rows=64
[2026-09-22 08:24:48] 開始處理排班統計表：20260922排班統計表-台中
🔄 Jenny OAuth 已將來源 Excel 轉成暫存 Google Sheet：1Qfgq2J3mCB_4Dknemdt9qosNdjdzrMlzelj-M4LsS2s
🗑️ 已刪除來源暫存 Google Sheet：1Qfgq2J3mCB_4Dknemdt9qosNdjdzrMlzelj-M4LsS2s
[2026-09-22 08:24:52] 完成：20260922排班統計表-台中.xlsx → 2026排班統計表!DJ4 / rows=13
[2026-09-22 08:24:54] 開始處理排班統計表：20261022排班統計表-台中
🔄 Jenny OAuth 已將來源 Excel 轉成暫存 Google Sheet：1fOHQxioNfuj-KL_yId4dW3MpZt1V7_-Ek2RScT74zJA
🗑️ 已刪除來源暫存 Google Sheet：1fOHQxioNfuj-KL_yId4dW3MpZt1V7_-Ek2RScT74zJA
[2026-09-22 08:24:57] 完成：20261022排班統計表-台中.xlsx → 2026排班統計表!DV4 / rows=10
[2026-09-22 08:24:58] schedule_stats.py 全部完成

📝 外場排程打卡：外場排班統計表 / success
field_management scheduler 全部完成
