開始執行：排班統計表
⚠️ 一鍵日排程 secrets TOML 注入失敗：No secrets found. Valid paths for a secrets.toml file or secret directories are: /home/runner/.streamlit/secrets.toml, /home/runner/work/tool-system/tool-system/.streamlit/secrets.toml
⚠️ 一鍵日排程 secrets env 注入失敗：No secrets found. Valid paths for a secrets.toml file or secret directories are: /home/runner/.streamlit/secrets.toml, /home/runner/work/tool-system/tool-system/.streamlit/secrets.toml
OAuth env ready = True
OAuth bootstrap forced = True
Command: Python bootstrap -> /home/runner/work/tool-system/tool-system/tools/scheduled_daily/schedule_report.py
[2026-09-22 04:42:45] ====================================================
[2026-09-22 04:42:45] schedule_report.py 開始執行
[2026-09-22 04:42:45] GITHUB_ACTIONS = true
[2026-09-22 04:42:45] PWD = /home/runner/work/tool-system/tool-system
[2026-09-22 04:42:45] LOCAL_OUTPUT_DIR = /Users/jenny/Library/CloudStorage/GoogleDrive-jenny@lemonclean.com.tw/.shortcut-targets-by-id/1zbu45AG1adMzz24HPdi_tLfh2Tncw_Br/排班統計表
[2026-09-22 04:42:45] LOCAL_OUTPUT_DIR exists = False
[2026-09-22 04:42:45] can_use_local_output_dir = False
[2026-09-22 04:42:45] root folder_id = 11O6eKHQ1e3Irqps7Kq1XJOSVVge3pCAc
[2026-09-22 04:42:45] ====================================================
[2026-09-22 04:42:46] Google Drive 初始化成功
[2026-09-22 04:42:46] 📁 使用既有資料夾：排班統計表
[2026-09-22 04:42:46] this_month = 2026-09
[2026-09-22 04:42:46] next_month = 2026-10
[2026-09-22 04:42:46] today_stamp = 20260922
[2026-09-22 04:42:46] next_month_stamp = 20261022
[2026-09-22 04:42:46] 排班統計表 folder_id = 18XDXdrCSsLYwSzz1Da9pQh-jGm2h2Ed8
[2026-09-22 04:42:46] 帳號數量 = 2
[2026-09-22 04:42:46] 
[2026-09-22 04:42:46] === 開始處理 台北 ===
[2026-09-22 04:42:46] 開始登入：jenny@lemonclean.com.tw
[2026-09-22 04:42:49] 登入成功：jenny@lemonclean.com.tw
[2026-09-22 04:42:49] 開始下載：month=2026-09 / filename=20260922排班統計表-台北.xlsx
[2026-09-22 04:42:50] ✅ 已下載到暫存：/tmp/tmpivwguovz/20260922排班統計表-台北.xlsx
[2026-09-22 04:42:50] 📦 檔案大小：17920 bytes
[2026-09-22 04:42:50] 📂 暫存目錄存在：True
[2026-09-22 04:42:50] 📄 暫存檔案存在：True
[2026-09-22 04:42:50] 目前不是 Jenny 本機環境，略過本機存檔
[2026-09-22 04:42:50] Google Drive 初始化成功
[2026-09-22 04:42:50] 準備上傳到 Google Drive：20260922排班統計表-台北.xlsx
[2026-09-22 04:42:51] ☁️ 已上傳新檔：20260922排班統計表-台北.xlsx (file_id=1A-lWX66uFjWigXRWkL7fm8ketCWpwJpw) https://docs.google.com/spreadsheets/d/1A-lWX66uFjWigXRWkL7fm8ketCWpwJpw/edit?usp=drivesdk&ouid=101667783075862487943&rtpof=true&sd=true
[2026-09-22 04:42:51] ✅ 完成處理：20260922排班統計表-台北.xlsx
[2026-09-22 04:42:51] 開始下載：month=2026-10 / filename=20261022排班統計表-台北.xlsx
[2026-09-22 04:42:52] ✅ 已下載到暫存：/tmp/tmpzsqcmt42/20261022排班統計表-台北.xlsx
[2026-09-22 04:42:52] 📦 檔案大小：15360 bytes
[2026-09-22 04:42:52] 📂 暫存目錄存在：True
[2026-09-22 04:42:52] 📄 暫存檔案存在：True
[2026-09-22 04:42:52] 目前不是 Jenny 本機環境，略過本機存檔
[2026-09-22 04:42:52] Google Drive 初始化成功
[2026-09-22 04:42:52] 準備上傳到 Google Drive：20261022排班統計表-台北.xlsx
[2026-09-22 04:42:54] ☁️ 已上傳新檔：20261022排班統計表-台北.xlsx (file_id=13u84XEfwDCk7Qg86uJ-6uuHLPiL8tUcH) https://docs.google.com/spreadsheets/d/13u84XEfwDCk7Qg86uJ-6uuHLPiL8tUcH/edit?usp=drivesdk&ouid=101667783075862487943&rtpof=true&sd=true
[2026-09-22 04:42:54] ✅ 完成處理：20261022排班統計表-台北.xlsx
[2026-09-22 04:42:54] ✅ 台北 全部完成
[2026-09-22 04:42:54] 
[2026-09-22 04:42:54] === 開始處理 台中 ===
[2026-09-22 04:42:54] 開始登入：jenny.tc@lemonclean.com.tw
[2026-09-22 04:42:56] 登入成功：jenny.tc@lemonclean.com.tw
[2026-09-22 04:42:56] 開始下載：month=2026-09 / filename=20260922排班統計表-台中.xlsx
[2026-09-22 04:42:56] ✅ 已下載到暫存：/tmp/tmp8oflk3ca/20260922排班統計表-台中.xlsx
[2026-09-22 04:42:56] 📦 檔案大小：6144 bytes
[2026-09-22 04:42:56] 📂 暫存目錄存在：True
[2026-09-22 04:42:56] 📄 暫存檔案存在：True
[2026-09-22 04:42:56] 目前不是 Jenny 本機環境，略過本機存檔
[2026-09-22 04:42:56] Google Drive 初始化成功
[2026-09-22 04:42:56] 準備上傳到 Google Drive：20260922排班統計表-台中.xlsx
[2026-09-22 04:42:57] ☁️ 已上傳新檔：20260922排班統計表-台中.xlsx (file_id=1II3gzqlgjUH0bCgL5eXrkAxiqNa7vAlD) https://docs.google.com/spreadsheets/d/1II3gzqlgjUH0bCgL5eXrkAxiqNa7vAlD/edit?usp=drivesdk&ouid=101667783075862487943&rtpof=true&sd=true
[2026-09-22 04:42:57] ✅ 完成處理：20260922排班統計表-台中.xlsx
[2026-09-22 04:42:57] 開始下載：month=2026-10 / filename=20261022排班統計表-台中.xlsx
[2026-09-22 04:42:58] ✅ 已下載到暫存：/tmp/tmp5b41yt0n/20261022排班統計表-台中.xlsx
[2026-09-22 04:42:58] 📦 檔案大小：5632 bytes
[2026-09-22 04:42:58] 📂 暫存目錄存在：True
[2026-09-22 04:42:58] 📄 暫存檔案存在：True
[2026-09-22 04:42:58] 目前不是 Jenny 本機環境，略過本機存檔
[2026-09-22 04:42:58] Google Drive 初始化成功
[2026-09-22 04:42:58] 準備上傳到 Google Drive：20261022排班統計表-台中.xlsx
[2026-09-22 04:42:59] ☁️ 已上傳新檔：20261022排班統計表-台中.xlsx (file_id=1AlHc2Cc9hONIZ1wvX12_bmxSvLXM8iIb) https://docs.google.com/spreadsheets/d/1AlHc2Cc9hONIZ1wvX12_bmxSvLXM8iIb/edit?usp=drivesdk&ouid=101667783075862487943&rtpof=true&sd=true
[2026-09-22 04:42:59] ✅ 完成處理：20261022排班統計表-台中.xlsx
[2026-09-22 04:42:59] ✅ 台中 全部完成
[2026-09-22 04:42:59] 🎉 schedule_report.py 全部完成

完成執行：排班統計表
scheduled_daily scheduler 全部完成
