開始執行：專員班表
⚠️ 一鍵日排程 secrets TOML 注入失敗：No secrets found. Valid paths for a secrets.toml file or secret directories are: /home/runner/.streamlit/secrets.toml, /home/runner/work/tool-system/tool-system/.streamlit/secrets.toml
⚠️ 一鍵日排程 secrets env 注入失敗：No secrets found. Valid paths for a secrets.toml file or secret directories are: /home/runner/.streamlit/secrets.toml, /home/runner/work/tool-system/tool-system/.streamlit/secrets.toml
OAuth env ready = True
OAuth bootstrap forced = True
Command: Python bootstrap -> /home/runner/work/tool-system/tool-system/tools/scheduled_daily/staff_schedule.py
[2026-09-22 05:00:43] ====================================================
[2026-09-22 05:00:43] staff_schedule.py 開始執行
[2026-09-22 05:00:43] GITHUB_ACTIONS = true
[2026-09-22 05:00:43] PWD = /home/runner/work/tool-system/tool-system
[2026-09-22 05:00:43] LOCAL_OUTPUT_DIR = /Users/jenny/Library/CloudStorage/GoogleDrive-jenny@lemonclean.com.tw/我的雲端硬碟/lemon_Jenny/Jenny@lemon程式/專員班表
[2026-09-22 05:00:43] LOCAL_OUTPUT_DIR exists = False
[2026-09-22 05:00:43] can_use_local_output_dir = False
[2026-09-22 05:00:43] root folder_id = 11O6eKHQ1e3Irqps7Kq1XJOSVVge3pCAc
[2026-09-22 05:00:43] ====================================================
[2026-09-22 05:00:43] Google Drive 初始化成功
[2026-09-22 05:00:44] 📁 使用既有資料夾：專員班表
[2026-09-22 05:00:44] this_month = 2026-09
[2026-09-22 05:00:44] next_month = 2026-10
[2026-09-22 05:00:44] this_date = 20260922
[2026-09-22 05:00:44] next_date = 20261022
[2026-09-22 05:00:44] 專員班表 folder_id = 1V2AUNsT_jzQWawmnBNU_u-e7odYviwEk
[2026-09-22 05:00:44] 帳號數量 = 2
[2026-09-22 05:00:44] 
[2026-09-22 05:00:44] === 開始處理 台北 ===
[2026-09-22 05:00:44] 開始登入：jenny@lemonclean.com.tw
[2026-09-22 05:00:46] 登入成功：jenny@lemonclean.com.tw
[2026-09-22 05:00:46] 開始下載：city=台北 / month=2026-09 / filename=20260922專員班表-台北.xls
[2026-09-22 05:00:49] ✅ 已下載到暫存：/tmp/tmpdmza1bqg/20260922專員班表-台北.xls
[2026-09-22 05:00:49] 📦 檔案大小：141312 bytes
[2026-09-22 05:00:49] 📂 暫存目錄存在：True
[2026-09-22 05:00:49] 📄 暫存檔案存在：True
[2026-09-22 05:00:49] 目前不是 Jenny 本機環境，略過本機存檔
[2026-09-22 05:00:49] Google Drive 初始化成功
[2026-09-22 05:00:49] 準備上傳到 Google Drive：20260922專員班表-台北.xls
[2026-09-22 05:00:51] ☁️ 已上傳新檔：20260922專員班表-台北.xls (file_id=1l30iLb_DVADLE_9F74dL0Codl0bPTIZ1) https://docs.google.com/spreadsheets/d/1l30iLb_DVADLE_9F74dL0Codl0bPTIZ1/edit?usp=drivesdk&ouid=101667783075862487943&rtpof=true&sd=true
[2026-09-22 05:00:51] ✅ 完成處理：20260922專員班表-台北.xls
[2026-09-22 05:00:51] 開始下載：city=台北 / month=2026-10 / filename=20261022專員班表-台北.xls
[2026-09-22 05:00:55] ✅ 已下載到暫存：/tmp/tmp91qq6fge/20261022專員班表-台北.xls
[2026-09-22 05:00:55] 📦 檔案大小：111616 bytes
[2026-09-22 05:00:55] 📂 暫存目錄存在：True
[2026-09-22 05:00:55] 📄 暫存檔案存在：True
[2026-09-22 05:00:55] 目前不是 Jenny 本機環境，略過本機存檔
[2026-09-22 05:00:55] Google Drive 初始化成功
[2026-09-22 05:00:55] 準備上傳到 Google Drive：20261022專員班表-台北.xls
[2026-09-22 05:00:56] ☁️ 已上傳新檔：20261022專員班表-台北.xls (file_id=1Ss10jzSecfvVlMrM_jPLILgWqW7pz6ts) https://docs.google.com/spreadsheets/d/1Ss10jzSecfvVlMrM_jPLILgWqW7pz6ts/edit?usp=drivesdk&ouid=101667783075862487943&rtpof=true&sd=true
[2026-09-22 05:00:56] ✅ 完成處理：20261022專員班表-台北.xls
[2026-09-22 05:00:56] ✅ 台北 全部完成
[2026-09-22 05:00:56] 
[2026-09-22 05:00:56] === 開始處理 台中 ===
[2026-09-22 05:00:56] 開始登入：jenny.tc@lemonclean.com.tw
[2026-09-22 05:00:58] 登入成功：jenny.tc@lemonclean.com.tw
[2026-09-22 05:00:58] 開始下載：city=台中 / month=2026-09 / filename=20260922專員班表-台中.xls
[2026-09-22 05:00:59] ✅ 已下載到暫存：/tmp/tmpmhkhc65e/20260922專員班表-台中.xls
[2026-09-22 05:00:59] 📦 檔案大小：23040 bytes
[2026-09-22 05:00:59] 📂 暫存目錄存在：True
[2026-09-22 05:00:59] 📄 暫存檔案存在：True
[2026-09-22 05:00:59] 目前不是 Jenny 本機環境，略過本機存檔
[2026-09-22 05:00:59] Google Drive 初始化成功
[2026-09-22 05:00:59] 準備上傳到 Google Drive：20260922專員班表-台中.xls
[2026-09-22 05:01:17] ☁️ 已上傳新檔：20260922專員班表-台中.xls (file_id=1iDNgaoX3bAb1Dqxi6Oo4YQLGRQNRuVEy) https://docs.google.com/spreadsheets/d/1iDNgaoX3bAb1Dqxi6Oo4YQLGRQNRuVEy/edit?usp=drivesdk&ouid=101667783075862487943&rtpof=true&sd=true
[2026-09-22 05:01:17] ✅ 完成處理：20260922專員班表-台中.xls
[2026-09-22 05:01:17] 開始下載：city=台中 / month=2026-10 / filename=20261022專員班表-台中.xls
[2026-09-22 05:01:18] ✅ 已下載到暫存：/tmp/tmp9iyl5ho4/20261022專員班表-台中.xls
[2026-09-22 05:01:18] 📦 檔案大小：24576 bytes
[2026-09-22 05:01:18] 📂 暫存目錄存在：True
[2026-09-22 05:01:18] 📄 暫存檔案存在：True
[2026-09-22 05:01:18] 目前不是 Jenny 本機環境，略過本機存檔
[2026-09-22 05:01:18] Google Drive 初始化成功
[2026-09-22 05:01:18] 準備上傳到 Google Drive：20261022專員班表-台中.xls
[2026-09-22 05:01:19] ☁️ 已上傳新檔：20261022專員班表-台中.xls (file_id=106Wvvh3I745WoUcCSScXEdqRa9SMw43x) https://docs.google.com/spreadsheets/d/106Wvvh3I745WoUcCSScXEdqRa9SMw43x/edit?usp=drivesdk&ouid=101667783075862487943&rtpof=true&sd=true
[2026-09-22 05:01:19] ✅ 完成處理：20261022專員班表-台中.xls
[2026-09-22 05:01:19] ✅ 台中 全部完成
[2026-09-22 05:01:19] 🎉 staff_schedule.py 全部完成

完成執行：專員班表
scheduled_daily scheduler 全部完成
