開始執行：排班統計表
⚠️ 一鍵日排程 secrets TOML 注入失敗：No secrets found. Valid paths for a secrets.toml file or secret directories are: /home/runner/.streamlit/secrets.toml, /home/runner/work/tool-system/tool-system/.streamlit/secrets.toml
⚠️ 一鍵日排程 secrets env 注入失敗：No secrets found. Valid paths for a secrets.toml file or secret directories are: /home/runner/.streamlit/secrets.toml, /home/runner/work/tool-system/tool-system/.streamlit/secrets.toml
OAuth env ready = True
OAuth bootstrap forced = True
Command: Python bootstrap -> /home/runner/work/tool-system/tool-system/tools/scheduled_daily/schedule_report.py
[2026-08-25 01:23:47] ====================================================
[2026-08-25 01:23:47] schedule_report.py 開始執行
[2026-08-25 01:23:47] GITHUB_ACTIONS = true
[2026-08-25 01:23:47] PWD = /home/runner/work/tool-system/tool-system
[2026-08-25 01:23:47] LOCAL_OUTPUT_DIR = /Users/jenny/Library/CloudStorage/GoogleDrive-jenny@lemonclean.com.tw/.shortcut-targets-by-id/1zbu45AG1adMzz24HPdi_tLfh2Tncw_Br/排班統計表
[2026-08-25 01:23:47] LOCAL_OUTPUT_DIR exists = False
[2026-08-25 01:23:47] can_use_local_output_dir = False
[2026-08-25 01:23:47] root folder_id = 11O6eKHQ1e3Irqps7Kq1XJOSVVge3pCAc
[2026-08-25 01:23:47] ====================================================
[2026-08-25 01:23:47] Google Drive 初始化成功
[2026-08-25 01:23:47] 📁 使用既有資料夾：排班統計表
[2026-08-25 01:23:47] this_month = 2026-08
[2026-08-25 01:23:47] next_month = 2026-09
[2026-08-25 01:23:47] today_stamp = 20260825
[2026-08-25 01:23:47] next_month_stamp = 20260925
[2026-08-25 01:23:47] 排班統計表 folder_id = 18XDXdrCSsLYwSzz1Da9pQh-jGm2h2Ed8
[2026-08-25 01:23:47] 帳號數量 = 2
[2026-08-25 01:23:47] 
[2026-08-25 01:23:47] === 開始處理 台北 ===
[2026-08-25 01:23:47] 開始登入：jenny@lemonclean.com.tw
[2026-08-25 01:23:50] 登入成功：jenny@lemonclean.com.tw
[2026-08-25 01:23:50] 開始下載：month=2026-08 / filename=20260825排班統計表-台北.xlsx
[2026-08-25 01:23:51] ✅ 已下載到暫存：/tmp/tmp25fa2wha/20260825排班統計表-台北.xlsx
[2026-08-25 01:23:51] 📦 檔案大小：18944 bytes
[2026-08-25 01:23:51] 📂 暫存目錄存在：True
[2026-08-25 01:23:51] 📄 暫存檔案存在：True
[2026-08-25 01:23:51] 目前不是 Jenny 本機環境，略過本機存檔
[2026-08-25 01:23:51] Google Drive 初始化成功
[2026-08-25 01:23:51] 準備上傳到 Google Drive：20260825排班統計表-台北.xlsx
[2026-08-25 01:23:54] ☁️ 已上傳新檔：20260825排班統計表-台北.xlsx (file_id=1-lCE-YGBP3DFic_ZhDMZ8e8LrwtVH69C) https://docs.google.com/spreadsheets/d/1-lCE-YGBP3DFic_ZhDMZ8e8LrwtVH69C/edit?usp=drivesdk&ouid=101667783075862487943&rtpof=true&sd=true
[2026-08-25 01:23:54] ✅ 完成處理：20260825排班統計表-台北.xlsx
[2026-08-25 01:23:54] 開始下載：month=2026-09 / filename=20260925排班統計表-台北.xlsx
[2026-08-25 01:23:55] ✅ 已下載到暫存：/tmp/tmpr6hs1sxt/20260925排班統計表-台北.xlsx
[2026-08-25 01:23:55] 📦 檔案大小：15360 bytes
[2026-08-25 01:23:55] 📂 暫存目錄存在：True
[2026-08-25 01:23:55] 📄 暫存檔案存在：True
[2026-08-25 01:23:55] 目前不是 Jenny 本機環境，略過本機存檔
[2026-08-25 01:23:55] Google Drive 初始化成功
[2026-08-25 01:23:55] 準備上傳到 Google Drive：20260925排班統計表-台北.xlsx
[2026-08-25 01:23:58] ☁️ 已上傳新檔：20260925排班統計表-台北.xlsx (file_id=1vUSmr7suakjoLjN7288_szdlaodDsacg) https://docs.google.com/spreadsheets/d/1vUSmr7suakjoLjN7288_szdlaodDsacg/edit?usp=drivesdk&ouid=101667783075862487943&rtpof=true&sd=true
[2026-08-25 01:23:58] ✅ 完成處理：20260925排班統計表-台北.xlsx
[2026-08-25 01:23:58] ✅ 台北 全部完成
[2026-08-25 01:23:58] 
[2026-08-25 01:23:58] === 開始處理 台中 ===
[2026-08-25 01:23:58] 開始登入：jenny.tc@lemonclean.com.tw
[2026-08-25 01:23:59] 登入成功：jenny.tc@lemonclean.com.tw
[2026-08-25 01:23:59] 開始下載：month=2026-08 / filename=20260825排班統計表-台中.xlsx
[2026-08-25 01:24:00] ✅ 已下載到暫存：/tmp/tmpwfx_kgb2/20260825排班統計表-台中.xlsx
[2026-08-25 01:24:00] 📦 檔案大小：7168 bytes
[2026-08-25 01:24:00] 📂 暫存目錄存在：True
[2026-08-25 01:24:00] 📄 暫存檔案存在：True
[2026-08-25 01:24:00] 目前不是 Jenny 本機環境，略過本機存檔
[2026-08-25 01:24:00] Google Drive 初始化成功
[2026-08-25 01:24:00] 準備上傳到 Google Drive：20260825排班統計表-台中.xlsx
[2026-08-25 01:24:02] ☁️ 已上傳新檔：20260825排班統計表-台中.xlsx (file_id=1j7uqohfPCKooVzk0Y0U13XhHQeIAUnTb) https://docs.google.com/spreadsheets/d/1j7uqohfPCKooVzk0Y0U13XhHQeIAUnTb/edit?usp=drivesdk&ouid=101667783075862487943&rtpof=true&sd=true
[2026-08-25 01:24:02] ✅ 完成處理：20260825排班統計表-台中.xlsx
[2026-08-25 01:24:02] 開始下載：month=2026-09 / filename=20260925排班統計表-台中.xlsx
[2026-08-25 01:24:03] ✅ 已下載到暫存：/tmp/tmpmk38g8yc/20260925排班統計表-台中.xlsx
[2026-08-25 01:24:03] 📦 檔案大小：5632 bytes
[2026-08-25 01:24:03] 📂 暫存目錄存在：True
[2026-08-25 01:24:03] 📄 暫存檔案存在：True
[2026-08-25 01:24:03] 目前不是 Jenny 本機環境，略過本機存檔
[2026-08-25 01:24:03] Google Drive 初始化成功
[2026-08-25 01:24:03] 準備上傳到 Google Drive：20260925排班統計表-台中.xlsx
[2026-08-25 01:24:05] ☁️ 已上傳新檔：20260925排班統計表-台中.xlsx (file_id=1E6sWdNoOAVM27W3MAfzycxbNme7kiZ5t) https://docs.google.com/spreadsheets/d/1E6sWdNoOAVM27W3MAfzycxbNme7kiZ5t/edit?usp=drivesdk&ouid=101667783075862487943&rtpof=true&sd=true
[2026-08-25 01:24:05] ✅ 完成處理：20260925排班統計表-台中.xlsx
[2026-08-25 01:24:05] ✅ 台中 全部完成
[2026-08-25 01:24:05] 🎉 schedule_report.py 全部完成

完成執行：排班統計表
scheduled_daily scheduler 全部完成
