開始執行：專員個資
⚠️ 一鍵日排程 secrets TOML 注入失敗：No secrets found. Valid paths for a secrets.toml file or secret directories are: /home/runner/.streamlit/secrets.toml, /home/runner/work/tool-system/tool-system/.streamlit/secrets.toml
⚠️ 一鍵日排程 secrets env 注入失敗：No secrets found. Valid paths for a secrets.toml file or secret directories are: /home/runner/.streamlit/secrets.toml, /home/runner/work/tool-system/tool-system/.streamlit/secrets.toml
OAuth env ready = True
OAuth bootstrap forced = True
Command: Python bootstrap -> /home/runner/work/tool-system/tool-system/tools/scheduled_daily/staff_info.py
[2026-08-25 01:54:54] ====================================================
[2026-08-25 01:54:54] staff_info.py 開始執行
[2026-08-25 01:54:54] GITHUB_ACTIONS = true
[2026-08-25 01:54:54] PWD = /home/runner/work/tool-system/tool-system
[2026-08-25 01:54:54] LOCAL_OUTPUT_DIR = /Users/jenny/Library/CloudStorage/GoogleDrive-jenny@lemonclean.com.tw/我的雲端硬碟/lemon_Jenny/Jenny@lemon程式/專員個資
[2026-08-25 01:54:54] LOCAL_OUTPUT_DIR exists = False
[2026-08-25 01:54:54] can_use_local_output_dir = False
[2026-08-25 01:54:54] root folder_id = 11O6eKHQ1e3Irqps7Kq1XJOSVVge3pCAc
[2026-08-25 01:54:54] ====================================================
[2026-08-25 01:54:54] Google Drive 初始化成功
[2026-08-25 01:54:54] 📁 使用既有資料夾：專員個資
[2026-08-25 01:54:54] today_stamp = 20260825
[2026-08-25 01:54:54] 專員個資 folder_id = 1v1Er8oC3BEAWHbBrDq3SUpjEDwHIuK0f
[2026-08-25 01:54:54] 帳號數量 = 2
[2026-08-25 01:54:54] 
[2026-08-25 01:54:54] === 開始處理 台北 ===
[2026-08-25 01:54:54] 開始登入：jenny@lemonclean.com.tw
[2026-08-25 01:54:56] 登入成功：jenny@lemonclean.com.tw
[2026-08-25 01:54:56] 開始下載：city=台北 / filename=20260825專員個資-台北.xlsx
[2026-08-25 01:54:59] ✅ 已下載到暫存：/tmp/tmpxn5nutcf/20260825專員個資-台北.xlsx
[2026-08-25 01:54:59] 📦 檔案大小：227840 bytes
[2026-08-25 01:54:59] 📂 暫存目錄存在：True
[2026-08-25 01:54:59] 📄 暫存檔案存在：True
[2026-08-25 01:54:59] 目前不是 Jenny 本機環境，略過本機存檔
[2026-08-25 01:54:59] Google Drive 初始化成功
[2026-08-25 01:54:59] 準備上傳到 Google Drive：20260825專員個資-台北.xlsx
[2026-08-25 01:55:01] ☁️ 已上傳新檔：20260825專員個資-台北.xlsx (file_id=1cPNcx8sQqLoyOn0hMyXUwCjIlXizydiR) https://docs.google.com/spreadsheets/d/1cPNcx8sQqLoyOn0hMyXUwCjIlXizydiR/edit?usp=drivesdk&ouid=101667783075862487943&rtpof=true&sd=true
[2026-08-25 01:55:01] ✅ 完成處理：20260825專員個資-台北.xlsx
[2026-08-25 01:55:01] ✅ 台北 全部完成
[2026-08-25 01:55:01] 
[2026-08-25 01:55:01] === 開始處理 台中 ===
[2026-08-25 01:55:01] 開始登入：jenny.tc@lemonclean.com.tw
[2026-08-25 01:55:02] 登入成功：jenny.tc@lemonclean.com.tw
[2026-08-25 01:55:02] 開始下載：city=台中 / filename=20260825專員個資-台中.xlsx
[2026-08-25 01:55:02] ✅ 已下載到暫存：/tmp/tmpjnygakby/20260825專員個資-台中.xlsx
[2026-08-25 01:55:02] 📦 檔案大小：59904 bytes
[2026-08-25 01:55:02] 📂 暫存目錄存在：True
[2026-08-25 01:55:02] 📄 暫存檔案存在：True
[2026-08-25 01:55:02] 目前不是 Jenny 本機環境，略過本機存檔
[2026-08-25 01:55:02] Google Drive 初始化成功
[2026-08-25 01:55:02] 準備上傳到 Google Drive：20260825專員個資-台中.xlsx
[2026-08-25 01:55:04] ☁️ 已上傳新檔：20260825專員個資-台中.xlsx (file_id=1IXIiu-72TzCjRTe9_gaE5WyywxJj0SNx) https://docs.google.com/spreadsheets/d/1IXIiu-72TzCjRTe9_gaE5WyywxJj0SNx/edit?usp=drivesdk&ouid=101667783075862487943&rtpof=true&sd=true
[2026-08-25 01:55:04] ✅ 完成處理：20260825專員個資-台中.xlsx
[2026-08-25 01:55:04] ✅ 台中 全部完成
[2026-08-25 01:55:04] 🎉 staff_info.py 全部完成

完成執行：專員個資
scheduled_daily scheduler 全部完成
