📋 log_spreadsheet_id 已從設定檔載入
📝 外場排程打卡：外場專員班表 / running
Command: /opt/hostedtoolcache/Python/3.11.15/x64/bin/python -u -m tools.field_management.staff_schedule --date 20260813 --system-name 外場排程系統 --run-type 排程
[2026-08-13 05:32:46] 開始處理專員班表：20260813專員班表-台北
🔄 Jenny OAuth 已將來源 Excel 轉成暫存 Google Sheet：1jTxsZltb683k0ykJ0VibK6h2acrEGCSOzO0HvEn0e20
🗑️ 已刪除來源暫存 Google Sheet：1jTxsZltb683k0ykJ0VibK6h2acrEGCSOzO0HvEn0e20
[2026-08-13 05:32:54] 目標分頁已是當日名稱：專員班表查詢本月_0813
[2026-08-13 05:32:55] 完成：20260813專員班表-台北.xls → '專員班表查詢本月_0813'!A:G / rows=1457
[2026-08-13 05:32:57] 開始處理專員班表：20260913專員班表-台北
🔄 Jenny OAuth 已將來源 Excel 轉成暫存 Google Sheet：1wrKbPZ1w0KEutdgPcLm21-SgHSnnV6Ep-Qgl8dkTZWE
🗑️ 已刪除來源暫存 Google Sheet：1wrKbPZ1w0KEutdgPcLm21-SgHSnnV6Ep-Qgl8dkTZWE
[2026-08-13 05:33:04] 目標分頁已是當日名稱：專員班表查詢次月_0813
[2026-08-13 05:33:05] 完成：20260913專員班表-台北.xls → '專員班表查詢次月_0813'!A:G / rows=1039
[2026-08-13 05:33:07] 開始處理專員班表：20260813專員班表-台中
🔄 Jenny OAuth 已將來源 Excel 轉成暫存 Google Sheet：1pNcaoDf3yXYoqcVjgfj4TNYlT50DxlgznVFlCN1kPfQ
🗑️ 已刪除來源暫存 Google Sheet：1pNcaoDf3yXYoqcVjgfj4TNYlT50DxlgznVFlCN1kPfQ
[2026-08-13 05:33:15] 目標分頁已是當日名稱：專員班表查詢本月_0813
[2026-08-13 05:33:16] 完成：20260813專員班表-台中.xls → '專員班表查詢本月_0813'!A:G / rows=249
[2026-08-13 05:33:18] 開始處理專員班表：20260913專員班表-台中
🔄 Jenny OAuth 已將來源 Excel 轉成暫存 Google Sheet：1_ghH-7Edxo41Oehq9gGoemj8XbcJ6nOgvol2qbk91w0
🗑️ 已刪除來源暫存 Google Sheet：1_ghH-7Edxo41Oehq9gGoemj8XbcJ6nOgvol2qbk91w0
[2026-08-13 05:33:26] 目標分頁已是當日名稱：專員班表查詢次月_0813
[2026-08-13 05:33:27] 完成：20260913專員班表-台中.xls → '專員班表查詢次月_0813'!A:G / rows=198
[2026-08-13 05:33:28] staff_schedule.py 全部完成

📝 外場排程打卡：外場專員班表 / success
field_management scheduler 全部完成
