開始執行：專員個資
⚠️ 一鍵日排程 secrets TOML 注入失敗：No secrets found. Valid paths for a secrets.toml file or secret directories are: /home/runner/.streamlit/secrets.toml, /home/runner/work/tool-system/tool-system/.streamlit/secrets.toml
⚠️ 一鍵日排程 secrets env 注入失敗：No secrets found. Valid paths for a secrets.toml file or secret directories are: /home/runner/.streamlit/secrets.toml, /home/runner/work/tool-system/tool-system/.streamlit/secrets.toml
OAuth env ready = True
OAuth bootstrap forced = True
Command: Python bootstrap -> /home/runner/work/tool-system/tool-system/tools/scheduled_daily/staff_info.py
[2026-08-13 02:14:02] ====================================================
[2026-08-13 02:14:02] staff_info.py 開始執行
[2026-08-13 02:14:02] GITHUB_ACTIONS = true
[2026-08-13 02:14:02] PWD = /home/runner/work/tool-system/tool-system
[2026-08-13 02:14:02] LOCAL_OUTPUT_DIR = /Users/jenny/Library/CloudStorage/GoogleDrive-jenny@lemonclean.com.tw/我的雲端硬碟/lemon_Jenny/Jenny@lemon程式/專員個資
[2026-08-13 02:14:02] LOCAL_OUTPUT_DIR exists = False
[2026-08-13 02:14:02] can_use_local_output_dir = False
[2026-08-13 02:14:02] root folder_id = 11O6eKHQ1e3Irqps7Kq1XJOSVVge3pCAc
[2026-08-13 02:14:02] ====================================================
[2026-08-13 02:14:02] Google Drive 初始化成功
[2026-08-13 02:14:03] 📁 使用既有資料夾：專員個資
[2026-08-13 02:14:03] today_stamp = 20260813
[2026-08-13 02:14:03] 專員個資 folder_id = 1v1Er8oC3BEAWHbBrDq3SUpjEDwHIuK0f
[2026-08-13 02:14:03] 帳號數量 = 2
[2026-08-13 02:14:03] 
[2026-08-13 02:14:03] === 開始處理 台北 ===
[2026-08-13 02:14:03] 開始登入：jenny@lemonclean.com.tw
[2026-08-13 02:14:04] 登入成功：jenny@lemonclean.com.tw
[2026-08-13 02:14:04] 開始下載：city=台北 / filename=20260813專員個資-台北.xlsx
[2026-08-13 02:14:08] ✅ 已下載到暫存：/tmp/tmpwod5jh5v/20260813專員個資-台北.xlsx
[2026-08-13 02:14:08] 📦 檔案大小：225792 bytes
[2026-08-13 02:14:08] 📂 暫存目錄存在：True
[2026-08-13 02:14:08] 📄 暫存檔案存在：True
[2026-08-13 02:14:08] 目前不是 Jenny 本機環境，略過本機存檔
[2026-08-13 02:14:08] Google Drive 初始化成功
[2026-08-13 02:14:08] 準備上傳到 Google Drive：20260813專員個資-台北.xlsx
[2026-08-13 02:14:10] ☁️ 已上傳新檔：20260813專員個資-台北.xlsx (file_id=13Ya-fhokdL1GJ6lTgYBPoOeJdoTjbeTl) https://docs.google.com/spreadsheets/d/13Ya-fhokdL1GJ6lTgYBPoOeJdoTjbeTl/edit?usp=drivesdk&ouid=101667783075862487943&rtpof=true&sd=true
[2026-08-13 02:14:10] ✅ 完成處理：20260813專員個資-台北.xlsx
[2026-08-13 02:14:10] ✅ 台北 全部完成
[2026-08-13 02:14:10] 
[2026-08-13 02:14:10] === 開始處理 台中 ===
[2026-08-13 02:14:10] 開始登入：jenny.tc@lemonclean.com.tw
[2026-08-13 02:14:12] 登入成功：jenny.tc@lemonclean.com.tw
[2026-08-13 02:14:12] 開始下載：city=台中 / filename=20260813專員個資-台中.xlsx
[2026-08-13 02:14:12] ✅ 已下載到暫存：/tmp/tmprnglhkye/20260813專員個資-台中.xlsx
[2026-08-13 02:14:12] 📦 檔案大小：59904 bytes
[2026-08-13 02:14:12] 📂 暫存目錄存在：True
[2026-08-13 02:14:12] 📄 暫存檔案存在：True
[2026-08-13 02:14:12] 目前不是 Jenny 本機環境，略過本機存檔
[2026-08-13 02:14:12] Google Drive 初始化成功
[2026-08-13 02:14:12] 準備上傳到 Google Drive：20260813專員個資-台中.xlsx
[2026-08-13 02:14:15] ☁️ 已上傳新檔：20260813專員個資-台中.xlsx (file_id=1Ek1nr7eogES7hj1RiDHtlqgEzg4yIHKz) https://docs.google.com/spreadsheets/d/1Ek1nr7eogES7hj1RiDHtlqgEzg4yIHKz/edit?usp=drivesdk&ouid=101667783075862487943&rtpof=true&sd=true
[2026-08-13 02:14:15] ✅ 完成處理：20260813專員個資-台中.xlsx
[2026-08-13 02:14:15] ✅ 台中 全部完成
[2026-08-13 02:14:15] 🎉 staff_info.py 全部完成

完成執行：專員個資
scheduled_daily scheduler 全部完成
