[config] spreadsheet_id='1nNAXy6rvBnGR8ACnqKKzKNA4-UwZtZp47i806EPmR_8'
2026-07-27 22:58:08 [INFO] 目標試算表 ID 來源：主控試算表系統設定
2026-07-27 22:58:08 [INFO] === 客服排程系統 run_id=2b13d7a4 step=3 台北時間=2026-07-28 06:58:07 ===
2026-07-27 22:58:08 [INFO] file_cache is only supported with oauth2client<4.0.0
2026-07-27 22:58:15 [INFO] --- Step3_更新前一天營業分數及營業額 ---
2026-07-27 22:58:18 [INFO]   [mail] Gmail 登入帳號：jenny@lemonclean.com.tw
2026-07-27 22:58:19 [INFO]   [mail] 使用信箱：[Gmail]/&UWiQ6JD1TvY-
2026-07-27 22:58:19 [INFO]   [mail] X-GM-RAW：subject:"近三日營業額-台北" after:2026/07/27 before:2026/07/28
2026-07-27 22:58:20 [WARNING]   [mail] X-GM-RAW 搜尋失敗，改用日期搜尋：UID command error: BAD [b'Could not parse command']
2026-07-27 22:58:20 [INFO]   [mail] 日期搜尋 27-Jul-2026 找到 UID：50
2026-07-27 22:58:31 [INFO]   [mail] text/plain 為空，fallback 到 text/html（2528 字元）
2026-07-27 22:58:31 [INFO]   [mail] 候選：UID=159659 / 2026-07-27 17:25:04 / exact / 與17:25差4秒 / '近三日營業額-台北'
2026-07-27 22:58:35 [INFO]   近三日營業額-台北 → 選中 17:25:04（exact，與17:25差4秒，UID=159659）
2026-07-27 22:58:36 [INFO]   [debug] 行47 repr='2026-07-25：16分'
2026-07-27 22:58:36 [INFO]   [debug] 行48 repr='2026-07-26：2分'
2026-07-27 22:58:36 [INFO]   [debug] 行49 repr='2026-07-27：37分'
2026-07-27 22:58:36 [INFO]   [debug] 行50 repr='【家電清潔】日營業額'
2026-07-27 22:58:36 [INFO]   [debug] 行51 repr='2026-07-25：0分'
2026-07-27 22:58:36 [INFO]   [debug] 行52 repr='2026-07-26：0分'
2026-07-27 22:58:36 [INFO]   [debug] 行53 repr='2026-07-27：0分'
2026-07-27 22:58:36 [INFO]   [debug] 行54 repr='【儲值金】日營業額'
2026-07-27 22:58:37 [INFO]   [mail] Gmail 登入帳號：jenny@lemonclean.com.tw
2026-07-27 22:58:38 [INFO]   [mail] 使用信箱：[Gmail]/&UWiQ6JD1TvY-
2026-07-27 22:58:38 [INFO]   [mail] X-GM-RAW：subject:"近三日營業額-台中" after:2026/07/27 before:2026/07/28
2026-07-27 22:58:38 [WARNING]   [mail] X-GM-RAW 搜尋失敗，改用日期搜尋：UID command error: BAD [b'Could not parse command']
2026-07-27 22:58:38 [INFO]   [mail] 日期搜尋 27-Jul-2026 找到 UID：50
2026-07-27 22:58:50 [INFO]   [mail] text/plain 為空，fallback 到 text/html（939 字元）
2026-07-27 22:58:50 [INFO]   [mail] 候選：UID=159662 / 2026-07-27 17:25:08 / exact / 與17:25差8秒 / '近三日營業額-台中'
2026-07-27 22:58:54 [INFO]   近三日營業額-台中 → 選中 17:25:08（exact，與17:25差8秒，UID=159662）
2026-07-27 22:58:54 [INFO]   [debug] 行22 repr='2026-07-25：0分'
2026-07-27 22:58:54 [INFO]   [debug] 行23 repr='2026-07-26：1分'
2026-07-27 22:58:54 [INFO]   [debug] 行24 repr='2026-07-27：0分'
2026-07-27 22:58:54 [INFO]   [debug] 行25 repr='【家電清潔】日營業額'
2026-07-27 22:58:54 [INFO]   [debug] 行26 repr='2026-07-25：0分'
2026-07-27 22:58:54 [INFO]   [debug] 行27 repr='2026-07-26：0分'
2026-07-27 22:58:54 [INFO]   [debug] 行28 repr='2026-07-27：0分'
2026-07-27 22:58:54 [INFO]   [debug] 行29 repr='【儲值金】日營業額'
2026-07-27 22:58:54 [INFO]   台北：{'daily_value': 37, 'total_count': 1372, 'total_amount': 2743250}
2026-07-27 22:58:54 [INFO]   台中：{'daily_value': 0, 'total_count': 95, 'total_amount': 190500}
2026-07-27 22:58:55 [INFO] Step 3 完成，row=2354（39.2s）
2026-07-27 22:58:56 [INFO] === 全部完成 run_id=2b13d7a4（40.2s）===
