📋 log_spreadsheet_id 已從設定檔載入
📝 外場排程打卡：外場排班統計表 / running
Command: /opt/hostedtoolcache/Python/3.11.15/x64/bin/python -u -m tools.field_management.schedule_stats --date 20260807 --system-name 外場排程系統 --run-type 排程
[2026-08-07 08:59:31] 開始處理排班統計表：排班統計表20260807-台北
[2026-08-07 08:59:32] 失敗：排班統計表20260807-台北 / 找不到來源檔案：排班統計表20260807-台北 / 排班統計表20260807-台北.xlsx / 排班統計表20260807-台北.xls；資料夾內目前檔案：排班統計表20260906-台中、排班統計表20260906-台北、排班統計表20260806-台中、排班統計表20260806-台北、排班統計表20260906-台中.xlsx_temp_1785967347、排班統計表20260806-台中.xlsx_temp_1785967330、排班統計表20260906-台北.xlsx_temp_1785967323、排班統計表20260806-台北.xlsx_temp_1785967315、排班統計表20260906-台中.xlsx、排班統計表20260806-台中.xlsx、排班統計表20260906-台北.xlsx、排班統計表20260806-台北.xlsx、排班統計表20260805-台中、排班統計表20260805-台中、排班統計表20260805-台北、排班統計表20260905-台中.xlsx、排班統計表20260805-台中.xlsx、排班統計表20260905-台北.xlsx、排班統計表20260805-台北.xlsx、排班統計表20260905-台中、排班統計表20260905-台北、排班統計表20260905-台中.xlsx_temp_1785880860、排班統計表20260905-台北.xlsx_temp_1785880841、排班統計表20260902-台中、排班統計表20260902-台中、排班統計表20260902-台北、排班統計表20260902-台北、排班統計表20260903-台中、排班統計表20260903-台中、排班統計表20260903-台北、排班統計表20260903-台北、排班統計表20260904-台中、排班統計表20260904-台北、排班統計表20260904-台北、排班統計表20260904-台北、排班統計表20260904-台中.xlsx_temp_1785806608、排班統計表20260904-台中.xlsx_temp_1785806608、排班統計表20260904-台北.xlsx_temp_1785806585、排班統計表20260904-台北.xlsx_temp_1785806587、排班統計表20260904-台中.xlsx_temp_1785794161、排班統計表20260904-台北.xlsx_temp_1785794143、排班統計表20260904-台中.xlsx、排班統計表20260904-台北.xlsx、排班統計表20260903-台中.xlsx、排班統計表20260903-台北.xlsx、排班統計表20260902-台中.xlsx_temp_1785620621、排班統計表20260902-台北.xlsx_temp_1785620597、排班統計表20260902-台中.xlsx、排班統計表20260902-台北.xlsx、排班統計表20260901-台中、排班統計表20260901-台北、排班統計表20260901-台中.xlsx_temp_1785534867、排班統計表20260901-台北.xlsx_temp_1785534848、排班統計表20260901-台中.xlsx、排班統計表20260901-台北.xlsx

Traceback (most recent call last):
  File "<frozen runpy>", line 198, in _run_module_as_main
  File "<frozen runpy>", line 88, in _run_code
  File "/home/runner/work/tool-system/tool-system/tools/field_management/schedule_stats.py", line 423, in <module>
    main(
  File "/home/runner/work/tool-system/tool-system/tools/field_management/schedule_stats.py", line 409, in main
    run_schedule_stats_for_area(cfg, current_area, date_key, run_type)  # ★
    ^^^^^^^^^^^^^^^^^^^^^^^^^^^^^^^^^^^^^^^^^^^^^^^^^^^^^^^^^^^^^^^^^^
  File "/home/runner/work/tool-system/tool-system/tools/field_management/schedule_stats.py", line 346, in run_schedule_stats_for_area
    file = find_file_by_possible_names(
           ^^^^^^^^^^^^^^^^^^^^^^^^^^^^
  File "/home/runner/work/tool-system/tool-system/tools/field_management/schedule_stats.py", line 212, in find_file_by_possible_names
    raise RuntimeError(
RuntimeError: 找不到來源檔案：排班統計表20260807-台北 / 排班統計表20260807-台北.xlsx / 排班統計表20260807-台北.xls；資料夾內目前檔案：排班統計表20260906-台中、排班統計表20260906-台北、排班統計表20260806-台中、排班統計表20260806-台北、排班統計表20260906-台中.xlsx_temp_1785967347、排班統計表20260806-台中.xlsx_temp_1785967330、排班統計表20260906-台北.xlsx_temp_1785967323、排班統計表20260806-台北.xlsx_temp_1785967315、排班統計表20260906-台中.xlsx、排班統計表20260806-台中.xlsx、排班統計表20260906-台北.xlsx、排班統計表20260806-台北.xlsx、排班統計表20260805-台中、排班統計表20260805-台中、排班統計表20260805-台北、排班統計表20260905-台中.xlsx、排班統計表20260805-台中.xlsx、排班統計表20260905-台北.xlsx、排班統計表20260805-台北.xlsx、排班統計表20260905-台中、排班統計表20260905-台北、排班統計表20260905-台中.xlsx_temp_1785880860、排班統計表20260905-台北.xlsx_temp_1785880841、排班統計表20260902-台中、排班統計表20260902-台中、排班統計表20260902-台北、排班統計表20260902-台北、排班統計表20260903-台中、排班統計表20260903-台中、排班統計表20260903-台北、排班統計表20260903-台北、排班統計表20260904-台中、排班統計表20260904-台北、排班統計表20260904-台北、排班統計表20260904-台北、排班統計表20260904-台中.xlsx_temp_1785806608、排班統計表20260904-台中.xlsx_temp_1785806608、排班統計表20260904-台北.xlsx_temp_1785806585、排班統計表20260904-台北.xlsx_temp_1785806587、排班統計表20260904-台中.xlsx_temp_1785794161、排班統計表20260904-台北.xlsx_temp_1785794143、排班統計表20260904-台中.xlsx、排班統計表20260904-台北.xlsx、排班統計表20260903-台中.xlsx、排班統計表20260903-台北.xlsx、排班統計表20260902-台中.xlsx_temp_1785620621、排班統計表20260902-台北.xlsx_temp_1785620597、排班統計表20260902-台中.xlsx、排班統計表20260902-台北.xlsx、排班統計表20260901-台中、排班統計表20260901-台北、排班統計表20260901-台中.xlsx_temp_1785534867、排班統計表20260901-台北.xlsx_temp_1785534848、排班統計表20260901-台中.xlsx、排班統計表20260901-台北.xlsx

📝 外場排程打卡：外場排班統計表 / failed
Traceback (most recent call last):
  File "<frozen runpy>", line 198, in _run_module_as_main
  File "<frozen runpy>", line 88, in _run_code
  File "/home/runner/work/tool-system/tool-system/tools/field_management/scheduler.py", line 179, in <module>
    main(target=args.target, date_key=args.date, area=args.area or None, system_name=args.system_name)
  File "/home/runner/work/tool-system/tool-system/tools/field_management/scheduler.py", line 158, in main
    results.append(run_job(job_name, date_key, area, system_name))
                   ^^^^^^^^^^^^^^^^^^^^^^^^^^^^^^^^^^^^^^^^^^^^^^
  File "/home/runner/work/tool-system/tool-system/tools/field_management/scheduler.py", line 134, in run_job
    raise RuntimeError(message)
RuntimeError: 外場排班統計表 執行失敗，exit=1
STDOUT:
[2026-08-07 08:59:31] 開始處理排班統計表：排班統計表20260807-台北
[2026-08-07 08:59:32] 失敗：排班統計表20260807-台北 / 找不到來源檔案：排班統計表20260807-台北 / 排班統計表20260807-台北.xlsx / 排班統計表20260807-台北.xls；資料夾內目前檔案：排班統計表20260906-台中、排班統計表20260906-台北、排班統計表20260806-台中、排班統計表20260806-台北、排班統計表20260906-台中.xlsx_temp_1785967347、排班統計表20260806-台中.xlsx_temp_1785967330、排班統計表20260906-台北.xlsx_temp_1785967323、排班統計表20260806-台北.xlsx_temp_1785967315、排班統計表20260906-台中.xlsx、排班統計表20260806-台中.xlsx、排班統計表20260906-台北.xlsx、排班統計表20260806-台北.xlsx、排班統計表20260805-台中、排班統計表20260805-台中、排班統計表20260805-台北、排班統計表20260905-台中.xlsx、排班統計表20260805-台中.xlsx、排班統計表20260905-台北.xlsx、排班統計表20260805-台北.xlsx、排班統計表20260905-台中、排班統計表20260905-台北、排班統計表20260905-台中.xlsx_temp_1785880860、排班統計表20260905-台北.xlsx_temp_1785880841、排班統計表20260902-台中、排班統計表20260902-台中、排班統計表20260902-台北、排班統計表20260902-台北、排班統計表20260903-台中、排班統計表20260903-台中、排班統計表20260903-台北、排班統計表20260903-台北、排班統計表20260904-台中、排班統計表20260904-台北、排班統計表20260904-台北、排班統計表20260904-台北、排班統計表20260904-台中.xlsx_temp_1785806608、排班統計表20260904-台中.xlsx_temp_1785806608、排班統計表20260904-台北.xlsx_temp_1785806585、排班統計表20260904-台北.xlsx_temp_1785806587、排班統計表20260904-台中.xlsx_temp_1785794161、排班統計表20260904-台北.xlsx_temp_1785794143、排班統計表20260904-台中.xlsx、排班統計表20260904-台北.xlsx、排班統計表20260903-台中.xlsx、排班統計表20260903-台北.xlsx、排班統計表20260902-台中.xlsx_temp_1785620621、排班統計表20260902-台北.xlsx_temp_1785620597、排班統計表20260902-台中.xlsx、排班統計表20260902-台北.xlsx、排班統計表20260901-台中、排班統計表20260901-台北、排班統計表20260901-台中.xlsx_temp_1785534867、排班統計表20260901-台北.xlsx_temp_1785534848、排班統計表20260901-台中.xlsx、排班統計表20260901-台北.xlsx

STDERR:
Traceback (most recent call last):
  File "<frozen runpy>", line 198, in _run_module_as_main
  File "<frozen runpy>", line 88, in _run_code
  File "/home/runner/work/tool-system/tool-system/tools/field_management/schedule_stats.py", line 423, in <module>
    main(
  File "/home/runner/work/tool-system/tool-system/tools/field_management/schedule_stats.py", line 409, in main
    run_schedule_stats_for_area(cfg, current_area, date_key, run_type)  # ★
    ^^^^^^^^^^^^^^^^^^^^^^^^^^^^^^^^^^^^^^^^^^^^^^^^^^^^^^^^^^^^^^^^^^
  File "/home/runner/work/tool-system/tool-system/tools/field_management/schedule_stats.py", line 346, in run_schedule_stats_for_area
    file = find_file_by_possible_names(
           ^^^^^^^^^^^^^^^^^^^^^^^^^^^^
  File "/home/runner/work/tool-system/tool-system/tools/field_management/schedule_stats.py", line 212, in find_file_by_possible_names
    raise RuntimeError(
RuntimeError: 找不到來源檔案：排班統計表20260807-台北 / 排班統計表20260807-台北.xlsx / 排班統計表20260807-台北.xls；資料夾內目前檔案：排班統計表20260906-台中、排班統計表20260906-台北、排班統計表20260806-台中、排班統計表20260806-台北、排班統計表20260906-台中.xlsx_temp_1785967347、排班統計表20260806-台中.xlsx_temp_1785967330、排班統計表20260906-台北.xlsx_temp_1785967323、排班統計表20260806-台北.xlsx_temp_1785967315、排班統計表20260906-台中.xlsx、排班統計表20260806-台中.xlsx、排班統計表20260906-台北.xlsx、排班統計表20260806-台北.xlsx、排班統計表20260805-台中、排班統計表20260805-台中、排班統計表20260805-台北、排班統計表20260905-台中.xlsx、排班統計表20260805-台中.xlsx、排班統計表20260905-台北.xlsx、排班統計表20260805-台北.xlsx、排班統計表20260905-台中、排班統計表20260905-台北、排班統計表20260905-台中.xlsx_temp_1785880860、排班統計表20260905-台北.xlsx_temp_1785880841、排班統計表20260902-台中、排班統計表20260902-台中、排班統計表20260902-台北、排班統計表20260902-台北、排班統計表20260903-台中、排班統計表20260903-台中、排班統計表20260903-台北、排班統計表20260903-台北、排班統計表20260904-台中、排班統計表20260904-台北、排班統計表20260904-台北、排班統計表20260904-台北、排班統計表20260904-台中.xlsx_temp_1785806608、排班統計表20260904-台中.xlsx_temp_1785806608、排班統計表20260904-台北.xlsx_temp_1785806585、排班統計表20260904-台北.xlsx_temp_1785806587、排班統計表20260904-台中.xlsx_temp_1785794161、排班統計表20260904-台北.xlsx_temp_1785794143、排班統計表20260904-台中.xlsx、排班統計表20260904-台北.xlsx、排班統計表20260903-台中.xlsx、排班統計表20260903-台北.xlsx、排班統計表20260902-台中.xlsx_temp_1785620621、排班統計表20260902-台北.xlsx_temp_1785620597、排班統計表20260902-台中.xlsx、排班統計表20260902-台北.xlsx、排班統計表20260901-台中、排班統計表20260901-台北、排班統計表20260901-台中.xlsx_temp_1785534867、排班統計表20260901-台北.xlsx_temp_1785534848、排班統計表20260901-台中.xlsx、排班統計表20260901-台北.xlsx

