[config] spreadsheet_id='1nNAXy6rvBnGR8ACnqKKzKNA4-UwZtZp47i806EPmR_8'
2026-08-07 01:29:07 [INFO] 目標試算表 ID 來源：主控試算表系統設定
2026-08-07 01:29:07 [INFO] === 客服排程系統 run_id=dbdd392f step=1 台北時間=2026-08-07 09:29:06 ===
2026-08-07 01:29:07 [INFO] file_cache is only supported with oauth2client<4.0.0
2026-08-07 01:29:15 [INFO] --- Step1_更新排班統計表 ---
2026-08-07 01:29:18 [INFO] file_cache is only supported with oauth2client<4.0.0
2026-08-07 01:29:18 [INFO] Drive 資料夾找到 55 個檔案
2026-08-07 01:29:18 [INFO]   找到檔案：排班統計表20260906-台中 (application/vnd.google-apps.spreadsheet)
2026-08-07 01:29:18 [INFO]   找到檔案：排班統計表20260906-台北 (application/vnd.google-apps.spreadsheet)
2026-08-07 01:29:18 [INFO]   找到檔案：排班統計表20260806-台中 (application/vnd.google-apps.spreadsheet)
2026-08-07 01:29:18 [INFO]   找到檔案：排班統計表20260806-台北 (application/vnd.google-apps.spreadsheet)
2026-08-07 01:29:18 [INFO]   找到檔案：排班統計表20260906-台中.xlsx_temp_1785967347 (application/vnd.google-apps.spreadsheet)
2026-08-07 01:29:18 [INFO]   找到檔案：排班統計表20260806-台中.xlsx_temp_1785967330 (application/vnd.google-apps.spreadsheet)
2026-08-07 01:29:18 [INFO]   找到檔案：排班統計表20260906-台北.xlsx_temp_1785967323 (application/vnd.google-apps.spreadsheet)
2026-08-07 01:29:18 [INFO]   找到檔案：排班統計表20260806-台北.xlsx_temp_1785967315 (application/vnd.google-apps.spreadsheet)
2026-08-07 01:29:18 [INFO]   找到檔案：排班統計表20260906-台中.xlsx (application/vnd.openxmlformats-officedocument.spreadsheetml.sheet)
2026-08-07 01:29:18 [INFO]   找到檔案：排班統計表20260806-台中.xlsx (application/vnd.openxmlformats-officedocument.spreadsheetml.sheet)
2026-08-07 01:29:18 [INFO]   找到檔案：排班統計表20260906-台北.xlsx (application/vnd.openxmlformats-officedocument.spreadsheetml.sheet)
2026-08-07 01:29:18 [INFO]   找到檔案：排班統計表20260806-台北.xlsx (application/vnd.openxmlformats-officedocument.spreadsheetml.sheet)
2026-08-07 01:29:18 [INFO]   找到檔案：排班統計表20260805-台中 (application/vnd.google-apps.spreadsheet)
2026-08-07 01:29:18 [INFO]   找到檔案：排班統計表20260805-台中 (application/vnd.google-apps.spreadsheet)
2026-08-07 01:29:18 [INFO]   找到檔案：排班統計表20260805-台北 (application/vnd.google-apps.spreadsheet)
2026-08-07 01:29:18 [INFO]   找到檔案：排班統計表20260905-台中.xlsx (application/vnd.openxmlformats-officedocument.spreadsheetml.sheet)
2026-08-07 01:29:18 [INFO]   找到檔案：排班統計表20260805-台中.xlsx (application/vnd.openxmlformats-officedocument.spreadsheetml.sheet)
2026-08-07 01:29:18 [INFO]   找到檔案：排班統計表20260905-台北.xlsx (application/vnd.openxmlformats-officedocument.spreadsheetml.sheet)
2026-08-07 01:29:18 [INFO]   找到檔案：排班統計表20260805-台北.xlsx (application/vnd.openxmlformats-officedocument.spreadsheetml.sheet)
2026-08-07 01:29:18 [INFO]   找到檔案：排班統計表20260905-台中 (application/vnd.google-apps.spreadsheet)
2026-08-07 01:29:18 [INFO]   找到檔案：排班統計表20260905-台北 (application/vnd.google-apps.spreadsheet)
2026-08-07 01:29:18 [INFO]   找到檔案：排班統計表20260905-台中.xlsx_temp_1785880860 (application/vnd.google-apps.spreadsheet)
2026-08-07 01:29:18 [INFO]   找到檔案：排班統計表20260905-台北.xlsx_temp_1785880841 (application/vnd.google-apps.spreadsheet)
2026-08-07 01:29:18 [INFO]   找到檔案：排班統計表20260902-台中 (application/vnd.google-apps.spreadsheet)
2026-08-07 01:29:18 [INFO]   找到檔案：排班統計表20260902-台中 (application/vnd.google-apps.spreadsheet)
2026-08-07 01:29:18 [INFO]   找到檔案：排班統計表20260902-台北 (application/vnd.google-apps.spreadsheet)
2026-08-07 01:29:18 [INFO]   找到檔案：排班統計表20260902-台北 (application/vnd.google-apps.spreadsheet)
2026-08-07 01:29:18 [INFO]   找到檔案：排班統計表20260903-台中 (application/vnd.google-apps.spreadsheet)
2026-08-07 01:29:18 [INFO]   找到檔案：排班統計表20260903-台中 (application/vnd.google-apps.spreadsheet)
2026-08-07 01:29:18 [INFO]   找到檔案：排班統計表20260903-台北 (application/vnd.google-apps.spreadsheet)
2026-08-07 01:29:18 [INFO]   找到檔案：排班統計表20260903-台北 (application/vnd.google-apps.spreadsheet)
2026-08-07 01:29:18 [INFO]   找到檔案：排班統計表20260904-台中 (application/vnd.google-apps.spreadsheet)
2026-08-07 01:29:18 [INFO]   找到檔案：排班統計表20260904-台北 (application/vnd.google-apps.spreadsheet)
2026-08-07 01:29:18 [INFO]   找到檔案：排班統計表20260904-台北 (application/vnd.google-apps.spreadsheet)
2026-08-07 01:29:18 [INFO]   找到檔案：排班統計表20260904-台北 (application/vnd.google-apps.spreadsheet)
2026-08-07 01:29:18 [INFO]   找到檔案：排班統計表20260904-台中.xlsx_temp_1785806608 (application/vnd.google-apps.spreadsheet)
2026-08-07 01:29:18 [INFO]   找到檔案：排班統計表20260904-台中.xlsx_temp_1785806608 (application/vnd.google-apps.spreadsheet)
2026-08-07 01:29:18 [INFO]   找到檔案：排班統計表20260904-台北.xlsx_temp_1785806585 (application/vnd.google-apps.spreadsheet)
2026-08-07 01:29:18 [INFO]   找到檔案：排班統計表20260904-台北.xlsx_temp_1785806587 (application/vnd.google-apps.spreadsheet)
2026-08-07 01:29:18 [INFO]   找到檔案：排班統計表20260904-台中.xlsx_temp_1785794161 (application/vnd.google-apps.spreadsheet)
2026-08-07 01:29:18 [INFO]   找到檔案：排班統計表20260904-台北.xlsx_temp_1785794143 (application/vnd.google-apps.spreadsheet)
2026-08-07 01:29:18 [INFO]   找到檔案：排班統計表20260904-台中.xlsx (application/vnd.openxmlformats-officedocument.spreadsheetml.sheet)
2026-08-07 01:29:18 [INFO]   找到檔案：排班統計表20260904-台北.xlsx (application/vnd.openxmlformats-officedocument.spreadsheetml.sheet)
2026-08-07 01:29:18 [INFO]   找到檔案：排班統計表20260903-台中.xlsx (application/vnd.openxmlformats-officedocument.spreadsheetml.sheet)
2026-08-07 01:29:18 [INFO]   找到檔案：排班統計表20260903-台北.xlsx (application/vnd.openxmlformats-officedocument.spreadsheetml.sheet)
2026-08-07 01:29:18 [INFO]   找到檔案：排班統計表20260902-台中.xlsx_temp_1785620621 (application/vnd.google-apps.spreadsheet)
2026-08-07 01:29:18 [INFO]   找到檔案：排班統計表20260902-台北.xlsx_temp_1785620597 (application/vnd.google-apps.spreadsheet)
2026-08-07 01:29:18 [INFO]   找到檔案：排班統計表20260902-台中.xlsx (application/vnd.openxmlformats-officedocument.spreadsheetml.sheet)
2026-08-07 01:29:18 [INFO]   找到檔案：排班統計表20260902-台北.xlsx (application/vnd.openxmlformats-officedocument.spreadsheetml.sheet)
2026-08-07 01:29:18 [INFO]   找到檔案：排班統計表20260901-台中 (application/vnd.google-apps.spreadsheet)
2026-08-07 01:29:18 [INFO]   找到檔案：排班統計表20260901-台北 (application/vnd.google-apps.spreadsheet)
2026-08-07 01:29:18 [INFO]   找到檔案：排班統計表20260901-台中.xlsx_temp_1785534867 (application/vnd.google-apps.spreadsheet)
2026-08-07 01:29:18 [INFO]   找到檔案：排班統計表20260901-台北.xlsx_temp_1785534848 (application/vnd.google-apps.spreadsheet)
2026-08-07 01:29:18 [INFO]   找到檔案：排班統計表20260901-台中.xlsx (application/vnd.openxmlformats-officedocument.spreadsheetml.sheet)
2026-08-07 01:29:18 [INFO]   找到檔案：排班統計表20260901-台北.xlsx (application/vnd.openxmlformats-officedocument.spreadsheetml.sheet)
2026-08-07 01:29:20 [ERROR] Step 1 失敗：找不到 202608 起、日號 07 的完整台北／台中排班檔配對
2026-08-07 01:29:22 [ERROR] 執行結束（有失敗）：['Step 1: 找不到 202608 起、日號 07 的完整台北／台中排班檔配對']
