📋 log_spreadsheet_id 已從設定檔載入
📝 外場排程打卡：外場排班統計表 / running
Command: /opt/hostedtoolcache/Python/3.11.16/x64/bin/python -u -m tools.field_management.schedule_stats --date 20260915 --system-name 外場排程系統 --run-type 排程
[2026-09-15 08:05:22] 開始處理排班統計表：20260915排班統計表-台北
🔄 Jenny OAuth 已將來源 Excel 轉成暫存 Google Sheet：1m_VAYl5NpkHAxGGgdd17hUSAk_UiNVTxEDrVjFgsP_w
🗑️ 已刪除來源暫存 Google Sheet：1m_VAYl5NpkHAxGGgdd17hUSAk_UiNVTxEDrVjFgsP_w
[2026-09-15 08:05:27] 完成：20260915排班統計表-台北.xlsx → 2026排班統計表!DJ4 / rows=79
[2026-09-15 08:05:30] 開始處理排班統計表：20261015排班統計表-台北
🔄 Jenny OAuth 已將來源 Excel 轉成暫存 Google Sheet：1okFVH-aydBJBtGzHE4qcL66h6Pxft-1kJnIeUw_VAJg
🗑️ 已刪除來源暫存 Google Sheet：1okFVH-aydBJBtGzHE4qcL66h6Pxft-1kJnIeUw_VAJg
[2026-09-15 08:05:34] 完成：20261015排班統計表-台北.xlsx → 2026排班統計表!DV4 / rows=63
[2026-09-15 08:05:36] 開始處理排班統計表：20260915排班統計表-台中
🔄 Jenny OAuth 已將來源 Excel 轉成暫存 Google Sheet：1Ba7FVkLV5qUb7KPo4C0iqgEgXKP3HoWuZcQrr1NMkoM
🗑️ 已刪除來源暫存 Google Sheet：1Ba7FVkLV5qUb7KPo4C0iqgEgXKP3HoWuZcQrr1NMkoM
[2026-09-15 08:05:40] 完成：20260915排班統計表-台中.xlsx → 2026排班統計表!DJ4 / rows=13
[2026-09-15 08:05:42] 開始處理排班統計表：20261015排班統計表-台中
🔄 Jenny OAuth 已將來源 Excel 轉成暫存 Google Sheet：1IF7IROtabISPrJ0tyi0zvgGnVB8gVAngNO4SD0eGrG8
🗑️ 已刪除來源暫存 Google Sheet：1IF7IROtabISPrJ0tyi0zvgGnVB8gVAngNO4SD0eGrG8
[2026-09-15 08:05:46] 完成：20261015排班統計表-台中.xlsx → 2026排班統計表!DV4 / rows=9
[2026-09-15 08:05:47] schedule_stats.py 全部完成

📝 外場排程打卡：外場排班統計表 / success
field_management scheduler 全部完成
