開始執行：排班統計表
⚠️ 一鍵日排程 secrets TOML 注入失敗：No secrets found. Valid paths for a secrets.toml file or secret directories are: /home/runner/.streamlit/secrets.toml, /home/runner/work/tool-system/tool-system/.streamlit/secrets.toml
⚠️ 一鍵日排程 secrets env 注入失敗：No secrets found. Valid paths for a secrets.toml file or secret directories are: /home/runner/.streamlit/secrets.toml, /home/runner/work/tool-system/tool-system/.streamlit/secrets.toml
OAuth env ready = True
OAuth bootstrap forced = True
Command: Python bootstrap -> /home/runner/work/tool-system/tool-system/tools/scheduled_daily/schedule_report.py
[2026-09-15 04:41:54] ====================================================
[2026-09-15 04:41:54] schedule_report.py 開始執行
[2026-09-15 04:41:54] GITHUB_ACTIONS = true
[2026-09-15 04:41:54] PWD = /home/runner/work/tool-system/tool-system
[2026-09-15 04:41:54] LOCAL_OUTPUT_DIR = /Users/jenny/Library/CloudStorage/GoogleDrive-jenny@lemonclean.com.tw/.shortcut-targets-by-id/1zbu45AG1adMzz24HPdi_tLfh2Tncw_Br/排班統計表
[2026-09-15 04:41:54] LOCAL_OUTPUT_DIR exists = False
[2026-09-15 04:41:54] can_use_local_output_dir = False
[2026-09-15 04:41:54] root folder_id = 11O6eKHQ1e3Irqps7Kq1XJOSVVge3pCAc
[2026-09-15 04:41:54] ====================================================
[2026-09-15 04:41:54] Google Drive 初始化成功
[2026-09-15 04:41:55] 📁 使用既有資料夾：排班統計表
[2026-09-15 04:41:55] this_month = 2026-09
[2026-09-15 04:41:55] next_month = 2026-10
[2026-09-15 04:41:55] today_stamp = 20260915
[2026-09-15 04:41:55] next_month_stamp = 20261015
[2026-09-15 04:41:55] 排班統計表 folder_id = 18XDXdrCSsLYwSzz1Da9pQh-jGm2h2Ed8
[2026-09-15 04:41:55] 帳號數量 = 2
[2026-09-15 04:41:55] 
[2026-09-15 04:41:55] === 開始處理 台北 ===
[2026-09-15 04:41:55] 開始登入：jenny@lemonclean.com.tw
[2026-09-15 04:41:57] 登入成功：jenny@lemonclean.com.tw
[2026-09-15 04:41:57] 開始下載：month=2026-09 / filename=20260915排班統計表-台北.xlsx
[2026-09-15 04:41:59] ✅ 已下載到暫存：/tmp/tmp3kbcon24/20260915排班統計表-台北.xlsx
[2026-09-15 04:41:59] 📦 檔案大小：17920 bytes
[2026-09-15 04:41:59] 📂 暫存目錄存在：True
[2026-09-15 04:41:59] 📄 暫存檔案存在：True
[2026-09-15 04:41:59] 目前不是 Jenny 本機環境，略過本機存檔
[2026-09-15 04:41:59] Google Drive 初始化成功
[2026-09-15 04:41:59] 準備上傳到 Google Drive：20260915排班統計表-台北.xlsx
[2026-09-15 04:42:01] ♻️ 已覆蓋舊檔：20260915排班統計表-台北.xlsx (file_id=1NDtIMY2C1WSpb8HpA_Zn2Am0LJ5SH4QP) https://docs.google.com/spreadsheets/d/1NDtIMY2C1WSpb8HpA_Zn2Am0LJ5SH4QP/edit?usp=drivesdk&ouid=101667783075862487943&rtpof=true&sd=true
[2026-09-15 04:42:01] ✅ 完成處理：20260915排班統計表-台北.xlsx
[2026-09-15 04:42:01] 開始下載：month=2026-10 / filename=20261015排班統計表-台北.xlsx
[2026-09-15 04:42:02] ✅ 已下載到暫存：/tmp/tmply_wk6cq/20261015排班統計表-台北.xlsx
[2026-09-15 04:42:02] 📦 檔案大小：15360 bytes
[2026-09-15 04:42:02] 📂 暫存目錄存在：True
[2026-09-15 04:42:02] 📄 暫存檔案存在：True
[2026-09-15 04:42:02] 目前不是 Jenny 本機環境，略過本機存檔
[2026-09-15 04:42:02] Google Drive 初始化成功
[2026-09-15 04:42:02] 準備上傳到 Google Drive：20261015排班統計表-台北.xlsx
[2026-09-15 04:42:05] ♻️ 已覆蓋舊檔：20261015排班統計表-台北.xlsx (file_id=17UL8D4cWpCtk6q6WbImTBRbx71bKrMDt) https://docs.google.com/spreadsheets/d/17UL8D4cWpCtk6q6WbImTBRbx71bKrMDt/edit?usp=drivesdk&ouid=101667783075862487943&rtpof=true&sd=true
[2026-09-15 04:42:05] ✅ 完成處理：20261015排班統計表-台北.xlsx
[2026-09-15 04:42:05] ✅ 台北 全部完成
[2026-09-15 04:42:05] 
[2026-09-15 04:42:05] === 開始處理 台中 ===
[2026-09-15 04:42:05] 開始登入：jenny.tc@lemonclean.com.tw
[2026-09-15 04:42:06] 登入成功：jenny.tc@lemonclean.com.tw
[2026-09-15 04:42:06] 開始下載：month=2026-09 / filename=20260915排班統計表-台中.xlsx
[2026-09-15 04:42:06] ✅ 已下載到暫存：/tmp/tmp1a8fjo7m/20260915排班統計表-台中.xlsx
[2026-09-15 04:42:06] 📦 檔案大小：6144 bytes
[2026-09-15 04:42:06] 📂 暫存目錄存在：True
[2026-09-15 04:42:06] 📄 暫存檔案存在：True
[2026-09-15 04:42:06] 目前不是 Jenny 本機環境，略過本機存檔
[2026-09-15 04:42:06] Google Drive 初始化成功
[2026-09-15 04:42:06] 準備上傳到 Google Drive：20260915排班統計表-台中.xlsx
[2026-09-15 04:42:09] ♻️ 已覆蓋舊檔：20260915排班統計表-台中.xlsx (file_id=1SDSJIzB26JDajFTK5zTLGfu-zY-MUR54) https://docs.google.com/spreadsheets/d/1SDSJIzB26JDajFTK5zTLGfu-zY-MUR54/edit?usp=drivesdk&ouid=101667783075862487943&rtpof=true&sd=true
[2026-09-15 04:42:09] ✅ 完成處理：20260915排班統計表-台中.xlsx
[2026-09-15 04:42:09] 開始下載：month=2026-10 / filename=20261015排班統計表-台中.xlsx
[2026-09-15 04:42:09] ✅ 已下載到暫存：/tmp/tmpk5wu7cxm/20261015排班統計表-台中.xlsx
[2026-09-15 04:42:09] 📦 檔案大小：5632 bytes
[2026-09-15 04:42:09] 📂 暫存目錄存在：True
[2026-09-15 04:42:09] 📄 暫存檔案存在：True
[2026-09-15 04:42:09] 目前不是 Jenny 本機環境，略過本機存檔
[2026-09-15 04:42:09] Google Drive 初始化成功
[2026-09-15 04:42:09] 準備上傳到 Google Drive：20261015排班統計表-台中.xlsx
[2026-09-15 04:42:11] ♻️ 已覆蓋舊檔：20261015排班統計表-台中.xlsx (file_id=1eumsklFD-1RBGBTRzCqLkRxsZ_uvOM6d) https://docs.google.com/spreadsheets/d/1eumsklFD-1RBGBTRzCqLkRxsZ_uvOM6d/edit?usp=drivesdk&ouid=101667783075862487943&rtpof=true&sd=true
[2026-09-15 04:42:11] ✅ 完成處理：20261015排班統計表-台中.xlsx
[2026-09-15 04:42:11] ✅ 台中 全部完成
[2026-09-15 04:42:11] 🎉 schedule_report.py 全部完成

完成執行：排班統計表
scheduled_daily scheduler 全部完成
