開始執行：專員個資
⚠️ 一鍵日排程 secrets TOML 注入失敗：No secrets found. Valid paths for a secrets.toml file or secret directories are: /home/runner/.streamlit/secrets.toml, /home/runner/work/tool-system/tool-system/.streamlit/secrets.toml
⚠️ 一鍵日排程 secrets env 注入失敗：No secrets found. Valid paths for a secrets.toml file or secret directories are: /home/runner/.streamlit/secrets.toml, /home/runner/work/tool-system/tool-system/.streamlit/secrets.toml
OAuth env ready = True
OAuth bootstrap forced = True
Command: Python bootstrap -> /home/runner/work/tool-system/tool-system/tools/scheduled_daily/staff_info.py
[2026-09-15 04:59:50] ====================================================
[2026-09-15 04:59:50] staff_info.py 開始執行
[2026-09-15 04:59:50] GITHUB_ACTIONS = true
[2026-09-15 04:59:50] PWD = /home/runner/work/tool-system/tool-system
[2026-09-15 04:59:50] LOCAL_OUTPUT_DIR = /Users/jenny/Library/CloudStorage/GoogleDrive-jenny@lemonclean.com.tw/我的雲端硬碟/lemon_Jenny/Jenny@lemon程式/專員個資
[2026-09-15 04:59:50] LOCAL_OUTPUT_DIR exists = False
[2026-09-15 04:59:50] can_use_local_output_dir = False
[2026-09-15 04:59:50] root folder_id = 11O6eKHQ1e3Irqps7Kq1XJOSVVge3pCAc
[2026-09-15 04:59:50] ====================================================
[2026-09-15 04:59:50] Google Drive 初始化成功
[2026-09-15 04:59:51] 📁 使用既有資料夾：專員個資
[2026-09-15 04:59:51] today_stamp = 20260915
[2026-09-15 04:59:51] 專員個資 folder_id = 1v1Er8oC3BEAWHbBrDq3SUpjEDwHIuK0f
[2026-09-15 04:59:51] 帳號數量 = 2
[2026-09-15 04:59:51] 
[2026-09-15 04:59:51] === 開始處理 台北 ===
[2026-09-15 04:59:51] 開始登入：jenny@lemonclean.com.tw
[2026-09-15 04:59:53] 登入成功：jenny@lemonclean.com.tw
[2026-09-15 04:59:53] 開始下載：city=台北 / filename=20260915專員個資-台北.xlsx
[2026-09-15 04:59:56] ✅ 已下載到暫存：/tmp/tmpnsc9oyn3/20260915專員個資-台北.xlsx
[2026-09-15 04:59:56] 📦 檔案大小：228352 bytes
[2026-09-15 04:59:56] 📂 暫存目錄存在：True
[2026-09-15 04:59:56] 📄 暫存檔案存在：True
[2026-09-15 04:59:56] 目前不是 Jenny 本機環境，略過本機存檔
[2026-09-15 04:59:56] Google Drive 初始化成功
[2026-09-15 04:59:56] 準備上傳到 Google Drive：20260915專員個資-台北.xlsx
[2026-09-15 04:59:59] ♻️ 已覆蓋舊檔：20260915專員個資-台北.xlsx (file_id=1eHtQoIxKPAQeyNwmIVJQ75FpfdaY4NUa) https://docs.google.com/spreadsheets/d/1eHtQoIxKPAQeyNwmIVJQ75FpfdaY4NUa/edit?usp=drivesdk&ouid=101667783075862487943&rtpof=true&sd=true
[2026-09-15 04:59:59] ✅ 完成處理：20260915專員個資-台北.xlsx
[2026-09-15 04:59:59] ✅ 台北 全部完成
[2026-09-15 04:59:59] 
[2026-09-15 04:59:59] === 開始處理 台中 ===
[2026-09-15 04:59:59] 開始登入：jenny.tc@lemonclean.com.tw
[2026-09-15 05:00:00] 登入成功：jenny.tc@lemonclean.com.tw
[2026-09-15 05:00:00] 開始下載：city=台中 / filename=20260915專員個資-台中.xlsx
[2026-09-15 05:00:00] ✅ 已下載到暫存：/tmp/tmpkead49ye/20260915專員個資-台中.xlsx
[2026-09-15 05:00:00] 📦 檔案大小：59904 bytes
[2026-09-15 05:00:00] 📂 暫存目錄存在：True
[2026-09-15 05:00:00] 📄 暫存檔案存在：True
[2026-09-15 05:00:00] 目前不是 Jenny 本機環境，略過本機存檔
[2026-09-15 05:00:00] Google Drive 初始化成功
[2026-09-15 05:00:00] 準備上傳到 Google Drive：20260915專員個資-台中.xlsx
[2026-09-15 05:00:05] ♻️ 已覆蓋舊檔：20260915專員個資-台中.xlsx (file_id=1C8Yly4ig8hb1jpbTkmjx2CdrPgrrTgIi) https://docs.google.com/spreadsheets/d/1C8Yly4ig8hb1jpbTkmjx2CdrPgrrTgIi/edit?usp=drivesdk&ouid=101667783075862487943&rtpof=true&sd=true
[2026-09-15 05:00:05] ✅ 完成處理：20260915專員個資-台中.xlsx
[2026-09-15 05:00:05] ✅ 台中 全部完成
[2026-09-15 05:00:05] 🎉 staff_info.py 全部完成

完成執行：專員個資
scheduled_daily scheduler 全部完成
