📋 log_spreadsheet_id 已從設定檔載入
📝 外場排程打卡：外場專員個資 / running
Command: /opt/hostedtoolcache/Python/3.11.16/x64/bin/python -u -m tools.field_management.staff_profile --date 20260903 --system-name 外場排程系統 --run-type 排程
[2026-09-03 07:43:32] 開始處理專員個資：20260903專員個資-台北
🔄 Jenny OAuth 已將來源 Excel 轉成暫存 Google Sheet：1uXvFKRcB2aO6bYODMw_BfHpKPuHL9tpA3dyYVyEXSv0
🗑️ 已刪除來源暫存 Google Sheet：1uXvFKRcB2aO6bYODMw_BfHpKPuHL9tpA3dyYVyEXSv0
[2026-09-03 07:43:37] 完成專員個資：20260903專員個資-台北.xlsx → 專員個人資料!A4:C / rows=99
[2026-09-03 07:43:39] 開始處理訂單截取：20260903訂單-台北
🔄 Jenny OAuth 已將來源 Excel 轉成暫存 Google Sheet：1HrRG_ne8nihimOrkWc0MecZP3hytTbyE2G5Rwiq2qgI
🗑️ 已刪除來源暫存 Google Sheet：1HrRG_ne8nihimOrkWc0MecZP3hytTbyE2G5Rwiq2qgI
[2026-09-03 07:43:46] 完成訂單截取：20260903訂單-台北.xls → 專員個人資料!G1:N / rows=514
[2026-09-03 07:43:48] 開始處理專員個資：20260903專員個資-台中
🔄 Jenny OAuth 已將來源 Excel 轉成暫存 Google Sheet：1yBP5qRDnjy0nxdOEQ1MFwiWwcqM0XFGKZQtLDO6SLeQ
🗑️ 已刪除來源暫存 Google Sheet：1yBP5qRDnjy0nxdOEQ1MFwiWwcqM0XFGKZQtLDO6SLeQ
[2026-09-03 07:43:52] 完成專員個資：20260903專員個資-台中.xlsx → 專員個人資料!A4:C / rows=17
[2026-09-03 07:43:54] 開始處理訂單截取：20260903訂單-台中
🔄 Jenny OAuth 已將來源 Excel 轉成暫存 Google Sheet：1634cvKhIUwyAzTWRPYjAu24Ve_JAjSk21iSHWlbcPM0
🗑️ 已刪除來源暫存 Google Sheet：1634cvKhIUwyAzTWRPYjAu24Ve_JAjSk21iSHWlbcPM0
[2026-09-03 07:43:59] 完成訂單截取：20260903訂單-台中.xls → 專員個人資料!G1:N / rows=43
[2026-09-03 07:44:00] staff_profile.py 全部完成

📝 外場排程打卡：外場專員個資 / success
field_management scheduler 全部完成
