開始執行：排班統計表
⚠️ 一鍵日排程 secrets TOML 注入失敗：No secrets found. Valid paths for a secrets.toml file or secret directories are: /home/runner/.streamlit/secrets.toml, /home/runner/work/tool-system/tool-system/.streamlit/secrets.toml
⚠️ 一鍵日排程 secrets env 注入失敗：No secrets found. Valid paths for a secrets.toml file or secret directories are: /home/runner/.streamlit/secrets.toml, /home/runner/work/tool-system/tool-system/.streamlit/secrets.toml
OAuth env ready = True
OAuth bootstrap forced = True
Command: Python bootstrap -> /home/runner/work/tool-system/tool-system/tools/scheduled_daily/schedule_report.py
[2026-09-03 03:34:19] ====================================================
[2026-09-03 03:34:19] schedule_report.py 開始執行
[2026-09-03 03:34:19] GITHUB_ACTIONS = true
[2026-09-03 03:34:19] PWD = /home/runner/work/tool-system/tool-system
[2026-09-03 03:34:19] LOCAL_OUTPUT_DIR = /Users/jenny/Library/CloudStorage/GoogleDrive-jenny@lemonclean.com.tw/.shortcut-targets-by-id/1zbu45AG1adMzz24HPdi_tLfh2Tncw_Br/排班統計表
[2026-09-03 03:34:19] LOCAL_OUTPUT_DIR exists = False
[2026-09-03 03:34:19] can_use_local_output_dir = False
[2026-09-03 03:34:19] root folder_id = 11O6eKHQ1e3Irqps7Kq1XJOSVVge3pCAc
[2026-09-03 03:34:19] ====================================================
[2026-09-03 03:34:19] Google Drive 初始化成功
[2026-09-03 03:34:20] 📁 使用既有資料夾：排班統計表
[2026-09-03 03:34:20] this_month = 2026-09
[2026-09-03 03:34:20] next_month = 2026-10
[2026-09-03 03:34:20] today_stamp = 20260903
[2026-09-03 03:34:20] next_month_stamp = 20261003
[2026-09-03 03:34:20] 排班統計表 folder_id = 18XDXdrCSsLYwSzz1Da9pQh-jGm2h2Ed8
[2026-09-03 03:34:20] 帳號數量 = 2
[2026-09-03 03:34:20] 
[2026-09-03 03:34:20] === 開始處理 台北 ===
[2026-09-03 03:34:20] 開始登入：jenny@lemonclean.com.tw
[2026-09-03 03:34:22] 登入成功：jenny@lemonclean.com.tw
[2026-09-03 03:34:22] 開始下載：month=2026-09 / filename=20260903排班統計表-台北.xlsx
[2026-09-03 03:34:23] ✅ 已下載到暫存：/tmp/tmp_zfdeou7/20260903排班統計表-台北.xlsx
[2026-09-03 03:34:23] 📦 檔案大小：16896 bytes
[2026-09-03 03:34:23] 📂 暫存目錄存在：True
[2026-09-03 03:34:23] 📄 暫存檔案存在：True
[2026-09-03 03:34:23] 目前不是 Jenny 本機環境，略過本機存檔
[2026-09-03 03:34:23] Google Drive 初始化成功
[2026-09-03 03:34:23] 準備上傳到 Google Drive：20260903排班統計表-台北.xlsx
[2026-09-03 03:34:25] ☁️ 已上傳新檔：20260903排班統計表-台北.xlsx (file_id=1OgAEZx78EUBlHrnx6NDNRjBnr0YTRja9) https://docs.google.com/spreadsheets/d/1OgAEZx78EUBlHrnx6NDNRjBnr0YTRja9/edit?usp=drivesdk&ouid=101667783075862487943&rtpof=true&sd=true
[2026-09-03 03:34:25] ✅ 完成處理：20260903排班統計表-台北.xlsx
[2026-09-03 03:34:25] 開始下載：month=2026-10 / filename=20261003排班統計表-台北.xlsx
[2026-09-03 03:34:26] ✅ 已下載到暫存：/tmp/tmpwo7bzz8s/20261003排班統計表-台北.xlsx
[2026-09-03 03:34:26] 📦 檔案大小：8704 bytes
[2026-09-03 03:34:26] 📂 暫存目錄存在：True
[2026-09-03 03:34:26] 📄 暫存檔案存在：True
[2026-09-03 03:34:26] 目前不是 Jenny 本機環境，略過本機存檔
[2026-09-03 03:34:26] Google Drive 初始化成功
[2026-09-03 03:34:26] 準備上傳到 Google Drive：20261003排班統計表-台北.xlsx
[2026-09-03 03:34:27] ☁️ 已上傳新檔：20261003排班統計表-台北.xlsx (file_id=18KqVZoVY6slKnU0lAWCPmK5TU15mBPSL) https://docs.google.com/spreadsheets/d/18KqVZoVY6slKnU0lAWCPmK5TU15mBPSL/edit?usp=drivesdk&ouid=101667783075862487943&rtpof=true&sd=true
[2026-09-03 03:34:27] ✅ 完成處理：20261003排班統計表-台北.xlsx
[2026-09-03 03:34:27] ✅ 台北 全部完成
[2026-09-03 03:34:27] 
[2026-09-03 03:34:27] === 開始處理 台中 ===
[2026-09-03 03:34:27] 開始登入：jenny.tc@lemonclean.com.tw
[2026-09-03 03:34:29] 登入成功：jenny.tc@lemonclean.com.tw
[2026-09-03 03:34:29] 開始下載：month=2026-09 / filename=20260903排班統計表-台中.xlsx
[2026-09-03 03:34:29] ✅ 已下載到暫存：/tmp/tmp7mgz1hit/20260903排班統計表-台中.xlsx
[2026-09-03 03:34:29] 📦 檔案大小：6144 bytes
[2026-09-03 03:34:29] 📂 暫存目錄存在：True
[2026-09-03 03:34:29] 📄 暫存檔案存在：True
[2026-09-03 03:34:29] 目前不是 Jenny 本機環境，略過本機存檔
[2026-09-03 03:34:29] Google Drive 初始化成功
[2026-09-03 03:34:29] 準備上傳到 Google Drive：20260903排班統計表-台中.xlsx
[2026-09-03 03:34:31] ☁️ 已上傳新檔：20260903排班統計表-台中.xlsx (file_id=1QfAso08fMF1uJV_HXdZ3pxADW3YWTC5w) https://docs.google.com/spreadsheets/d/1QfAso08fMF1uJV_HXdZ3pxADW3YWTC5w/edit?usp=drivesdk&ouid=101667783075862487943&rtpof=true&sd=true
[2026-09-03 03:34:31] ✅ 完成處理：20260903排班統計表-台中.xlsx
[2026-09-03 03:34:31] 開始下載：month=2026-10 / filename=20261003排班統計表-台中.xlsx
[2026-09-03 03:34:31] ✅ 已下載到暫存：/tmp/tmpq1blum6g/20261003排班統計表-台中.xlsx
[2026-09-03 03:34:31] 📦 檔案大小：4608 bytes
[2026-09-03 03:34:31] 📂 暫存目錄存在：True
[2026-09-03 03:34:31] 📄 暫存檔案存在：True
[2026-09-03 03:34:31] 目前不是 Jenny 本機環境，略過本機存檔
[2026-09-03 03:34:31] Google Drive 初始化成功
[2026-09-03 03:34:31] 準備上傳到 Google Drive：20261003排班統計表-台中.xlsx
[2026-09-03 03:34:33] ☁️ 已上傳新檔：20261003排班統計表-台中.xlsx (file_id=1B-ii4-_YlAtOF5RVBx7USc98hdAKBoen) https://docs.google.com/spreadsheets/d/1B-ii4-_YlAtOF5RVBx7USc98hdAKBoen/edit?usp=drivesdk&ouid=101667783075862487943&rtpof=true&sd=true
[2026-09-03 03:34:33] ✅ 完成處理：20261003排班統計表-台中.xlsx
[2026-09-03 03:34:33] ✅ 台中 全部完成
[2026-09-03 03:34:33] 🎉 schedule_report.py 全部完成

完成執行：排班統計表
scheduled_daily scheduler 全部完成
