開始執行：專員個資
⚠️ 一鍵日排程 secrets TOML 注入失敗：No secrets found. Valid paths for a secrets.toml file or secret directories are: /home/runner/.streamlit/secrets.toml, /home/runner/work/tool-system/tool-system/.streamlit/secrets.toml
⚠️ 一鍵日排程 secrets env 注入失敗：No secrets found. Valid paths for a secrets.toml file or secret directories are: /home/runner/.streamlit/secrets.toml, /home/runner/work/tool-system/tool-system/.streamlit/secrets.toml
OAuth env ready = True
OAuth bootstrap forced = True
Command: Python bootstrap -> /home/runner/work/tool-system/tool-system/tools/scheduled_daily/staff_info.py
[2026-09-03 03:55:42] ====================================================
[2026-09-03 03:55:42] staff_info.py 開始執行
[2026-09-03 03:55:42] GITHUB_ACTIONS = true
[2026-09-03 03:55:42] PWD = /home/runner/work/tool-system/tool-system
[2026-09-03 03:55:42] LOCAL_OUTPUT_DIR = /Users/jenny/Library/CloudStorage/GoogleDrive-jenny@lemonclean.com.tw/我的雲端硬碟/lemon_Jenny/Jenny@lemon程式/專員個資
[2026-09-03 03:55:42] LOCAL_OUTPUT_DIR exists = False
[2026-09-03 03:55:42] can_use_local_output_dir = False
[2026-09-03 03:55:42] root folder_id = 11O6eKHQ1e3Irqps7Kq1XJOSVVge3pCAc
[2026-09-03 03:55:42] ====================================================
[2026-09-03 03:55:42] Google Drive 初始化成功
[2026-09-03 03:55:42] 📁 使用既有資料夾：專員個資
[2026-09-03 03:55:42] today_stamp = 20260903
[2026-09-03 03:55:42] 專員個資 folder_id = 1v1Er8oC3BEAWHbBrDq3SUpjEDwHIuK0f
[2026-09-03 03:55:42] 帳號數量 = 2
[2026-09-03 03:55:42] 
[2026-09-03 03:55:42] === 開始處理 台北 ===
[2026-09-03 03:55:42] 開始登入：jenny@lemonclean.com.tw
[2026-09-03 03:55:44] 登入成功：jenny@lemonclean.com.tw
[2026-09-03 03:55:44] 開始下載：city=台北 / filename=20260903專員個資-台北.xlsx
[2026-09-03 03:55:46] ✅ 已下載到暫存：/tmp/tmplr2xsd37/20260903專員個資-台北.xlsx
[2026-09-03 03:55:46] 📦 檔案大小：228352 bytes
[2026-09-03 03:55:46] 📂 暫存目錄存在：True
[2026-09-03 03:55:46] 📄 暫存檔案存在：True
[2026-09-03 03:55:46] 目前不是 Jenny 本機環境，略過本機存檔
[2026-09-03 03:55:46] Google Drive 初始化成功
[2026-09-03 03:55:46] 準備上傳到 Google Drive：20260903專員個資-台北.xlsx
[2026-09-03 03:55:49] ☁️ 已上傳新檔：20260903專員個資-台北.xlsx (file_id=1C8X9AKcAu7t5N9Z-bST5FYOWsNfSrJl1) https://docs.google.com/spreadsheets/d/1C8X9AKcAu7t5N9Z-bST5FYOWsNfSrJl1/edit?usp=drivesdk&ouid=101667783075862487943&rtpof=true&sd=true
[2026-09-03 03:55:49] ✅ 完成處理：20260903專員個資-台北.xlsx
[2026-09-03 03:55:49] ✅ 台北 全部完成
[2026-09-03 03:55:49] 
[2026-09-03 03:55:49] === 開始處理 台中 ===
[2026-09-03 03:55:49] 開始登入：jenny.tc@lemonclean.com.tw
[2026-09-03 03:55:50] 登入成功：jenny.tc@lemonclean.com.tw
[2026-09-03 03:55:50] 開始下載：city=台中 / filename=20260903專員個資-台中.xlsx
[2026-09-03 03:55:50] ✅ 已下載到暫存：/tmp/tmp7_pnzmen/20260903專員個資-台中.xlsx
[2026-09-03 03:55:50] 📦 檔案大小：59904 bytes
[2026-09-03 03:55:50] 📂 暫存目錄存在：True
[2026-09-03 03:55:50] 📄 暫存檔案存在：True
[2026-09-03 03:55:50] 目前不是 Jenny 本機環境，略過本機存檔
[2026-09-03 03:55:50] Google Drive 初始化成功
[2026-09-03 03:55:50] 準備上傳到 Google Drive：20260903專員個資-台中.xlsx
[2026-09-03 03:55:53] ☁️ 已上傳新檔：20260903專員個資-台中.xlsx (file_id=1I21uTw-P6ZX9xfQLKoLe9F_VDxw7GRfm) https://docs.google.com/spreadsheets/d/1I21uTw-P6ZX9xfQLKoLe9F_VDxw7GRfm/edit?usp=drivesdk&ouid=101667783075862487943&rtpof=true&sd=true
[2026-09-03 03:55:53] ✅ 完成處理：20260903專員個資-台中.xlsx
[2026-09-03 03:55:53] ✅ 台中 全部完成
[2026-09-03 03:55:53] 🎉 staff_info.py 全部完成

完成執行：專員個資
scheduled_daily scheduler 全部完成
