開始執行：專員班表
⚠️ 一鍵日排程 secrets TOML 注入失敗：No secrets found. Valid paths for a secrets.toml file or secret directories are: /home/runner/.streamlit/secrets.toml, /home/runner/work/tool-system/tool-system/.streamlit/secrets.toml
⚠️ 一鍵日排程 secrets env 注入失敗：No secrets found. Valid paths for a secrets.toml file or secret directories are: /home/runner/.streamlit/secrets.toml, /home/runner/work/tool-system/tool-system/.streamlit/secrets.toml
OAuth env ready = True
OAuth bootstrap forced = True
Command: Python bootstrap -> /home/runner/work/tool-system/tool-system/tools/scheduled_daily/staff_schedule.py
[2026-09-03 03:44:50] ====================================================
[2026-09-03 03:44:50] staff_schedule.py 開始執行
[2026-09-03 03:44:50] GITHUB_ACTIONS = true
[2026-09-03 03:44:50] PWD = /home/runner/work/tool-system/tool-system
[2026-09-03 03:44:50] LOCAL_OUTPUT_DIR = /Users/jenny/Library/CloudStorage/GoogleDrive-jenny@lemonclean.com.tw/我的雲端硬碟/lemon_Jenny/Jenny@lemon程式/專員班表
[2026-09-03 03:44:50] LOCAL_OUTPUT_DIR exists = False
[2026-09-03 03:44:50] can_use_local_output_dir = False
[2026-09-03 03:44:50] root folder_id = 11O6eKHQ1e3Irqps7Kq1XJOSVVge3pCAc
[2026-09-03 03:44:50] ====================================================
[2026-09-03 03:44:50] Google Drive 初始化成功
[2026-09-03 03:44:50] 📁 使用既有資料夾：專員班表
[2026-09-03 03:44:50] this_month = 2026-09
[2026-09-03 03:44:50] next_month = 2026-10
[2026-09-03 03:44:50] this_date = 20260903
[2026-09-03 03:44:50] next_date = 20261003
[2026-09-03 03:44:50] 專員班表 folder_id = 1V2AUNsT_jzQWawmnBNU_u-e7odYviwEk
[2026-09-03 03:44:50] 帳號數量 = 2
[2026-09-03 03:44:50] 
[2026-09-03 03:44:50] === 開始處理 台北 ===
[2026-09-03 03:44:50] 開始登入：jenny@lemonclean.com.tw
[2026-09-03 03:44:52] 登入成功：jenny@lemonclean.com.tw
[2026-09-03 03:44:52] 開始下載：city=台北 / month=2026-09 / filename=20260903專員班表-台北.xls
[2026-09-03 03:44:55] ✅ 已下載到暫存：/tmp/tmpuzcpdk0b/20260903專員班表-台北.xls
[2026-09-03 03:44:55] 📦 檔案大小：135680 bytes
[2026-09-03 03:44:55] 📂 暫存目錄存在：True
[2026-09-03 03:44:55] 📄 暫存檔案存在：True
[2026-09-03 03:44:55] 目前不是 Jenny 本機環境，略過本機存檔
[2026-09-03 03:44:55] Google Drive 初始化成功
[2026-09-03 03:44:55] 準備上傳到 Google Drive：20260903專員班表-台北.xls
[2026-09-03 03:44:57] ☁️ 已上傳新檔：20260903專員班表-台北.xls (file_id=1NBRmpM60zR93j19msBa4gCVs2Z0ucFiF) https://docs.google.com/spreadsheets/d/1NBRmpM60zR93j19msBa4gCVs2Z0ucFiF/edit?usp=drivesdk&ouid=101667783075862487943&rtpof=true&sd=true
[2026-09-03 03:44:57] ✅ 完成處理：20260903專員班表-台北.xls
[2026-09-03 03:44:57] 開始下載：city=台北 / month=2026-10 / filename=20261003專員班表-台北.xls
[2026-09-03 03:45:00] ✅ 已下載到暫存：/tmp/tmp9qatc3_b/20261003專員班表-台北.xls
[2026-09-03 03:45:00] 📦 檔案大小：51712 bytes
[2026-09-03 03:45:00] 📂 暫存目錄存在：True
[2026-09-03 03:45:00] 📄 暫存檔案存在：True
[2026-09-03 03:45:00] 目前不是 Jenny 本機環境，略過本機存檔
[2026-09-03 03:45:00] Google Drive 初始化成功
[2026-09-03 03:45:00] 準備上傳到 Google Drive：20261003專員班表-台北.xls
[2026-09-03 03:45:03] ☁️ 已上傳新檔：20261003專員班表-台北.xls (file_id=1IS1vSX0AQzVecn0xcG9SmAfeAdPQORO5) https://docs.google.com/spreadsheets/d/1IS1vSX0AQzVecn0xcG9SmAfeAdPQORO5/edit?usp=drivesdk&ouid=101667783075862487943&rtpof=true&sd=true
[2026-09-03 03:45:03] ✅ 完成處理：20261003專員班表-台北.xls
[2026-09-03 03:45:03] ✅ 台北 全部完成
[2026-09-03 03:45:03] 
[2026-09-03 03:45:03] === 開始處理 台中 ===
[2026-09-03 03:45:03] 開始登入：jenny.tc@lemonclean.com.tw
[2026-09-03 03:45:04] 登入成功：jenny.tc@lemonclean.com.tw
[2026-09-03 03:45:04] 開始下載：city=台中 / month=2026-09 / filename=20260903專員班表-台中.xls
[2026-09-03 03:45:05] ✅ 已下載到暫存：/tmp/tmpz00xc1qw/20260903專員班表-台中.xls
[2026-09-03 03:45:05] 📦 檔案大小：23552 bytes
[2026-09-03 03:45:05] 📂 暫存目錄存在：True
[2026-09-03 03:45:05] 📄 暫存檔案存在：True
[2026-09-03 03:45:05] 目前不是 Jenny 本機環境，略過本機存檔
[2026-09-03 03:45:05] Google Drive 初始化成功
[2026-09-03 03:45:05] 準備上傳到 Google Drive：20260903專員班表-台中.xls
[2026-09-03 03:45:07] ☁️ 已上傳新檔：20260903專員班表-台中.xls (file_id=1U-IV6wIGFrmCfG_fHEcbPttSexT2KiJF) https://docs.google.com/spreadsheets/d/1U-IV6wIGFrmCfG_fHEcbPttSexT2KiJF/edit?usp=drivesdk&ouid=101667783075862487943&rtpof=true&sd=true
[2026-09-03 03:45:07] ✅ 完成處理：20260903專員班表-台中.xls
[2026-09-03 03:45:07] 開始下載：city=台中 / month=2026-10 / filename=20261003專員班表-台中.xls
[2026-09-03 03:45:07] ✅ 已下載到暫存：/tmp/tmp8r5hqxq5/20261003專員班表-台中.xls
[2026-09-03 03:45:07] 📦 檔案大小：12800 bytes
[2026-09-03 03:45:07] 📂 暫存目錄存在：True
[2026-09-03 03:45:07] 📄 暫存檔案存在：True
[2026-09-03 03:45:07] 目前不是 Jenny 本機環境，略過本機存檔
[2026-09-03 03:45:07] Google Drive 初始化成功
[2026-09-03 03:45:07] 準備上傳到 Google Drive：20261003專員班表-台中.xls
[2026-09-03 03:45:10] ☁️ 已上傳新檔：20261003專員班表-台中.xls (file_id=1MIqZD49aButkNG89C9MZ8b3JghTrF3-O) https://docs.google.com/spreadsheets/d/1MIqZD49aButkNG89C9MZ8b3JghTrF3-O/edit?usp=drivesdk&ouid=101667783075862487943&rtpof=true&sd=true
[2026-09-03 03:45:10] ✅ 完成處理：20261003專員班表-台中.xls
[2026-09-03 03:45:10] ✅ 台中 全部完成
[2026-09-03 03:45:10] 🎉 staff_schedule.py 全部完成

完成執行：專員班表
scheduled_daily scheduler 全部完成
