2026-08-29 03:27:49 [INFO] === 客服排程系統 run_id=dbf9edb6 step=1 台北時間=2026-08-29 11:27:49 ===
2026-08-29 03:27:49 [INFO] 目標試算表 ID 來源：環境變數 SERVICE_TARGET_SPREADSHEET_ID
2026-08-29 03:27:49 [INFO] file_cache is only supported with oauth2client<4.0.0
2026-08-29 03:28:08 [INFO] --- Step1_更新排班統計表 ---
2026-08-29 03:28:10 [INFO] file_cache is only supported with oauth2client<4.0.0
2026-08-29 03:28:11 [INFO] Drive 資料夾找到 156 個檔案
2026-08-29 03:28:11 [INFO]   找到檔案：20260929排班統計表-台中.xlsx (application/vnd.openxmlformats-officedocument.spreadsheetml.sheet)
2026-08-29 03:28:11 [INFO]   找到檔案：20260829排班統計表-台中.xlsx (application/vnd.openxmlformats-officedocument.spreadsheetml.sheet)
2026-08-29 03:28:11 [INFO]   找到檔案：20260929排班統計表-台北.xlsx (application/vnd.openxmlformats-officedocument.spreadsheetml.sheet)
2026-08-29 03:28:11 [INFO]   找到檔案：20260829排班統計表-台北.xlsx (application/vnd.openxmlformats-officedocument.spreadsheetml.sheet)
2026-08-29 03:28:11 [INFO]   找到檔案：20260928排班統計表-台中 (application/vnd.google-apps.spreadsheet)
2026-08-29 03:28:11 [INFO]   找到檔案：20260928排班統計表-台北 (application/vnd.google-apps.spreadsheet)
2026-08-29 03:28:11 [INFO]   找到檔案：20260828排班統計表-台中 (application/vnd.google-apps.spreadsheet)
2026-08-29 03:28:11 [INFO]   找到檔案：20260828排班統計表-台北 (application/vnd.google-apps.spreadsheet)
2026-08-29 03:28:11 [INFO]   找到檔案：20260928排班統計表-台中.xlsx (application/vnd.openxmlformats-officedocument.spreadsheetml.sheet)
2026-08-29 03:28:11 [INFO]   找到檔案：20260828排班統計表-台中.xlsx (application/vnd.openxmlformats-officedocument.spreadsheetml.sheet)
2026-08-29 03:28:11 [INFO]   找到檔案：20260928排班統計表-台北.xlsx (application/vnd.openxmlformats-officedocument.spreadsheetml.sheet)
2026-08-29 03:28:11 [INFO]   找到檔案：20260828排班統計表-台北.xlsx (application/vnd.openxmlformats-officedocument.spreadsheetml.sheet)
2026-08-29 03:28:11 [INFO]   找到檔案：20260927排班統計表-台中 (application/vnd.google-apps.spreadsheet)
2026-08-29 03:28:11 [INFO]   找到檔案：20260927排班統計表-台北 (application/vnd.google-apps.spreadsheet)
2026-08-29 03:28:11 [INFO]   找到檔案：20260827排班統計表-台中 (application/vnd.google-apps.spreadsheet)
2026-08-29 03:28:11 [INFO]   找到檔案：20260827排班統計表-台北 (application/vnd.google-apps.spreadsheet)
2026-08-29 03:28:11 [INFO]   找到檔案：20260927排班統計表-台中.xlsx (application/vnd.openxmlformats-officedocument.spreadsheetml.sheet)
2026-08-29 03:28:11 [INFO]   找到檔案：20260827排班統計表-台中.xlsx (application/vnd.openxmlformats-officedocument.spreadsheetml.sheet)
2026-08-29 03:28:11 [INFO]   找到檔案：20260927排班統計表-台北.xlsx (application/vnd.openxmlformats-officedocument.spreadsheetml.sheet)
2026-08-29 03:28:11 [INFO]   找到檔案：20260827排班統計表-台北.xlsx (application/vnd.openxmlformats-officedocument.spreadsheetml.sheet)
2026-08-29 03:28:11 [INFO]   找到檔案：20260926排班統計表-台中 (application/vnd.google-apps.spreadsheet)
2026-08-29 03:28:11 [INFO]   找到檔案：20260926排班統計表-台北 (application/vnd.google-apps.spreadsheet)
2026-08-29 03:28:11 [INFO]   找到檔案：20260826排班統計表-台中 (application/vnd.google-apps.spreadsheet)
2026-08-29 03:28:11 [INFO]   找到檔案：20260826排班統計表-台北 (application/vnd.google-apps.spreadsheet)
2026-08-29 03:28:11 [INFO]   找到檔案：20260926排班統計表-台中.xlsx (application/vnd.openxmlformats-officedocument.spreadsheetml.sheet)
2026-08-29 03:28:11 [INFO]   找到檔案：20260826排班統計表-台中.xlsx (application/vnd.openxmlformats-officedocument.spreadsheetml.sheet)
2026-08-29 03:28:11 [INFO]   找到檔案：20260926排班統計表-台北.xlsx (application/vnd.openxmlformats-officedocument.spreadsheetml.sheet)
2026-08-29 03:28:11 [INFO]   找到檔案：20260826排班統計表-台北.xlsx (application/vnd.openxmlformats-officedocument.spreadsheetml.sheet)
2026-08-29 03:28:11 [INFO]   找到檔案：20260925排班統計表-台中 (application/vnd.google-apps.spreadsheet)
2026-08-29 03:28:11 [INFO]   找到檔案：20260925排班統計表-台北 (application/vnd.google-apps.spreadsheet)
2026-08-29 03:28:11 [INFO]   找到檔案：20260825排班統計表-台中 (application/vnd.google-apps.spreadsheet)
2026-08-29 03:28:11 [INFO]   找到檔案：20260825排班統計表-台北 (application/vnd.google-apps.spreadsheet)
2026-08-29 03:28:11 [INFO]   找到檔案：20260925排班統計表-台中.xlsx (application/vnd.openxmlformats-officedocument.spreadsheetml.sheet)
2026-08-29 03:28:11 [INFO]   找到檔案：20260825排班統計表-台中.xlsx (application/vnd.openxmlformats-officedocument.spreadsheetml.sheet)
2026-08-29 03:28:11 [INFO]   找到檔案：20260925排班統計表-台北.xlsx (application/vnd.openxmlformats-officedocument.spreadsheetml.sheet)
2026-08-29 03:28:11 [INFO]   找到檔案：20260825排班統計表-台北.xlsx (application/vnd.openxmlformats-officedocument.spreadsheetml.sheet)
2026-08-29 03:28:11 [INFO]   找到檔案：20260924排班統計表-台中 (application/vnd.google-apps.spreadsheet)
2026-08-29 03:28:11 [INFO]   找到檔案：20260924排班統計表-台北 (application/vnd.google-apps.spreadsheet)
2026-08-29 03:28:11 [INFO]   找到檔案：20260824排班統計表-台中 (application/vnd.google-apps.spreadsheet)
2026-08-29 03:28:11 [INFO]   找到檔案：20260824排班統計表-台北 (application/vnd.google-apps.spreadsheet)
2026-08-29 03:28:11 [INFO]   找到檔案：20260924排班統計表-台中.xlsx (application/vnd.openxmlformats-officedocument.spreadsheetml.sheet)
2026-08-29 03:28:11 [INFO]   找到檔案：20260824排班統計表-台中.xlsx (application/vnd.openxmlformats-officedocument.spreadsheetml.sheet)
2026-08-29 03:28:11 [INFO]   找到檔案：20260924排班統計表-台北.xlsx (application/vnd.openxmlformats-officedocument.spreadsheetml.sheet)
2026-08-29 03:28:11 [INFO]   找到檔案：20260824排班統計表-台北.xlsx (application/vnd.openxmlformats-officedocument.spreadsheetml.sheet)
2026-08-29 03:28:11 [INFO]   找到檔案：20260923排班統計表-台中 (application/vnd.google-apps.spreadsheet)
2026-08-29 03:28:11 [INFO]   找到檔案：20260923排班統計表-台北 (application/vnd.google-apps.spreadsheet)
2026-08-29 03:28:11 [INFO]   找到檔案：20260823排班統計表-台中 (application/vnd.google-apps.spreadsheet)
2026-08-29 03:28:11 [INFO]   找到檔案：20260823排班統計表-台北 (application/vnd.google-apps.spreadsheet)
2026-08-29 03:28:11 [INFO]   找到檔案：20260923排班統計表-台中.xlsx (application/vnd.openxmlformats-officedocument.spreadsheetml.sheet)
2026-08-29 03:28:11 [INFO]   找到檔案：20260823排班統計表-台中.xlsx (application/vnd.openxmlformats-officedocument.spreadsheetml.sheet)
2026-08-29 03:28:11 [INFO]   找到檔案：20260923排班統計表-台北.xlsx (application/vnd.openxmlformats-officedocument.spreadsheetml.sheet)
2026-08-29 03:28:11 [INFO]   找到檔案：20260823排班統計表-台北.xlsx (application/vnd.openxmlformats-officedocument.spreadsheetml.sheet)
2026-08-29 03:28:11 [INFO]   找到檔案：20260922排班統計表-台中 (application/vnd.google-apps.spreadsheet)
2026-08-29 03:28:11 [INFO]   找到檔案：20260922排班統計表-台北 (application/vnd.google-apps.spreadsheet)
2026-08-29 03:28:11 [INFO]   找到檔案：20260822排班統計表-台中 (application/vnd.google-apps.spreadsheet)
2026-08-29 03:28:11 [INFO]   找到檔案：20260822排班統計表-台北 (application/vnd.google-apps.spreadsheet)
2026-08-29 03:28:11 [INFO]   找到檔案：20260922排班統計表-台中.xlsx (application/vnd.openxmlformats-officedocument.spreadsheetml.sheet)
2026-08-29 03:28:11 [INFO]   找到檔案：20260822排班統計表-台中.xlsx (application/vnd.openxmlformats-officedocument.spreadsheetml.sheet)
2026-08-29 03:28:11 [INFO]   找到檔案：20260922排班統計表-台北.xlsx (application/vnd.openxmlformats-officedocument.spreadsheetml.sheet)
2026-08-29 03:28:11 [INFO]   找到檔案：20260822排班統計表-台北.xlsx (application/vnd.openxmlformats-officedocument.spreadsheetml.sheet)
2026-08-29 03:28:11 [INFO]   找到檔案：20260921排班統計表-台中 (application/vnd.google-apps.spreadsheet)
2026-08-29 03:28:11 [INFO]   找到檔案：20260921排班統計表-台北 (application/vnd.google-apps.spreadsheet)
2026-08-29 03:28:11 [INFO]   找到檔案：20260821排班統計表-台中 (application/vnd.google-apps.spreadsheet)
2026-08-29 03:28:11 [INFO]   找到檔案：20260821排班統計表-台北 (application/vnd.google-apps.spreadsheet)
2026-08-29 03:28:11 [INFO]   找到檔案：20260921排班統計表-台中.xlsx (application/vnd.openxmlformats-officedocument.spreadsheetml.sheet)
2026-08-29 03:28:11 [INFO]   找到檔案：20260821排班統計表-台中.xlsx (application/vnd.openxmlformats-officedocument.spreadsheetml.sheet)
2026-08-29 03:28:11 [INFO]   找到檔案：20260921排班統計表-台北.xlsx (application/vnd.openxmlformats-officedocument.spreadsheetml.sheet)
2026-08-29 03:28:11 [INFO]   找到檔案：20260821排班統計表-台北.xlsx (application/vnd.openxmlformats-officedocument.spreadsheetml.sheet)
2026-08-29 03:28:11 [INFO]   找到檔案：20260920排班統計表-台中 (application/vnd.google-apps.spreadsheet)
2026-08-29 03:28:11 [INFO]   找到檔案：20260920排班統計表-台北 (application/vnd.google-apps.spreadsheet)
2026-08-29 03:28:11 [INFO]   找到檔案：20260820排班統計表-台中 (application/vnd.google-apps.spreadsheet)
2026-08-29 03:28:11 [INFO]   找到檔案：20260820排班統計表-台北 (application/vnd.google-apps.spreadsheet)
2026-08-29 03:28:11 [INFO]   找到檔案：20260920排班統計表-台中.xlsx (application/vnd.openxmlformats-officedocument.spreadsheetml.sheet)
2026-08-29 03:28:11 [INFO]   找到檔案：20260820排班統計表-台中.xlsx (application/vnd.openxmlformats-officedocument.spreadsheetml.sheet)
2026-08-29 03:28:11 [INFO]   找到檔案：20260920排班統計表-台北.xlsx (application/vnd.openxmlformats-officedocument.spreadsheetml.sheet)
2026-08-29 03:28:11 [INFO]   找到檔案：20260820排班統計表-台北.xlsx (application/vnd.openxmlformats-officedocument.spreadsheetml.sheet)
2026-08-29 03:28:11 [INFO]   找到檔案：20260919排班統計表-台中 (application/vnd.google-apps.spreadsheet)
2026-08-29 03:28:11 [INFO]   找到檔案：20260919排班統計表-台北 (application/vnd.google-apps.spreadsheet)
2026-08-29 03:28:11 [INFO]   找到檔案：20260819排班統計表-台中 (application/vnd.google-apps.spreadsheet)
2026-08-29 03:28:11 [INFO]   找到檔案：20260819排班統計表-台北 (application/vnd.google-apps.spreadsheet)
2026-08-29 03:28:11 [INFO]   找到檔案：20260919排班統計表-台中.xlsx (application/vnd.openxmlformats-officedocument.spreadsheetml.sheet)
2026-08-29 03:28:11 [INFO]   找到檔案：20260819排班統計表-台中.xlsx (application/vnd.openxmlformats-officedocument.spreadsheetml.sheet)
2026-08-29 03:28:11 [INFO]   找到檔案：20260919排班統計表-台北.xlsx (application/vnd.openxmlformats-officedocument.spreadsheetml.sheet)
2026-08-29 03:28:11 [INFO]   找到檔案：20260819排班統計表-台北.xlsx (application/vnd.openxmlformats-officedocument.spreadsheetml.sheet)
2026-08-29 03:28:11 [INFO]   找到檔案：20260918排班統計表-台中 (application/vnd.google-apps.spreadsheet)
2026-08-29 03:28:11 [INFO]   找到檔案：20260918排班統計表-台北 (application/vnd.google-apps.spreadsheet)
2026-08-29 03:28:11 [INFO]   找到檔案：20260818排班統計表-台中 (application/vnd.google-apps.spreadsheet)
2026-08-29 03:28:11 [INFO]   找到檔案：20260818排班統計表-台北 (application/vnd.google-apps.spreadsheet)
2026-08-29 03:28:11 [INFO]   找到檔案：20260918排班統計表-台中.xlsx (application/vnd.openxmlformats-officedocument.spreadsheetml.sheet)
2026-08-29 03:28:11 [INFO]   找到檔案：20260818排班統計表-台中.xlsx (application/vnd.openxmlformats-officedocument.spreadsheetml.sheet)
2026-08-29 03:28:11 [INFO]   找到檔案：20260918排班統計表-台北.xlsx (application/vnd.openxmlformats-officedocument.spreadsheetml.sheet)
2026-08-29 03:28:11 [INFO]   找到檔案：20260818排班統計表-台北.xlsx (application/vnd.openxmlformats-officedocument.spreadsheetml.sheet)
2026-08-29 03:28:11 [INFO]   找到檔案：20260917排班統計表-台中.xlsx (application/vnd.openxmlformats-officedocument.spreadsheetml.sheet)
2026-08-29 03:28:11 [INFO]   找到檔案：20260817排班統計表-台中.xlsx (application/vnd.openxmlformats-officedocument.spreadsheetml.sheet)
2026-08-29 03:28:11 [INFO]   找到檔案：20260917排班統計表-台北.xlsx (application/vnd.openxmlformats-officedocument.spreadsheetml.sheet)
2026-08-29 03:28:11 [INFO]   找到檔案：20260817排班統計表-台北.xlsx (application/vnd.openxmlformats-officedocument.spreadsheetml.sheet)
2026-08-29 03:28:11 [INFO]   找到檔案：20260917排班統計表-台中 (application/vnd.google-apps.spreadsheet)
2026-08-29 03:28:11 [INFO]   找到檔案：20260917排班統計表-台北 (application/vnd.google-apps.spreadsheet)
2026-08-29 03:28:11 [INFO]   找到檔案：20260817排班統計表-台中 (application/vnd.google-apps.spreadsheet)
2026-08-29 03:28:11 [INFO]   找到檔案：20260817排班統計表-台北 (application/vnd.google-apps.spreadsheet)
2026-08-29 03:28:11 [INFO]   找到檔案：20260916排班統計表-台中 (application/vnd.google-apps.spreadsheet)
2026-08-29 03:28:11 [INFO]   找到檔案：20260916排班統計表-台北 (application/vnd.google-apps.spreadsheet)
2026-08-29 03:28:11 [INFO]   找到檔案：20260816排班統計表-台中 (application/vnd.google-apps.spreadsheet)
2026-08-29 03:28:11 [INFO]   找到檔案：20260816排班統計表-台北 (application/vnd.google-apps.spreadsheet)
2026-08-29 03:28:11 [INFO]   找到檔案：20260916排班統計表-台中.xlsx (application/vnd.openxmlformats-officedocument.spreadsheetml.sheet)
2026-08-29 03:28:11 [INFO]   找到檔案：20260816排班統計表-台中.xlsx (application/vnd.openxmlformats-officedocument.spreadsheetml.sheet)
2026-08-29 03:28:11 [INFO]   找到檔案：20260916排班統計表-台北.xlsx (application/vnd.openxmlformats-officedocument.spreadsheetml.sheet)
2026-08-29 03:28:11 [INFO]   找到檔案：20260816排班統計表-台北.xlsx (application/vnd.openxmlformats-officedocument.spreadsheetml.sheet)
2026-08-29 03:28:11 [INFO]   找到檔案：20260915排班統計表-台中 (application/vnd.google-apps.spreadsheet)
2026-08-29 03:28:11 [INFO]   找到檔案：20260915排班統計表-台北 (application/vnd.google-apps.spreadsheet)
2026-08-29 03:28:11 [INFO]   找到檔案：20260815排班統計表-台中 (application/vnd.google-apps.spreadsheet)
2026-08-29 03:28:11 [INFO]   找到檔案：20260815排班統計表-台北 (application/vnd.google-apps.spreadsheet)
2026-08-29 03:28:11 [INFO]   找到檔案：20260915排班統計表-台中.xlsx (application/vnd.openxmlformats-officedocument.spreadsheetml.sheet)
2026-08-29 03:28:11 [INFO]   找到檔案：20260815排班統計表-台中.xlsx (application/vnd.openxmlformats-officedocument.spreadsheetml.sheet)
2026-08-29 03:28:11 [INFO]   找到檔案：20260915排班統計表-台北.xlsx (application/vnd.openxmlformats-officedocument.spreadsheetml.sheet)
2026-08-29 03:28:11 [INFO]   找到檔案：20260815排班統計表-台北.xlsx (application/vnd.openxmlformats-officedocument.spreadsheetml.sheet)
2026-08-29 03:28:11 [INFO]   找到檔案：20260914排班統計表-台中 (application/vnd.google-apps.spreadsheet)
2026-08-29 03:28:11 [INFO]   找到檔案：20260914排班統計表-台北 (application/vnd.google-apps.spreadsheet)
2026-08-29 03:28:11 [INFO]   找到檔案：20260814排班統計表-台中 (application/vnd.google-apps.spreadsheet)
2026-08-29 03:28:11 [INFO]   找到檔案：20260814排班統計表-台北 (application/vnd.google-apps.spreadsheet)
2026-08-29 03:28:11 [INFO]   找到檔案：20260914排班統計表-台中.xlsx (application/vnd.openxmlformats-officedocument.spreadsheetml.sheet)
2026-08-29 03:28:11 [INFO]   找到檔案：20260814排班統計表-台中.xlsx (application/vnd.openxmlformats-officedocument.spreadsheetml.sheet)
2026-08-29 03:28:11 [INFO]   找到檔案：20260914排班統計表-台北.xlsx (application/vnd.openxmlformats-officedocument.spreadsheetml.sheet)
2026-08-29 03:28:11 [INFO]   找到檔案：20260814排班統計表-台北.xlsx (application/vnd.openxmlformats-officedocument.spreadsheetml.sheet)
2026-08-29 03:28:11 [INFO]   找到檔案：20260913排班統計表-台中 (application/vnd.google-apps.spreadsheet)
2026-08-29 03:28:11 [INFO]   找到檔案：20260913排班統計表-台北 (application/vnd.google-apps.spreadsheet)
2026-08-29 03:28:11 [INFO]   找到檔案：20260813排班統計表-台中 (application/vnd.google-apps.spreadsheet)
2026-08-29 03:28:11 [INFO]   找到檔案：20260813排班統計表-台北 (application/vnd.google-apps.spreadsheet)
2026-08-29 03:28:11 [INFO]   找到檔案：20260913排班統計表-台中.xlsx (application/vnd.openxmlformats-officedocument.spreadsheetml.sheet)
2026-08-29 03:28:11 [INFO]   找到檔案：20260813排班統計表-台中.xlsx (application/vnd.openxmlformats-officedocument.spreadsheetml.sheet)
2026-08-29 03:28:11 [INFO]   找到檔案：20260913排班統計表-台北.xlsx (application/vnd.openxmlformats-officedocument.spreadsheetml.sheet)
2026-08-29 03:28:11 [INFO]   找到檔案：20260813排班統計表-台北.xlsx (application/vnd.openxmlformats-officedocument.spreadsheetml.sheet)
2026-08-29 03:28:11 [INFO]   找到檔案：20260912排班統計表-台中 (application/vnd.google-apps.spreadsheet)
2026-08-29 03:28:11 [INFO]   找到檔案：20260912排班統計表-台北 (application/vnd.google-apps.spreadsheet)
2026-08-29 03:28:11 [INFO]   找到檔案：20260812排班統計表-台中 (application/vnd.google-apps.spreadsheet)
2026-08-29 03:28:11 [INFO]   找到檔案：20260812排班統計表-台北 (application/vnd.google-apps.spreadsheet)
2026-08-29 03:28:11 [INFO]   找到檔案：20260912排班統計表-台中.xlsx (application/vnd.openxmlformats-officedocument.spreadsheetml.sheet)
2026-08-29 03:28:11 [INFO]   找到檔案：20260812排班統計表-台中.xlsx (application/vnd.openxmlformats-officedocument.spreadsheetml.sheet)
2026-08-29 03:28:11 [INFO]   找到檔案：20260912排班統計表-台北.xlsx (application/vnd.openxmlformats-officedocument.spreadsheetml.sheet)
2026-08-29 03:28:11 [INFO]   找到檔案：20260812排班統計表-台北.xlsx (application/vnd.openxmlformats-officedocument.spreadsheetml.sheet)
2026-08-29 03:28:11 [INFO]   找到檔案：20260911排班統計表-台中 (application/vnd.google-apps.spreadsheet)
2026-08-29 03:28:11 [INFO]   找到檔案：20260911排班統計表-台北 (application/vnd.google-apps.spreadsheet)
2026-08-29 03:28:11 [INFO]   找到檔案：20260811排班統計表-台中 (application/vnd.google-apps.spreadsheet)
2026-08-29 03:28:11 [INFO]   找到檔案：20260811排班統計表-台北 (application/vnd.google-apps.spreadsheet)
2026-08-29 03:28:11 [INFO]   找到檔案：20260911排班統計表-台中.xlsx (application/vnd.openxmlformats-officedocument.spreadsheetml.sheet)
2026-08-29 03:28:11 [INFO]   找到檔案：20260811排班統計表-台中.xlsx (application/vnd.openxmlformats-officedocument.spreadsheetml.sheet)
2026-08-29 03:28:11 [INFO]   找到檔案：20260911排班統計表-台北.xlsx (application/vnd.openxmlformats-officedocument.spreadsheetml.sheet)
2026-08-29 03:28:11 [INFO]   找到檔案：20260811排班統計表-台北.xlsx (application/vnd.openxmlformats-officedocument.spreadsheetml.sheet)
2026-08-29 03:28:11 [INFO]   找到檔案：20260910排班統計表-台中 (application/vnd.google-apps.spreadsheet)
2026-08-29 03:28:11 [INFO]   找到檔案：20260910排班統計表-台北 (application/vnd.google-apps.spreadsheet)
2026-08-29 03:28:11 [INFO]   找到檔案：20260810排班統計表-台中 (application/vnd.google-apps.spreadsheet)
2026-08-29 03:28:11 [INFO]   找到檔案：20260810排班統計表-台北 (application/vnd.google-apps.spreadsheet)
2026-08-29 03:28:11 [INFO]   找到檔案：20260910排班統計表-台中.xlsx (application/vnd.openxmlformats-officedocument.spreadsheetml.sheet)
2026-08-29 03:28:11 [INFO]   找到檔案：20260810排班統計表-台中.xlsx (application/vnd.openxmlformats-officedocument.spreadsheetml.sheet)
2026-08-29 03:28:11 [INFO]   找到檔案：20260910排班統計表-台北.xlsx (application/vnd.openxmlformats-officedocument.spreadsheetml.sheet)
2026-08-29 03:28:11 [INFO]   找到檔案：20260810排班統計表-台北.xlsx (application/vnd.openxmlformats-officedocument.spreadsheetml.sheet)
2026-08-29 03:28:11 [INFO] 排班檔確認 OK：{'202608': {'taipei': '20260829排班統計表-台北.xlsx', 'taichung': '20260829排班統計表-台中.xlsx'}, '202609': {'taipei': '20260929排班統計表-台北.xlsx', 'taichung': '20260929排班統計表-台中.xlsx'}}
2026-08-29 03:28:11 [INFO]   匯入：20260829排班統計表-台北.xlsx
2026-08-29 03:28:11 [INFO]   xlsx → Google Sheets：20260829排班統計表-台北
2026-08-29 03:28:12 [INFO] file_cache is only supported with oauth2client<4.0.0
2026-08-29 03:28:17 [INFO]   轉換完成，新 Google Sheets ID：1-umenqkkChT_LXFE41C7svX9ASTKtUparyzQ5CCJTrY
2026-08-29 03:28:19 [INFO]   匯入：20260829排班統計表-台中.xlsx
2026-08-29 03:28:19 [INFO]   xlsx → Google Sheets：20260829排班統計表-台中
2026-08-29 03:28:19 [INFO] file_cache is only supported with oauth2client<4.0.0
2026-08-29 03:28:24 [INFO]   轉換完成，新 Google Sheets ID：1JMLQZznzCbQ9iu_VTrnr4Ai2307NJ6AVy4MuJMd5vTI
2026-08-29 03:28:26 [INFO]   → 寫入 89 列（起始 R3C7）
2026-08-29 03:28:26 [INFO]   → 寫入 16 列（起始 R3C82）
2026-08-29 03:28:26 [INFO]   匯入：20260929排班統計表-台北.xlsx
2026-08-29 03:28:26 [INFO]   xlsx → Google Sheets：20260929排班統計表-台北
2026-08-29 03:28:26 [INFO] file_cache is only supported with oauth2client<4.0.0
2026-08-29 03:28:33 [INFO]   轉換完成，新 Google Sheets ID：1HGfoDJ5j4nQ9eCjG_9L4iMcc31y_xXKSsBPVBRWaF-s
2026-08-29 03:28:34 [INFO]   匯入：20260929排班統計表-台中.xlsx
2026-08-29 03:28:34 [INFO]   xlsx → Google Sheets：20260929排班統計表-台中
2026-08-29 03:28:34 [INFO] file_cache is only supported with oauth2client<4.0.0
2026-08-29 03:28:41 [INFO]   轉換完成，新 Google Sheets ID：1QborOG3DGFSSPibLcNR6mb_OA184m2pgzahLb2FbT20
2026-08-29 03:28:42 [INFO]   → 寫入 71 列（起始 R3C22）
2026-08-29 03:28:42 [INFO]   → 寫入 11 列（起始 R3C97）
2026-08-29 03:28:43 [INFO] Step 1 完成（34.0s）
2026-08-29 03:28:44 [INFO] === 全部完成 run_id=dbf9edb6（34.9s）===
