開始執行：專員班表
⚠️ 一鍵日排程 secrets TOML 注入失敗：No secrets found. Valid paths for a secrets.toml file or secret directories are: /home/runner/.streamlit/secrets.toml, /home/runner/work/tool-system/tool-system/.streamlit/secrets.toml
⚠️ 一鍵日排程 secrets env 注入失敗：No secrets found. Valid paths for a secrets.toml file or secret directories are: /home/runner/.streamlit/secrets.toml, /home/runner/work/tool-system/tool-system/.streamlit/secrets.toml
OAuth env ready = True
OAuth bootstrap forced = True
Command: Python bootstrap -> /home/runner/work/tool-system/tool-system/tools/scheduled_daily/staff_schedule.py
[2026-08-29 08:57:22] ====================================================
[2026-08-29 08:57:22] staff_schedule.py 開始執行
[2026-08-29 08:57:22] GITHUB_ACTIONS = true
[2026-08-29 08:57:22] PWD = /home/runner/work/tool-system/tool-system
[2026-08-29 08:57:22] LOCAL_OUTPUT_DIR = /Users/jenny/Library/CloudStorage/GoogleDrive-jenny@lemonclean.com.tw/我的雲端硬碟/lemon_Jenny/Jenny@lemon程式/專員班表
[2026-08-29 08:57:22] LOCAL_OUTPUT_DIR exists = False
[2026-08-29 08:57:22] can_use_local_output_dir = False
[2026-08-29 08:57:22] root folder_id = 11O6eKHQ1e3Irqps7Kq1XJOSVVge3pCAc
[2026-08-29 08:57:22] ====================================================
[2026-08-29 08:57:22] Google Drive 初始化成功
[2026-08-29 08:57:23] 📁 使用既有資料夾：專員班表
[2026-08-29 08:57:23] this_month = 2026-08
[2026-08-29 08:57:23] next_month = 2026-09
[2026-08-29 08:57:23] this_date = 20260829
[2026-08-29 08:57:23] next_date = 20260929
[2026-08-29 08:57:23] 專員班表 folder_id = 1V2AUNsT_jzQWawmnBNU_u-e7odYviwEk
[2026-08-29 08:57:23] 帳號數量 = 2
[2026-08-29 08:57:23] 
[2026-08-29 08:57:23] === 開始處理 台北 ===
[2026-08-29 08:57:23] 開始登入：jenny@lemonclean.com.tw
[2026-08-29 08:57:24] 登入成功：jenny@lemonclean.com.tw
[2026-08-29 08:57:24] 開始下載：city=台北 / month=2026-08 / filename=20260829專員班表-台北.xls
[2026-08-29 08:57:27] ✅ 已下載到暫存：/tmp/tmprs540m92/20260829專員班表-台北.xls
[2026-08-29 08:57:27] 📦 檔案大小：142848 bytes
[2026-08-29 08:57:27] 📂 暫存目錄存在：True
[2026-08-29 08:57:27] 📄 暫存檔案存在：True
[2026-08-29 08:57:27] 目前不是 Jenny 本機環境，略過本機存檔
[2026-08-29 08:57:27] Google Drive 初始化成功
[2026-08-29 08:57:27] 準備上傳到 Google Drive：20260829專員班表-台北.xls
[2026-08-29 08:57:30] ☁️ 已上傳新檔：20260829專員班表-台北.xls (file_id=1Nkq_LPKJGfvr1-SQvxpzmo5hNoHD-gjm) https://docs.google.com/spreadsheets/d/1Nkq_LPKJGfvr1-SQvxpzmo5hNoHD-gjm/edit?usp=drivesdk&ouid=101667783075862487943&rtpof=true&sd=true
[2026-08-29 08:57:30] ✅ 完成處理：20260829專員班表-台北.xls
[2026-08-29 08:57:30] 開始下載：city=台北 / month=2026-09 / filename=20260929專員班表-台北.xls
[2026-08-29 08:57:33] ✅ 已下載到暫存：/tmp/tmpk989t9zh/20260929專員班表-台北.xls
[2026-08-29 08:57:33] 📦 檔案大小：118272 bytes
[2026-08-29 08:57:33] 📂 暫存目錄存在：True
[2026-08-29 08:57:33] 📄 暫存檔案存在：True
[2026-08-29 08:57:33] 目前不是 Jenny 本機環境，略過本機存檔
[2026-08-29 08:57:33] Google Drive 初始化成功
[2026-08-29 08:57:33] 準備上傳到 Google Drive：20260929專員班表-台北.xls
[2026-08-29 08:57:36] ☁️ 已上傳新檔：20260929專員班表-台北.xls (file_id=1JZXp07TWWKLVDF4BEl6bJzJCkM_hFNbJ) https://docs.google.com/spreadsheets/d/1JZXp07TWWKLVDF4BEl6bJzJCkM_hFNbJ/edit?usp=drivesdk&ouid=101667783075862487943&rtpof=true&sd=true
[2026-08-29 08:57:36] ✅ 完成處理：20260929專員班表-台北.xls
[2026-08-29 08:57:36] ✅ 台北 全部完成
[2026-08-29 08:57:36] 
[2026-08-29 08:57:36] === 開始處理 台中 ===
[2026-08-29 08:57:36] 開始登入：jenny.tc@lemonclean.com.tw
[2026-08-29 08:57:36] 登入成功：jenny.tc@lemonclean.com.tw
[2026-08-29 08:57:36] 開始下載：city=台中 / month=2026-08 / filename=20260829專員班表-台中.xls
[2026-08-29 08:57:37] ✅ 已下載到暫存：/tmp/tmpcj7z1wbx/20260829專員班表-台中.xls
[2026-08-29 08:57:37] 📦 檔案大小：25600 bytes
[2026-08-29 08:57:37] 📂 暫存目錄存在：True
[2026-08-29 08:57:37] 📄 暫存檔案存在：True
[2026-08-29 08:57:37] 目前不是 Jenny 本機環境，略過本機存檔
[2026-08-29 08:57:37] Google Drive 初始化成功
[2026-08-29 08:57:37] 準備上傳到 Google Drive：20260829專員班表-台中.xls
[2026-08-29 08:57:39] ☁️ 已上傳新檔：20260829專員班表-台中.xls (file_id=16OvhL_tPQy0vHOcB_V1wwjkUwwFAkVcC) https://docs.google.com/spreadsheets/d/16OvhL_tPQy0vHOcB_V1wwjkUwwFAkVcC/edit?usp=drivesdk&ouid=101667783075862487943&rtpof=true&sd=true
[2026-08-29 08:57:39] ✅ 完成處理：20260829專員班表-台中.xls
[2026-08-29 08:57:39] 開始下載：city=台中 / month=2026-09 / filename=20260929專員班表-台中.xls
[2026-08-29 08:57:40] ✅ 已下載到暫存：/tmp/tmpsxle6hp7/20260929專員班表-台中.xls
[2026-08-29 08:57:40] 📦 檔案大小：23552 bytes
[2026-08-29 08:57:40] 📂 暫存目錄存在：True
[2026-08-29 08:57:40] 📄 暫存檔案存在：True
[2026-08-29 08:57:40] 目前不是 Jenny 本機環境，略過本機存檔
[2026-08-29 08:57:40] Google Drive 初始化成功
[2026-08-29 08:57:40] 準備上傳到 Google Drive：20260929專員班表-台中.xls
[2026-08-29 08:57:42] ☁️ 已上傳新檔：20260929專員班表-台中.xls (file_id=1qwGhidtF-h8BQJEZuwV8XY7ZirFPposj) https://docs.google.com/spreadsheets/d/1qwGhidtF-h8BQJEZuwV8XY7ZirFPposj/edit?usp=drivesdk&ouid=101667783075862487943&rtpof=true&sd=true
[2026-08-29 08:57:42] ✅ 完成處理：20260929專員班表-台中.xls
[2026-08-29 08:57:42] ✅ 台中 全部完成
[2026-08-29 08:57:42] 🎉 staff_schedule.py 全部完成

完成執行：專員班表
scheduled_daily scheduler 全部完成
