📋 log_spreadsheet_id 已從設定檔載入
📝 外場排程打卡：外場專員班表 / running
Command: /opt/hostedtoolcache/Python/3.11.16/x64/bin/python -u -m tools.field_management.staff_schedule --date 20260919 --system-name 外場排程系統 --run-type 排程
[2026-09-19 07:45:55] 開始處理專員班表：20260919專員班表-台北
🔄 Jenny OAuth 已將來源 Excel 轉成暫存 Google Sheet：1RxXoRYkxehNU3A-fGADWg9oPK9mjavOlWfpK1w1jHkw
🗑️ 已刪除來源暫存 Google Sheet：1RxXoRYkxehNU3A-fGADWg9oPK9mjavOlWfpK1w1jHkw
[2026-09-19 07:45:59] 目標分頁已是當日名稱：專員班表查詢本月_0919
[2026-09-19 07:46:00] 完成：20260919專員班表-台北.xls → '專員班表查詢本月_0919'!A:G / rows=1562
[2026-09-19 07:46:03] 開始處理專員班表：20261019專員班表-台北
🔄 Jenny OAuth 已將來源 Excel 轉成暫存 Google Sheet：1DTDhy_-KNgR5Nm5EjfQybnCY0DJhp_k3EWhHZOizr98
🗑️ 已刪除來源暫存 Google Sheet：1DTDhy_-KNgR5Nm5EjfQybnCY0DJhp_k3EWhHZOizr98
[2026-09-19 07:46:07] 目標分頁已是當日名稱：專員班表查詢次月_0919
[2026-09-19 07:46:08] 完成：20261019專員班表-台北.xls → '專員班表查詢次月_0919'!A:G / rows=1196
[2026-09-19 07:46:10] 開始處理專員班表：20260919專員班表-台中
🔄 Jenny OAuth 已將來源 Excel 轉成暫存 Google Sheet：1MJv1unx5uY_ks7rsZ8BiIS7ryE5L1VLIUMexRG65OeA
🗑️ 已刪除來源暫存 Google Sheet：1MJv1unx5uY_ks7rsZ8BiIS7ryE5L1VLIUMexRG65OeA
[2026-09-19 07:46:14] 目標分頁已是當日名稱：專員班表查詢本月_0919
[2026-09-19 07:46:14] 完成：20260919專員班表-台中.xls → '專員班表查詢本月_0919'!A:G / rows=206
[2026-09-19 07:46:16] 開始處理專員班表：20261019專員班表-台中
🔄 Jenny OAuth 已將來源 Excel 轉成暫存 Google Sheet：1-DLKBiH8BZ1SFGfuQpFeDBq2cB0gH1PqmK04BFb-M9s
🗑️ 已刪除來源暫存 Google Sheet：1-DLKBiH8BZ1SFGfuQpFeDBq2cB0gH1PqmK04BFb-M9s
[2026-09-19 07:46:21] 目標分頁已是當日名稱：專員班表查詢次月_0919
[2026-09-19 07:46:22] 完成：20261019專員班表-台中.xls → '專員班表查詢次月_0919'!A:G / rows=216
[2026-09-19 07:46:23] staff_schedule.py 全部完成

📝 外場排程打卡：外場專員班表 / success
field_management scheduler 全部完成
