📋 log_spreadsheet_id 已從設定檔載入
📝 外場排程打卡：外場排班統計表 / running
Command: /opt/hostedtoolcache/Python/3.11.16/x64/bin/python -u -m tools.field_management.schedule_stats --date 20260919 --system-name 外場排程系統 --run-type 排程
[2026-09-19 07:45:08] 開始處理排班統計表：20260919排班統計表-台北
🔄 Jenny OAuth 已將來源 Excel 轉成暫存 Google Sheet：1Pu1Zcb1Q9pm62sQagcNFVuX4cJNfx9Oo8BzAhTUawKU
🗑️ 已刪除來源暫存 Google Sheet：1Pu1Zcb1Q9pm62sQagcNFVuX4cJNfx9Oo8BzAhTUawKU
[2026-09-19 07:45:15] 完成：20260919排班統計表-台北.xlsx → 2026排班統計表!DJ4 / rows=80
[2026-09-19 07:45:17] 開始處理排班統計表：20261019排班統計表-台北
🔄 Jenny OAuth 已將來源 Excel 轉成暫存 Google Sheet：1XMu82JcBFgBs6gR-8KiQ7lBnIuaERRHQ2OhgsLP01Lk
🗑️ 已刪除來源暫存 Google Sheet：1XMu82JcBFgBs6gR-8KiQ7lBnIuaERRHQ2OhgsLP01Lk
[2026-09-19 07:45:21] 完成：20261019排班統計表-台北.xlsx → 2026排班統計表!DV4 / rows=62
[2026-09-19 07:45:23] 開始處理排班統計表：20260919排班統計表-台中
🔄 Jenny OAuth 已將來源 Excel 轉成暫存 Google Sheet：1t8wHe3iy0GV6BnDHLuFJ88KO7PHIo7zhnN8txxxLCkE
🗑️ 已刪除來源暫存 Google Sheet：1t8wHe3iy0GV6BnDHLuFJ88KO7PHIo7zhnN8txxxLCkE
[2026-09-19 07:45:27] 完成：20260919排班統計表-台中.xlsx → 2026排班統計表!DJ4 / rows=13
[2026-09-19 07:45:33] 開始處理排班統計表：20261019排班統計表-台中
🔄 Jenny OAuth 已將來源 Excel 轉成暫存 Google Sheet：1wR-LtvS2XRlIWfA2_xx9hMZpUneiuXAwGhQJt1S6gL8
🗑️ 已刪除來源暫存 Google Sheet：1wR-LtvS2XRlIWfA2_xx9hMZpUneiuXAwGhQJt1S6gL8
[2026-09-19 07:45:37] 完成：20261019排班統計表-台中.xlsx → 2026排班統計表!DV4 / rows=9
[2026-09-19 07:45:38] schedule_stats.py 全部完成

📝 外場排程打卡：外場排班統計表 / success
field_management scheduler 全部完成
