開始執行：排班統計表
⚠️ 一鍵日排程 secrets TOML 注入失敗：No secrets found. Valid paths for a secrets.toml file or secret directories are: /home/runner/.streamlit/secrets.toml, /home/runner/work/tool-system/tool-system/.streamlit/secrets.toml
⚠️ 一鍵日排程 secrets env 注入失敗：No secrets found. Valid paths for a secrets.toml file or secret directories are: /home/runner/.streamlit/secrets.toml, /home/runner/work/tool-system/tool-system/.streamlit/secrets.toml
OAuth env ready = True
OAuth bootstrap forced = True
Command: Python bootstrap -> /home/runner/work/tool-system/tool-system/tools/scheduled_daily/schedule_report.py
[2026-09-19 03:20:16] ====================================================
[2026-09-19 03:20:16] schedule_report.py 開始執行
[2026-09-19 03:20:16] GITHUB_ACTIONS = true
[2026-09-19 03:20:16] PWD = /home/runner/work/tool-system/tool-system
[2026-09-19 03:20:16] LOCAL_OUTPUT_DIR = /Users/jenny/Library/CloudStorage/GoogleDrive-jenny@lemonclean.com.tw/.shortcut-targets-by-id/1zbu45AG1adMzz24HPdi_tLfh2Tncw_Br/排班統計表
[2026-09-19 03:20:16] LOCAL_OUTPUT_DIR exists = False
[2026-09-19 03:20:16] can_use_local_output_dir = False
[2026-09-19 03:20:16] root folder_id = 11O6eKHQ1e3Irqps7Kq1XJOSVVge3pCAc
[2026-09-19 03:20:16] ====================================================
[2026-09-19 03:20:16] Google Drive 初始化成功
[2026-09-19 03:20:17] 📁 使用既有資料夾：排班統計表
[2026-09-19 03:20:17] this_month = 2026-09
[2026-09-19 03:20:17] next_month = 2026-10
[2026-09-19 03:20:17] today_stamp = 20260919
[2026-09-19 03:20:17] next_month_stamp = 20261019
[2026-09-19 03:20:17] 排班統計表 folder_id = 18XDXdrCSsLYwSzz1Da9pQh-jGm2h2Ed8
[2026-09-19 03:20:17] 帳號數量 = 2
[2026-09-19 03:20:17] 
[2026-09-19 03:20:17] === 開始處理 台北 ===
[2026-09-19 03:20:17] 開始登入：jenny@lemonclean.com.tw
[2026-09-19 03:20:18] 登入成功：jenny@lemonclean.com.tw
[2026-09-19 03:20:18] 開始下載：month=2026-09 / filename=20260919排班統計表-台北.xlsx
[2026-09-19 03:20:19] ✅ 已下載到暫存：/tmp/tmpwzur_itu/20260919排班統計表-台北.xlsx
[2026-09-19 03:20:19] 📦 檔案大小：17920 bytes
[2026-09-19 03:20:19] 📂 暫存目錄存在：True
[2026-09-19 03:20:19] 📄 暫存檔案存在：True
[2026-09-19 03:20:19] 目前不是 Jenny 本機環境，略過本機存檔
[2026-09-19 03:20:19] Google Drive 初始化成功
[2026-09-19 03:20:19] 準備上傳到 Google Drive：20260919排班統計表-台北.xlsx
[2026-09-19 03:20:22] ☁️ 已上傳新檔：20260919排班統計表-台北.xlsx (file_id=1u905uBm85JZcnhn3pBI_0iLkE7RvGh24) https://docs.google.com/spreadsheets/d/1u905uBm85JZcnhn3pBI_0iLkE7RvGh24/edit?usp=drivesdk&ouid=101667783075862487943&rtpof=true&sd=true
[2026-09-19 03:20:22] ✅ 完成處理：20260919排班統計表-台北.xlsx
[2026-09-19 03:20:22] 開始下載：month=2026-10 / filename=20261019排班統計表-台北.xlsx
[2026-09-19 03:20:23] ✅ 已下載到暫存：/tmp/tmpqium8h8n/20261019排班統計表-台北.xlsx
[2026-09-19 03:20:23] 📦 檔案大小：15360 bytes
[2026-09-19 03:20:23] 📂 暫存目錄存在：True
[2026-09-19 03:20:23] 📄 暫存檔案存在：True
[2026-09-19 03:20:23] 目前不是 Jenny 本機環境，略過本機存檔
[2026-09-19 03:20:23] Google Drive 初始化成功
[2026-09-19 03:20:23] 準備上傳到 Google Drive：20261019排班統計表-台北.xlsx
[2026-09-19 03:20:25] ☁️ 已上傳新檔：20261019排班統計表-台北.xlsx (file_id=1VPCCfGyW5MKjrSeAhufAG7FvaXmaxC01) https://docs.google.com/spreadsheets/d/1VPCCfGyW5MKjrSeAhufAG7FvaXmaxC01/edit?usp=drivesdk&ouid=101667783075862487943&rtpof=true&sd=true
[2026-09-19 03:20:25] ✅ 完成處理：20261019排班統計表-台北.xlsx
[2026-09-19 03:20:25] ✅ 台北 全部完成
[2026-09-19 03:20:25] 
[2026-09-19 03:20:25] === 開始處理 台中 ===
[2026-09-19 03:20:25] 開始登入：jenny.tc@lemonclean.com.tw
[2026-09-19 03:20:26] 登入成功：jenny.tc@lemonclean.com.tw
[2026-09-19 03:20:26] 開始下載：month=2026-09 / filename=20260919排班統計表-台中.xlsx
[2026-09-19 03:20:27] ✅ 已下載到暫存：/tmp/tmpa759xf_x/20260919排班統計表-台中.xlsx
[2026-09-19 03:20:27] 📦 檔案大小：6656 bytes
[2026-09-19 03:20:27] 📂 暫存目錄存在：True
[2026-09-19 03:20:27] 📄 暫存檔案存在：True
[2026-09-19 03:20:27] 目前不是 Jenny 本機環境，略過本機存檔
[2026-09-19 03:20:27] Google Drive 初始化成功
[2026-09-19 03:20:27] 準備上傳到 Google Drive：20260919排班統計表-台中.xlsx
[2026-09-19 03:20:29] ☁️ 已上傳新檔：20260919排班統計表-台中.xlsx (file_id=1evHl4ACq9945qdm7EAnGAz_W7rFtXqEX) https://docs.google.com/spreadsheets/d/1evHl4ACq9945qdm7EAnGAz_W7rFtXqEX/edit?usp=drivesdk&ouid=101667783075862487943&rtpof=true&sd=true
[2026-09-19 03:20:29] ✅ 完成處理：20260919排班統計表-台中.xlsx
[2026-09-19 03:20:29] 開始下載：month=2026-10 / filename=20261019排班統計表-台中.xlsx
[2026-09-19 03:20:29] ✅ 已下載到暫存：/tmp/tmpnvqnxrxz/20261019排班統計表-台中.xlsx
[2026-09-19 03:20:29] 📦 檔案大小：5632 bytes
[2026-09-19 03:20:29] 📂 暫存目錄存在：True
[2026-09-19 03:20:29] 📄 暫存檔案存在：True
[2026-09-19 03:20:29] 目前不是 Jenny 本機環境，略過本機存檔
[2026-09-19 03:20:29] Google Drive 初始化成功
[2026-09-19 03:20:29] 準備上傳到 Google Drive：20261019排班統計表-台中.xlsx
[2026-09-19 03:20:32] ☁️ 已上傳新檔：20261019排班統計表-台中.xlsx (file_id=1i97ukfIu-VvtxGBG_ytcSU4tmcqT1-eZ) https://docs.google.com/spreadsheets/d/1i97ukfIu-VvtxGBG_ytcSU4tmcqT1-eZ/edit?usp=drivesdk&ouid=101667783075862487943&rtpof=true&sd=true
[2026-09-19 03:20:32] ✅ 完成處理：20261019排班統計表-台中.xlsx
[2026-09-19 03:20:32] ✅ 台中 全部完成
[2026-09-19 03:20:32] 🎉 schedule_report.py 全部完成

完成執行：排班統計表
scheduled_daily scheduler 全部完成
