開始執行：專員個資
⚠️ 一鍵日排程 secrets TOML 注入失敗：No secrets found. Valid paths for a secrets.toml file or secret directories are: /home/runner/.streamlit/secrets.toml, /home/runner/work/tool-system/tool-system/.streamlit/secrets.toml
⚠️ 一鍵日排程 secrets env 注入失敗：No secrets found. Valid paths for a secrets.toml file or secret directories are: /home/runner/.streamlit/secrets.toml, /home/runner/work/tool-system/tool-system/.streamlit/secrets.toml
OAuth env ready = True
OAuth bootstrap forced = True
Command: Python bootstrap -> /home/runner/work/tool-system/tool-system/tools/scheduled_daily/staff_info.py
[2026-09-19 03:48:27] ====================================================
[2026-09-19 03:48:27] staff_info.py 開始執行
[2026-09-19 03:48:27] GITHUB_ACTIONS = true
[2026-09-19 03:48:27] PWD = /home/runner/work/tool-system/tool-system
[2026-09-19 03:48:27] LOCAL_OUTPUT_DIR = /Users/jenny/Library/CloudStorage/GoogleDrive-jenny@lemonclean.com.tw/我的雲端硬碟/lemon_Jenny/Jenny@lemon程式/專員個資
[2026-09-19 03:48:27] LOCAL_OUTPUT_DIR exists = False
[2026-09-19 03:48:27] can_use_local_output_dir = False
[2026-09-19 03:48:27] root folder_id = 11O6eKHQ1e3Irqps7Kq1XJOSVVge3pCAc
[2026-09-19 03:48:27] ====================================================
[2026-09-19 03:48:27] Google Drive 初始化成功
[2026-09-19 03:48:28] 📁 使用既有資料夾：專員個資
[2026-09-19 03:48:28] today_stamp = 20260919
[2026-09-19 03:48:28] 專員個資 folder_id = 1v1Er8oC3BEAWHbBrDq3SUpjEDwHIuK0f
[2026-09-19 03:48:28] 帳號數量 = 2
[2026-09-19 03:48:28] 
[2026-09-19 03:48:28] === 開始處理 台北 ===
[2026-09-19 03:48:28] 開始登入：jenny@lemonclean.com.tw
[2026-09-19 03:48:29] 登入成功：jenny@lemonclean.com.tw
[2026-09-19 03:48:29] 開始下載：city=台北 / filename=20260919專員個資-台北.xlsx
[2026-09-19 03:48:31] ✅ 已下載到暫存：/tmp/tmp1nzi60gw/20260919專員個資-台北.xlsx
[2026-09-19 03:48:31] 📦 檔案大小：228352 bytes
[2026-09-19 03:48:31] 📂 暫存目錄存在：True
[2026-09-19 03:48:31] 📄 暫存檔案存在：True
[2026-09-19 03:48:31] 目前不是 Jenny 本機環境，略過本機存檔
[2026-09-19 03:48:31] Google Drive 初始化成功
[2026-09-19 03:48:31] 準備上傳到 Google Drive：20260919專員個資-台北.xlsx
[2026-09-19 03:48:34] ☁️ 已上傳新檔：20260919專員個資-台北.xlsx (file_id=1PJidoCxxZTIk40CdghHjJ0LgokTN_gwp) https://docs.google.com/spreadsheets/d/1PJidoCxxZTIk40CdghHjJ0LgokTN_gwp/edit?usp=drivesdk&ouid=101667783075862487943&rtpof=true&sd=true
[2026-09-19 03:48:34] ✅ 完成處理：20260919專員個資-台北.xlsx
[2026-09-19 03:48:34] ✅ 台北 全部完成
[2026-09-19 03:48:34] 
[2026-09-19 03:48:34] === 開始處理 台中 ===
[2026-09-19 03:48:34] 開始登入：jenny.tc@lemonclean.com.tw
[2026-09-19 03:48:35] 登入成功：jenny.tc@lemonclean.com.tw
[2026-09-19 03:48:35] 開始下載：city=台中 / filename=20260919專員個資-台中.xlsx
[2026-09-19 03:48:36] ✅ 已下載到暫存：/tmp/tmpxhksq3nh/20260919專員個資-台中.xlsx
[2026-09-19 03:48:36] 📦 檔案大小：59904 bytes
[2026-09-19 03:48:36] 📂 暫存目錄存在：True
[2026-09-19 03:48:36] 📄 暫存檔案存在：True
[2026-09-19 03:48:36] 目前不是 Jenny 本機環境，略過本機存檔
[2026-09-19 03:48:36] Google Drive 初始化成功
[2026-09-19 03:48:36] 準備上傳到 Google Drive：20260919專員個資-台中.xlsx
[2026-09-19 03:48:38] ☁️ 已上傳新檔：20260919專員個資-台中.xlsx (file_id=13Ypo2y00oSVRHYQNcFLaTFarmM4l-rBr) https://docs.google.com/spreadsheets/d/13Ypo2y00oSVRHYQNcFLaTFarmM4l-rBr/edit?usp=drivesdk&ouid=101667783075862487943&rtpof=true&sd=true
[2026-09-19 03:48:38] ✅ 完成處理：20260919專員個資-台中.xlsx
[2026-09-19 03:48:38] ✅ 台中 全部完成
[2026-09-19 03:48:38] 🎉 staff_info.py 全部完成

完成執行：專員個資
scheduled_daily scheduler 全部完成
