開始執行：專員班表
⚠️ 一鍵日排程 secrets TOML 注入失敗：No secrets found. Valid paths for a secrets.toml file or secret directories are: /home/runner/.streamlit/secrets.toml, /home/runner/work/tool-system/tool-system/.streamlit/secrets.toml
⚠️ 一鍵日排程 secrets env 注入失敗：No secrets found. Valid paths for a secrets.toml file or secret directories are: /home/runner/.streamlit/secrets.toml, /home/runner/work/tool-system/tool-system/.streamlit/secrets.toml
OAuth env ready = True
OAuth bootstrap forced = True
Command: Python bootstrap -> /home/runner/work/tool-system/tool-system/tools/scheduled_daily/staff_schedule.py
[2026-09-19 03:33:10] ====================================================
[2026-09-19 03:33:10] staff_schedule.py 開始執行
[2026-09-19 03:33:10] GITHUB_ACTIONS = true
[2026-09-19 03:33:10] PWD = /home/runner/work/tool-system/tool-system
[2026-09-19 03:33:10] LOCAL_OUTPUT_DIR = /Users/jenny/Library/CloudStorage/GoogleDrive-jenny@lemonclean.com.tw/我的雲端硬碟/lemon_Jenny/Jenny@lemon程式/專員班表
[2026-09-19 03:33:10] LOCAL_OUTPUT_DIR exists = False
[2026-09-19 03:33:10] can_use_local_output_dir = False
[2026-09-19 03:33:10] root folder_id = 11O6eKHQ1e3Irqps7Kq1XJOSVVge3pCAc
[2026-09-19 03:33:10] ====================================================
[2026-09-19 03:33:10] Google Drive 初始化成功
[2026-09-19 03:33:10] 📁 使用既有資料夾：專員班表
[2026-09-19 03:33:10] this_month = 2026-09
[2026-09-19 03:33:10] next_month = 2026-10
[2026-09-19 03:33:10] this_date = 20260919
[2026-09-19 03:33:10] next_date = 20261019
[2026-09-19 03:33:10] 專員班表 folder_id = 1V2AUNsT_jzQWawmnBNU_u-e7odYviwEk
[2026-09-19 03:33:10] 帳號數量 = 2
[2026-09-19 03:33:10] 
[2026-09-19 03:33:10] === 開始處理 台北 ===
[2026-09-19 03:33:10] 開始登入：jenny@lemonclean.com.tw
[2026-09-19 03:33:12] 登入成功：jenny@lemonclean.com.tw
[2026-09-19 03:33:12] 開始下載：city=台北 / month=2026-09 / filename=20260919專員班表-台北.xls
[2026-09-19 03:33:16] ✅ 已下載到暫存：/tmp/tmpdrzwhmsy/20260919專員班表-台北.xls
[2026-09-19 03:33:16] 📦 檔案大小：141824 bytes
[2026-09-19 03:33:16] 📂 暫存目錄存在：True
[2026-09-19 03:33:16] 📄 暫存檔案存在：True
[2026-09-19 03:33:16] 目前不是 Jenny 本機環境，略過本機存檔
[2026-09-19 03:33:16] Google Drive 初始化成功
[2026-09-19 03:33:16] 準備上傳到 Google Drive：20260919專員班表-台北.xls
[2026-09-19 03:33:17] ☁️ 已上傳新檔：20260919專員班表-台北.xls (file_id=12C-MBbiRIHYh3epnwaZjoRH2iSC8Wmes) https://docs.google.com/spreadsheets/d/12C-MBbiRIHYh3epnwaZjoRH2iSC8Wmes/edit?usp=drivesdk&ouid=101667783075862487943&rtpof=true&sd=true
[2026-09-19 03:33:17] ✅ 完成處理：20260919專員班表-台北.xls
[2026-09-19 03:33:17] 開始下載：city=台北 / month=2026-10 / filename=20261019專員班表-台北.xls
[2026-09-19 03:33:20] ✅ 已下載到暫存：/tmp/tmpr1mzxpxj/20261019專員班表-台北.xls
[2026-09-19 03:33:20] 📦 檔案大小：109568 bytes
[2026-09-19 03:33:20] 📂 暫存目錄存在：True
[2026-09-19 03:33:20] 📄 暫存檔案存在：True
[2026-09-19 03:33:20] 目前不是 Jenny 本機環境，略過本機存檔
[2026-09-19 03:33:20] Google Drive 初始化成功
[2026-09-19 03:33:20] 準備上傳到 Google Drive：20261019專員班表-台北.xls
[2026-09-19 03:33:22] ☁️ 已上傳新檔：20261019專員班表-台北.xls (file_id=1YjgIN6RjdAPcWH3ZJF9cXa02d8lwUIB3) https://docs.google.com/spreadsheets/d/1YjgIN6RjdAPcWH3ZJF9cXa02d8lwUIB3/edit?usp=drivesdk&ouid=101667783075862487943&rtpof=true&sd=true
[2026-09-19 03:33:22] ✅ 完成處理：20261019專員班表-台北.xls
[2026-09-19 03:33:22] ✅ 台北 全部完成
[2026-09-19 03:33:22] 
[2026-09-19 03:33:22] === 開始處理 台中 ===
[2026-09-19 03:33:22] 開始登入：jenny.tc@lemonclean.com.tw
[2026-09-19 03:33:23] 登入成功：jenny.tc@lemonclean.com.tw
[2026-09-19 03:33:23] 開始下載：city=台中 / month=2026-09 / filename=20260919專員班表-台中.xls
[2026-09-19 03:33:24] ✅ 已下載到暫存：/tmp/tmp06l7jjw9/20260919專員班表-台中.xls
[2026-09-19 03:33:24] 📦 檔案大小：23040 bytes
[2026-09-19 03:33:24] 📂 暫存目錄存在：True
[2026-09-19 03:33:24] 📄 暫存檔案存在：True
[2026-09-19 03:33:24] 目前不是 Jenny 本機環境，略過本機存檔
[2026-09-19 03:33:24] Google Drive 初始化成功
[2026-09-19 03:33:24] 準備上傳到 Google Drive：20260919專員班表-台中.xls
[2026-09-19 03:33:26] ☁️ 已上傳新檔：20260919專員班表-台中.xls (file_id=1q1ECiAl7eo2loNPLwQuvzfXEpkUfOeRR) https://docs.google.com/spreadsheets/d/1q1ECiAl7eo2loNPLwQuvzfXEpkUfOeRR/edit?usp=drivesdk&ouid=101667783075862487943&rtpof=true&sd=true
[2026-09-19 03:33:26] ✅ 完成處理：20260919專員班表-台中.xls
[2026-09-19 03:33:26] 開始下載：city=台中 / month=2026-10 / filename=20261019專員班表-台中.xls
[2026-09-19 03:33:26] ✅ 已下載到暫存：/tmp/tmpiz29gpyy/20261019專員班表-台中.xls
[2026-09-19 03:33:26] 📦 檔案大小：24064 bytes
[2026-09-19 03:33:26] 📂 暫存目錄存在：True
[2026-09-19 03:33:26] 📄 暫存檔案存在：True
[2026-09-19 03:33:26] 目前不是 Jenny 本機環境，略過本機存檔
[2026-09-19 03:33:26] Google Drive 初始化成功
[2026-09-19 03:33:26] 準備上傳到 Google Drive：20261019專員班表-台中.xls
[2026-09-19 03:33:28] ☁️ 已上傳新檔：20261019專員班表-台中.xls (file_id=1vJIfQw8G-vHeqfwLCwAckq1rEznM19hj) https://docs.google.com/spreadsheets/d/1vJIfQw8G-vHeqfwLCwAckq1rEznM19hj/edit?usp=drivesdk&ouid=101667783075862487943&rtpof=true&sd=true
[2026-09-19 03:33:28] ✅ 完成處理：20261019專員班表-台中.xls
[2026-09-19 03:33:28] ✅ 台中 全部完成
[2026-09-19 03:33:28] 🎉 staff_schedule.py 全部完成

完成執行：專員班表
scheduled_daily scheduler 全部完成
