📋 log_spreadsheet_id 已從設定檔載入
📝 外場排程打卡：外場排班統計表 / running
Command: /opt/hostedtoolcache/Python/3.11.16/x64/bin/python -u -m tools.field_management.schedule_stats --date 20260911 --system-name 外場排程系統 --run-type 排程
[2026-09-11 07:34:04] 開始處理排班統計表：20260911排班統計表-台北
🔄 Jenny OAuth 已將來源 Excel 轉成暫存 Google Sheet：1ji5vQ6UCn8jDpq-UOpDQ7aOZOfsC3-tVj1UAeWg8nAs
🗑️ 已刪除來源暫存 Google Sheet：1ji5vQ6UCn8jDpq-UOpDQ7aOZOfsC3-tVj1UAeWg8nAs
[2026-09-11 07:34:14] 完成：20260911排班統計表-台北.xlsx → 2026排班統計表!DJ4 / rows=78
[2026-09-11 07:34:25] 開始處理排班統計表：20261011排班統計表-台北
🔄 Jenny OAuth 已將來源 Excel 轉成暫存 Google Sheet：1CC_y-Nq2k0UECtl31_7LPNxCyP6bir5bnbLZUIQUu50
🗑️ 已刪除來源暫存 Google Sheet：1CC_y-Nq2k0UECtl31_7LPNxCyP6bir5bnbLZUIQUu50
[2026-09-11 07:34:33] 完成：20261011排班統計表-台北.xlsx → 2026排班統計表!DV4 / rows=60
[2026-09-11 07:34:34] 開始處理排班統計表：20260911排班統計表-台中
🔄 Jenny OAuth 已將來源 Excel 轉成暫存 Google Sheet：10piY1vA6nl32VeTeXGB3LJyOuLnT4pkBkYFcugMkMMg
🗑️ 已刪除來源暫存 Google Sheet：10piY1vA6nl32VeTeXGB3LJyOuLnT4pkBkYFcugMkMMg
[2026-09-11 07:34:44] 完成：20260911排班統計表-台中.xlsx → 2026排班統計表!DJ4 / rows=13
[2026-09-11 07:34:45] 開始處理排班統計表：20261011排班統計表-台中
🔄 Jenny OAuth 已將來源 Excel 轉成暫存 Google Sheet：1btvXeBVtbRyXEhjFIMMogP28itcRyJ6JH6l8-xdfdqo
🗑️ 已刪除來源暫存 Google Sheet：1btvXeBVtbRyXEhjFIMMogP28itcRyJ6JH6l8-xdfdqo
[2026-09-11 07:34:52] 完成：20261011排班統計表-台中.xlsx → 2026排班統計表!DV4 / rows=9
[2026-09-11 07:34:53] schedule_stats.py 全部完成

📝 外場排程打卡：外場排班統計表 / success
field_management scheduler 全部完成
