開始執行：專員班表
⚠️ 一鍵日排程 secrets TOML 注入失敗：No secrets found. Valid paths for a secrets.toml file or secret directories are: /home/runner/.streamlit/secrets.toml, /home/runner/work/tool-system/tool-system/.streamlit/secrets.toml
⚠️ 一鍵日排程 secrets env 注入失敗：No secrets found. Valid paths for a secrets.toml file or secret directories are: /home/runner/.streamlit/secrets.toml, /home/runner/work/tool-system/tool-system/.streamlit/secrets.toml
OAuth env ready = True
OAuth bootstrap forced = True
Command: Python bootstrap -> /home/runner/work/tool-system/tool-system/tools/scheduled_daily/staff_schedule.py
[2026-09-11 03:35:58] ====================================================
[2026-09-11 03:35:58] staff_schedule.py 開始執行
[2026-09-11 03:35:58] GITHUB_ACTIONS = true
[2026-09-11 03:35:58] PWD = /home/runner/work/tool-system/tool-system
[2026-09-11 03:35:58] LOCAL_OUTPUT_DIR = /Users/jenny/Library/CloudStorage/GoogleDrive-jenny@lemonclean.com.tw/我的雲端硬碟/lemon_Jenny/Jenny@lemon程式/專員班表
[2026-09-11 03:35:58] LOCAL_OUTPUT_DIR exists = False
[2026-09-11 03:35:58] can_use_local_output_dir = False
[2026-09-11 03:35:58] root folder_id = 11O6eKHQ1e3Irqps7Kq1XJOSVVge3pCAc
[2026-09-11 03:35:58] ====================================================
[2026-09-11 03:35:58] Google Drive 初始化成功
[2026-09-11 03:35:58] 📁 使用既有資料夾：專員班表
[2026-09-11 03:35:58] this_month = 2026-09
[2026-09-11 03:35:58] next_month = 2026-10
[2026-09-11 03:35:58] this_date = 20260911
[2026-09-11 03:35:58] next_date = 20261011
[2026-09-11 03:35:58] 專員班表 folder_id = 1V2AUNsT_jzQWawmnBNU_u-e7odYviwEk
[2026-09-11 03:35:58] 帳號數量 = 2
[2026-09-11 03:35:58] 
[2026-09-11 03:35:58] === 開始處理 台北 ===
[2026-09-11 03:35:58] 開始登入：jenny@lemonclean.com.tw
[2026-09-11 03:36:00] 登入成功：jenny@lemonclean.com.tw
[2026-09-11 03:36:00] 開始下載：city=台北 / month=2026-09 / filename=20260911專員班表-台北.xls
[2026-09-11 03:36:03] ✅ 已下載到暫存：/tmp/tmpdhvp03ps/20260911專員班表-台北.xls
[2026-09-11 03:36:03] 📦 檔案大小：138752 bytes
[2026-09-11 03:36:03] 📂 暫存目錄存在：True
[2026-09-11 03:36:03] 📄 暫存檔案存在：True
[2026-09-11 03:36:03] 目前不是 Jenny 本機環境，略過本機存檔
[2026-09-11 03:36:03] Google Drive 初始化成功
[2026-09-11 03:36:03] 準備上傳到 Google Drive：20260911專員班表-台北.xls
[2026-09-11 03:36:08] ☁️ 已上傳新檔：20260911專員班表-台北.xls (file_id=1kh3Gp6kYpowHb2kb6pEXv7LpM62yMXWg) https://docs.google.com/spreadsheets/d/1kh3Gp6kYpowHb2kb6pEXv7LpM62yMXWg/edit?usp=drivesdk&ouid=101667783075862487943&rtpof=true&sd=true
[2026-09-11 03:36:08] ✅ 完成處理：20260911專員班表-台北.xls
[2026-09-11 03:36:08] 開始下載：city=台北 / month=2026-10 / filename=20261011專員班表-台北.xls
[2026-09-11 03:36:11] ✅ 已下載到暫存：/tmp/tmpdyrme455/20261011專員班表-台北.xls
[2026-09-11 03:36:11] 📦 檔案大小：104960 bytes
[2026-09-11 03:36:11] 📂 暫存目錄存在：True
[2026-09-11 03:36:11] 📄 暫存檔案存在：True
[2026-09-11 03:36:11] 目前不是 Jenny 本機環境，略過本機存檔
[2026-09-11 03:36:11] Google Drive 初始化成功
[2026-09-11 03:36:11] 準備上傳到 Google Drive：20261011專員班表-台北.xls
[2026-09-11 03:36:13] ☁️ 已上傳新檔：20261011專員班表-台北.xls (file_id=104RGq6TQevYlTQvDxt21NPFl_yIPyeR3) https://docs.google.com/spreadsheets/d/104RGq6TQevYlTQvDxt21NPFl_yIPyeR3/edit?usp=drivesdk&ouid=101667783075862487943&rtpof=true&sd=true
[2026-09-11 03:36:13] ✅ 完成處理：20261011專員班表-台北.xls
[2026-09-11 03:36:13] ✅ 台北 全部完成
[2026-09-11 03:36:13] 
[2026-09-11 03:36:13] === 開始處理 台中 ===
[2026-09-11 03:36:13] 開始登入：jenny.tc@lemonclean.com.tw
[2026-09-11 03:36:15] 登入成功：jenny.tc@lemonclean.com.tw
[2026-09-11 03:36:15] 開始下載：city=台中 / month=2026-09 / filename=20260911專員班表-台中.xls
[2026-09-11 03:36:15] ✅ 已下載到暫存：/tmp/tmp_buuxoiv/20260911專員班表-台中.xls
[2026-09-11 03:36:15] 📦 檔案大小：23552 bytes
[2026-09-11 03:36:15] 📂 暫存目錄存在：True
[2026-09-11 03:36:15] 📄 暫存檔案存在：True
[2026-09-11 03:36:15] 目前不是 Jenny 本機環境，略過本機存檔
[2026-09-11 03:36:15] Google Drive 初始化成功
[2026-09-11 03:36:15] 準備上傳到 Google Drive：20260911專員班表-台中.xls
[2026-09-11 03:36:18] ☁️ 已上傳新檔：20260911專員班表-台中.xls (file_id=1e5enyltqrKCpzndma4K6zyl9HCeHaifI) https://docs.google.com/spreadsheets/d/1e5enyltqrKCpzndma4K6zyl9HCeHaifI/edit?usp=drivesdk&ouid=101667783075862487943&rtpof=true&sd=true
[2026-09-11 03:36:18] ✅ 完成處理：20260911專員班表-台中.xls
[2026-09-11 03:36:18] 開始下載：city=台中 / month=2026-10 / filename=20261011專員班表-台中.xls
[2026-09-11 03:36:18] ✅ 已下載到暫存：/tmp/tmpyjm7b03y/20261011專員班表-台中.xls
[2026-09-11 03:36:18] 📦 檔案大小：24064 bytes
[2026-09-11 03:36:18] 📂 暫存目錄存在：True
[2026-09-11 03:36:18] 📄 暫存檔案存在：True
[2026-09-11 03:36:18] 目前不是 Jenny 本機環境，略過本機存檔
[2026-09-11 03:36:18] Google Drive 初始化成功
[2026-09-11 03:36:18] 準備上傳到 Google Drive：20261011專員班表-台中.xls
[2026-09-11 03:36:21] ☁️ 已上傳新檔：20261011專員班表-台中.xls (file_id=1MC6e3rhAkjS9HFlA4YS_7uehPmG-ce2f) https://docs.google.com/spreadsheets/d/1MC6e3rhAkjS9HFlA4YS_7uehPmG-ce2f/edit?usp=drivesdk&ouid=101667783075862487943&rtpof=true&sd=true
[2026-09-11 03:36:21] ✅ 完成處理：20261011專員班表-台中.xls
[2026-09-11 03:36:21] ✅ 台中 全部完成
[2026-09-11 03:36:21] 🎉 staff_schedule.py 全部完成

完成執行：專員班表
scheduled_daily scheduler 全部完成
