📋 log_spreadsheet_id 已從設定檔載入
📝 外場排程打卡：外場排班統計表 / running
Command: /opt/hostedtoolcache/Python/3.11.16/x64/bin/python -u -m tools.field_management.schedule_stats --date 20260908 --system-name 外場排程系統 --run-type 排程
[2026-09-08 07:51:50] 開始處理排班統計表：20260908排班統計表-台北
🔄 Jenny OAuth 已將來源 Excel 轉成暫存 Google Sheet：1DehLxbv-DxVNyq6-_Epzg6ed7_3lDAVDWRUpDdG82_E
🗑️ 已刪除來源暫存 Google Sheet：1DehLxbv-DxVNyq6-_Epzg6ed7_3lDAVDWRUpDdG82_E
[2026-09-08 07:52:02] 完成：20260908排班統計表-台北.xlsx → 2026排班統計表!DJ4 / rows=77
[2026-09-08 07:52:14] 開始處理排班統計表：20261008排班統計表-台北
🔄 Jenny OAuth 已將來源 Excel 轉成暫存 Google Sheet：1BHfnKmH95i-4NYCEuEca6y2im2aQPgIMRdH9jtSXE7s
🗑️ 已刪除來源暫存 Google Sheet：1BHfnKmH95i-4NYCEuEca6y2im2aQPgIMRdH9jtSXE7s
[2026-09-08 07:52:22] 完成：20261008排班統計表-台北.xlsx → 2026排班統計表!DV4 / rows=55
[2026-09-08 07:52:24] 開始處理排班統計表：20260908排班統計表-台中
🔄 Jenny OAuth 已將來源 Excel 轉成暫存 Google Sheet：1ACdg6KowHt7c4m8iZx8iWbI6ivFN0E2j-GgGhj4jwYk
🗑️ 已刪除來源暫存 Google Sheet：1ACdg6KowHt7c4m8iZx8iWbI6ivFN0E2j-GgGhj4jwYk
[2026-09-08 07:52:32] 完成：20260908排班統計表-台中.xlsx → 2026排班統計表!DJ4 / rows=12
[2026-09-08 07:52:33] 開始處理排班統計表：20261008排班統計表-台中
🔄 Jenny OAuth 已將來源 Excel 轉成暫存 Google Sheet：1p59uN4p9Stjnuxu8OvSveijdGrGgBPbxSt8x7d877Yc
🗑️ 已刪除來源暫存 Google Sheet：1p59uN4p9Stjnuxu8OvSveijdGrGgBPbxSt8x7d877Yc
[2026-09-08 07:52:41] 完成：20261008排班統計表-台中.xlsx → 2026排班統計表!DV4 / rows=9
[2026-09-08 07:52:42] schedule_stats.py 全部完成

📝 外場排程打卡：外場排班統計表 / success
field_management scheduler 全部完成
