📋 log_spreadsheet_id 已從設定檔載入
📝 外場排程打卡：外場專員個資 / running
Command: /opt/hostedtoolcache/Python/3.11.16/x64/bin/python -u -m tools.field_management.staff_profile --date 20260908 --system-name 外場排程系統 --run-type 排程
[2026-09-08 07:54:22] 開始處理專員個資：20260908專員個資-台北
🔄 Jenny OAuth 已將來源 Excel 轉成暫存 Google Sheet：10C1w1PRVRca1rI8rwmH-vG8b3aDVe9OhW-IGGKHhW6Y
🗑️ 已刪除來源暫存 Google Sheet：10C1w1PRVRca1rI8rwmH-vG8b3aDVe9OhW-IGGKHhW6Y
[2026-09-08 07:54:30] 完成專員個資：20260908專員個資-台北.xlsx → 專員個人資料!A4:C / rows=99
[2026-09-08 07:54:31] 開始處理訂單截取：20260908訂單-台北
🔄 Jenny OAuth 已將來源 Excel 轉成暫存 Google Sheet：1xskdzubikS7DVPuEilJMV4b9ALX75yg3D9Qor-a0rgc
🗑️ 已刪除來源暫存 Google Sheet：1xskdzubikS7DVPuEilJMV4b9ALX75yg3D9Qor-a0rgc
[2026-09-08 07:54:40] 完成訂單截取：20260908訂單-台北.xls → 專員個人資料!G1:N / rows=823
[2026-09-08 07:54:42] 開始處理專員個資：20260908專員個資-台中
🔄 Jenny OAuth 已將來源 Excel 轉成暫存 Google Sheet：12oAtfX3MaIz2kAkHE4eBKURpM7BS7VNdyrItl4ZZz_4
🗑️ 已刪除來源暫存 Google Sheet：12oAtfX3MaIz2kAkHE4eBKURpM7BS7VNdyrItl4ZZz_4
[2026-09-08 07:54:50] 完成專員個資：20260908專員個資-台中.xlsx → 專員個人資料!A4:C / rows=16
[2026-09-08 07:54:51] 開始處理訂單截取：20260908訂單-台中
🔄 Jenny OAuth 已將來源 Excel 轉成暫存 Google Sheet：1smCG5g9CGyJ5w-lKmykJJnZeu17RMI8oabSOX2-TGL0
🗑️ 已刪除來源暫存 Google Sheet：1smCG5g9CGyJ5w-lKmykJJnZeu17RMI8oabSOX2-TGL0
[2026-09-08 07:54:59] 完成訂單截取：20260908訂單-台中.xls → 專員個人資料!G1:N / rows=68
[2026-09-08 07:55:00] staff_profile.py 全部完成

📝 外場排程打卡：外場專員個資 / success
field_management scheduler 全部完成
