開始執行：排班統計表
⚠️ 一鍵日排程 secrets TOML 注入失敗：No secrets found. Valid paths for a secrets.toml file or secret directories are: /home/runner/.streamlit/secrets.toml, /home/runner/work/tool-system/tool-system/.streamlit/secrets.toml
⚠️ 一鍵日排程 secrets env 注入失敗：No secrets found. Valid paths for a secrets.toml file or secret directories are: /home/runner/.streamlit/secrets.toml, /home/runner/work/tool-system/tool-system/.streamlit/secrets.toml
OAuth env ready = True
OAuth bootstrap forced = True
Command: Python bootstrap -> /home/runner/work/tool-system/tool-system/tools/scheduled_daily/schedule_report.py
[2026-09-08 04:18:01] ====================================================
[2026-09-08 04:18:01] schedule_report.py 開始執行
[2026-09-08 04:18:01] GITHUB_ACTIONS = true
[2026-09-08 04:18:01] PWD = /home/runner/work/tool-system/tool-system
[2026-09-08 04:18:01] LOCAL_OUTPUT_DIR = /Users/jenny/Library/CloudStorage/GoogleDrive-jenny@lemonclean.com.tw/.shortcut-targets-by-id/1zbu45AG1adMzz24HPdi_tLfh2Tncw_Br/排班統計表
[2026-09-08 04:18:01] LOCAL_OUTPUT_DIR exists = False
[2026-09-08 04:18:01] can_use_local_output_dir = False
[2026-09-08 04:18:01] root folder_id = 11O6eKHQ1e3Irqps7Kq1XJOSVVge3pCAc
[2026-09-08 04:18:01] ====================================================
[2026-09-08 04:18:01] Google Drive 初始化成功
[2026-09-08 04:18:02] 📁 使用既有資料夾：排班統計表
[2026-09-08 04:18:02] this_month = 2026-09
[2026-09-08 04:18:02] next_month = 2026-10
[2026-09-08 04:18:02] today_stamp = 20260908
[2026-09-08 04:18:02] next_month_stamp = 20261008
[2026-09-08 04:18:02] 排班統計表 folder_id = 18XDXdrCSsLYwSzz1Da9pQh-jGm2h2Ed8
[2026-09-08 04:18:02] 帳號數量 = 2
[2026-09-08 04:18:02] 
[2026-09-08 04:18:02] === 開始處理 台北 ===
[2026-09-08 04:18:02] 開始登入：jenny@lemonclean.com.tw
[2026-09-08 04:18:04] 登入成功：jenny@lemonclean.com.tw
[2026-09-08 04:18:04] 開始下載：month=2026-09 / filename=20260908排班統計表-台北.xlsx
[2026-09-08 04:18:05] ✅ 已下載到暫存：/tmp/tmpn6ltyotz/20260908排班統計表-台北.xlsx
[2026-09-08 04:18:05] 📦 檔案大小：17408 bytes
[2026-09-08 04:18:05] 📂 暫存目錄存在：True
[2026-09-08 04:18:05] 📄 暫存檔案存在：True
[2026-09-08 04:18:05] 目前不是 Jenny 本機環境，略過本機存檔
[2026-09-08 04:18:05] Google Drive 初始化成功
[2026-09-08 04:18:05] 準備上傳到 Google Drive：20260908排班統計表-台北.xlsx
[2026-09-08 04:18:08] ☁️ 已上傳新檔：20260908排班統計表-台北.xlsx (file_id=1hP0WQ6MIoGZWccBQt_DvL2IyPWm0QDAo) https://docs.google.com/spreadsheets/d/1hP0WQ6MIoGZWccBQt_DvL2IyPWm0QDAo/edit?usp=drivesdk&ouid=101667783075862487943&rtpof=true&sd=true
[2026-09-08 04:18:08] ✅ 完成處理：20260908排班統計表-台北.xlsx
[2026-09-08 04:18:08] 開始下載：month=2026-10 / filename=20261008排班統計表-台北.xlsx
[2026-09-08 04:18:09] ✅ 已下載到暫存：/tmp/tmpt1bzk22m/20261008排班統計表-台北.xlsx
[2026-09-08 04:18:09] 📦 檔案大小：15360 bytes
[2026-09-08 04:18:09] 📂 暫存目錄存在：True
[2026-09-08 04:18:09] 📄 暫存檔案存在：True
[2026-09-08 04:18:09] 目前不是 Jenny 本機環境，略過本機存檔
[2026-09-08 04:18:09] Google Drive 初始化成功
[2026-09-08 04:18:09] 準備上傳到 Google Drive：20261008排班統計表-台北.xlsx
[2026-09-08 04:18:12] ☁️ 已上傳新檔：20261008排班統計表-台北.xlsx (file_id=1wp8Rk32gJAguh-L6ahUaDotjNGLgx9Xp) https://docs.google.com/spreadsheets/d/1wp8Rk32gJAguh-L6ahUaDotjNGLgx9Xp/edit?usp=drivesdk&ouid=101667783075862487943&rtpof=true&sd=true
[2026-09-08 04:18:12] ✅ 完成處理：20261008排班統計表-台北.xlsx
[2026-09-08 04:18:12] ✅ 台北 全部完成
[2026-09-08 04:18:12] 
[2026-09-08 04:18:12] === 開始處理 台中 ===
[2026-09-08 04:18:12] 開始登入：jenny.tc@lemonclean.com.tw
[2026-09-08 04:18:13] 登入成功：jenny.tc@lemonclean.com.tw
[2026-09-08 04:18:13] 開始下載：month=2026-09 / filename=20260908排班統計表-台中.xlsx
[2026-09-08 04:18:13] ✅ 已下載到暫存：/tmp/tmpskm2dyi8/20260908排班統計表-台中.xlsx
[2026-09-08 04:18:13] 📦 檔案大小：6144 bytes
[2026-09-08 04:18:13] 📂 暫存目錄存在：True
[2026-09-08 04:18:13] 📄 暫存檔案存在：True
[2026-09-08 04:18:13] 目前不是 Jenny 本機環境，略過本機存檔
[2026-09-08 04:18:13] Google Drive 初始化成功
[2026-09-08 04:18:13] 準備上傳到 Google Drive：20260908排班統計表-台中.xlsx
[2026-09-08 04:18:16] ☁️ 已上傳新檔：20260908排班統計表-台中.xlsx (file_id=1jhWQdVejLhZln8oqHYmn19k_Bk6Af84-) https://docs.google.com/spreadsheets/d/1jhWQdVejLhZln8oqHYmn19k_Bk6Af84-/edit?usp=drivesdk&ouid=101667783075862487943&rtpof=true&sd=true
[2026-09-08 04:18:16] ✅ 完成處理：20260908排班統計表-台中.xlsx
[2026-09-08 04:18:16] 開始下載：month=2026-10 / filename=20261008排班統計表-台中.xlsx
[2026-09-08 04:18:16] ✅ 已下載到暫存：/tmp/tmp8xy37kq3/20261008排班統計表-台中.xlsx
[2026-09-08 04:18:16] 📦 檔案大小：5632 bytes
[2026-09-08 04:18:16] 📂 暫存目錄存在：True
[2026-09-08 04:18:16] 📄 暫存檔案存在：True
[2026-09-08 04:18:16] 目前不是 Jenny 本機環境，略過本機存檔
[2026-09-08 04:18:16] Google Drive 初始化成功
[2026-09-08 04:18:16] 準備上傳到 Google Drive：20261008排班統計表-台中.xlsx
[2026-09-08 04:18:18] ☁️ 已上傳新檔：20261008排班統計表-台中.xlsx (file_id=1rMDgL22DlLqRgIok1zDZW5RTfzhHzQBs) https://docs.google.com/spreadsheets/d/1rMDgL22DlLqRgIok1zDZW5RTfzhHzQBs/edit?usp=drivesdk&ouid=101667783075862487943&rtpof=true&sd=true
[2026-09-08 04:18:18] ✅ 完成處理：20261008排班統計表-台中.xlsx
[2026-09-08 04:18:18] ✅ 台中 全部完成
[2026-09-08 04:18:18] 🎉 schedule_report.py 全部完成

完成執行：排班統計表
scheduled_daily scheduler 全部完成
