2026-09-07 23:56:23 [INFO] === 客服排程系統 run_id=0f07b8c5 step=1 台北時間=2026-09-08 07:56:23 ===
2026-09-07 23:56:23 [INFO] 目標試算表 ID 來源：環境變數 SERVICE_TARGET_SPREADSHEET_ID
2026-09-07 23:56:23 [INFO] file_cache is only supported with oauth2client<4.0.0
2026-09-07 23:56:35 [INFO] --- Step1_更新排班統計表 ---
2026-09-07 23:56:35 [INFO] file_cache is only supported with oauth2client<4.0.0
2026-09-07 23:56:35 [INFO] 本次視窗：202609 ~ 202610（共 2 個月）
2026-09-07 23:56:36 [INFO] Drive 資料夾找到 64 個檔案
2026-09-07 23:56:36 [INFO]   找到檔案：20261008排班統計表-台中.xlsx (application/vnd.openxmlformats-officedocument.spreadsheetml.sheet)
2026-09-07 23:56:36 [INFO]   找到檔案：20260908排班統計表-台中.xlsx (application/vnd.openxmlformats-officedocument.spreadsheetml.sheet)
2026-09-07 23:56:36 [INFO]   找到檔案：20261008排班統計表-台北.xlsx (application/vnd.openxmlformats-officedocument.spreadsheetml.sheet)
2026-09-07 23:56:36 [INFO]   找到檔案：20260908排班統計表-台北.xlsx (application/vnd.openxmlformats-officedocument.spreadsheetml.sheet)
2026-09-07 23:56:36 [INFO]   找到檔案：20261007排班統計表-台中 (application/vnd.google-apps.spreadsheet)
2026-09-07 23:56:36 [INFO]   找到檔案：20261007排班統計表-台北 (application/vnd.google-apps.spreadsheet)
2026-09-07 23:56:36 [INFO]   找到檔案：20260907排班統計表-台中 (application/vnd.google-apps.spreadsheet)
2026-09-07 23:56:36 [INFO]   找到檔案：20260907排班統計表-台北 (application/vnd.google-apps.spreadsheet)
2026-09-07 23:56:36 [INFO]   找到檔案：20261007排班統計表-台中.xlsx (application/vnd.openxmlformats-officedocument.spreadsheetml.sheet)
2026-09-07 23:56:36 [INFO]   找到檔案：20260907排班統計表-台中.xlsx (application/vnd.openxmlformats-officedocument.spreadsheetml.sheet)
2026-09-07 23:56:36 [INFO]   找到檔案：20261007排班統計表-台北.xlsx (application/vnd.openxmlformats-officedocument.spreadsheetml.sheet)
2026-09-07 23:56:36 [INFO]   找到檔案：20260907排班統計表-台北.xlsx (application/vnd.openxmlformats-officedocument.spreadsheetml.sheet)
2026-09-07 23:56:36 [INFO]   找到檔案：20261006排班統計表-台中 (application/vnd.google-apps.spreadsheet)
2026-09-07 23:56:36 [INFO]   找到檔案：20261006排班統計表-台北 (application/vnd.google-apps.spreadsheet)
2026-09-07 23:56:36 [INFO]   找到檔案：20260906排班統計表-台中 (application/vnd.google-apps.spreadsheet)
2026-09-07 23:56:36 [INFO]   找到檔案：20260906排班統計表-台北 (application/vnd.google-apps.spreadsheet)
2026-09-07 23:56:36 [INFO]   找到檔案：20261006排班統計表-台中.xlsx (application/vnd.openxmlformats-officedocument.spreadsheetml.sheet)
2026-09-07 23:56:36 [INFO]   找到檔案：20260906排班統計表-台中.xlsx (application/vnd.openxmlformats-officedocument.spreadsheetml.sheet)
2026-09-07 23:56:36 [INFO]   找到檔案：20261006排班統計表-台北.xlsx (application/vnd.openxmlformats-officedocument.spreadsheetml.sheet)
2026-09-07 23:56:36 [INFO]   找到檔案：20260906排班統計表-台北.xlsx (application/vnd.openxmlformats-officedocument.spreadsheetml.sheet)
2026-09-07 23:56:36 [INFO]   找到檔案：20261005排班統計表-台中 (application/vnd.google-apps.spreadsheet)
2026-09-07 23:56:36 [INFO]   找到檔案：20261005排班統計表-台北 (application/vnd.google-apps.spreadsheet)
2026-09-07 23:56:36 [INFO]   找到檔案：20260905排班統計表-台中 (application/vnd.google-apps.spreadsheet)
2026-09-07 23:56:36 [INFO]   找到檔案：20260905排班統計表-台北 (application/vnd.google-apps.spreadsheet)
2026-09-07 23:56:36 [INFO]   找到檔案：20261005排班統計表-台中.xlsx (application/vnd.openxmlformats-officedocument.spreadsheetml.sheet)
2026-09-07 23:56:36 [INFO]   找到檔案：20260905排班統計表-台中.xlsx (application/vnd.openxmlformats-officedocument.spreadsheetml.sheet)
2026-09-07 23:56:36 [INFO]   找到檔案：20261005排班統計表-台北.xlsx (application/vnd.openxmlformats-officedocument.spreadsheetml.sheet)
2026-09-07 23:56:36 [INFO]   找到檔案：20260905排班統計表-台北.xlsx (application/vnd.openxmlformats-officedocument.spreadsheetml.sheet)
2026-09-07 23:56:36 [INFO]   找到檔案：20261004排班統計表-台中 (application/vnd.google-apps.spreadsheet)
2026-09-07 23:56:36 [INFO]   找到檔案：20261004排班統計表-台北 (application/vnd.google-apps.spreadsheet)
2026-09-07 23:56:36 [INFO]   找到檔案：20260904排班統計表-台中 (application/vnd.google-apps.spreadsheet)
2026-09-07 23:56:36 [INFO]   找到檔案：20260904排班統計表-台北 (application/vnd.google-apps.spreadsheet)
2026-09-07 23:56:36 [INFO]   找到檔案：20261004排班統計表-台中.xlsx (application/vnd.openxmlformats-officedocument.spreadsheetml.sheet)
2026-09-07 23:56:36 [INFO]   找到檔案：20260904排班統計表-台中.xlsx (application/vnd.openxmlformats-officedocument.spreadsheetml.sheet)
2026-09-07 23:56:36 [INFO]   找到檔案：20261004排班統計表-台北.xlsx (application/vnd.openxmlformats-officedocument.spreadsheetml.sheet)
2026-09-07 23:56:36 [INFO]   找到檔案：20260904排班統計表-台北.xlsx (application/vnd.openxmlformats-officedocument.spreadsheetml.sheet)
2026-09-07 23:56:36 [INFO]   找到檔案：20261003排班統計表-台中 (application/vnd.google-apps.spreadsheet)
2026-09-07 23:56:36 [INFO]   找到檔案：20261003排班統計表-台北 (application/vnd.google-apps.spreadsheet)
2026-09-07 23:56:36 [INFO]   找到檔案：20260903排班統計表-台中 (application/vnd.google-apps.spreadsheet)
2026-09-07 23:56:36 [INFO]   找到檔案：20260903排班統計表-台北 (application/vnd.google-apps.spreadsheet)
2026-09-07 23:56:36 [INFO]   找到檔案：20261003排班統計表-台中.xlsx (application/vnd.openxmlformats-officedocument.spreadsheetml.sheet)
2026-09-07 23:56:36 [INFO]   找到檔案：20260903排班統計表-台中.xlsx (application/vnd.openxmlformats-officedocument.spreadsheetml.sheet)
2026-09-07 23:56:36 [INFO]   找到檔案：20261003排班統計表-台北.xlsx (application/vnd.openxmlformats-officedocument.spreadsheetml.sheet)
2026-09-07 23:56:36 [INFO]   找到檔案：20260903排班統計表-台北.xlsx (application/vnd.openxmlformats-officedocument.spreadsheetml.sheet)
2026-09-07 23:56:36 [INFO]   找到檔案：20261002排班統計表-台中 (application/vnd.google-apps.spreadsheet)
2026-09-07 23:56:36 [INFO]   找到檔案：20261002排班統計表-台北 (application/vnd.google-apps.spreadsheet)
2026-09-07 23:56:36 [INFO]   找到檔案：20260902排班統計表-台中 (application/vnd.google-apps.spreadsheet)
2026-09-07 23:56:36 [INFO]   找到檔案：20260902排班統計表-台北 (application/vnd.google-apps.spreadsheet)
2026-09-07 23:56:36 [INFO]   找到檔案：20261002排班統計表-台中.xlsx (application/vnd.openxmlformats-officedocument.spreadsheetml.sheet)
2026-09-07 23:56:36 [INFO]   找到檔案：20260902排班統計表-台中.xlsx (application/vnd.openxmlformats-officedocument.spreadsheetml.sheet)
2026-09-07 23:56:36 [INFO]   找到檔案：20261002排班統計表-台北.xlsx (application/vnd.openxmlformats-officedocument.spreadsheetml.sheet)
2026-09-07 23:56:36 [INFO]   找到檔案：20260902排班統計表-台北.xlsx (application/vnd.openxmlformats-officedocument.spreadsheetml.sheet)
2026-09-07 23:56:36 [INFO]   找到檔案：20261001排班統計表-台中.xlsx (application/vnd.openxmlformats-officedocument.spreadsheetml.sheet)
2026-09-07 23:56:36 [INFO]   找到檔案：20260901排班統計表-台中.xlsx (application/vnd.openxmlformats-officedocument.spreadsheetml.sheet)
2026-09-07 23:56:36 [INFO]   找到檔案：20261001排班統計表-台北.xlsx (application/vnd.openxmlformats-officedocument.spreadsheetml.sheet)
2026-09-07 23:56:36 [INFO]   找到檔案：20260901排班統計表-台北.xlsx (application/vnd.openxmlformats-officedocument.spreadsheetml.sheet)
2026-09-07 23:56:36 [INFO]   找到檔案：20261001排班統計表-台中 (application/vnd.google-apps.spreadsheet)
2026-09-07 23:56:36 [INFO]   找到檔案：20261001排班統計表-台北 (application/vnd.google-apps.spreadsheet)
2026-09-07 23:56:36 [INFO]   找到檔案：20260901排班統計表-台中 (application/vnd.google-apps.spreadsheet)
2026-09-07 23:56:36 [INFO]   找到檔案：20260901排班統計表-台北 (application/vnd.google-apps.spreadsheet)
2026-09-07 23:56:36 [INFO]   找到檔案：20260931排班統計表-台中 (application/vnd.google-apps.spreadsheet)
2026-09-07 23:56:36 [INFO]   找到檔案：20260931排班統計表-台北 (application/vnd.google-apps.spreadsheet)
2026-09-07 23:56:36 [INFO]   找到檔案：20260931排班統計表-台中.xlsx (application/vnd.openxmlformats-officedocument.spreadsheetml.sheet)
2026-09-07 23:56:36 [INFO]   找到檔案：20260931排班統計表-台北.xlsx (application/vnd.openxmlformats-officedocument.spreadsheetml.sheet)
2026-09-07 23:56:36 [INFO] 排班檔確認 OK：{'202609': {'taipei': '20260908排班統計表-台北.xlsx', 'taichung': '20260908排班統計表-台中.xlsx'}, '202610': {'taipei': '20261008排班統計表-台北.xlsx', 'taichung': '20261008排班統計表-台中.xlsx'}}
2026-09-07 23:56:37 [INFO]   已清除範圍（202609 台北）：G3:O1026
2026-09-07 23:56:37 [INFO]   匯入：20260908排班統計表-台北.xlsx
2026-09-07 23:56:37 [INFO]   xlsx → Google Sheets：20260908排班統計表-台北
2026-09-07 23:56:37 [INFO] file_cache is only supported with oauth2client<4.0.0
2026-09-07 23:56:44 [INFO]   轉換完成，新 Google Sheets ID：1yAU0Sj2rkXTLOY4fHIyv51OGJkXcumUV_JAPXreDA7I
2026-09-07 23:56:45 [INFO]   → 寫入 79 列（起始 R3C7）
2026-09-07 23:56:45 [INFO]   已清除範圍（202609 台中）：CD3:CL1026
2026-09-07 23:56:45 [INFO]   匯入：20260908排班統計表-台中.xlsx
2026-09-07 23:56:45 [INFO]   xlsx → Google Sheets：20260908排班統計表-台中
2026-09-07 23:56:45 [INFO] file_cache is only supported with oauth2client<4.0.0
2026-09-07 23:56:50 [INFO]   轉換完成，新 Google Sheets ID：1guAi6jA40NuuC-kr6kre83Eqewz2MEd2n-4vnSoqdPY
2026-09-07 23:56:52 [INFO]   → 寫入 11 列（起始 R3C82）
2026-09-07 23:56:52 [INFO]   已清除範圍（202610 台北）：V3:AD1026
2026-09-07 23:56:52 [INFO]   匯入：20261008排班統計表-台北.xlsx
2026-09-07 23:56:52 [INFO]   xlsx → Google Sheets：20261008排班統計表-台北
2026-09-07 23:56:52 [INFO] file_cache is only supported with oauth2client<4.0.0
2026-09-07 23:56:59 [INFO]   轉換完成，新 Google Sheets ID：1tfuNul2a1FFq9EXGAB8eSUmw-BZu4d-roS-fWKMPtfg
2026-09-07 23:57:01 [INFO]   → 寫入 66 列（起始 R3C22）
2026-09-07 23:57:01 [INFO]   已清除範圍（202610 台中）：CS3:DA1026
2026-09-07 23:57:01 [INFO]   匯入：20261008排班統計表-台中.xlsx
2026-09-07 23:57:01 [INFO]   xlsx → Google Sheets：20261008排班統計表-台中
2026-09-07 23:57:01 [INFO] file_cache is only supported with oauth2client<4.0.0
2026-09-07 23:57:08 [INFO]   轉換完成，新 Google Sheets ID：1Hg74328beP5_G8eMVIzMq97LUGw8BaEmnulz3B7gZEQ
2026-09-07 23:57:09 [INFO]   → 寫入 8 列（起始 R3C97）
2026-09-07 23:57:10 [INFO] Step 1 完成（34.7s）
2026-09-07 23:57:11 [INFO] === 全部完成 run_id=0f07b8c5（35.4s）===
