開始執行：專員班表
⚠️ 一鍵日排程 secrets TOML 注入失敗：No secrets found. Valid paths for a secrets.toml file or secret directories are: /home/runner/.streamlit/secrets.toml, /home/runner/work/tool-system/tool-system/.streamlit/secrets.toml
⚠️ 一鍵日排程 secrets env 注入失敗：No secrets found. Valid paths for a secrets.toml file or secret directories are: /home/runner/.streamlit/secrets.toml, /home/runner/work/tool-system/tool-system/.streamlit/secrets.toml
OAuth env ready = True
OAuth bootstrap forced = True
Command: Python bootstrap -> /home/runner/work/tool-system/tool-system/tools/scheduled_daily/staff_schedule.py
[2026-09-08 04:31:34] ====================================================
[2026-09-08 04:31:34] staff_schedule.py 開始執行
[2026-09-08 04:31:34] GITHUB_ACTIONS = true
[2026-09-08 04:31:34] PWD = /home/runner/work/tool-system/tool-system
[2026-09-08 04:31:34] LOCAL_OUTPUT_DIR = /Users/jenny/Library/CloudStorage/GoogleDrive-jenny@lemonclean.com.tw/我的雲端硬碟/lemon_Jenny/Jenny@lemon程式/專員班表
[2026-09-08 04:31:34] LOCAL_OUTPUT_DIR exists = False
[2026-09-08 04:31:34] can_use_local_output_dir = False
[2026-09-08 04:31:34] root folder_id = 11O6eKHQ1e3Irqps7Kq1XJOSVVge3pCAc
[2026-09-08 04:31:34] ====================================================
[2026-09-08 04:31:34] Google Drive 初始化成功
[2026-09-08 04:31:34] 📁 使用既有資料夾：專員班表
[2026-09-08 04:31:34] this_month = 2026-09
[2026-09-08 04:31:34] next_month = 2026-10
[2026-09-08 04:31:34] this_date = 20260908
[2026-09-08 04:31:34] next_date = 20261008
[2026-09-08 04:31:34] 專員班表 folder_id = 1V2AUNsT_jzQWawmnBNU_u-e7odYviwEk
[2026-09-08 04:31:34] 帳號數量 = 2
[2026-09-08 04:31:34] 
[2026-09-08 04:31:34] === 開始處理 台北 ===
[2026-09-08 04:31:34] 開始登入：jenny@lemonclean.com.tw
[2026-09-08 04:31:38] 登入成功：jenny@lemonclean.com.tw
[2026-09-08 04:31:38] 開始下載：city=台北 / month=2026-09 / filename=20260908專員班表-台北.xls
[2026-09-08 04:31:41] ✅ 已下載到暫存：/tmp/tmp__kos_y8/20260908專員班表-台北.xls
[2026-09-08 04:31:41] 📦 檔案大小：136192 bytes
[2026-09-08 04:31:41] 📂 暫存目錄存在：True
[2026-09-08 04:31:41] 📄 暫存檔案存在：True
[2026-09-08 04:31:41] 目前不是 Jenny 本機環境，略過本機存檔
[2026-09-08 04:31:41] Google Drive 初始化成功
[2026-09-08 04:31:41] 準備上傳到 Google Drive：20260908專員班表-台北.xls
[2026-09-08 04:31:43] ☁️ 已上傳新檔：20260908專員班表-台北.xls (file_id=1koyGeWGnlhn1TLy7riAM0yxRzH0Z6G2C) https://docs.google.com/spreadsheets/d/1koyGeWGnlhn1TLy7riAM0yxRzH0Z6G2C/edit?usp=drivesdk&ouid=101667783075862487943&rtpof=true&sd=true
[2026-09-08 04:31:43] ✅ 完成處理：20260908專員班表-台北.xls
[2026-09-08 04:31:43] 開始下載：city=台北 / month=2026-10 / filename=20261008專員班表-台北.xls
[2026-09-08 04:31:45] ✅ 已下載到暫存：/tmp/tmpy_6xz3oy/20261008專員班表-台北.xls
[2026-09-08 04:31:45] 📦 檔案大小：95744 bytes
[2026-09-08 04:31:45] 📂 暫存目錄存在：True
[2026-09-08 04:31:45] 📄 暫存檔案存在：True
[2026-09-08 04:31:45] 目前不是 Jenny 本機環境，略過本機存檔
[2026-09-08 04:31:45] Google Drive 初始化成功
[2026-09-08 04:31:45] 準備上傳到 Google Drive：20261008專員班表-台北.xls
[2026-09-08 04:31:47] ☁️ 已上傳新檔：20261008專員班表-台北.xls (file_id=1uDl2yDGGd8i5OxU5Cgb5l9lnWCqXSdwI) https://docs.google.com/spreadsheets/d/1uDl2yDGGd8i5OxU5Cgb5l9lnWCqXSdwI/edit?usp=drivesdk&ouid=101667783075862487943&rtpof=true&sd=true
[2026-09-08 04:31:47] ✅ 完成處理：20261008專員班表-台北.xls
[2026-09-08 04:31:47] ✅ 台北 全部完成
[2026-09-08 04:31:47] 
[2026-09-08 04:31:47] === 開始處理 台中 ===
[2026-09-08 04:31:47] 開始登入：jenny.tc@lemonclean.com.tw
[2026-09-08 04:31:49] 登入成功：jenny.tc@lemonclean.com.tw
[2026-09-08 04:31:49] 開始下載：city=台中 / month=2026-09 / filename=20260908專員班表-台中.xls
[2026-09-08 04:31:50] ✅ 已下載到暫存：/tmp/tmpu8wuavp7/20260908專員班表-台中.xls
[2026-09-08 04:31:50] 📦 檔案大小：23552 bytes
[2026-09-08 04:31:50] 📂 暫存目錄存在：True
[2026-09-08 04:31:50] 📄 暫存檔案存在：True
[2026-09-08 04:31:50] 目前不是 Jenny 本機環境，略過本機存檔
[2026-09-08 04:31:50] Google Drive 初始化成功
[2026-09-08 04:31:50] 準備上傳到 Google Drive：20260908專員班表-台中.xls
[2026-09-08 04:31:51] ☁️ 已上傳新檔：20260908專員班表-台中.xls (file_id=1oRwfiC7Rv4U7nBhXT3g3K_ehxJpDbWUY) https://docs.google.com/spreadsheets/d/1oRwfiC7Rv4U7nBhXT3g3K_ehxJpDbWUY/edit?usp=drivesdk&ouid=101667783075862487943&rtpof=true&sd=true
[2026-09-08 04:31:51] ✅ 完成處理：20260908專員班表-台中.xls
[2026-09-08 04:31:51] 開始下載：city=台中 / month=2026-10 / filename=20261008專員班表-台中.xls
[2026-09-08 04:31:52] ✅ 已下載到暫存：/tmp/tmp43b06hj4/20261008專員班表-台中.xls
[2026-09-08 04:31:52] 📦 檔案大小：24576 bytes
[2026-09-08 04:31:52] 📂 暫存目錄存在：True
[2026-09-08 04:31:52] 📄 暫存檔案存在：True
[2026-09-08 04:31:52] 目前不是 Jenny 本機環境，略過本機存檔
[2026-09-08 04:31:52] Google Drive 初始化成功
[2026-09-08 04:31:52] 準備上傳到 Google Drive：20261008專員班表-台中.xls
[2026-09-08 04:31:53] ☁️ 已上傳新檔：20261008專員班表-台中.xls (file_id=1-0qxcjSD-aHK90N6ik_nT8pDYje1ZgMo) https://docs.google.com/spreadsheets/d/1-0qxcjSD-aHK90N6ik_nT8pDYje1ZgMo/edit?usp=drivesdk&ouid=101667783075862487943&rtpof=true&sd=true
[2026-09-08 04:31:53] ✅ 完成處理：20261008專員班表-台中.xls
[2026-09-08 04:31:53] ✅ 台中 全部完成
[2026-09-08 04:31:53] 🎉 staff_schedule.py 全部完成

完成執行：專員班表
scheduled_daily scheduler 全部完成
