開始執行：專員個資
⚠️ 一鍵日排程 secrets TOML 注入失敗：No secrets found. Valid paths for a secrets.toml file or secret directories are: /home/runner/.streamlit/secrets.toml, /home/runner/work/tool-system/tool-system/.streamlit/secrets.toml
⚠️ 一鍵日排程 secrets env 注入失敗：No secrets found. Valid paths for a secrets.toml file or secret directories are: /home/runner/.streamlit/secrets.toml, /home/runner/work/tool-system/tool-system/.streamlit/secrets.toml
OAuth env ready = True
OAuth bootstrap forced = True
Command: Python bootstrap -> /home/runner/work/tool-system/tool-system/tools/scheduled_daily/staff_info.py
[2026-09-08 04:40:48] ====================================================
[2026-09-08 04:40:48] staff_info.py 開始執行
[2026-09-08 04:40:48] GITHUB_ACTIONS = true
[2026-09-08 04:40:48] PWD = /home/runner/work/tool-system/tool-system
[2026-09-08 04:40:48] LOCAL_OUTPUT_DIR = /Users/jenny/Library/CloudStorage/GoogleDrive-jenny@lemonclean.com.tw/我的雲端硬碟/lemon_Jenny/Jenny@lemon程式/專員個資
[2026-09-08 04:40:48] LOCAL_OUTPUT_DIR exists = False
[2026-09-08 04:40:48] can_use_local_output_dir = False
[2026-09-08 04:40:48] root folder_id = 11O6eKHQ1e3Irqps7Kq1XJOSVVge3pCAc
[2026-09-08 04:40:48] ====================================================
[2026-09-08 04:40:48] Google Drive 初始化成功
[2026-09-08 04:40:48] 📁 使用既有資料夾：專員個資
[2026-09-08 04:40:48] today_stamp = 20260908
[2026-09-08 04:40:48] 專員個資 folder_id = 1v1Er8oC3BEAWHbBrDq3SUpjEDwHIuK0f
[2026-09-08 04:40:48] 帳號數量 = 2
[2026-09-08 04:40:48] 
[2026-09-08 04:40:48] === 開始處理 台北 ===
[2026-09-08 04:40:48] 開始登入：jenny@lemonclean.com.tw
[2026-09-08 04:40:50] 登入成功：jenny@lemonclean.com.tw
[2026-09-08 04:40:50] 開始下載：city=台北 / filename=20260908專員個資-台北.xlsx
[2026-09-08 04:40:52] ✅ 已下載到暫存：/tmp/tmprck87b78/20260908專員個資-台北.xlsx
[2026-09-08 04:40:52] 📦 檔案大小：228352 bytes
[2026-09-08 04:40:52] 📂 暫存目錄存在：True
[2026-09-08 04:40:52] 📄 暫存檔案存在：True
[2026-09-08 04:40:52] 目前不是 Jenny 本機環境，略過本機存檔
[2026-09-08 04:40:52] Google Drive 初始化成功
[2026-09-08 04:40:52] 準備上傳到 Google Drive：20260908專員個資-台北.xlsx
[2026-09-08 04:40:55] ☁️ 已上傳新檔：20260908專員個資-台北.xlsx (file_id=1IgUQYjU4pRWE8kaEX1lHD3FAHPbfJ8WW) https://docs.google.com/spreadsheets/d/1IgUQYjU4pRWE8kaEX1lHD3FAHPbfJ8WW/edit?usp=drivesdk&ouid=101667783075862487943&rtpof=true&sd=true
[2026-09-08 04:40:55] ✅ 完成處理：20260908專員個資-台北.xlsx
[2026-09-08 04:40:55] ✅ 台北 全部完成
[2026-09-08 04:40:55] 
[2026-09-08 04:40:55] === 開始處理 台中 ===
[2026-09-08 04:40:55] 開始登入：jenny.tc@lemonclean.com.tw
[2026-09-08 04:40:56] 登入成功：jenny.tc@lemonclean.com.tw
[2026-09-08 04:40:56] 開始下載：city=台中 / filename=20260908專員個資-台中.xlsx
[2026-09-08 04:40:56] ✅ 已下載到暫存：/tmp/tmph10r_i2m/20260908專員個資-台中.xlsx
[2026-09-08 04:40:56] 📦 檔案大小：59904 bytes
[2026-09-08 04:40:56] 📂 暫存目錄存在：True
[2026-09-08 04:40:56] 📄 暫存檔案存在：True
[2026-09-08 04:40:56] 目前不是 Jenny 本機環境，略過本機存檔
[2026-09-08 04:40:56] Google Drive 初始化成功
[2026-09-08 04:40:56] 準備上傳到 Google Drive：20260908專員個資-台中.xlsx
[2026-09-08 04:40:59] ☁️ 已上傳新檔：20260908專員個資-台中.xlsx (file_id=1Ptn3nruwW12y9PNNE_QwlVlq-T64WlPt) https://docs.google.com/spreadsheets/d/1Ptn3nruwW12y9PNNE_QwlVlq-T64WlPt/edit?usp=drivesdk&ouid=101667783075862487943&rtpof=true&sd=true
[2026-09-08 04:40:59] ✅ 完成處理：20260908專員個資-台中.xlsx
[2026-09-08 04:40:59] ✅ 台中 全部完成
[2026-09-08 04:40:59] 🎉 staff_info.py 全部完成

完成執行：專員個資
scheduled_daily scheduler 全部完成
