📋 log_spreadsheet_id 已從設定檔載入
📝 外場排程打卡：外場排班統計表 / running
Command: /opt/hostedtoolcache/Python/3.11.17/x64/bin/python -u -m tools.field_management.schedule_stats --date 20261008 --system-name 外場排程系統 --run-type 排程
[2026-10-08 05:01:36] 開始處理排班統計表：20261008排班統計表-台北
[2026-10-08 05:01:37] 失敗：20261008排班統計表-台北 / 找不到來源檔案：20261008排班統計表-台北 / 20261008排班統計表-台北.xlsx / 20261008排班統計表-台北.xls / 排班統計表20261008-台北 / 排班統計表20261008-台北.xlsx / 排班統計表20261008-台北.xls；資料夾內目前檔案：20261107排班統計表-台中、20261107排班統計表-台北、20261007排班統計表-台中、20261007排班統計表-台北、20261107排班統計表-台中.xlsx、20261007排班統計表-台中.xlsx、20261107排班統計表-台北.xlsx、20261007排班統計表-台北.xlsx、20261106排班統計表-台中、20261106排班統計表-台北、20261006排班統計表-台中、20261006排班統計表-台北、20261106排班統計表-台中.xlsx、20261006排班統計表-台中.xlsx、20261106排班統計表-台北.xlsx、20261006排班統計表-台北.xlsx、20261105排班統計表-台中、20261105排班統計表-台北、20261005排班統計表-台中、20261005排班統計表-台北、20261105排班統計表-台中.xlsx、20261005排班統計表-台中.xlsx、20261105排班統計表-台北.xlsx、20261005排班統計表-台北.xlsx、20261104排班統計表-台中、20261104排班統計表-台北、20261004排班統計表-台中、20261004排班統計表-台北、20261104排班統計表-台中.xlsx、20261004排班統計表-台中.xlsx、20261104排班統計表-台北.xlsx、20261004排班統計表-台北.xlsx、20261103排班統計表-台中、20261103排班統計表-台北、20261003排班統計表-台中、20261003排班統計表-台北、20261103排班統計表-台中.xlsx、20261003排班統計表-台中.xlsx、20261103排班統計表-台北.xlsx、20261003排班統計表-台北.xlsx、20261102排班統計表-台中、20261102排班統計表-台北、20261002排班統計表-台中、20261002排班統計表-台北、20261102排班統計表-台中.xlsx、20261002排班統計表-台中.xlsx、20261102排班統計表-台北.xlsx、20261002排班統計表-台北.xlsx、20261101排班統計表-台中、20261101排班統計表-台北、20261001排班統計表-台中、20261001排班統計表-台北、20261101排班統計表-台中.xlsx、20261001排班統計表-台中.xlsx、20261101排班統計表-台北.xlsx、20261001排班統計表-台北.xlsx

Traceback (most recent call last):
  File "<frozen runpy>", line 198, in _run_module_as_main
  File "<frozen runpy>", line 88, in _run_code
  File "/home/runner/work/tool-system/tool-system/tools/field_management/schedule_stats.py", line 436, in <module>
    main(
  File "/home/runner/work/tool-system/tool-system/tools/field_management/schedule_stats.py", line 422, in main
    run_schedule_stats_for_area(cfg, current_area, date_key, run_type)  # ★
    ^^^^^^^^^^^^^^^^^^^^^^^^^^^^^^^^^^^^^^^^^^^^^^^^^^^^^^^^^^^^^^^^^^
  File "/home/runner/work/tool-system/tool-system/tools/field_management/schedule_stats.py", line 356, in run_schedule_stats_for_area
    file = find_file_by_possible_names(
           ^^^^^^^^^^^^^^^^^^^^^^^^^^^^
  File "/home/runner/work/tool-system/tool-system/tools/field_management/schedule_stats.py", line 220, in find_file_by_possible_names
    raise RuntimeError(
RuntimeError: 找不到來源檔案：20261008排班統計表-台北 / 20261008排班統計表-台北.xlsx / 20261008排班統計表-台北.xls / 排班統計表20261008-台北 / 排班統計表20261008-台北.xlsx / 排班統計表20261008-台北.xls；資料夾內目前檔案：20261107排班統計表-台中、20261107排班統計表-台北、20261007排班統計表-台中、20261007排班統計表-台北、20261107排班統計表-台中.xlsx、20261007排班統計表-台中.xlsx、20261107排班統計表-台北.xlsx、20261007排班統計表-台北.xlsx、20261106排班統計表-台中、20261106排班統計表-台北、20261006排班統計表-台中、20261006排班統計表-台北、20261106排班統計表-台中.xlsx、20261006排班統計表-台中.xlsx、20261106排班統計表-台北.xlsx、20261006排班統計表-台北.xlsx、20261105排班統計表-台中、20261105排班統計表-台北、20261005排班統計表-台中、20261005排班統計表-台北、20261105排班統計表-台中.xlsx、20261005排班統計表-台中.xlsx、20261105排班統計表-台北.xlsx、20261005排班統計表-台北.xlsx、20261104排班統計表-台中、20261104排班統計表-台北、20261004排班統計表-台中、20261004排班統計表-台北、20261104排班統計表-台中.xlsx、20261004排班統計表-台中.xlsx、20261104排班統計表-台北.xlsx、20261004排班統計表-台北.xlsx、20261103排班統計表-台中、20261103排班統計表-台北、20261003排班統計表-台中、20261003排班統計表-台北、20261103排班統計表-台中.xlsx、20261003排班統計表-台中.xlsx、20261103排班統計表-台北.xlsx、20261003排班統計表-台北.xlsx、20261102排班統計表-台中、20261102排班統計表-台北、20261002排班統計表-台中、20261002排班統計表-台北、20261102排班統計表-台中.xlsx、20261002排班統計表-台中.xlsx、20261102排班統計表-台北.xlsx、20261002排班統計表-台北.xlsx、20261101排班統計表-台中、20261101排班統計表-台北、20261001排班統計表-台中、20261001排班統計表-台北、20261101排班統計表-台中.xlsx、20261001排班統計表-台中.xlsx、20261101排班統計表-台北.xlsx、20261001排班統計表-台北.xlsx

📝 外場排程打卡：外場排班統計表 / failed
Traceback (most recent call last):
  File "<frozen runpy>", line 198, in _run_module_as_main
  File "<frozen runpy>", line 88, in _run_code
  File "/home/runner/work/tool-system/tool-system/tools/field_management/scheduler.py", line 179, in <module>
    main(target=args.target, date_key=args.date, area=args.area or None, system_name=args.system_name)
  File "/home/runner/work/tool-system/tool-system/tools/field_management/scheduler.py", line 158, in main
    results.append(run_job(job_name, date_key, area, system_name))
                   ^^^^^^^^^^^^^^^^^^^^^^^^^^^^^^^^^^^^^^^^^^^^^^
  File "/home/runner/work/tool-system/tool-system/tools/field_management/scheduler.py", line 134, in run_job
    raise RuntimeError(message)
RuntimeError: 外場排班統計表 執行失敗，exit=1
STDOUT:
[2026-10-08 05:01:36] 開始處理排班統計表：20261008排班統計表-台北
[2026-10-08 05:01:37] 失敗：20261008排班統計表-台北 / 找不到來源檔案：20261008排班統計表-台北 / 20261008排班統計表-台北.xlsx / 20261008排班統計表-台北.xls / 排班統計表20261008-台北 / 排班統計表20261008-台北.xlsx / 排班統計表20261008-台北.xls；資料夾內目前檔案：20261107排班統計表-台中、20261107排班統計表-台北、20261007排班統計表-台中、20261007排班統計表-台北、20261107排班統計表-台中.xlsx、20261007排班統計表-台中.xlsx、20261107排班統計表-台北.xlsx、20261007排班統計表-台北.xlsx、20261106排班統計表-台中、20261106排班統計表-台北、20261006排班統計表-台中、20261006排班統計表-台北、20261106排班統計表-台中.xlsx、20261006排班統計表-台中.xlsx、20261106排班統計表-台北.xlsx、20261006排班統計表-台北.xlsx、20261105排班統計表-台中、20261105排班統計表-台北、20261005排班統計表-台中、20261005排班統計表-台北、20261105排班統計表-台中.xlsx、20261005排班統計表-台中.xlsx、20261105排班統計表-台北.xlsx、20261005排班統計表-台北.xlsx、20261104排班統計表-台中、20261104排班統計表-台北、20261004排班統計表-台中、20261004排班統計表-台北、20261104排班統計表-台中.xlsx、20261004排班統計表-台中.xlsx、20261104排班統計表-台北.xlsx、20261004排班統計表-台北.xlsx、20261103排班統計表-台中、20261103排班統計表-台北、20261003排班統計表-台中、20261003排班統計表-台北、20261103排班統計表-台中.xlsx、20261003排班統計表-台中.xlsx、20261103排班統計表-台北.xlsx、20261003排班統計表-台北.xlsx、20261102排班統計表-台中、20261102排班統計表-台北、20261002排班統計表-台中、20261002排班統計表-台北、20261102排班統計表-台中.xlsx、20261002排班統計表-台中.xlsx、20261102排班統計表-台北.xlsx、20261002排班統計表-台北.xlsx、20261101排班統計表-台中、20261101排班統計表-台北、20261001排班統計表-台中、20261001排班統計表-台北、20261101排班統計表-台中.xlsx、20261001排班統計表-台中.xlsx、20261101排班統計表-台北.xlsx、20261001排班統計表-台北.xlsx

STDERR:
Traceback (most recent call last):
  File "<frozen runpy>", line 198, in _run_module_as_main
  File "<frozen runpy>", line 88, in _run_code
  File "/home/runner/work/tool-system/tool-system/tools/field_management/schedule_stats.py", line 436, in <module>
    main(
  File "/home/runner/work/tool-system/tool-system/tools/field_management/schedule_stats.py", line 422, in main
    run_schedule_stats_for_area(cfg, current_area, date_key, run_type)  # ★
    ^^^^^^^^^^^^^^^^^^^^^^^^^^^^^^^^^^^^^^^^^^^^^^^^^^^^^^^^^^^^^^^^^^
  File "/home/runner/work/tool-system/tool-system/tools/field_management/schedule_stats.py", line 356, in run_schedule_stats_for_area
    file = find_file_by_possible_names(
           ^^^^^^^^^^^^^^^^^^^^^^^^^^^^
  File "/home/runner/work/tool-system/tool-system/tools/field_management/schedule_stats.py", line 220, in find_file_by_possible_names
    raise RuntimeError(
RuntimeError: 找不到來源檔案：20261008排班統計表-台北 / 20261008排班統計表-台北.xlsx / 20261008排班統計表-台北.xls / 排班統計表20261008-台北 / 排班統計表20261008-台北.xlsx / 排班統計表20261008-台北.xls；資料夾內目前檔案：20261107排班統計表-台中、20261107排班統計表-台北、20261007排班統計表-台中、20261007排班統計表-台北、20261107排班統計表-台中.xlsx、20261007排班統計表-台中.xlsx、20261107排班統計表-台北.xlsx、20261007排班統計表-台北.xlsx、20261106排班統計表-台中、20261106排班統計表-台北、20261006排班統計表-台中、20261006排班統計表-台北、20261106排班統計表-台中.xlsx、20261006排班統計表-台中.xlsx、20261106排班統計表-台北.xlsx、20261006排班統計表-台北.xlsx、20261105排班統計表-台中、20261105排班統計表-台北、20261005排班統計表-台中、20261005排班統計表-台北、20261105排班統計表-台中.xlsx、20261005排班統計表-台中.xlsx、20261105排班統計表-台北.xlsx、20261005排班統計表-台北.xlsx、20261104排班統計表-台中、20261104排班統計表-台北、20261004排班統計表-台中、20261004排班統計表-台北、20261104排班統計表-台中.xlsx、20261004排班統計表-台中.xlsx、20261104排班統計表-台北.xlsx、20261004排班統計表-台北.xlsx、20261103排班統計表-台中、20261103排班統計表-台北、20261003排班統計表-台中、20261003排班統計表-台北、20261103排班統計表-台中.xlsx、20261003排班統計表-台中.xlsx、20261103排班統計表-台北.xlsx、20261003排班統計表-台北.xlsx、20261102排班統計表-台中、20261102排班統計表-台北、20261002排班統計表-台中、20261002排班統計表-台北、20261102排班統計表-台中.xlsx、20261002排班統計表-台中.xlsx、20261102排班統計表-台北.xlsx、20261002排班統計表-台北.xlsx、20261101排班統計表-台中、20261101排班統計表-台北、20261001排班統計表-台中、20261001排班統計表-台北、20261101排班統計表-台中.xlsx、20261001排班統計表-台中.xlsx、20261101排班統計表-台北.xlsx、20261001排班統計表-台北.xlsx

