2026-10-07 21:31:12 [INFO] === 客服排程系統 run_id=9afaa512 step=1 台北時間=2026-10-08 05:31:12 ===
2026-10-07 21:31:12 [INFO] 目標試算表 ID 來源：環境變數 SERVICE_TARGET_SPREADSHEET_ID
2026-10-07 21:31:12 [INFO] file_cache is only supported with oauth2client<4.0.0
2026-10-07 21:31:31 [INFO] --- Step1_更新排班統計表 ---
2026-10-07 21:31:33 [INFO] file_cache is only supported with oauth2client<4.0.0
2026-10-07 21:31:33 [INFO] 本次視窗：202610 ~ 202611（共 2 個月）
2026-10-07 21:31:33 [INFO] Drive 資料夾找到 56 個檔案
2026-10-07 21:31:33 [INFO]   找到檔案：20261107排班統計表-台中 (application/vnd.google-apps.spreadsheet)
2026-10-07 21:31:33 [INFO]   找到檔案：20261107排班統計表-台北 (application/vnd.google-apps.spreadsheet)
2026-10-07 21:31:33 [INFO]   找到檔案：20261007排班統計表-台中 (application/vnd.google-apps.spreadsheet)
2026-10-07 21:31:33 [INFO]   找到檔案：20261007排班統計表-台北 (application/vnd.google-apps.spreadsheet)
2026-10-07 21:31:33 [INFO]   找到檔案：20261107排班統計表-台中.xlsx (application/vnd.openxmlformats-officedocument.spreadsheetml.sheet)
2026-10-07 21:31:33 [INFO]   找到檔案：20261007排班統計表-台中.xlsx (application/vnd.openxmlformats-officedocument.spreadsheetml.sheet)
2026-10-07 21:31:33 [INFO]   找到檔案：20261107排班統計表-台北.xlsx (application/vnd.openxmlformats-officedocument.spreadsheetml.sheet)
2026-10-07 21:31:33 [INFO]   找到檔案：20261007排班統計表-台北.xlsx (application/vnd.openxmlformats-officedocument.spreadsheetml.sheet)
2026-10-07 21:31:33 [INFO]   找到檔案：20261106排班統計表-台中 (application/vnd.google-apps.spreadsheet)
2026-10-07 21:31:33 [INFO]   找到檔案：20261106排班統計表-台北 (application/vnd.google-apps.spreadsheet)
2026-10-07 21:31:33 [INFO]   找到檔案：20261006排班統計表-台中 (application/vnd.google-apps.spreadsheet)
2026-10-07 21:31:33 [INFO]   找到檔案：20261006排班統計表-台北 (application/vnd.google-apps.spreadsheet)
2026-10-07 21:31:33 [INFO]   找到檔案：20261106排班統計表-台中.xlsx (application/vnd.openxmlformats-officedocument.spreadsheetml.sheet)
2026-10-07 21:31:33 [INFO]   找到檔案：20261006排班統計表-台中.xlsx (application/vnd.openxmlformats-officedocument.spreadsheetml.sheet)
2026-10-07 21:31:33 [INFO]   找到檔案：20261106排班統計表-台北.xlsx (application/vnd.openxmlformats-officedocument.spreadsheetml.sheet)
2026-10-07 21:31:33 [INFO]   找到檔案：20261006排班統計表-台北.xlsx (application/vnd.openxmlformats-officedocument.spreadsheetml.sheet)
2026-10-07 21:31:33 [INFO]   找到檔案：20261105排班統計表-台中 (application/vnd.google-apps.spreadsheet)
2026-10-07 21:31:33 [INFO]   找到檔案：20261105排班統計表-台北 (application/vnd.google-apps.spreadsheet)
2026-10-07 21:31:33 [INFO]   找到檔案：20261005排班統計表-台中 (application/vnd.google-apps.spreadsheet)
2026-10-07 21:31:33 [INFO]   找到檔案：20261005排班統計表-台北 (application/vnd.google-apps.spreadsheet)
2026-10-07 21:31:33 [INFO]   找到檔案：20261105排班統計表-台中.xlsx (application/vnd.openxmlformats-officedocument.spreadsheetml.sheet)
2026-10-07 21:31:33 [INFO]   找到檔案：20261005排班統計表-台中.xlsx (application/vnd.openxmlformats-officedocument.spreadsheetml.sheet)
2026-10-07 21:31:33 [INFO]   找到檔案：20261105排班統計表-台北.xlsx (application/vnd.openxmlformats-officedocument.spreadsheetml.sheet)
2026-10-07 21:31:33 [INFO]   找到檔案：20261005排班統計表-台北.xlsx (application/vnd.openxmlformats-officedocument.spreadsheetml.sheet)
2026-10-07 21:31:33 [INFO]   找到檔案：20261104排班統計表-台中 (application/vnd.google-apps.spreadsheet)
2026-10-07 21:31:33 [INFO]   找到檔案：20261104排班統計表-台北 (application/vnd.google-apps.spreadsheet)
2026-10-07 21:31:33 [INFO]   找到檔案：20261004排班統計表-台中 (application/vnd.google-apps.spreadsheet)
2026-10-07 21:31:33 [INFO]   找到檔案：20261004排班統計表-台北 (application/vnd.google-apps.spreadsheet)
2026-10-07 21:31:33 [INFO]   找到檔案：20261104排班統計表-台中.xlsx (application/vnd.openxmlformats-officedocument.spreadsheetml.sheet)
2026-10-07 21:31:33 [INFO]   找到檔案：20261004排班統計表-台中.xlsx (application/vnd.openxmlformats-officedocument.spreadsheetml.sheet)
2026-10-07 21:31:33 [INFO]   找到檔案：20261104排班統計表-台北.xlsx (application/vnd.openxmlformats-officedocument.spreadsheetml.sheet)
2026-10-07 21:31:33 [INFO]   找到檔案：20261004排班統計表-台北.xlsx (application/vnd.openxmlformats-officedocument.spreadsheetml.sheet)
2026-10-07 21:31:33 [INFO]   找到檔案：20261103排班統計表-台中 (application/vnd.google-apps.spreadsheet)
2026-10-07 21:31:33 [INFO]   找到檔案：20261103排班統計表-台北 (application/vnd.google-apps.spreadsheet)
2026-10-07 21:31:33 [INFO]   找到檔案：20261003排班統計表-台中 (application/vnd.google-apps.spreadsheet)
2026-10-07 21:31:33 [INFO]   找到檔案：20261003排班統計表-台北 (application/vnd.google-apps.spreadsheet)
2026-10-07 21:31:33 [INFO]   找到檔案：20261103排班統計表-台中.xlsx (application/vnd.openxmlformats-officedocument.spreadsheetml.sheet)
2026-10-07 21:31:33 [INFO]   找到檔案：20261003排班統計表-台中.xlsx (application/vnd.openxmlformats-officedocument.spreadsheetml.sheet)
2026-10-07 21:31:33 [INFO]   找到檔案：20261103排班統計表-台北.xlsx (application/vnd.openxmlformats-officedocument.spreadsheetml.sheet)
2026-10-07 21:31:33 [INFO]   找到檔案：20261003排班統計表-台北.xlsx (application/vnd.openxmlformats-officedocument.spreadsheetml.sheet)
2026-10-07 21:31:33 [INFO]   找到檔案：20261102排班統計表-台中 (application/vnd.google-apps.spreadsheet)
2026-10-07 21:31:33 [INFO]   找到檔案：20261102排班統計表-台北 (application/vnd.google-apps.spreadsheet)
2026-10-07 21:31:33 [INFO]   找到檔案：20261002排班統計表-台中 (application/vnd.google-apps.spreadsheet)
2026-10-07 21:31:33 [INFO]   找到檔案：20261002排班統計表-台北 (application/vnd.google-apps.spreadsheet)
2026-10-07 21:31:33 [INFO]   找到檔案：20261102排班統計表-台中.xlsx (application/vnd.openxmlformats-officedocument.spreadsheetml.sheet)
2026-10-07 21:31:33 [INFO]   找到檔案：20261002排班統計表-台中.xlsx (application/vnd.openxmlformats-officedocument.spreadsheetml.sheet)
2026-10-07 21:31:33 [INFO]   找到檔案：20261102排班統計表-台北.xlsx (application/vnd.openxmlformats-officedocument.spreadsheetml.sheet)
2026-10-07 21:31:33 [INFO]   找到檔案：20261002排班統計表-台北.xlsx (application/vnd.openxmlformats-officedocument.spreadsheetml.sheet)
2026-10-07 21:31:33 [INFO]   找到檔案：20261101排班統計表-台中 (application/vnd.google-apps.spreadsheet)
2026-10-07 21:31:33 [INFO]   找到檔案：20261101排班統計表-台北 (application/vnd.google-apps.spreadsheet)
2026-10-07 21:31:33 [INFO]   找到檔案：20261001排班統計表-台中 (application/vnd.google-apps.spreadsheet)
2026-10-07 21:31:33 [INFO]   找到檔案：20261001排班統計表-台北 (application/vnd.google-apps.spreadsheet)
2026-10-07 21:31:33 [INFO]   找到檔案：20261101排班統計表-台中.xlsx (application/vnd.openxmlformats-officedocument.spreadsheetml.sheet)
2026-10-07 21:31:33 [INFO]   找到檔案：20261001排班統計表-台中.xlsx (application/vnd.openxmlformats-officedocument.spreadsheetml.sheet)
2026-10-07 21:31:33 [INFO]   找到檔案：20261101排班統計表-台北.xlsx (application/vnd.openxmlformats-officedocument.spreadsheetml.sheet)
2026-10-07 21:31:33 [INFO]   找到檔案：20261001排班統計表-台北.xlsx (application/vnd.openxmlformats-officedocument.spreadsheetml.sheet)
2026-10-07 21:31:34 [ERROR] Step 1 失敗：找不到 202610 起、日號 08 的完整台北／台中排班檔配對
2026-10-07 21:31:35 [ERROR] 執行結束（有失敗）：['Step 1: 找不到 202610 起、日號 08 的完整台北／台中排班檔配對']
