開始執行：專員班表
⚠️ 一鍵日排程 secrets TOML 注入失敗：No secrets found. Valid paths for a secrets.toml file or secret directories are: /home/runner/.streamlit/secrets.toml, /home/runner/work/tool-system/tool-system/.streamlit/secrets.toml
⚠️ 一鍵日排程 secrets env 注入失敗：No secrets found. Valid paths for a secrets.toml file or secret directories are: /home/runner/.streamlit/secrets.toml, /home/runner/work/tool-system/tool-system/.streamlit/secrets.toml
OAuth env ready = True
OAuth bootstrap forced = True
Command: Python bootstrap -> /home/runner/work/tool-system/tool-system/tools/scheduled_daily/staff_schedule.py
[2026-10-08 01:11:22] ====================================================
[2026-10-08 01:11:22] staff_schedule.py 開始執行
[2026-10-08 01:11:22] GITHUB_ACTIONS = true
[2026-10-08 01:11:22] PWD = /home/runner/work/tool-system/tool-system
[2026-10-08 01:11:22] LOCAL_OUTPUT_DIR = /Users/jenny/Library/CloudStorage/GoogleDrive-jenny@lemonclean.com.tw/我的雲端硬碟/lemon_Jenny/Jenny@lemon程式/專員班表
[2026-10-08 01:11:22] LOCAL_OUTPUT_DIR exists = False
[2026-10-08 01:11:22] can_use_local_output_dir = False
[2026-10-08 01:11:22] root folder_id = 11O6eKHQ1e3Irqps7Kq1XJOSVVge3pCAc
[2026-10-08 01:11:22] ====================================================
[2026-10-08 01:11:22] Google Drive 初始化成功
[2026-10-08 01:11:23] 📁 使用既有資料夾：專員班表
[2026-10-08 01:11:23] this_month = 2026-10
[2026-10-08 01:11:23] next_month = 2026-11
[2026-10-08 01:11:23] this_date = 20261008
[2026-10-08 01:11:23] next_date = 20261108
[2026-10-08 01:11:23] 專員班表 folder_id = 1V2AUNsT_jzQWawmnBNU_u-e7odYviwEk
[2026-10-08 01:11:23] 帳號數量 = 2
[2026-10-08 01:11:23] 
[2026-10-08 01:11:23] === 開始處理 台北 ===
[2026-10-08 01:11:23] 開始登入：jenny@lemonclean.com.tw
[2026-10-08 01:11:25] 登入成功：jenny@lemonclean.com.tw
[2026-10-08 01:11:25] 開始下載：city=台北 / month=2026-10 / filename=20261008專員班表-台北.xls
[2026-10-08 01:11:28] ✅ 已下載到暫存：/tmp/tmpvvd4oguk/20261008專員班表-台北.xls
[2026-10-08 01:11:28] 📦 檔案大小：134144 bytes
[2026-10-08 01:11:28] 📂 暫存目錄存在：True
[2026-10-08 01:11:28] 📄 暫存檔案存在：True
[2026-10-08 01:11:28] 目前不是 Jenny 本機環境，略過本機存檔
[2026-10-08 01:11:28] Google Drive 初始化成功
[2026-10-08 01:11:28] 準備上傳到 Google Drive：20261008專員班表-台北.xls
[2026-10-08 01:11:30] ☁️ 已上傳新檔：20261008專員班表-台北.xls (file_id=1HGPuwJbWrEywivM-EKL0HAaRyoE8yBfN) https://docs.google.com/spreadsheets/d/1HGPuwJbWrEywivM-EKL0HAaRyoE8yBfN/edit?usp=drivesdk&ouid=101667783075862487943&rtpof=true&sd=true
[2026-10-08 01:11:30] ✅ 完成處理：20261008專員班表-台北.xls
[2026-10-08 01:11:30] 開始下載：city=台北 / month=2026-11 / filename=20261108專員班表-台北.xls
[2026-10-08 01:11:33] ✅ 已下載到暫存：/tmp/tmps21fdwem/20261108專員班表-台北.xls
[2026-10-08 01:11:33] 📦 檔案大小：83456 bytes
[2026-10-08 01:11:33] 📂 暫存目錄存在：True
[2026-10-08 01:11:33] 📄 暫存檔案存在：True
[2026-10-08 01:11:33] 目前不是 Jenny 本機環境，略過本機存檔
[2026-10-08 01:11:33] Google Drive 初始化成功
[2026-10-08 01:11:33] 準備上傳到 Google Drive：20261108專員班表-台北.xls
[2026-10-08 01:11:34] ☁️ 已上傳新檔：20261108專員班表-台北.xls (file_id=1qg9EHGCwEx6O31nP1umGRHrZM62NzFOc) https://docs.google.com/spreadsheets/d/1qg9EHGCwEx6O31nP1umGRHrZM62NzFOc/edit?usp=drivesdk&ouid=101667783075862487943&rtpof=true&sd=true
[2026-10-08 01:11:34] ✅ 完成處理：20261108專員班表-台北.xls
[2026-10-08 01:11:34] ✅ 台北 全部完成
[2026-10-08 01:11:34] 
[2026-10-08 01:11:34] === 開始處理 台中 ===
[2026-10-08 01:11:34] 開始登入：jenny.tc@lemonclean.com.tw
[2026-10-08 01:11:36] 登入成功：jenny.tc@lemonclean.com.tw
[2026-10-08 01:11:36] 開始下載：city=台中 / month=2026-10 / filename=20261008專員班表-台中.xls
[2026-10-08 01:11:37] ✅ 已下載到暫存：/tmp/tmpn1iga3cz/20261008專員班表-台中.xls
[2026-10-08 01:11:37] 📦 檔案大小：25600 bytes
[2026-10-08 01:11:37] 📂 暫存目錄存在：True
[2026-10-08 01:11:37] 📄 暫存檔案存在：True
[2026-10-08 01:11:37] 目前不是 Jenny 本機環境，略過本機存檔
[2026-10-08 01:11:37] Google Drive 初始化成功
[2026-10-08 01:11:37] 準備上傳到 Google Drive：20261008專員班表-台中.xls
[2026-10-08 01:11:40] ☁️ 已上傳新檔：20261008專員班表-台中.xls (file_id=17dQVhwyc1tLbRhhTaHqEFEVRZFbpIJ8o) https://docs.google.com/spreadsheets/d/17dQVhwyc1tLbRhhTaHqEFEVRZFbpIJ8o/edit?usp=drivesdk&ouid=101667783075862487943&rtpof=true&sd=true
[2026-10-08 01:11:40] ✅ 完成處理：20261008專員班表-台中.xls
[2026-10-08 01:11:40] 開始下載：city=台中 / month=2026-11 / filename=20261108專員班表-台中.xls
[2026-10-08 01:11:41] ✅ 已下載到暫存：/tmp/tmp1otjg943/20261108專員班表-台中.xls
[2026-10-08 01:11:41] 📦 檔案大小：22528 bytes
[2026-10-08 01:11:41] 📂 暫存目錄存在：True
[2026-10-08 01:11:41] 📄 暫存檔案存在：True
[2026-10-08 01:11:41] 目前不是 Jenny 本機環境，略過本機存檔
[2026-10-08 01:11:41] Google Drive 初始化成功
[2026-10-08 01:11:41] 準備上傳到 Google Drive：20261108專員班表-台中.xls
[2026-10-08 01:11:42] ☁️ 已上傳新檔：20261108專員班表-台中.xls (file_id=1vWVsFEVZS0h6jtEW2U5WZmtdCAAE93oL) https://docs.google.com/spreadsheets/d/1vWVsFEVZS0h6jtEW2U5WZmtdCAAE93oL/edit?usp=drivesdk&ouid=101667783075862487943&rtpof=true&sd=true
[2026-10-08 01:11:42] ✅ 完成處理：20261108專員班表-台中.xls
[2026-10-08 01:11:42] ✅ 台中 全部完成
[2026-10-08 01:11:42] 🎉 staff_schedule.py 全部完成

完成執行：專員班表
scheduled_daily scheduler 全部完成
