開始執行：當月次月訂單
⚠️ 一鍵日排程 secrets TOML 注入失敗：No secrets found. Valid paths for a secrets.toml file or secret directories are: /home/runner/.streamlit/secrets.toml, /home/runner/work/tool-system/tool-system/.streamlit/secrets.toml
⚠️ 一鍵日排程 secrets env 注入失敗：No secrets found. Valid paths for a secrets.toml file or secret directories are: /home/runner/.streamlit/secrets.toml, /home/runner/work/tool-system/tool-system/.streamlit/secrets.toml
OAuth env ready = True
OAuth bootstrap forced = True
Command: Python bootstrap -> /home/runner/work/tool-system/tool-system/tools/scheduled_daily/orders_report.py
[2026-08-18 01:48:04] ====================================================
[2026-08-18 01:48:04] orders_report.py 開始執行
[2026-08-18 01:48:04] GITHUB_ACTIONS = true
[2026-08-18 01:48:04] PWD = /home/runner/work/tool-system/tool-system
[2026-08-18 01:48:04] LOCAL_OUTPUT_DIR = /Users/jenny/Library/CloudStorage/GoogleDrive-jenny@lemonclean.com.tw/我的雲端硬碟/lemon_Jenny/Jenny@lemon程式/訂單資料
[2026-08-18 01:48:04] LOCAL_OUTPUT_DIR exists = False
[2026-08-18 01:48:04] can_use_local_output_dir = False
[2026-08-18 01:48:04] root folder_id = 11O6eKHQ1e3Irqps7Kq1XJOSVVge3pCAc
[2026-08-18 01:48:04] ====================================================
[2026-08-18 01:48:04] Google Drive 初始化成功
[2026-08-18 01:48:05] 📁 使用既有資料夾：訂單資料
[2026-08-18 01:48:05] 服務日期：2026-08-01 ~ 2026-09-30
[2026-08-18 01:48:05] file_date = 20260818
[2026-08-18 01:48:05] 訂單資料 folder_id = 1o6ROTdseIRKOivgYQt50cNuCZLT3Rpug
[2026-08-18 01:48:05] 帳號數量 = 2
[2026-08-18 01:48:05] 
[2026-08-18 01:48:05] === 開始處理 台北 ===
[2026-08-18 01:48:05] 開始登入：jenny@lemonclean.com.tw
[2026-08-18 01:48:06] 登入成功：jenny@lemonclean.com.tw
[2026-08-18 01:48:06] 開始下載：city=台北 / export_url=https://backend.lemonclean.com.tw/purchase/export_order?clean_date_s=2026-08-01&clean_date_e=2026-09-30&purchase_status=1
[2026-08-18 01:48:20] ✅ 已下載到暫存：/tmp/tmps3lqm5b4/20260818訂單-台北.xls
[2026-08-18 01:48:20] 📦 檔案大小：1637888 bytes
[2026-08-18 01:48:20] 📂 暫存目錄存在：True
[2026-08-18 01:48:20] 📄 暫存檔案存在：True
[2026-08-18 01:48:20] 目前不是 Jenny 本機環境，略過本機存檔
[2026-08-18 01:48:20] Google Drive 初始化成功
[2026-08-18 01:48:20] 準備上傳到 Google Drive：20260818訂單-台北.xls
[2026-08-18 01:48:23] ☁️ 已上傳新檔：20260818訂單-台北.xls (file_id=1okGPZT_LEVY5nvMAY2TFhWwN5kojOskH) https://docs.google.com/spreadsheets/d/1okGPZT_LEVY5nvMAY2TFhWwN5kojOskH/edit?usp=drivesdk&ouid=101667783075862487943&rtpof=true&sd=true
[2026-08-18 01:48:23] ✅ 完成處理：20260818訂單-台北.xls
[2026-08-18 01:48:23] ✅ 台北 完成
[2026-08-18 01:48:23] 
[2026-08-18 01:48:23] === 開始處理 台中 ===
[2026-08-18 01:48:23] 開始登入：jenny.tc@lemonclean.com.tw
[2026-08-18 01:48:24] 登入成功：jenny.tc@lemonclean.com.tw
[2026-08-18 01:48:24] 開始下載：city=台中 / export_url=https://backend.lemonclean.com.tw/purchase/export_order?clean_date_s=2026-08-01&clean_date_e=2026-09-30&purchase_status=1
[2026-08-18 01:48:26] ✅ 已下載到暫存：/tmp/tmp9z8gda4q/20260818訂單-台中.xls
[2026-08-18 01:48:26] 📦 檔案大小：125440 bytes
[2026-08-18 01:48:26] 📂 暫存目錄存在：True
[2026-08-18 01:48:26] 📄 暫存檔案存在：True
[2026-08-18 01:48:26] 目前不是 Jenny 本機環境，略過本機存檔
[2026-08-18 01:48:26] Google Drive 初始化成功
[2026-08-18 01:48:26] 準備上傳到 Google Drive：20260818訂單-台中.xls
[2026-08-18 01:48:29] ☁️ 已上傳新檔：20260818訂單-台中.xls (file_id=1l_yfJdISc0lRVN1lf9mZdJf-cDWfdg4w) https://docs.google.com/spreadsheets/d/1l_yfJdISc0lRVN1lf9mZdJf-cDWfdg4w/edit?usp=drivesdk&ouid=101667783075862487943&rtpof=true&sd=true
[2026-08-18 01:48:29] ✅ 完成處理：20260818訂單-台中.xls
[2026-08-18 01:48:29] ✅ 台中 完成
[2026-08-18 01:48:29] 🎉 orders_report.py 全部完成

完成執行：當月次月訂單
scheduled_daily scheduler 全部完成
