開始執行：排班統計表
⚠️ 一鍵日排程 secrets TOML 注入失敗：No secrets found. Valid paths for a secrets.toml file or secret directories are: /home/runner/.streamlit/secrets.toml, /home/runner/work/tool-system/tool-system/.streamlit/secrets.toml
⚠️ 一鍵日排程 secrets env 注入失敗：No secrets found. Valid paths for a secrets.toml file or secret directories are: /home/runner/.streamlit/secrets.toml, /home/runner/work/tool-system/tool-system/.streamlit/secrets.toml
OAuth env ready = True
OAuth bootstrap forced = True
Command: Python bootstrap -> /home/runner/work/tool-system/tool-system/tools/scheduled_daily/schedule_report.py
[2026-08-18 01:19:00] ====================================================
[2026-08-18 01:19:00] schedule_report.py 開始執行
[2026-08-18 01:19:00] GITHUB_ACTIONS = true
[2026-08-18 01:19:00] PWD = /home/runner/work/tool-system/tool-system
[2026-08-18 01:19:00] LOCAL_OUTPUT_DIR = /Users/jenny/Library/CloudStorage/GoogleDrive-jenny@lemonclean.com.tw/.shortcut-targets-by-id/1zbu45AG1adMzz24HPdi_tLfh2Tncw_Br/排班統計表
[2026-08-18 01:19:00] LOCAL_OUTPUT_DIR exists = False
[2026-08-18 01:19:00] can_use_local_output_dir = False
[2026-08-18 01:19:00] root folder_id = 11O6eKHQ1e3Irqps7Kq1XJOSVVge3pCAc
[2026-08-18 01:19:00] ====================================================
[2026-08-18 01:19:00] Google Drive 初始化成功
[2026-08-18 01:19:01] 📁 使用既有資料夾：排班統計表
[2026-08-18 01:19:01] this_month = 2026-08
[2026-08-18 01:19:01] next_month = 2026-09
[2026-08-18 01:19:01] today_stamp = 20260818
[2026-08-18 01:19:01] next_month_stamp = 20260918
[2026-08-18 01:19:01] 排班統計表 folder_id = 18XDXdrCSsLYwSzz1Da9pQh-jGm2h2Ed8
[2026-08-18 01:19:01] 帳號數量 = 2
[2026-08-18 01:19:01] 
[2026-08-18 01:19:01] === 開始處理 台北 ===
[2026-08-18 01:19:01] 開始登入：jenny@lemonclean.com.tw
[2026-08-18 01:19:02] 登入成功：jenny@lemonclean.com.tw
[2026-08-18 01:19:02] 開始下載：month=2026-08 / filename=20260818排班統計表-台北.xlsx
[2026-08-18 01:19:04] ✅ 已下載到暫存：/tmp/tmpyepb2aj7/20260818排班統計表-台北.xlsx
[2026-08-18 01:19:04] 📦 檔案大小：17920 bytes
[2026-08-18 01:19:04] 📂 暫存目錄存在：True
[2026-08-18 01:19:04] 📄 暫存檔案存在：True
[2026-08-18 01:19:04] 目前不是 Jenny 本機環境，略過本機存檔
[2026-08-18 01:19:04] Google Drive 初始化成功
[2026-08-18 01:19:04] 準備上傳到 Google Drive：20260818排班統計表-台北.xlsx
[2026-08-18 01:19:06] ☁️ 已上傳新檔：20260818排班統計表-台北.xlsx (file_id=1RC8SjLidg57GOrNOmWY16GwqDKBk9YPw) https://docs.google.com/spreadsheets/d/1RC8SjLidg57GOrNOmWY16GwqDKBk9YPw/edit?usp=drivesdk&ouid=101667783075862487943&rtpof=true&sd=true
[2026-08-18 01:19:06] ✅ 完成處理：20260818排班統計表-台北.xlsx
[2026-08-18 01:19:06] 開始下載：month=2026-09 / filename=20260918排班統計表-台北.xlsx
[2026-08-18 01:19:08] ✅ 已下載到暫存：/tmp/tmpr1me5tq9/20260918排班統計表-台北.xlsx
[2026-08-18 01:19:08] 📦 檔案大小：14336 bytes
[2026-08-18 01:19:08] 📂 暫存目錄存在：True
[2026-08-18 01:19:08] 📄 暫存檔案存在：True
[2026-08-18 01:19:08] 目前不是 Jenny 本機環境，略過本機存檔
[2026-08-18 01:19:08] Google Drive 初始化成功
[2026-08-18 01:19:08] 準備上傳到 Google Drive：20260918排班統計表-台北.xlsx
[2026-08-18 01:19:10] ☁️ 已上傳新檔：20260918排班統計表-台北.xlsx (file_id=1tFHdBKTkDeP4xS5sxQcyYL5_rZy8wPP4) https://docs.google.com/spreadsheets/d/1tFHdBKTkDeP4xS5sxQcyYL5_rZy8wPP4/edit?usp=drivesdk&ouid=101667783075862487943&rtpof=true&sd=true
[2026-08-18 01:19:10] ✅ 完成處理：20260918排班統計表-台北.xlsx
[2026-08-18 01:19:10] ✅ 台北 全部完成
[2026-08-18 01:19:10] 
[2026-08-18 01:19:10] === 開始處理 台中 ===
[2026-08-18 01:19:10] 開始登入：jenny.tc@lemonclean.com.tw
[2026-08-18 01:19:11] 登入成功：jenny.tc@lemonclean.com.tw
[2026-08-18 01:19:11] 開始下載：month=2026-08 / filename=20260818排班統計表-台中.xlsx
[2026-08-18 01:19:12] ✅ 已下載到暫存：/tmp/tmpa84y6z98/20260818排班統計表-台中.xlsx
[2026-08-18 01:19:12] 📦 檔案大小：7168 bytes
[2026-08-18 01:19:12] 📂 暫存目錄存在：True
[2026-08-18 01:19:12] 📄 暫存檔案存在：True
[2026-08-18 01:19:12] 目前不是 Jenny 本機環境，略過本機存檔
[2026-08-18 01:19:12] Google Drive 初始化成功
[2026-08-18 01:19:12] 準備上傳到 Google Drive：20260818排班統計表-台中.xlsx
[2026-08-18 01:19:15] ☁️ 已上傳新檔：20260818排班統計表-台中.xlsx (file_id=1wqRyOizCt2_dWEkI3WEHfqMCtMfaWda8) https://docs.google.com/spreadsheets/d/1wqRyOizCt2_dWEkI3WEHfqMCtMfaWda8/edit?usp=drivesdk&ouid=101667783075862487943&rtpof=true&sd=true
[2026-08-18 01:19:15] ✅ 完成處理：20260818排班統計表-台中.xlsx
[2026-08-18 01:19:15] 開始下載：month=2026-09 / filename=20260918排班統計表-台中.xlsx
[2026-08-18 01:19:15] ✅ 已下載到暫存：/tmp/tmp2ya8qmap/20260918排班統計表-台中.xlsx
[2026-08-18 01:19:15] 📦 檔案大小：5632 bytes
[2026-08-18 01:19:15] 📂 暫存目錄存在：True
[2026-08-18 01:19:15] 📄 暫存檔案存在：True
[2026-08-18 01:19:15] 目前不是 Jenny 本機環境，略過本機存檔
[2026-08-18 01:19:15] Google Drive 初始化成功
[2026-08-18 01:19:15] 準備上傳到 Google Drive：20260918排班統計表-台中.xlsx
[2026-08-18 01:19:18] ☁️ 已上傳新檔：20260918排班統計表-台中.xlsx (file_id=1st_7pJb6FHIPCAN6X7bIA8sbDmbJB67z) https://docs.google.com/spreadsheets/d/1st_7pJb6FHIPCAN6X7bIA8sbDmbJB67z/edit?usp=drivesdk&ouid=101667783075862487943&rtpof=true&sd=true
[2026-08-18 01:19:18] ✅ 完成處理：20260918排班統計表-台中.xlsx
[2026-08-18 01:19:18] ✅ 台中 全部完成
[2026-08-18 01:19:18] 🎉 schedule_report.py 全部完成

完成執行：排班統計表
scheduled_daily scheduler 全部完成
