2026-08-17 22:19:42 [INFO] === 客服排程系統 run_id=a0f12734 step=1 台北時間=2026-08-18 06:19:42 ===
2026-08-17 22:19:42 [INFO] 目標試算表 ID 來源：環境變數 SERVICE_TARGET_SPREADSHEET_ID
2026-08-17 22:19:42 [INFO] file_cache is only supported with oauth2client<4.0.0
2026-08-17 22:19:55 [INFO] --- Step1_更新排班統計表 ---
2026-08-17 22:19:57 [INFO] file_cache is only supported with oauth2client<4.0.0
2026-08-17 22:19:58 [INFO] Drive 資料夾找到 68 個檔案
2026-08-17 22:19:58 [INFO]   找到檔案：20260918排班統計表-台中.xlsx (application/vnd.openxmlformats-officedocument.spreadsheetml.sheet)
2026-08-17 22:19:58 [INFO]   找到檔案：20260818排班統計表-台中.xlsx (application/vnd.openxmlformats-officedocument.spreadsheetml.sheet)
2026-08-17 22:19:58 [INFO]   找到檔案：20260918排班統計表-台北.xlsx (application/vnd.openxmlformats-officedocument.spreadsheetml.sheet)
2026-08-17 22:19:58 [INFO]   找到檔案：20260818排班統計表-台北.xlsx (application/vnd.openxmlformats-officedocument.spreadsheetml.sheet)
2026-08-17 22:19:58 [INFO]   找到檔案：20260917排班統計表-台中.xlsx (application/vnd.openxmlformats-officedocument.spreadsheetml.sheet)
2026-08-17 22:19:58 [INFO]   找到檔案：20260817排班統計表-台中.xlsx (application/vnd.openxmlformats-officedocument.spreadsheetml.sheet)
2026-08-17 22:19:58 [INFO]   找到檔案：20260917排班統計表-台北.xlsx (application/vnd.openxmlformats-officedocument.spreadsheetml.sheet)
2026-08-17 22:19:58 [INFO]   找到檔案：20260817排班統計表-台北.xlsx (application/vnd.openxmlformats-officedocument.spreadsheetml.sheet)
2026-08-17 22:19:58 [INFO]   找到檔案：20260917排班統計表-台中 (application/vnd.google-apps.spreadsheet)
2026-08-17 22:19:58 [INFO]   找到檔案：20260917排班統計表-台北 (application/vnd.google-apps.spreadsheet)
2026-08-17 22:19:58 [INFO]   找到檔案：20260817排班統計表-台中 (application/vnd.google-apps.spreadsheet)
2026-08-17 22:19:58 [INFO]   找到檔案：20260817排班統計表-台北 (application/vnd.google-apps.spreadsheet)
2026-08-17 22:19:58 [INFO]   找到檔案：20260916排班統計表-台中 (application/vnd.google-apps.spreadsheet)
2026-08-17 22:19:58 [INFO]   找到檔案：20260916排班統計表-台北 (application/vnd.google-apps.spreadsheet)
2026-08-17 22:19:58 [INFO]   找到檔案：20260816排班統計表-台中 (application/vnd.google-apps.spreadsheet)
2026-08-17 22:19:58 [INFO]   找到檔案：20260816排班統計表-台北 (application/vnd.google-apps.spreadsheet)
2026-08-17 22:19:58 [INFO]   找到檔案：20260916排班統計表-台中.xlsx (application/vnd.openxmlformats-officedocument.spreadsheetml.sheet)
2026-08-17 22:19:58 [INFO]   找到檔案：20260816排班統計表-台中.xlsx (application/vnd.openxmlformats-officedocument.spreadsheetml.sheet)
2026-08-17 22:19:58 [INFO]   找到檔案：20260916排班統計表-台北.xlsx (application/vnd.openxmlformats-officedocument.spreadsheetml.sheet)
2026-08-17 22:19:58 [INFO]   找到檔案：20260816排班統計表-台北.xlsx (application/vnd.openxmlformats-officedocument.spreadsheetml.sheet)
2026-08-17 22:19:58 [INFO]   找到檔案：20260915排班統計表-台中 (application/vnd.google-apps.spreadsheet)
2026-08-17 22:19:58 [INFO]   找到檔案：20260915排班統計表-台北 (application/vnd.google-apps.spreadsheet)
2026-08-17 22:19:58 [INFO]   找到檔案：20260815排班統計表-台中 (application/vnd.google-apps.spreadsheet)
2026-08-17 22:19:58 [INFO]   找到檔案：20260815排班統計表-台北 (application/vnd.google-apps.spreadsheet)
2026-08-17 22:19:58 [INFO]   找到檔案：20260915排班統計表-台中.xlsx (application/vnd.openxmlformats-officedocument.spreadsheetml.sheet)
2026-08-17 22:19:58 [INFO]   找到檔案：20260815排班統計表-台中.xlsx (application/vnd.openxmlformats-officedocument.spreadsheetml.sheet)
2026-08-17 22:19:58 [INFO]   找到檔案：20260915排班統計表-台北.xlsx (application/vnd.openxmlformats-officedocument.spreadsheetml.sheet)
2026-08-17 22:19:58 [INFO]   找到檔案：20260815排班統計表-台北.xlsx (application/vnd.openxmlformats-officedocument.spreadsheetml.sheet)
2026-08-17 22:19:58 [INFO]   找到檔案：20260914排班統計表-台中 (application/vnd.google-apps.spreadsheet)
2026-08-17 22:19:58 [INFO]   找到檔案：20260914排班統計表-台北 (application/vnd.google-apps.spreadsheet)
2026-08-17 22:19:58 [INFO]   找到檔案：20260814排班統計表-台中 (application/vnd.google-apps.spreadsheet)
2026-08-17 22:19:58 [INFO]   找到檔案：20260814排班統計表-台北 (application/vnd.google-apps.spreadsheet)
2026-08-17 22:19:58 [INFO]   找到檔案：20260914排班統計表-台中.xlsx (application/vnd.openxmlformats-officedocument.spreadsheetml.sheet)
2026-08-17 22:19:58 [INFO]   找到檔案：20260814排班統計表-台中.xlsx (application/vnd.openxmlformats-officedocument.spreadsheetml.sheet)
2026-08-17 22:19:58 [INFO]   找到檔案：20260914排班統計表-台北.xlsx (application/vnd.openxmlformats-officedocument.spreadsheetml.sheet)
2026-08-17 22:19:58 [INFO]   找到檔案：20260814排班統計表-台北.xlsx (application/vnd.openxmlformats-officedocument.spreadsheetml.sheet)
2026-08-17 22:19:58 [INFO]   找到檔案：20260913排班統計表-台中 (application/vnd.google-apps.spreadsheet)
2026-08-17 22:19:58 [INFO]   找到檔案：20260913排班統計表-台北 (application/vnd.google-apps.spreadsheet)
2026-08-17 22:19:58 [INFO]   找到檔案：20260813排班統計表-台中 (application/vnd.google-apps.spreadsheet)
2026-08-17 22:19:58 [INFO]   找到檔案：20260813排班統計表-台北 (application/vnd.google-apps.spreadsheet)
2026-08-17 22:19:58 [INFO]   找到檔案：20260913排班統計表-台中.xlsx (application/vnd.openxmlformats-officedocument.spreadsheetml.sheet)
2026-08-17 22:19:58 [INFO]   找到檔案：20260813排班統計表-台中.xlsx (application/vnd.openxmlformats-officedocument.spreadsheetml.sheet)
2026-08-17 22:19:58 [INFO]   找到檔案：20260913排班統計表-台北.xlsx (application/vnd.openxmlformats-officedocument.spreadsheetml.sheet)
2026-08-17 22:19:58 [INFO]   找到檔案：20260813排班統計表-台北.xlsx (application/vnd.openxmlformats-officedocument.spreadsheetml.sheet)
2026-08-17 22:19:58 [INFO]   找到檔案：20260912排班統計表-台中 (application/vnd.google-apps.spreadsheet)
2026-08-17 22:19:58 [INFO]   找到檔案：20260912排班統計表-台北 (application/vnd.google-apps.spreadsheet)
2026-08-17 22:19:58 [INFO]   找到檔案：20260812排班統計表-台中 (application/vnd.google-apps.spreadsheet)
2026-08-17 22:19:58 [INFO]   找到檔案：20260812排班統計表-台北 (application/vnd.google-apps.spreadsheet)
2026-08-17 22:19:58 [INFO]   找到檔案：20260912排班統計表-台中.xlsx (application/vnd.openxmlformats-officedocument.spreadsheetml.sheet)
2026-08-17 22:19:58 [INFO]   找到檔案：20260812排班統計表-台中.xlsx (application/vnd.openxmlformats-officedocument.spreadsheetml.sheet)
2026-08-17 22:19:58 [INFO]   找到檔案：20260912排班統計表-台北.xlsx (application/vnd.openxmlformats-officedocument.spreadsheetml.sheet)
2026-08-17 22:19:58 [INFO]   找到檔案：20260812排班統計表-台北.xlsx (application/vnd.openxmlformats-officedocument.spreadsheetml.sheet)
2026-08-17 22:19:58 [INFO]   找到檔案：20260911排班統計表-台中 (application/vnd.google-apps.spreadsheet)
2026-08-17 22:19:58 [INFO]   找到檔案：20260911排班統計表-台北 (application/vnd.google-apps.spreadsheet)
2026-08-17 22:19:58 [INFO]   找到檔案：20260811排班統計表-台中 (application/vnd.google-apps.spreadsheet)
2026-08-17 22:19:58 [INFO]   找到檔案：20260811排班統計表-台北 (application/vnd.google-apps.spreadsheet)
2026-08-17 22:19:58 [INFO]   找到檔案：20260911排班統計表-台中.xlsx (application/vnd.openxmlformats-officedocument.spreadsheetml.sheet)
2026-08-17 22:19:58 [INFO]   找到檔案：20260811排班統計表-台中.xlsx (application/vnd.openxmlformats-officedocument.spreadsheetml.sheet)
2026-08-17 22:19:58 [INFO]   找到檔案：20260911排班統計表-台北.xlsx (application/vnd.openxmlformats-officedocument.spreadsheetml.sheet)
2026-08-17 22:19:58 [INFO]   找到檔案：20260811排班統計表-台北.xlsx (application/vnd.openxmlformats-officedocument.spreadsheetml.sheet)
2026-08-17 22:19:58 [INFO]   找到檔案：20260910排班統計表-台中 (application/vnd.google-apps.spreadsheet)
2026-08-17 22:19:58 [INFO]   找到檔案：20260910排班統計表-台北 (application/vnd.google-apps.spreadsheet)
2026-08-17 22:19:58 [INFO]   找到檔案：20260810排班統計表-台中 (application/vnd.google-apps.spreadsheet)
2026-08-17 22:19:58 [INFO]   找到檔案：20260810排班統計表-台北 (application/vnd.google-apps.spreadsheet)
2026-08-17 22:19:58 [INFO]   找到檔案：20260910排班統計表-台中.xlsx (application/vnd.openxmlformats-officedocument.spreadsheetml.sheet)
2026-08-17 22:19:58 [INFO]   找到檔案：20260810排班統計表-台中.xlsx (application/vnd.openxmlformats-officedocument.spreadsheetml.sheet)
2026-08-17 22:19:58 [INFO]   找到檔案：20260910排班統計表-台北.xlsx (application/vnd.openxmlformats-officedocument.spreadsheetml.sheet)
2026-08-17 22:19:58 [INFO]   找到檔案：20260810排班統計表-台北.xlsx (application/vnd.openxmlformats-officedocument.spreadsheetml.sheet)
2026-08-17 22:19:58 [INFO] 排班檔確認 OK：{'202608': {'taipei': '20260818排班統計表-台北.xlsx', 'taichung': '20260818排班統計表-台中.xlsx'}, '202609': {'taipei': '20260918排班統計表-台北.xlsx', 'taichung': '20260918排班統計表-台中.xlsx'}}
2026-08-17 22:19:58 [INFO]   匯入：20260818排班統計表-台北.xlsx
2026-08-17 22:19:58 [INFO]   xlsx → Google Sheets：20260818排班統計表-台北
2026-08-17 22:19:59 [INFO] file_cache is only supported with oauth2client<4.0.0
2026-08-17 22:20:05 [INFO]   轉換完成，新 Google Sheets ID：1Ju15IpGWKsal7eXXK6u9EgGOVmTRD3vEqLmH6BLwD6Q
2026-08-17 22:20:06 [INFO]   匯入：20260818排班統計表-台中.xlsx
2026-08-17 22:20:06 [INFO]   xlsx → Google Sheets：20260818排班統計表-台中
2026-08-17 22:20:06 [INFO] file_cache is only supported with oauth2client<4.0.0
2026-08-17 22:20:13 [INFO]   轉換完成，新 Google Sheets ID：1mkTV8GRTyMfObFjy4GKVQX5OjDk0afNUPjcpFqDQc3I
2026-08-17 22:20:15 [INFO]   → 寫入 84 列（起始 R3C7）
2026-08-17 22:20:15 [INFO]   → 寫入 16 列（起始 R3C82）
2026-08-17 22:20:15 [INFO]   匯入：20260918排班統計表-台北.xlsx
2026-08-17 22:20:15 [INFO]   xlsx → Google Sheets：20260918排班統計表-台北
2026-08-17 22:20:16 [INFO] file_cache is only supported with oauth2client<4.0.0
2026-08-17 22:20:24 [INFO]   轉換完成，新 Google Sheets ID：1gNNSbh4Oic1suGCOIt2ZOHqe9gSaE9FNax9FAsZxt3Y
2026-08-17 22:20:25 [INFO]   匯入：20260918排班統計表-台中.xlsx
2026-08-17 22:20:25 [INFO]   xlsx → Google Sheets：20260918排班統計表-台中
2026-08-17 22:20:26 [INFO] file_cache is only supported with oauth2client<4.0.0
2026-08-17 22:20:31 [INFO]   轉換完成，新 Google Sheets ID：1nBNNvCN6z--1A1ewtmFusOyH57f6P-TWbatiMOkKLfE
2026-08-17 22:20:33 [INFO]   → 寫入 61 列（起始 R3C22）
2026-08-17 22:20:34 [INFO]   → 寫入 8 列（起始 R3C97）
2026-08-17 22:20:35 [INFO] Step 1 完成（38.3s）
2026-08-17 22:20:36 [INFO] === 全部完成 run_id=a0f12734（39.3s）===
