開始執行：專員個資
⚠️ 一鍵日排程 secrets TOML 注入失敗：No secrets found. Valid paths for a secrets.toml file or secret directories are: /home/runner/.streamlit/secrets.toml, /home/runner/work/tool-system/tool-system/.streamlit/secrets.toml
⚠️ 一鍵日排程 secrets env 注入失敗：No secrets found. Valid paths for a secrets.toml file or secret directories are: /home/runner/.streamlit/secrets.toml, /home/runner/work/tool-system/tool-system/.streamlit/secrets.toml
OAuth env ready = True
OAuth bootstrap forced = True
Command: Python bootstrap -> /home/runner/work/tool-system/tool-system/tools/scheduled_daily/staff_info.py
[2026-08-18 01:51:41] ====================================================
[2026-08-18 01:51:41] staff_info.py 開始執行
[2026-08-18 01:51:41] GITHUB_ACTIONS = true
[2026-08-18 01:51:41] PWD = /home/runner/work/tool-system/tool-system
[2026-08-18 01:51:41] LOCAL_OUTPUT_DIR = /Users/jenny/Library/CloudStorage/GoogleDrive-jenny@lemonclean.com.tw/我的雲端硬碟/lemon_Jenny/Jenny@lemon程式/專員個資
[2026-08-18 01:51:41] LOCAL_OUTPUT_DIR exists = False
[2026-08-18 01:51:41] can_use_local_output_dir = False
[2026-08-18 01:51:41] root folder_id = 11O6eKHQ1e3Irqps7Kq1XJOSVVge3pCAc
[2026-08-18 01:51:41] ====================================================
[2026-08-18 01:51:41] Google Drive 初始化成功
[2026-08-18 01:51:42] 📁 使用既有資料夾：專員個資
[2026-08-18 01:51:42] today_stamp = 20260818
[2026-08-18 01:51:42] 專員個資 folder_id = 1v1Er8oC3BEAWHbBrDq3SUpjEDwHIuK0f
[2026-08-18 01:51:42] 帳號數量 = 2
[2026-08-18 01:51:42] 
[2026-08-18 01:51:42] === 開始處理 台北 ===
[2026-08-18 01:51:42] 開始登入：jenny@lemonclean.com.tw
[2026-08-18 01:51:43] 登入成功：jenny@lemonclean.com.tw
[2026-08-18 01:51:43] 開始下載：city=台北 / filename=20260818專員個資-台北.xlsx
[2026-08-18 01:51:47] ✅ 已下載到暫存：/tmp/tmpdumxzxv7/20260818專員個資-台北.xlsx
[2026-08-18 01:51:47] 📦 檔案大小：225792 bytes
[2026-08-18 01:51:47] 📂 暫存目錄存在：True
[2026-08-18 01:51:47] 📄 暫存檔案存在：True
[2026-08-18 01:51:47] 目前不是 Jenny 本機環境，略過本機存檔
[2026-08-18 01:51:47] Google Drive 初始化成功
[2026-08-18 01:51:47] 準備上傳到 Google Drive：20260818專員個資-台北.xlsx
[2026-08-18 01:51:50] ☁️ 已上傳新檔：20260818專員個資-台北.xlsx (file_id=1lFlyWODQBI8tTnp1KCpRkz154Y8puS9C) https://docs.google.com/spreadsheets/d/1lFlyWODQBI8tTnp1KCpRkz154Y8puS9C/edit?usp=drivesdk&ouid=101667783075862487943&rtpof=true&sd=true
[2026-08-18 01:51:50] ✅ 完成處理：20260818專員個資-台北.xlsx
[2026-08-18 01:51:50] ✅ 台北 全部完成
[2026-08-18 01:51:50] 
[2026-08-18 01:51:50] === 開始處理 台中 ===
[2026-08-18 01:51:50] 開始登入：jenny.tc@lemonclean.com.tw
[2026-08-18 01:51:51] 登入成功：jenny.tc@lemonclean.com.tw
[2026-08-18 01:51:51] 開始下載：city=台中 / filename=20260818專員個資-台中.xlsx
[2026-08-18 01:51:52] ✅ 已下載到暫存：/tmp/tmpsokl3htm/20260818專員個資-台中.xlsx
[2026-08-18 01:51:52] 📦 檔案大小：59904 bytes
[2026-08-18 01:51:52] 📂 暫存目錄存在：True
[2026-08-18 01:51:52] 📄 暫存檔案存在：True
[2026-08-18 01:51:52] 目前不是 Jenny 本機環境，略過本機存檔
[2026-08-18 01:51:52] Google Drive 初始化成功
[2026-08-18 01:51:52] 準備上傳到 Google Drive：20260818專員個資-台中.xlsx
[2026-08-18 01:51:55] ☁️ 已上傳新檔：20260818專員個資-台中.xlsx (file_id=10x7UUk2jlJBJoUQd1xdHfyTpwHxLlljK) https://docs.google.com/spreadsheets/d/10x7UUk2jlJBJoUQd1xdHfyTpwHxLlljK/edit?usp=drivesdk&ouid=101667783075862487943&rtpof=true&sd=true
[2026-08-18 01:51:55] ✅ 完成處理：20260818專員個資-台中.xlsx
[2026-08-18 01:51:55] ✅ 台中 全部完成
[2026-08-18 01:51:55] 🎉 staff_info.py 全部完成

完成執行：專員個資
scheduled_daily scheduler 全部完成
