開始執行：專員班表
⚠️ 一鍵日排程 secrets TOML 注入失敗：No secrets found. Valid paths for a secrets.toml file or secret directories are: /home/runner/.streamlit/secrets.toml, /home/runner/work/tool-system/tool-system/.streamlit/secrets.toml
⚠️ 一鍵日排程 secrets env 注入失敗：No secrets found. Valid paths for a secrets.toml file or secret directories are: /home/runner/.streamlit/secrets.toml, /home/runner/work/tool-system/tool-system/.streamlit/secrets.toml
OAuth env ready = True
OAuth bootstrap forced = True
Command: Python bootstrap -> /home/runner/work/tool-system/tool-system/tools/scheduled_daily/staff_schedule.py
[2026-08-18 01:39:07] ====================================================
[2026-08-18 01:39:07] staff_schedule.py 開始執行
[2026-08-18 01:39:07] GITHUB_ACTIONS = true
[2026-08-18 01:39:07] PWD = /home/runner/work/tool-system/tool-system
[2026-08-18 01:39:07] LOCAL_OUTPUT_DIR = /Users/jenny/Library/CloudStorage/GoogleDrive-jenny@lemonclean.com.tw/我的雲端硬碟/lemon_Jenny/Jenny@lemon程式/專員班表
[2026-08-18 01:39:07] LOCAL_OUTPUT_DIR exists = False
[2026-08-18 01:39:07] can_use_local_output_dir = False
[2026-08-18 01:39:07] root folder_id = 11O6eKHQ1e3Irqps7Kq1XJOSVVge3pCAc
[2026-08-18 01:39:07] ====================================================
[2026-08-18 01:39:07] Google Drive 初始化成功
[2026-08-18 01:39:08] 📁 使用既有資料夾：專員班表
[2026-08-18 01:39:08] this_month = 2026-08
[2026-08-18 01:39:08] next_month = 2026-09
[2026-08-18 01:39:08] this_date = 20260818
[2026-08-18 01:39:08] next_date = 20260918
[2026-08-18 01:39:08] 專員班表 folder_id = 1V2AUNsT_jzQWawmnBNU_u-e7odYviwEk
[2026-08-18 01:39:08] 帳號數量 = 2
[2026-08-18 01:39:08] 
[2026-08-18 01:39:08] === 開始處理 台北 ===
[2026-08-18 01:39:08] 開始登入：jenny@lemonclean.com.tw
[2026-08-18 01:39:10] 登入成功：jenny@lemonclean.com.tw
[2026-08-18 01:39:10] 開始下載：city=台北 / month=2026-08 / filename=20260818專員班表-台北.xls
[2026-08-18 01:39:15] ✅ 已下載到暫存：/tmp/tmpxwx1ss_1/20260818專員班表-台北.xls
[2026-08-18 01:39:15] 📦 檔案大小：139776 bytes
[2026-08-18 01:39:15] 📂 暫存目錄存在：True
[2026-08-18 01:39:15] 📄 暫存檔案存在：True
[2026-08-18 01:39:15] 目前不是 Jenny 本機環境，略過本機存檔
[2026-08-18 01:39:15] Google Drive 初始化成功
[2026-08-18 01:39:15] 準備上傳到 Google Drive：20260818專員班表-台北.xls
[2026-08-18 01:39:17] ☁️ 已上傳新檔：20260818專員班表-台北.xls (file_id=1mpGzdQJUu3Hb1cG0ec1tEko7HzrsjwLd) https://docs.google.com/spreadsheets/d/1mpGzdQJUu3Hb1cG0ec1tEko7HzrsjwLd/edit?usp=drivesdk&ouid=101667783075862487943&rtpof=true&sd=true
[2026-08-18 01:39:17] ✅ 完成處理：20260818專員班表-台北.xls
[2026-08-18 01:39:17] 開始下載：city=台北 / month=2026-09 / filename=20260918專員班表-台北.xls
[2026-08-18 01:39:21] ✅ 已下載到暫存：/tmp/tmp4mwzyrhr/20260918專員班表-台北.xls
[2026-08-18 01:39:21] 📦 檔案大小：103936 bytes
[2026-08-18 01:39:21] 📂 暫存目錄存在：True
[2026-08-18 01:39:21] 📄 暫存檔案存在：True
[2026-08-18 01:39:21] 目前不是 Jenny 本機環境，略過本機存檔
[2026-08-18 01:39:21] Google Drive 初始化成功
[2026-08-18 01:39:21] 準備上傳到 Google Drive：20260918專員班表-台北.xls
[2026-08-18 01:39:23] ☁️ 已上傳新檔：20260918專員班表-台北.xls (file_id=1IUh2Smpgf3o8Li777iOMuUlJrLuUHfMR) https://docs.google.com/spreadsheets/d/1IUh2Smpgf3o8Li777iOMuUlJrLuUHfMR/edit?usp=drivesdk&ouid=101667783075862487943&rtpof=true&sd=true
[2026-08-18 01:39:23] ✅ 完成處理：20260918專員班表-台北.xls
[2026-08-18 01:39:23] ✅ 台北 全部完成
[2026-08-18 01:39:23] 
[2026-08-18 01:39:23] === 開始處理 台中 ===
[2026-08-18 01:39:23] 開始登入：jenny.tc@lemonclean.com.tw
[2026-08-18 01:39:25] 登入成功：jenny.tc@lemonclean.com.tw
[2026-08-18 01:39:25] 開始下載：city=台中 / month=2026-08 / filename=20260818專員班表-台中.xls
[2026-08-18 01:39:26] ✅ 已下載到暫存：/tmp/tmp1q1dezkt/20260818專員班表-台中.xls
[2026-08-18 01:39:26] 📦 檔案大小：26112 bytes
[2026-08-18 01:39:26] 📂 暫存目錄存在：True
[2026-08-18 01:39:26] 📄 暫存檔案存在：True
[2026-08-18 01:39:26] 目前不是 Jenny 本機環境，略過本機存檔
[2026-08-18 01:39:26] Google Drive 初始化成功
[2026-08-18 01:39:26] 準備上傳到 Google Drive：20260818專員班表-台中.xls
[2026-08-18 01:39:27] ☁️ 已上傳新檔：20260818專員班表-台中.xls (file_id=1jfOxKgrjA-CIGKtjTZ_9_-fCHA4y-CVc) https://docs.google.com/spreadsheets/d/1jfOxKgrjA-CIGKtjTZ_9_-fCHA4y-CVc/edit?usp=drivesdk&ouid=101667783075862487943&rtpof=true&sd=true
[2026-08-18 01:39:27] ✅ 完成處理：20260818專員班表-台中.xls
[2026-08-18 01:39:27] 開始下載：city=台中 / month=2026-09 / filename=20260918專員班表-台中.xls
[2026-08-18 01:39:28] ✅ 已下載到暫存：/tmp/tmpdtekvcez/20260918專員班表-台中.xls
[2026-08-18 01:39:28] 📦 檔案大小：22528 bytes
[2026-08-18 01:39:28] 📂 暫存目錄存在：True
[2026-08-18 01:39:28] 📄 暫存檔案存在：True
[2026-08-18 01:39:28] 目前不是 Jenny 本機環境，略過本機存檔
[2026-08-18 01:39:28] Google Drive 初始化成功
[2026-08-18 01:39:28] 準備上傳到 Google Drive：20260918專員班表-台中.xls
[2026-08-18 01:39:30] ☁️ 已上傳新檔：20260918專員班表-台中.xls (file_id=1zyaPmZ85YIjzfrLN2L6rlBcQAPd5iBVh) https://docs.google.com/spreadsheets/d/1zyaPmZ85YIjzfrLN2L6rlBcQAPd5iBVh/edit?usp=drivesdk&ouid=101667783075862487943&rtpof=true&sd=true
[2026-08-18 01:39:30] ✅ 完成處理：20260918專員班表-台中.xls
[2026-08-18 01:39:30] ✅ 台中 全部完成
[2026-08-18 01:39:30] 🎉 staff_schedule.py 全部完成

完成執行：專員班表
scheduled_daily scheduler 全部完成
