⚠️ 月底清理 Log 寫入失敗：No module named 'tools'
🗑️ 排班統計表：20260930排班統計表-台中
🗑️ 排班統計表：20260930排班統計表-台北
🗑️ 排班統計表：20260830排班統計表-台中
🗑️ 排班統計表：20260830排班統計表-台北
🗑️ 排班統計表：20260930排班統計表-台中.xlsx
🗑️ 排班統計表：20260830排班統計表-台中.xlsx
🗑️ 排班統計表：20260930排班統計表-台北.xlsx
🗑️ 排班統計表：20260830排班統計表-台北.xlsx
🗑️ 排班統計表：20260929排班統計表-台中
🗑️ 排班統計表：20260929排班統計表-台北
🗑️ 排班統計表：20260829排班統計表-台中
🗑️ 排班統計表：20260829排班統計表-台北
🗑️ 排班統計表：20260929排班統計表-台中.xlsx
🗑️ 排班統計表：20260829排班統計表-台中.xlsx
🗑️ 排班統計表：20260929排班統計表-台北.xlsx
🗑️ 排班統計表：20260829排班統計表-台北.xlsx
🗑️ 排班統計表：20260928排班統計表-台中
🗑️ 排班統計表：20260928排班統計表-台北
🗑️ 排班統計表：20260828排班統計表-台中
🗑️ 排班統計表：20260828排班統計表-台北
🗑️ 排班統計表：20260928排班統計表-台中.xlsx
🗑️ 排班統計表：20260828排班統計表-台中.xlsx
🗑️ 排班統計表：20260928排班統計表-台北.xlsx
🗑️ 排班統計表：20260828排班統計表-台北.xlsx
🗑️ 排班統計表：20260927排班統計表-台中
🗑️ 排班統計表：20260927排班統計表-台北
🗑️ 排班統計表：20260827排班統計表-台中
🗑️ 排班統計表：20260827排班統計表-台北
🗑️ 排班統計表：20260927排班統計表-台中.xlsx
🗑️ 排班統計表：20260827排班統計表-台中.xlsx
🗑️ 排班統計表：20260927排班統計表-台北.xlsx
🗑️ 排班統計表：20260827排班統計表-台北.xlsx
🗑️ 排班統計表：20260926排班統計表-台中
🗑️ 排班統計表：20260926排班統計表-台北
🗑️ 排班統計表：20260826排班統計表-台中
🗑️ 排班統計表：20260826排班統計表-台北
🗑️ 排班統計表：20260926排班統計表-台中.xlsx
🗑️ 排班統計表：20260826排班統計表-台中.xlsx
🗑️ 排班統計表：20260926排班統計表-台北.xlsx
🗑️ 排班統計表：20260826排班統計表-台北.xlsx
🗑️ 排班統計表：20260925排班統計表-台中
🗑️ 排班統計表：20260925排班統計表-台北
🗑️ 排班統計表：20260825排班統計表-台中
🗑️ 排班統計表：20260825排班統計表-台北
🗑️ 排班統計表：20260925排班統計表-台中.xlsx
🗑️ 排班統計表：20260825排班統計表-台中.xlsx
🗑️ 排班統計表：20260925排班統計表-台北.xlsx
🗑️ 排班統計表：20260825排班統計表-台北.xlsx
🗑️ 排班統計表：20260924排班統計表-台中
🗑️ 排班統計表：20260924排班統計表-台北
🗑️ 排班統計表：20260824排班統計表-台中
🗑️ 排班統計表：20260824排班統計表-台北
🗑️ 排班統計表：20260924排班統計表-台中.xlsx
🗑️ 排班統計表：20260824排班統計表-台中.xlsx
🗑️ 排班統計表：20260924排班統計表-台北.xlsx
🗑️ 排班統計表：20260824排班統計表-台北.xlsx
🗑️ 排班統計表：20260923排班統計表-台中
🗑️ 排班統計表：20260923排班統計表-台北
🗑️ 排班統計表：20260823排班統計表-台中
🗑️ 排班統計表：20260823排班統計表-台北
🗑️ 排班統計表：20260923排班統計表-台中.xlsx
🗑️ 排班統計表：20260823排班統計表-台中.xlsx
🗑️ 排班統計表：20260923排班統計表-台北.xlsx
🗑️ 排班統計表：20260823排班統計表-台北.xlsx
🗑️ 排班統計表：20260922排班統計表-台中
🗑️ 排班統計表：20260922排班統計表-台北
🗑️ 排班統計表：20260822排班統計表-台中
🗑️ 排班統計表：20260822排班統計表-台北
🗑️ 排班統計表：20260922排班統計表-台中.xlsx
🗑️ 排班統計表：20260822排班統計表-台中.xlsx
🗑️ 排班統計表：20260922排班統計表-台北.xlsx
🗑️ 排班統計表：20260822排班統計表-台北.xlsx
🗑️ 排班統計表：20260921排班統計表-台中
🗑️ 排班統計表：20260921排班統計表-台北
🗑️ 排班統計表：20260821排班統計表-台中
🗑️ 排班統計表：20260821排班統計表-台北
🗑️ 排班統計表：20260921排班統計表-台中.xlsx
🗑️ 排班統計表：20260821排班統計表-台中.xlsx
🗑️ 排班統計表：20260921排班統計表-台北.xlsx
🗑️ 排班統計表：20260821排班統計表-台北.xlsx
🗑️ 排班統計表：20260920排班統計表-台中
🗑️ 排班統計表：20260920排班統計表-台北
🗑️ 排班統計表：20260820排班統計表-台中
🗑️ 排班統計表：20260820排班統計表-台北
🗑️ 排班統計表：20260920排班統計表-台中.xlsx
🗑️ 排班統計表：20260820排班統計表-台中.xlsx
🗑️ 排班統計表：20260920排班統計表-台北.xlsx
🗑️ 排班統計表：20260820排班統計表-台北.xlsx
🗑️ 排班統計表：20260919排班統計表-台中
🗑️ 排班統計表：20260919排班統計表-台北
🗑️ 排班統計表：20260819排班統計表-台中
🗑️ 排班統計表：20260819排班統計表-台北
🗑️ 排班統計表：20260919排班統計表-台中.xlsx
🗑️ 排班統計表：20260819排班統計表-台中.xlsx
🗑️ 排班統計表：20260919排班統計表-台北.xlsx
🗑️ 排班統計表：20260819排班統計表-台北.xlsx
🗑️ 排班統計表：20260918排班統計表-台中
🗑️ 排班統計表：20260918排班統計表-台北
🗑️ 排班統計表：20260818排班統計表-台中
🗑️ 排班統計表：20260818排班統計表-台北
🗑️ 排班統計表：20260918排班統計表-台中.xlsx
🗑️ 排班統計表：20260818排班統計表-台中.xlsx
🗑️ 排班統計表：20260918排班統計表-台北.xlsx
🗑️ 排班統計表：20260818排班統計表-台北.xlsx
🗑️ 排班統計表：20260917排班統計表-台中.xlsx
🗑️ 排班統計表：20260817排班統計表-台中.xlsx
🗑️ 排班統計表：20260917排班統計表-台北.xlsx
🗑️ 排班統計表：20260817排班統計表-台北.xlsx
🗑️ 排班統計表：20260917排班統計表-台中
🗑️ 排班統計表：20260917排班統計表-台北
🗑️ 排班統計表：20260817排班統計表-台中
🗑️ 排班統計表：20260817排班統計表-台北
🗑️ 排班統計表：20260916排班統計表-台中
🗑️ 排班統計表：20260916排班統計表-台北
🗑️ 排班統計表：20260816排班統計表-台中
🗑️ 排班統計表：20260816排班統計表-台北
🗑️ 排班統計表：20260916排班統計表-台中.xlsx
🗑️ 排班統計表：20260816排班統計表-台中.xlsx
🗑️ 排班統計表：20260916排班統計表-台北.xlsx
🗑️ 排班統計表：20260816排班統計表-台北.xlsx
🗑️ 排班統計表：20260915排班統計表-台中
🗑️ 排班統計表：20260915排班統計表-台北
🗑️ 排班統計表：20260815排班統計表-台中
🗑️ 排班統計表：20260815排班統計表-台北
🗑️ 排班統計表：20260915排班統計表-台中.xlsx
🗑️ 排班統計表：20260815排班統計表-台中.xlsx
🗑️ 排班統計表：20260915排班統計表-台北.xlsx
🗑️ 排班統計表：20260815排班統計表-台北.xlsx
🗑️ 排班統計表：20260914排班統計表-台中
🗑️ 排班統計表：20260914排班統計表-台北
🗑️ 排班統計表：20260814排班統計表-台中
🗑️ 排班統計表：20260814排班統計表-台北
🗑️ 排班統計表：20260914排班統計表-台中.xlsx
🗑️ 排班統計表：20260814排班統計表-台中.xlsx
🗑️ 排班統計表：20260914排班統計表-台北.xlsx
🗑️ 排班統計表：20260814排班統計表-台北.xlsx
🗑️ 排班統計表：20260913排班統計表-台中
🗑️ 排班統計表：20260913排班統計表-台北
🗑️ 排班統計表：20260813排班統計表-台中
🗑️ 排班統計表：20260813排班統計表-台北
🗑️ 排班統計表：20260913排班統計表-台中.xlsx
🗑️ 排班統計表：20260813排班統計表-台中.xlsx
🗑️ 排班統計表：20260913排班統計表-台北.xlsx
🗑️ 排班統計表：20260813排班統計表-台北.xlsx
🗑️ 排班統計表：20260912排班統計表-台中
🗑️ 排班統計表：20260912排班統計表-台北
🗑️ 排班統計表：20260812排班統計表-台中
🗑️ 排班統計表：20260812排班統計表-台北
🗑️ 排班統計表：20260912排班統計表-台中.xlsx
🗑️ 排班統計表：20260812排班統計表-台中.xlsx
🗑️ 排班統計表：20260912排班統計表-台北.xlsx
🗑️ 排班統計表：20260812排班統計表-台北.xlsx
🗑️ 排班統計表：20260911排班統計表-台中
🗑️ 排班統計表：20260911排班統計表-台北
🗑️ 排班統計表：20260811排班統計表-台中
🗑️ 排班統計表：20260811排班統計表-台北
🗑️ 排班統計表：20260911排班統計表-台中.xlsx
🗑️ 排班統計表：20260811排班統計表-台中.xlsx
🗑️ 排班統計表：20260911排班統計表-台北.xlsx
🗑️ 排班統計表：20260811排班統計表-台北.xlsx
🗑️ 排班統計表：20260910排班統計表-台中
🗑️ 排班統計表：20260910排班統計表-台北
🗑️ 排班統計表：20260810排班統計表-台中
🗑️ 排班統計表：20260810排班統計表-台北
🗑️ 排班統計表：20260910排班統計表-台中.xlsx
🗑️ 排班統計表：20260810排班統計表-台中.xlsx
🗑️ 排班統計表：20260910排班統計表-台北.xlsx
🗑️ 排班統計表：20260810排班統計表-台北.xlsx
🗑️ 專員班表：20260930專員班表-台中.xls
🗑️ 專員班表：20260830專員班表-台中.xls
🗑️ 專員班表：20260930專員班表-台北.xls
🗑️ 專員班表：20260830專員班表-台北.xls
🗑️ 專員班表：20260929專員班表-台中.xls
🗑️ 專員班表：20260829專員班表-台中.xls
🗑️ 專員班表：20260929專員班表-台北.xls
🗑️ 專員班表：20260829專員班表-台北.xls
🗑️ 專員班表：20260928專員班表-台中.xls
🗑️ 專員班表：20260828專員班表-台中.xls
🗑️ 專員班表：20260928專員班表-台北.xls
🗑️ 專員班表：20260828專員班表-台北.xls
🗑️ 專員班表：20260927專員班表-台中.xls
🗑️ 專員班表：20260827專員班表-台中.xls
🗑️ 專員班表：20260927專員班表-台北.xls
🗑️ 專員班表：20260827專員班表-台北.xls
🗑️ 專員班表：20260926專員班表-台中.xls
🗑️ 專員班表：20260826專員班表-台中.xls
🗑️ 專員班表：20260926專員班表-台北.xls
🗑️ 專員班表：20260826專員班表-台北.xls
🗑️ 專員班表：20260925專員班表-台中.xls
🗑️ 專員班表：20260825專員班表-台中.xls
🗑️ 專員班表：20260925專員班表-台北.xls
🗑️ 專員班表：20260825專員班表-台北.xls
🗑️ 專員班表：20260924專員班表-台中.xls
🗑️ 專員班表：20260824專員班表-台中.xls
🗑️ 專員班表：20260924專員班表-台北.xls
🗑️ 專員班表：20260824專員班表-台北.xls
🗑️ 專員班表：20260923專員班表-台中.xls
🗑️ 專員班表：20260823專員班表-台中.xls
🗑️ 專員班表：20260923專員班表-台北.xls
🗑️ 專員班表：20260823專員班表-台北.xls
🗑️ 專員班表：20260922專員班表-台中.xls
🗑️ 專員班表：20260822專員班表-台中.xls
🗑️ 專員班表：20260922專員班表-台北.xls
🗑️ 專員班表：20260822專員班表-台北.xls
🗑️ 專員班表：20260921專員班表-台中.xls
🗑️ 專員班表：20260821專員班表-台中.xls
🗑️ 專員班表：20260921專員班表-台北.xls
🗑️ 專員班表：20260821專員班表-台北.xls
🗑️ 專員班表：20260920專員班表-台中.xls
🗑️ 專員班表：20260820專員班表-台中.xls
🗑️ 專員班表：20260920專員班表-台北.xls
🗑️ 專員班表：20260820專員班表-台北.xls
🗑️ 專員班表：20260919專員班表-台中.xls
🗑️ 專員班表：20260819專員班表-台中.xls
🗑️ 專員班表：20260919專員班表-台北.xls
🗑️ 專員班表：20260819專員班表-台北.xls
🗑️ 專員班表：20260918專員班表-台中.xls
🗑️ 專員班表：20260818專員班表-台中.xls
🗑️ 專員班表：20260918專員班表-台北.xls
🗑️ 專員班表：20260818專員班表-台北.xls
🗑️ 專員班表：20260917專員班表-台中.xls
🗑️ 專員班表：20260817專員班表-台中.xls
🗑️ 專員班表：20260917專員班表-台北.xls
🗑️ 專員班表：20260817專員班表-台北.xls
🗑️ 專員班表：20260916專員班表-台中.xls
🗑️ 專員班表：20260816專員班表-台中.xls
🗑️ 專員班表：20260916專員班表-台北.xls
🗑️ 專員班表：20260816專員班表-台北.xls
🗑️ 專員班表：20260915專員班表-台中.xls
🗑️ 專員班表：20260815專員班表-台中.xls
🗑️ 專員班表：20260915專員班表-台北.xls
🗑️ 專員班表：20260815專員班表-台北.xls
🗑️ 專員班表：20260914專員班表-台中.xls
🗑️ 專員班表：20260814專員班表-台中.xls
🗑️ 專員班表：20260914專員班表-台北.xls
🗑️ 專員班表：20260814專員班表-台北.xls
🗑️ 專員班表：20260913專員班表-台中.xls
🗑️ 專員班表：20260813專員班表-台中.xls
🗑️ 專員班表：20260913專員班表-台北.xls
🗑️ 專員班表：20260813專員班表-台北.xls
🗑️ 專員班表：20260912專員班表-台中.xls
🗑️ 專員班表：20260812專員班表-台中.xls
🗑️ 專員班表：20260912專員班表-台北.xls
🗑️ 專員班表：20260812專員班表-台北.xls
🗑️ 專員班表：20260911專員班表-台中.xls
🗑️ 專員班表：20260811專員班表-台中.xls
🗑️ 專員班表：20260911專員班表-台北.xls
🗑️ 專員班表：20260811專員班表-台北.xls
🗑️ 專員班表：20260910專員班表-台中.xls
🗑️ 專員班表：20260810專員班表-台中.xls
🗑️ 專員班表：20260910專員班表-台北.xls
🗑️ 專員班表：20260810專員班表-台北.xls
🗑️ 專員班表：20260909專員班表-台中.xls
🗑️ 專員班表：20260809專員班表-台中.xls
🗑️ 專員班表：20260909專員班表-台北.xls
🗑️ 專員班表：20260809專員班表-台北.xls
🗑️ 專員個資：20260830專員個資-台中.xlsx
🗑️ 專員個資：20260830專員個資-台北.xlsx
🗑️ 專員個資：20260829專員個資-台中.xlsx
🗑️ 專員個資：20260829專員個資-台北.xlsx
🗑️ 專員個資：20260828專員個資-台中.xlsx
🗑️ 專員個資：20260828專員個資-台北.xlsx
🗑️ 專員個資：20260827專員個資-台中.xlsx
🗑️ 專員個資：20260827專員個資-台北.xlsx
🗑️ 專員個資：20260826專員個資-台中.xlsx
🗑️ 專員個資：20260826專員個資-台北.xlsx
🗑️ 專員個資：20260825專員個資-台中.xlsx
🗑️ 專員個資：20260825專員個資-台北.xlsx
🗑️ 專員個資：20260824專員個資-台中.xlsx
🗑️ 專員個資：20260824專員個資-台北.xlsx
🗑️ 專員個資：20260823專員個資-台中.xlsx
🗑️ 專員個資：20260823專員個資-台北.xlsx
🗑️ 專員個資：20260822專員個資-台中.xlsx
🗑️ 專員個資：20260822專員個資-台北.xlsx
🗑️ 專員個資：20260821專員個資-台中.xlsx
🗑️ 專員個資：20260821專員個資-台北.xlsx
🗑️ 專員個資：20260820專員個資-台中.xlsx
🗑️ 專員個資：20260820專員個資-台北.xlsx
🗑️ 專員個資：20260819專員個資-台中.xlsx
🗑️ 專員個資：20260819專員個資-台北.xlsx
🗑️ 專員個資：20260818專員個資-台中.xlsx
🗑️ 專員個資：20260818專員個資-台北.xlsx
🗑️ 專員個資：20260817專員個資-台中.xlsx
🗑️ 專員個資：20260817專員個資-台北.xlsx
🗑️ 專員個資：20260816專員個資-台中.xlsx
🗑️ 專員個資：20260816專員個資-台北.xlsx
🗑️ 專員個資：20260815專員個資-台中.xlsx
🗑️ 專員個資：20260815專員個資-台北.xlsx
🗑️ 專員個資：20260814專員個資-台中.xlsx
🗑️ 專員個資：20260814專員個資-台北.xlsx
🗑️ 專員個資：20260813專員個資-台中.xlsx
🗑️ 專員個資：20260813專員個資-台北.xlsx
🗑️ 專員個資：20260812專員個資-台中.xlsx
🗑️ 專員個資：20260812專員個資-台北.xlsx
🗑️ 專員個資：20260811專員個資-台中.xlsx
🗑️ 專員個資：20260811專員個資-台北.xlsx
🗑️ 專員個資：20260810專員個資-台中.xlsx
🗑️ 專員個資：20260810專員個資-台北.xlsx
🗑️ 專員個資：20260809專員個資-台中.xlsx
🗑️ 專員個資：20260809專員個資-台北.xlsx
🗑️ 訂單資料：20260830訂單-台中.xls
🗑️ 訂單資料：20260830訂單-台北.xls
🗑️ 訂單資料：20260829訂單-台中.xls
🗑️ 訂單資料：20260829訂單-台北.xls
🗑️ 訂單資料：20260828訂單-台中.xls
🗑️ 訂單資料：20260828訂單-台北.xls
🗑️ 訂單資料：20260827訂單-台中.xls
🗑️ 訂單資料：20260827訂單-台北.xls
🗑️ 訂單資料：20260826訂單-台中.xls
🗑️ 訂單資料：20260826訂單-台北.xls
🗑️ 訂單資料：20260825訂單-台中.xls
🗑️ 訂單資料：20260825訂單-台北.xls
🗑️ 訂單資料：20260824訂單-台中.xls
🗑️ 訂單資料：20260824訂單-台北.xls
🗑️ 訂單資料：20260823訂單-台中.xls
🗑️ 訂單資料：20260823訂單-台北.xls
🗑️ 訂單資料：20260822訂單-台中.xls
🗑️ 訂單資料：20260822訂單-台北.xls
🗑️ 訂單資料：20260821訂單-台中.xls
🗑️ 訂單資料：20260821訂單-台北.xls
🗑️ 訂單資料：20260820訂單-台中.xls
🗑️ 訂單資料：20260820訂單-台北.xls
🗑️ 訂單資料：20260819訂單-台中.xls
🗑️ 訂單資料：20260819訂單-台北.xls
🗑️ 訂單資料：20260818訂單-台中.xls
🗑️ 訂單資料：20260818訂單-台北.xls
🗑️ 訂單資料：20260817訂單-台中.xls
🗑️ 訂單資料：20260817訂單-台北.xls
🗑️ 訂單資料：20260816訂單-台中.xls
🗑️ 訂單資料：20260816訂單-台北.xls
🗑️ 訂單資料：20260815訂單-台中.xls
🗑️ 訂單資料：20260815訂單-台北.xls
🗑️ 訂單資料：20260814訂單-台中.xls
🗑️ 訂單資料：20260814訂單-台北.xls
🗑️ 訂單資料：20260813訂單-台中.xls
🗑️ 訂單資料：20260813訂單-台北.xls
🗑️ 訂單資料：20260812訂單-台中.xls
🗑️ 訂單資料：20260812訂單-台北.xls
🗑️ 訂單資料：20260811訂單-台中.xls
🗑️ 訂單資料：20260811訂單-台北.xls
🗑️ 訂單資料：20260810訂單-台中.xls
🗑️ 訂單資料：20260810訂單-台北.xls
🗑️ 訂單資料：20260809訂單-台中.xls
🗑️ 訂單資料：20260809訂單-台北.xls
⚠️ 月底清理 Log 寫入失敗：No module named 'tools'
✅ 月底清理完成：排班統計表 168 個；專員班表 88 個；專員個資 44 個；訂單資料 44 個；共 344 個
{"skipped": false, "counts": {"排班統計表": 168, "專員班表": 88, "專員個資": 44, "訂單資料": 44}, "total": 344}
