2026-08-31 00:10:24 [INFO] === 客服排程系統 run_id=fc3b6309 step=1 台北時間=2026-08-31 08:10:24 ===
2026-08-31 00:10:24 [INFO] 目標試算表 ID 來源：環境變數 SERVICE_TARGET_SPREADSHEET_ID
2026-08-31 00:10:24 [INFO] file_cache is only supported with oauth2client<4.0.0
2026-08-31 00:10:40 [INFO] --- Step1_更新排班統計表 ---
2026-08-31 00:10:41 [INFO] file_cache is only supported with oauth2client<4.0.0
2026-08-31 00:10:41 [INFO] Drive 資料夾找到 4 個檔案
2026-08-31 00:10:41 [INFO]   找到檔案：20260931排班統計表-台中.xlsx (application/vnd.openxmlformats-officedocument.spreadsheetml.sheet)
2026-08-31 00:10:41 [INFO]   找到檔案：20260831排班統計表-台中.xlsx (application/vnd.openxmlformats-officedocument.spreadsheetml.sheet)
2026-08-31 00:10:41 [INFO]   找到檔案：20260931排班統計表-台北.xlsx (application/vnd.openxmlformats-officedocument.spreadsheetml.sheet)
2026-08-31 00:10:41 [INFO]   找到檔案：20260831排班統計表-台北.xlsx (application/vnd.openxmlformats-officedocument.spreadsheetml.sheet)
2026-08-31 00:10:41 [INFO] 排班檔確認 OK：{'202608': {'taipei': '20260831排班統計表-台北.xlsx', 'taichung': '20260831排班統計表-台中.xlsx'}, '202609': {'taipei': '20260931排班統計表-台北.xlsx', 'taichung': '20260931排班統計表-台中.xlsx'}}
2026-08-31 00:10:42 [INFO]   匯入：20260831排班統計表-台北.xlsx
2026-08-31 00:10:42 [INFO]   xlsx → Google Sheets：20260831排班統計表-台北
2026-08-31 00:10:42 [INFO] file_cache is only supported with oauth2client<4.0.0
2026-08-31 00:10:48 [INFO]   轉換完成，新 Google Sheets ID：1W1rt-E_jl4fJKNdfJQTFaZtMFVzpXbwoOKvLHnEyRGU
2026-08-31 00:10:49 [INFO]   匯入：20260831排班統計表-台中.xlsx
2026-08-31 00:10:49 [INFO]   xlsx → Google Sheets：20260831排班統計表-台中
2026-08-31 00:10:50 [INFO] file_cache is only supported with oauth2client<4.0.0
2026-08-31 00:10:55 [INFO]   轉換完成，新 Google Sheets ID：1ugm2VQA-r0g6rTM8VO6VW73jNsUo909iwkFK8G7Pnmk
2026-08-31 00:10:57 [INFO]   → 寫入 89 列（起始 R3C7）
2026-08-31 00:10:57 [INFO]   → 寫入 16 列（起始 R3C82）
2026-08-31 00:10:57 [INFO]   匯入：20260931排班統計表-台北.xlsx
2026-08-31 00:10:57 [INFO]   xlsx → Google Sheets：20260931排班統計表-台北
2026-08-31 00:10:57 [INFO] file_cache is only supported with oauth2client<4.0.0
2026-08-31 00:11:03 [INFO]   轉換完成，新 Google Sheets ID：1Aloj9hEzq6XY49vloK34HkgUyGxFfKolK4LI3vNWbfk
2026-08-31 00:11:03 [INFO]   匯入：20260931排班統計表-台中.xlsx
2026-08-31 00:11:03 [INFO]   xlsx → Google Sheets：20260931排班統計表-台中
2026-08-31 00:11:04 [INFO] file_cache is only supported with oauth2client<4.0.0
2026-08-31 00:11:11 [INFO]   轉換完成，新 Google Sheets ID：1nWF6_gZfZtRJ8kfGoyDZF_b43XYlVn7vTuk6LN37iIQ
2026-08-31 00:11:12 [INFO]   → 寫入 72 列（起始 R3C22）
2026-08-31 00:11:12 [INFO]   → 寫入 11 列（起始 R3C97）
2026-08-31 00:11:13 [INFO] Step 1 完成（31.9s）
2026-08-31 00:11:14 [INFO] === 全部完成 run_id=fc3b6309（32.7s）===
