開始執行：當月次月訂單
⚠️ 一鍵日排程 secrets TOML 注入失敗：No secrets found. Valid paths for a secrets.toml file or secret directories are: /home/runner/.streamlit/secrets.toml, /home/runner/work/tool-system/tool-system/.streamlit/secrets.toml
⚠️ 一鍵日排程 secrets env 注入失敗：No secrets found. Valid paths for a secrets.toml file or secret directories are: /home/runner/.streamlit/secrets.toml, /home/runner/work/tool-system/tool-system/.streamlit/secrets.toml
OAuth env ready = True
OAuth bootstrap forced = True
Command: Python bootstrap -> /home/runner/work/tool-system/tool-system/tools/scheduled_daily/orders_report.py
[2026-09-14 03:31:38] ====================================================
[2026-09-14 03:31:38] orders_report.py 開始執行
[2026-09-14 03:31:38] GITHUB_ACTIONS = true
[2026-09-14 03:31:38] PWD = /home/runner/work/tool-system/tool-system
[2026-09-14 03:31:38] LOCAL_OUTPUT_DIR = /Users/jenny/Library/CloudStorage/GoogleDrive-jenny@lemonclean.com.tw/我的雲端硬碟/lemon_Jenny/Jenny@lemon程式/訂單資料
[2026-09-14 03:31:38] LOCAL_OUTPUT_DIR exists = False
[2026-09-14 03:31:38] can_use_local_output_dir = False
[2026-09-14 03:31:38] root folder_id = 11O6eKHQ1e3Irqps7Kq1XJOSVVge3pCAc
[2026-09-14 03:31:38] ====================================================
[2026-09-14 03:31:38] Google Drive 初始化成功
[2026-09-14 03:31:38] 📁 使用既有資料夾：訂單資料
[2026-09-14 03:31:38] 服務日期：2026-09-01 ~ 2026-10-31
[2026-09-14 03:31:38] file_date = 20260914
[2026-09-14 03:31:38] 訂單資料 folder_id = 1o6ROTdseIRKOivgYQt50cNuCZLT3Rpug
[2026-09-14 03:31:38] 帳號數量 = 2
[2026-09-14 03:31:38] 
[2026-09-14 03:31:38] === 開始處理 台北 ===
[2026-09-14 03:31:38] 開始登入：jenny@lemonclean.com.tw
[2026-09-14 03:31:39] 登入成功：jenny@lemonclean.com.tw
[2026-09-14 03:31:39] 開始下載：city=台北 / export_url=https://backend.lemonclean.com.tw/purchase/export_order?clean_date_s=2026-09-01&clean_date_e=2026-10-31&purchase_status=1
[2026-09-14 03:31:50] ✅ 已下載到暫存：/tmp/tmpahme06e9/20260914訂單-台北.xls
[2026-09-14 03:31:50] 📦 檔案大小：1502720 bytes
[2026-09-14 03:31:50] 📂 暫存目錄存在：True
[2026-09-14 03:31:50] 📄 暫存檔案存在：True
[2026-09-14 03:31:50] 目前不是 Jenny 本機環境，略過本機存檔
[2026-09-14 03:31:50] Google Drive 初始化成功
[2026-09-14 03:31:50] 準備上傳到 Google Drive：20260914訂單-台北.xls
[2026-09-14 03:31:53] ☁️ 已上傳新檔：20260914訂單-台北.xls (file_id=1JOBJaxwzFNqpuPHzUj-U4Yr2VHt0OhoD) https://docs.google.com/spreadsheets/d/1JOBJaxwzFNqpuPHzUj-U4Yr2VHt0OhoD/edit?usp=drivesdk&ouid=101667783075862487943&rtpof=true&sd=true
[2026-09-14 03:31:53] ✅ 完成處理：20260914訂單-台北.xls
[2026-09-14 03:31:53] ✅ 台北 完成
[2026-09-14 03:31:53] 
[2026-09-14 03:31:53] === 開始處理 台中 ===
[2026-09-14 03:31:53] 開始登入：jenny.tc@lemonclean.com.tw
[2026-09-14 03:31:54] 登入成功：jenny.tc@lemonclean.com.tw
[2026-09-14 03:31:54] 開始下載：city=台中 / export_url=https://backend.lemonclean.com.tw/purchase/export_order?clean_date_s=2026-09-01&clean_date_e=2026-10-31&purchase_status=1
[2026-09-14 03:31:56] ✅ 已下載到暫存：/tmp/tmpkurtz3p3/20260914訂單-台中.xls
[2026-09-14 03:31:56] 📦 檔案大小：128512 bytes
[2026-09-14 03:31:56] 📂 暫存目錄存在：True
[2026-09-14 03:31:56] 📄 暫存檔案存在：True
[2026-09-14 03:31:56] 目前不是 Jenny 本機環境，略過本機存檔
[2026-09-14 03:31:56] Google Drive 初始化成功
[2026-09-14 03:31:56] 準備上傳到 Google Drive：20260914訂單-台中.xls
[2026-09-14 03:31:58] ☁️ 已上傳新檔：20260914訂單-台中.xls (file_id=1sqK9rPYAGkGQnrVVOqnj6URelhejMk0z) https://docs.google.com/spreadsheets/d/1sqK9rPYAGkGQnrVVOqnj6URelhejMk0z/edit?usp=drivesdk&ouid=101667783075862487943&rtpof=true&sd=true
[2026-09-14 03:31:58] ✅ 完成處理：20260914訂單-台中.xls
[2026-09-14 03:31:58] ✅ 台中 完成
[2026-09-14 03:31:58] 🎉 orders_report.py 全部完成

完成執行：當月次月訂單
scheduled_daily scheduler 全部完成
