開始執行：排班統計表
⚠️ 一鍵日排程 secrets TOML 注入失敗：No secrets found. Valid paths for a secrets.toml file or secret directories are: /home/runner/.streamlit/secrets.toml, /home/runner/work/tool-system/tool-system/.streamlit/secrets.toml
⚠️ 一鍵日排程 secrets env 注入失敗：No secrets found. Valid paths for a secrets.toml file or secret directories are: /home/runner/.streamlit/secrets.toml, /home/runner/work/tool-system/tool-system/.streamlit/secrets.toml
OAuth env ready = True
OAuth bootstrap forced = True
Command: Python bootstrap -> /home/runner/work/tool-system/tool-system/tools/scheduled_daily/schedule_report.py
[2026-09-14 03:07:59] ====================================================
[2026-09-14 03:07:59] schedule_report.py 開始執行
[2026-09-14 03:07:59] GITHUB_ACTIONS = true
[2026-09-14 03:07:59] PWD = /home/runner/work/tool-system/tool-system
[2026-09-14 03:07:59] LOCAL_OUTPUT_DIR = /Users/jenny/Library/CloudStorage/GoogleDrive-jenny@lemonclean.com.tw/.shortcut-targets-by-id/1zbu45AG1adMzz24HPdi_tLfh2Tncw_Br/排班統計表
[2026-09-14 03:07:59] LOCAL_OUTPUT_DIR exists = False
[2026-09-14 03:07:59] can_use_local_output_dir = False
[2026-09-14 03:07:59] root folder_id = 11O6eKHQ1e3Irqps7Kq1XJOSVVge3pCAc
[2026-09-14 03:07:59] ====================================================
[2026-09-14 03:07:59] Google Drive 初始化成功
[2026-09-14 03:08:00] 📁 使用既有資料夾：排班統計表
[2026-09-14 03:08:00] this_month = 2026-09
[2026-09-14 03:08:00] next_month = 2026-10
[2026-09-14 03:08:00] today_stamp = 20260914
[2026-09-14 03:08:00] next_month_stamp = 20261014
[2026-09-14 03:08:00] 排班統計表 folder_id = 18XDXdrCSsLYwSzz1Da9pQh-jGm2h2Ed8
[2026-09-14 03:08:00] 帳號數量 = 2
[2026-09-14 03:08:00] 
[2026-09-14 03:08:00] === 開始處理 台北 ===
[2026-09-14 03:08:00] 開始登入：jenny@lemonclean.com.tw
[2026-09-14 03:08:01] 登入成功：jenny@lemonclean.com.tw
[2026-09-14 03:08:01] 開始下載：month=2026-09 / filename=20260914排班統計表-台北.xlsx
[2026-09-14 03:08:02] ✅ 已下載到暫存：/tmp/tmpqkwjfh7i/20260914排班統計表-台北.xlsx
[2026-09-14 03:08:02] 📦 檔案大小：17408 bytes
[2026-09-14 03:08:02] 📂 暫存目錄存在：True
[2026-09-14 03:08:02] 📄 暫存檔案存在：True
[2026-09-14 03:08:02] 目前不是 Jenny 本機環境，略過本機存檔
[2026-09-14 03:08:02] Google Drive 初始化成功
[2026-09-14 03:08:02] 準備上傳到 Google Drive：20260914排班統計表-台北.xlsx
[2026-09-14 03:08:05] ☁️ 已上傳新檔：20260914排班統計表-台北.xlsx (file_id=1ozIS3UIRatfWihrcD8w_93MaiBtoj4xH) https://docs.google.com/spreadsheets/d/1ozIS3UIRatfWihrcD8w_93MaiBtoj4xH/edit?usp=drivesdk&ouid=101667783075862487943&rtpof=true&sd=true
[2026-09-14 03:08:05] ✅ 完成處理：20260914排班統計表-台北.xlsx
[2026-09-14 03:08:05] 開始下載：month=2026-10 / filename=20261014排班統計表-台北.xlsx
[2026-09-14 03:08:06] ✅ 已下載到暫存：/tmp/tmpqfduz3o7/20261014排班統計表-台北.xlsx
[2026-09-14 03:08:06] 📦 檔案大小：15360 bytes
[2026-09-14 03:08:06] 📂 暫存目錄存在：True
[2026-09-14 03:08:06] 📄 暫存檔案存在：True
[2026-09-14 03:08:06] 目前不是 Jenny 本機環境，略過本機存檔
[2026-09-14 03:08:06] Google Drive 初始化成功
[2026-09-14 03:08:06] 準備上傳到 Google Drive：20261014排班統計表-台北.xlsx
[2026-09-14 03:08:08] ☁️ 已上傳新檔：20261014排班統計表-台北.xlsx (file_id=1zw55NkrFaginhk2JrngmZQciCBpJv5sk) https://docs.google.com/spreadsheets/d/1zw55NkrFaginhk2JrngmZQciCBpJv5sk/edit?usp=drivesdk&ouid=101667783075862487943&rtpof=true&sd=true
[2026-09-14 03:08:08] ✅ 完成處理：20261014排班統計表-台北.xlsx
[2026-09-14 03:08:08] ✅ 台北 全部完成
[2026-09-14 03:08:08] 
[2026-09-14 03:08:08] === 開始處理 台中 ===
[2026-09-14 03:08:08] 開始登入：jenny.tc@lemonclean.com.tw
[2026-09-14 03:08:09] 登入成功：jenny.tc@lemonclean.com.tw
[2026-09-14 03:08:09] 開始下載：month=2026-09 / filename=20260914排班統計表-台中.xlsx
[2026-09-14 03:08:09] ✅ 已下載到暫存：/tmp/tmp1885was9/20260914排班統計表-台中.xlsx
[2026-09-14 03:08:09] 📦 檔案大小：6144 bytes
[2026-09-14 03:08:09] 📂 暫存目錄存在：True
[2026-09-14 03:08:09] 📄 暫存檔案存在：True
[2026-09-14 03:08:09] 目前不是 Jenny 本機環境，略過本機存檔
[2026-09-14 03:08:09] Google Drive 初始化成功
[2026-09-14 03:08:09] 準備上傳到 Google Drive：20260914排班統計表-台中.xlsx
[2026-09-14 03:08:12] ☁️ 已上傳新檔：20260914排班統計表-台中.xlsx (file_id=1a_bHnwGOYVwlaZ894Z3YQdRZvtSomYJ8) https://docs.google.com/spreadsheets/d/1a_bHnwGOYVwlaZ894Z3YQdRZvtSomYJ8/edit?usp=drivesdk&ouid=101667783075862487943&rtpof=true&sd=true
[2026-09-14 03:08:12] ✅ 完成處理：20260914排班統計表-台中.xlsx
[2026-09-14 03:08:12] 開始下載：month=2026-10 / filename=20261014排班統計表-台中.xlsx
[2026-09-14 03:08:12] ✅ 已下載到暫存：/tmp/tmpnq0h3c3m/20261014排班統計表-台中.xlsx
[2026-09-14 03:08:12] 📦 檔案大小：5632 bytes
[2026-09-14 03:08:12] 📂 暫存目錄存在：True
[2026-09-14 03:08:12] 📄 暫存檔案存在：True
[2026-09-14 03:08:12] 目前不是 Jenny 本機環境，略過本機存檔
[2026-09-14 03:08:12] Google Drive 初始化成功
[2026-09-14 03:08:12] 準備上傳到 Google Drive：20261014排班統計表-台中.xlsx
[2026-09-14 03:08:14] ☁️ 已上傳新檔：20261014排班統計表-台中.xlsx (file_id=1lyMOaOHXw_IVUP0uJGgIvLqtxRK4i28w) https://docs.google.com/spreadsheets/d/1lyMOaOHXw_IVUP0uJGgIvLqtxRK4i28w/edit?usp=drivesdk&ouid=101667783075862487943&rtpof=true&sd=true
[2026-09-14 03:08:14] ✅ 完成處理：20261014排班統計表-台中.xlsx
[2026-09-14 03:08:14] ✅ 台中 全部完成
[2026-09-14 03:08:14] 🎉 schedule_report.py 全部完成

完成執行：排班統計表
scheduled_daily scheduler 全部完成
