[config] spreadsheet_id='1nNAXy6rvBnGR8ACnqKKzKNA4-UwZtZp47i806EPmR_8'
2026-08-01 22:51:37 [INFO] 目標試算表 ID 來源：主控試算表系統設定
2026-08-01 22:51:37 [INFO] === 客服排程系統 run_id=834e4ec8 step=3 台北時間=2026-08-02 06:51:36 ===
2026-08-01 22:51:37 [INFO] file_cache is only supported with oauth2client<4.0.0
2026-08-01 22:51:45 [INFO] --- Step3_更新前一天營業分數及營業額 ---
2026-08-01 22:51:48 [INFO]   [mail] Gmail 登入帳號：jenny@lemonclean.com.tw
2026-08-01 22:51:48 [INFO]   [mail] 使用信箱：[Gmail]/&UWiQ6JD1TvY-
2026-08-01 22:51:48 [INFO]   [mail] X-GM-RAW：subject:"近三日營業額-台北" after:2026/08/01 before:2026/08/02
2026-08-01 22:51:49 [WARNING]   [mail] X-GM-RAW 搜尋失敗，改用日期搜尋：UID command error: BAD [b'Could not parse command']
2026-08-01 22:51:49 [INFO]   [mail] 日期搜尋 01-Aug-2026 找到 UID：23
2026-08-01 22:51:56 [INFO]   [mail] text/plain 為空，fallback 到 text/html（3839 字元）
2026-08-01 22:51:56 [INFO]   [mail] 候選：UID=159862 / 2026-08-01 17:25:04 / exact / 與17:25差4秒 / '近三日營業額-台北'
2026-08-01 22:51:57 [INFO]   近三日營業額-台北 → 選中 17:25:04（exact，與17:25差4秒，UID=159862）
2026-08-01 22:51:58 [INFO]   [debug] 行68 repr='2026-07-30：41分'
2026-08-01 22:51:58 [INFO]   [debug] 行69 repr='2026-07-31：64分'
2026-08-01 22:51:58 [INFO]   [debug] 行70 repr='2026-08-01：5分'
2026-08-01 22:51:58 [INFO]   [debug] 行71 repr='【家電清潔】日營業額'
2026-08-01 22:51:58 [INFO]   [debug] 行72 repr='2026-07-30：0分'
2026-08-01 22:51:58 [INFO]   [debug] 行73 repr='2026-07-31：0分'
2026-08-01 22:51:58 [INFO]   [debug] 行74 repr='2026-08-01：0分'
2026-08-01 22:51:58 [INFO]   [debug] 行75 repr='【儲值金】日營業額'
2026-08-01 22:51:59 [INFO]   [mail] Gmail 登入帳號：jenny@lemonclean.com.tw
2026-08-01 22:51:59 [INFO]   [mail] 使用信箱：[Gmail]/&UWiQ6JD1TvY-
2026-08-01 22:51:59 [INFO]   [mail] X-GM-RAW：subject:"近三日營業額-台中" after:2026/08/01 before:2026/08/02
2026-08-01 22:52:00 [WARNING]   [mail] X-GM-RAW 搜尋失敗，改用日期搜尋：UID command error: BAD [b'Could not parse command']
2026-08-01 22:52:00 [INFO]   [mail] 日期搜尋 01-Aug-2026 找到 UID：23
2026-08-01 22:52:07 [INFO]   [mail] text/plain 為空，fallback 到 text/html（982 字元）
2026-08-01 22:52:07 [INFO]   [mail] 候選：UID=159865 / 2026-08-01 17:25:07 / exact / 與17:25差7秒 / '近三日營業額-台中'
2026-08-01 22:52:08 [INFO]   近三日營業額-台中 → 選中 17:25:07（exact，與17:25差7秒，UID=159865）
2026-08-01 22:52:08 [INFO]   [debug] 行23 repr='2026-07-30：5分'
2026-08-01 22:52:08 [INFO]   [debug] 行24 repr='2026-07-31：0分'
2026-08-01 22:52:08 [INFO]   [debug] 行25 repr='2026-08-01：0分'
2026-08-01 22:52:08 [INFO]   [debug] 行26 repr='【家電清潔】日營業額'
2026-08-01 22:52:08 [INFO]   [debug] 行27 repr='2026-07-30：0分'
2026-08-01 22:52:08 [INFO]   [debug] 行28 repr='2026-07-31：0分'
2026-08-01 22:52:08 [INFO]   [debug] 行29 repr='2026-08-01：0分'
2026-08-01 22:52:08 [INFO]   [debug] 行30 repr='【儲值金】日營業額'
2026-08-01 22:52:08 [INFO]   台北：{'daily_value': 5, 'total_count': 5, 'total_amount': 10800}
2026-08-01 22:52:08 [INFO]   台中：{'daily_value': 0, 'total_count': 0, 'total_amount': 0}
2026-08-01 22:52:09 [WARNING] [執行檔打卡失敗（非致命）] APIError: [429]: Quota exceeded for quota metric 'Read requests' and limit 'Read requests per minute per user' of service 'sheets.googleapis.com' for consumer 'project_number:1042663213860'.
2026-08-01 22:52:09 [INFO] Step 3 完成，row=2359（23.4s）
2026-08-01 22:52:10 [INFO] === 全部完成 run_id=834e4ec8（24.1s）===
