開始執行：當月次月訂單
⚠️ 一鍵日排程 secrets TOML 注入失敗：No secrets found. Valid paths for a secrets.toml file or secret directories are: /home/runner/.streamlit/secrets.toml, /home/runner/work/tool-system/tool-system/.streamlit/secrets.toml
⚠️ 一鍵日排程 secrets env 注入失敗：No secrets found. Valid paths for a secrets.toml file or secret directories are: /home/runner/.streamlit/secrets.toml, /home/runner/work/tool-system/tool-system/.streamlit/secrets.toml
OAuth env ready = True
OAuth bootstrap forced = True
Command: Python bootstrap -> /home/runner/work/tool-system/tool-system/tools/scheduled_daily/orders_report.py
[2026-08-14 02:10:36] ====================================================
[2026-08-14 02:10:36] orders_report.py 開始執行
[2026-08-14 02:10:36] GITHUB_ACTIONS = true
[2026-08-14 02:10:36] PWD = /home/runner/work/tool-system/tool-system
[2026-08-14 02:10:36] LOCAL_OUTPUT_DIR = /Users/jenny/Library/CloudStorage/GoogleDrive-jenny@lemonclean.com.tw/我的雲端硬碟/lemon_Jenny/Jenny@lemon程式/訂單資料
[2026-08-14 02:10:36] LOCAL_OUTPUT_DIR exists = False
[2026-08-14 02:10:36] can_use_local_output_dir = False
[2026-08-14 02:10:36] root folder_id = 11O6eKHQ1e3Irqps7Kq1XJOSVVge3pCAc
[2026-08-14 02:10:36] ====================================================
[2026-08-14 02:10:36] Google Drive 初始化成功
[2026-08-14 02:10:37] 📁 使用既有資料夾：訂單資料
[2026-08-14 02:10:37] 服務日期：2026-08-01 ~ 2026-09-30
[2026-08-14 02:10:37] file_date = 20260814
[2026-08-14 02:10:37] 訂單資料 folder_id = 1o6ROTdseIRKOivgYQt50cNuCZLT3Rpug
[2026-08-14 02:10:37] 帳號數量 = 2
[2026-08-14 02:10:37] 
[2026-08-14 02:10:37] === 開始處理 台北 ===
[2026-08-14 02:10:37] 開始登入：jenny@lemonclean.com.tw
[2026-08-14 02:10:38] 登入成功：jenny@lemonclean.com.tw
[2026-08-14 02:10:38] 開始下載：city=台北 / export_url=https://backend.lemonclean.com.tw/purchase/export_order?clean_date_s=2026-08-01&clean_date_e=2026-09-30&purchase_status=1
[2026-08-14 02:10:51] ✅ 已下載到暫存：/tmp/tmpc9edgqoy/20260814訂單-台北.xls
[2026-08-14 02:10:51] 📦 檔案大小：1497600 bytes
[2026-08-14 02:10:51] 📂 暫存目錄存在：True
[2026-08-14 02:10:51] 📄 暫存檔案存在：True
[2026-08-14 02:10:51] 目前不是 Jenny 本機環境，略過本機存檔
[2026-08-14 02:10:51] Google Drive 初始化成功
[2026-08-14 02:10:51] 準備上傳到 Google Drive：20260814訂單-台北.xls
[2026-08-14 02:10:54] ☁️ 已上傳新檔：20260814訂單-台北.xls (file_id=10oAmBbc11pK76yemM8IwGEt3mJwQCb7C) https://docs.google.com/spreadsheets/d/10oAmBbc11pK76yemM8IwGEt3mJwQCb7C/edit?usp=drivesdk&ouid=101667783075862487943&rtpof=true&sd=true
[2026-08-14 02:10:54] ✅ 完成處理：20260814訂單-台北.xls
[2026-08-14 02:10:54] ✅ 台北 完成
[2026-08-14 02:10:54] 
[2026-08-14 02:10:54] === 開始處理 台中 ===
[2026-08-14 02:10:54] 開始登入：jenny.tc@lemonclean.com.tw
[2026-08-14 02:10:56] 登入成功：jenny.tc@lemonclean.com.tw
[2026-08-14 02:10:56] 開始下載：city=台中 / export_url=https://backend.lemonclean.com.tw/purchase/export_order?clean_date_s=2026-08-01&clean_date_e=2026-09-30&purchase_status=1
[2026-08-14 02:10:57] ✅ 已下載到暫存：/tmp/tmpvtwscm05/20260814訂單-台中.xls
[2026-08-14 02:10:57] 📦 檔案大小：116736 bytes
[2026-08-14 02:10:57] 📂 暫存目錄存在：True
[2026-08-14 02:10:57] 📄 暫存檔案存在：True
[2026-08-14 02:10:57] 目前不是 Jenny 本機環境，略過本機存檔
[2026-08-14 02:10:57] Google Drive 初始化成功
[2026-08-14 02:10:57] 準備上傳到 Google Drive：20260814訂單-台中.xls
[2026-08-14 02:11:00] ☁️ 已上傳新檔：20260814訂單-台中.xls (file_id=1WcXxx5EaBkUVyMoSt_FS2b331T4Pi6cd) https://docs.google.com/spreadsheets/d/1WcXxx5EaBkUVyMoSt_FS2b331T4Pi6cd/edit?usp=drivesdk&ouid=101667783075862487943&rtpof=true&sd=true
[2026-08-14 02:11:00] ✅ 完成處理：20260814訂單-台中.xls
[2026-08-14 02:11:00] ✅ 台中 完成
[2026-08-14 02:11:00] 🎉 orders_report.py 全部完成

完成執行：當月次月訂單
scheduled_daily scheduler 全部完成
