開始執行：專員班表
⚠️ 一鍵日排程 secrets TOML 注入失敗：No secrets found. Valid paths for a secrets.toml file or secret directories are: /home/runner/.streamlit/secrets.toml, /home/runner/work/tool-system/tool-system/.streamlit/secrets.toml
⚠️ 一鍵日排程 secrets env 注入失敗：No secrets found. Valid paths for a secrets.toml file or secret directories are: /home/runner/.streamlit/secrets.toml, /home/runner/work/tool-system/tool-system/.streamlit/secrets.toml
OAuth env ready = True
OAuth bootstrap forced = True
Command: Python bootstrap -> /home/runner/work/tool-system/tool-system/tools/scheduled_daily/staff_schedule.py
[2026-08-14 02:03:15] ====================================================
[2026-08-14 02:03:15] staff_schedule.py 開始執行
[2026-08-14 02:03:15] GITHUB_ACTIONS = true
[2026-08-14 02:03:15] PWD = /home/runner/work/tool-system/tool-system
[2026-08-14 02:03:15] LOCAL_OUTPUT_DIR = /Users/jenny/Library/CloudStorage/GoogleDrive-jenny@lemonclean.com.tw/我的雲端硬碟/lemon_Jenny/Jenny@lemon程式/專員班表
[2026-08-14 02:03:15] LOCAL_OUTPUT_DIR exists = False
[2026-08-14 02:03:15] can_use_local_output_dir = False
[2026-08-14 02:03:15] root folder_id = 11O6eKHQ1e3Irqps7Kq1XJOSVVge3pCAc
[2026-08-14 02:03:15] ====================================================
[2026-08-14 02:03:15] Google Drive 初始化成功
[2026-08-14 02:03:16] 📁 使用既有資料夾：專員班表
[2026-08-14 02:03:16] this_month = 2026-08
[2026-08-14 02:03:16] next_month = 2026-09
[2026-08-14 02:03:16] this_date = 20260814
[2026-08-14 02:03:16] next_date = 20260914
[2026-08-14 02:03:16] 專員班表 folder_id = 1V2AUNsT_jzQWawmnBNU_u-e7odYviwEk
[2026-08-14 02:03:16] 帳號數量 = 2
[2026-08-14 02:03:16] 
[2026-08-14 02:03:16] === 開始處理 台北 ===
[2026-08-14 02:03:16] 開始登入：jenny@lemonclean.com.tw
[2026-08-14 02:03:17] 登入成功：jenny@lemonclean.com.tw
[2026-08-14 02:03:17] 開始下載：city=台北 / month=2026-08 / filename=20260814專員班表-台北.xls
[2026-08-14 02:03:22] ✅ 已下載到暫存：/tmp/tmp6y9x56bm/20260814專員班表-台北.xls
[2026-08-14 02:03:22] 📦 檔案大小：133120 bytes
[2026-08-14 02:03:22] 📂 暫存目錄存在：True
[2026-08-14 02:03:22] 📄 暫存檔案存在：True
[2026-08-14 02:03:22] 目前不是 Jenny 本機環境，略過本機存檔
[2026-08-14 02:03:22] Google Drive 初始化成功
[2026-08-14 02:03:22] 準備上傳到 Google Drive：20260814專員班表-台北.xls
[2026-08-14 02:03:25] ☁️ 已上傳新檔：20260814專員班表-台北.xls (file_id=1vgPaOK0P6WMvFf0TiwLFBSOtyn84MX7t) https://docs.google.com/spreadsheets/d/1vgPaOK0P6WMvFf0TiwLFBSOtyn84MX7t/edit?usp=drivesdk&ouid=101667783075862487943&rtpof=true&sd=true
[2026-08-14 02:03:25] ✅ 完成處理：20260814專員班表-台北.xls
[2026-08-14 02:03:25] 開始下載：city=台北 / month=2026-09 / filename=20260914專員班表-台北.xls
[2026-08-14 02:03:29] ✅ 已下載到暫存：/tmp/tmpb6plpl95/20260914專員班表-台北.xls
[2026-08-14 02:03:29] 📦 檔案大小：96256 bytes
[2026-08-14 02:03:29] 📂 暫存目錄存在：True
[2026-08-14 02:03:29] 📄 暫存檔案存在：True
[2026-08-14 02:03:29] 目前不是 Jenny 本機環境，略過本機存檔
[2026-08-14 02:03:29] Google Drive 初始化成功
[2026-08-14 02:03:29] 準備上傳到 Google Drive：20260914專員班表-台北.xls
[2026-08-14 02:03:32] ☁️ 已上傳新檔：20260914專員班表-台北.xls (file_id=1VeolriCVvsZdsGPCi2CHqFF5ulA9nDxq) https://docs.google.com/spreadsheets/d/1VeolriCVvsZdsGPCi2CHqFF5ulA9nDxq/edit?usp=drivesdk&ouid=101667783075862487943&rtpof=true&sd=true
[2026-08-14 02:03:32] ✅ 完成處理：20260914專員班表-台北.xls
[2026-08-14 02:03:32] ✅ 台北 全部完成
[2026-08-14 02:03:32] 
[2026-08-14 02:03:32] === 開始處理 台中 ===
[2026-08-14 02:03:32] 開始登入：jenny.tc@lemonclean.com.tw
[2026-08-14 02:03:33] 登入成功：jenny.tc@lemonclean.com.tw
[2026-08-14 02:03:33] 開始下載：city=台中 / month=2026-08 / filename=20260814專員班表-台中.xls
[2026-08-14 02:03:34] ✅ 已下載到暫存：/tmp/tmpt32s1kbq/20260814專員班表-台中.xls
[2026-08-14 02:03:34] 📦 檔案大小：26624 bytes
[2026-08-14 02:03:34] 📂 暫存目錄存在：True
[2026-08-14 02:03:34] 📄 暫存檔案存在：True
[2026-08-14 02:03:34] 目前不是 Jenny 本機環境，略過本機存檔
[2026-08-14 02:03:34] Google Drive 初始化成功
[2026-08-14 02:03:34] 準備上傳到 Google Drive：20260814專員班表-台中.xls
[2026-08-14 02:03:37] ☁️ 已上傳新檔：20260814專員班表-台中.xls (file_id=1BEvohtvLGhQJzFEen8OkvmwxdDpBtlEt) https://docs.google.com/spreadsheets/d/1BEvohtvLGhQJzFEen8OkvmwxdDpBtlEt/edit?usp=drivesdk&ouid=101667783075862487943&rtpof=true&sd=true
[2026-08-14 02:03:37] ✅ 完成處理：20260814專員班表-台中.xls
[2026-08-14 02:03:37] 開始下載：city=台中 / month=2026-09 / filename=20260914專員班表-台中.xls
[2026-08-14 02:03:38] ✅ 已下載到暫存：/tmp/tmp1futkd2d/20260914專員班表-台中.xls
[2026-08-14 02:03:38] 📦 檔案大小：22528 bytes
[2026-08-14 02:03:38] 📂 暫存目錄存在：True
[2026-08-14 02:03:38] 📄 暫存檔案存在：True
[2026-08-14 02:03:38] 目前不是 Jenny 本機環境，略過本機存檔
[2026-08-14 02:03:38] Google Drive 初始化成功
[2026-08-14 02:03:38] 準備上傳到 Google Drive：20260914專員班表-台中.xls
[2026-08-14 02:03:41] ☁️ 已上傳新檔：20260914專員班表-台中.xls (file_id=161DFe3r7jOOrKRzJOHNQ4NI5Bavgf-GF) https://docs.google.com/spreadsheets/d/161DFe3r7jOOrKRzJOHNQ4NI5Bavgf-GF/edit?usp=drivesdk&ouid=101667783075862487943&rtpof=true&sd=true
[2026-08-14 02:03:41] ✅ 完成處理：20260914專員班表-台中.xls
[2026-08-14 02:03:41] ✅ 台中 全部完成
[2026-08-14 02:03:41] 🎉 staff_schedule.py 全部完成

完成執行：專員班表
scheduled_daily scheduler 全部完成
