2026-08-29 23:51:14 [INFO] === 客服排程系統 run_id=66ff08f0 step=1 台北時間=2026-08-30 07:51:14 ===
2026-08-29 23:51:14 [INFO] 目標試算表 ID 來源：環境變數 SERVICE_TARGET_SPREADSHEET_ID
2026-08-29 23:51:14 [INFO] file_cache is only supported with oauth2client<4.0.0
2026-08-29 23:51:14 [WARNING] [主控表打卡失敗（非致命）] <HttpError 503 when requesting https://sheets.googleapis.com/v4/spreadsheets/1nNAXy6rvBnGR8ACnqKKzKNA4-UwZtZp47i806EPmR_8?fields=sheets%28properties%28sheetId%2Ctitle%29%29&alt=json returned "The service is currently unavailable.". Details: "The service is currently unavailable.">
2026-08-29 23:51:17 [INFO] --- Step1_更新排班統計表 ---
2026-08-29 23:51:19 [INFO] file_cache is only supported with oauth2client<4.0.0
2026-08-29 23:51:20 [INFO] Drive 資料夾找到 164 個檔案
2026-08-29 23:51:20 [INFO]   找到檔案：20260930排班統計表-台中.xlsx (application/vnd.openxmlformats-officedocument.spreadsheetml.sheet)
2026-08-29 23:51:20 [INFO]   找到檔案：20260830排班統計表-台中.xlsx (application/vnd.openxmlformats-officedocument.spreadsheetml.sheet)
2026-08-29 23:51:20 [INFO]   找到檔案：20260930排班統計表-台北.xlsx (application/vnd.openxmlformats-officedocument.spreadsheetml.sheet)
2026-08-29 23:51:20 [INFO]   找到檔案：20260830排班統計表-台北.xlsx (application/vnd.openxmlformats-officedocument.spreadsheetml.sheet)
2026-08-29 23:51:20 [INFO]   找到檔案：20260929排班統計表-台中 (application/vnd.google-apps.spreadsheet)
2026-08-29 23:51:20 [INFO]   找到檔案：20260929排班統計表-台北 (application/vnd.google-apps.spreadsheet)
2026-08-29 23:51:20 [INFO]   找到檔案：20260829排班統計表-台中 (application/vnd.google-apps.spreadsheet)
2026-08-29 23:51:20 [INFO]   找到檔案：20260829排班統計表-台北 (application/vnd.google-apps.spreadsheet)
2026-08-29 23:51:20 [INFO]   找到檔案：20260929排班統計表-台中.xlsx (application/vnd.openxmlformats-officedocument.spreadsheetml.sheet)
2026-08-29 23:51:20 [INFO]   找到檔案：20260829排班統計表-台中.xlsx (application/vnd.openxmlformats-officedocument.spreadsheetml.sheet)
2026-08-29 23:51:20 [INFO]   找到檔案：20260929排班統計表-台北.xlsx (application/vnd.openxmlformats-officedocument.spreadsheetml.sheet)
2026-08-29 23:51:20 [INFO]   找到檔案：20260829排班統計表-台北.xlsx (application/vnd.openxmlformats-officedocument.spreadsheetml.sheet)
2026-08-29 23:51:20 [INFO]   找到檔案：20260928排班統計表-台中 (application/vnd.google-apps.spreadsheet)
2026-08-29 23:51:20 [INFO]   找到檔案：20260928排班統計表-台北 (application/vnd.google-apps.spreadsheet)
2026-08-29 23:51:20 [INFO]   找到檔案：20260828排班統計表-台中 (application/vnd.google-apps.spreadsheet)
2026-08-29 23:51:20 [INFO]   找到檔案：20260828排班統計表-台北 (application/vnd.google-apps.spreadsheet)
2026-08-29 23:51:20 [INFO]   找到檔案：20260928排班統計表-台中.xlsx (application/vnd.openxmlformats-officedocument.spreadsheetml.sheet)
2026-08-29 23:51:20 [INFO]   找到檔案：20260828排班統計表-台中.xlsx (application/vnd.openxmlformats-officedocument.spreadsheetml.sheet)
2026-08-29 23:51:20 [INFO]   找到檔案：20260928排班統計表-台北.xlsx (application/vnd.openxmlformats-officedocument.spreadsheetml.sheet)
2026-08-29 23:51:20 [INFO]   找到檔案：20260828排班統計表-台北.xlsx (application/vnd.openxmlformats-officedocument.spreadsheetml.sheet)
2026-08-29 23:51:20 [INFO]   找到檔案：20260927排班統計表-台中 (application/vnd.google-apps.spreadsheet)
2026-08-29 23:51:20 [INFO]   找到檔案：20260927排班統計表-台北 (application/vnd.google-apps.spreadsheet)
2026-08-29 23:51:20 [INFO]   找到檔案：20260827排班統計表-台中 (application/vnd.google-apps.spreadsheet)
2026-08-29 23:51:20 [INFO]   找到檔案：20260827排班統計表-台北 (application/vnd.google-apps.spreadsheet)
2026-08-29 23:51:20 [INFO]   找到檔案：20260927排班統計表-台中.xlsx (application/vnd.openxmlformats-officedocument.spreadsheetml.sheet)
2026-08-29 23:51:20 [INFO]   找到檔案：20260827排班統計表-台中.xlsx (application/vnd.openxmlformats-officedocument.spreadsheetml.sheet)
2026-08-29 23:51:20 [INFO]   找到檔案：20260927排班統計表-台北.xlsx (application/vnd.openxmlformats-officedocument.spreadsheetml.sheet)
2026-08-29 23:51:20 [INFO]   找到檔案：20260827排班統計表-台北.xlsx (application/vnd.openxmlformats-officedocument.spreadsheetml.sheet)
2026-08-29 23:51:20 [INFO]   找到檔案：20260926排班統計表-台中 (application/vnd.google-apps.spreadsheet)
2026-08-29 23:51:20 [INFO]   找到檔案：20260926排班統計表-台北 (application/vnd.google-apps.spreadsheet)
2026-08-29 23:51:20 [INFO]   找到檔案：20260826排班統計表-台中 (application/vnd.google-apps.spreadsheet)
2026-08-29 23:51:20 [INFO]   找到檔案：20260826排班統計表-台北 (application/vnd.google-apps.spreadsheet)
2026-08-29 23:51:20 [INFO]   找到檔案：20260926排班統計表-台中.xlsx (application/vnd.openxmlformats-officedocument.spreadsheetml.sheet)
2026-08-29 23:51:20 [INFO]   找到檔案：20260826排班統計表-台中.xlsx (application/vnd.openxmlformats-officedocument.spreadsheetml.sheet)
2026-08-29 23:51:20 [INFO]   找到檔案：20260926排班統計表-台北.xlsx (application/vnd.openxmlformats-officedocument.spreadsheetml.sheet)
2026-08-29 23:51:20 [INFO]   找到檔案：20260826排班統計表-台北.xlsx (application/vnd.openxmlformats-officedocument.spreadsheetml.sheet)
2026-08-29 23:51:20 [INFO]   找到檔案：20260925排班統計表-台中 (application/vnd.google-apps.spreadsheet)
2026-08-29 23:51:20 [INFO]   找到檔案：20260925排班統計表-台北 (application/vnd.google-apps.spreadsheet)
2026-08-29 23:51:20 [INFO]   找到檔案：20260825排班統計表-台中 (application/vnd.google-apps.spreadsheet)
2026-08-29 23:51:20 [INFO]   找到檔案：20260825排班統計表-台北 (application/vnd.google-apps.spreadsheet)
2026-08-29 23:51:20 [INFO]   找到檔案：20260925排班統計表-台中.xlsx (application/vnd.openxmlformats-officedocument.spreadsheetml.sheet)
2026-08-29 23:51:20 [INFO]   找到檔案：20260825排班統計表-台中.xlsx (application/vnd.openxmlformats-officedocument.spreadsheetml.sheet)
2026-08-29 23:51:20 [INFO]   找到檔案：20260925排班統計表-台北.xlsx (application/vnd.openxmlformats-officedocument.spreadsheetml.sheet)
2026-08-29 23:51:20 [INFO]   找到檔案：20260825排班統計表-台北.xlsx (application/vnd.openxmlformats-officedocument.spreadsheetml.sheet)
2026-08-29 23:51:20 [INFO]   找到檔案：20260924排班統計表-台中 (application/vnd.google-apps.spreadsheet)
2026-08-29 23:51:20 [INFO]   找到檔案：20260924排班統計表-台北 (application/vnd.google-apps.spreadsheet)
2026-08-29 23:51:20 [INFO]   找到檔案：20260824排班統計表-台中 (application/vnd.google-apps.spreadsheet)
2026-08-29 23:51:20 [INFO]   找到檔案：20260824排班統計表-台北 (application/vnd.google-apps.spreadsheet)
2026-08-29 23:51:20 [INFO]   找到檔案：20260924排班統計表-台中.xlsx (application/vnd.openxmlformats-officedocument.spreadsheetml.sheet)
2026-08-29 23:51:20 [INFO]   找到檔案：20260824排班統計表-台中.xlsx (application/vnd.openxmlformats-officedocument.spreadsheetml.sheet)
2026-08-29 23:51:20 [INFO]   找到檔案：20260924排班統計表-台北.xlsx (application/vnd.openxmlformats-officedocument.spreadsheetml.sheet)
2026-08-29 23:51:20 [INFO]   找到檔案：20260824排班統計表-台北.xlsx (application/vnd.openxmlformats-officedocument.spreadsheetml.sheet)
2026-08-29 23:51:20 [INFO]   找到檔案：20260923排班統計表-台中 (application/vnd.google-apps.spreadsheet)
2026-08-29 23:51:20 [INFO]   找到檔案：20260923排班統計表-台北 (application/vnd.google-apps.spreadsheet)
2026-08-29 23:51:20 [INFO]   找到檔案：20260823排班統計表-台中 (application/vnd.google-apps.spreadsheet)
2026-08-29 23:51:20 [INFO]   找到檔案：20260823排班統計表-台北 (application/vnd.google-apps.spreadsheet)
2026-08-29 23:51:20 [INFO]   找到檔案：20260923排班統計表-台中.xlsx (application/vnd.openxmlformats-officedocument.spreadsheetml.sheet)
2026-08-29 23:51:20 [INFO]   找到檔案：20260823排班統計表-台中.xlsx (application/vnd.openxmlformats-officedocument.spreadsheetml.sheet)
2026-08-29 23:51:20 [INFO]   找到檔案：20260923排班統計表-台北.xlsx (application/vnd.openxmlformats-officedocument.spreadsheetml.sheet)
2026-08-29 23:51:20 [INFO]   找到檔案：20260823排班統計表-台北.xlsx (application/vnd.openxmlformats-officedocument.spreadsheetml.sheet)
2026-08-29 23:51:20 [INFO]   找到檔案：20260922排班統計表-台中 (application/vnd.google-apps.spreadsheet)
2026-08-29 23:51:20 [INFO]   找到檔案：20260922排班統計表-台北 (application/vnd.google-apps.spreadsheet)
2026-08-29 23:51:20 [INFO]   找到檔案：20260822排班統計表-台中 (application/vnd.google-apps.spreadsheet)
2026-08-29 23:51:20 [INFO]   找到檔案：20260822排班統計表-台北 (application/vnd.google-apps.spreadsheet)
2026-08-29 23:51:20 [INFO]   找到檔案：20260922排班統計表-台中.xlsx (application/vnd.openxmlformats-officedocument.spreadsheetml.sheet)
2026-08-29 23:51:20 [INFO]   找到檔案：20260822排班統計表-台中.xlsx (application/vnd.openxmlformats-officedocument.spreadsheetml.sheet)
2026-08-29 23:51:20 [INFO]   找到檔案：20260922排班統計表-台北.xlsx (application/vnd.openxmlformats-officedocument.spreadsheetml.sheet)
2026-08-29 23:51:20 [INFO]   找到檔案：20260822排班統計表-台北.xlsx (application/vnd.openxmlformats-officedocument.spreadsheetml.sheet)
2026-08-29 23:51:20 [INFO]   找到檔案：20260921排班統計表-台中 (application/vnd.google-apps.spreadsheet)
2026-08-29 23:51:20 [INFO]   找到檔案：20260921排班統計表-台北 (application/vnd.google-apps.spreadsheet)
2026-08-29 23:51:20 [INFO]   找到檔案：20260821排班統計表-台中 (application/vnd.google-apps.spreadsheet)
2026-08-29 23:51:20 [INFO]   找到檔案：20260821排班統計表-台北 (application/vnd.google-apps.spreadsheet)
2026-08-29 23:51:20 [INFO]   找到檔案：20260921排班統計表-台中.xlsx (application/vnd.openxmlformats-officedocument.spreadsheetml.sheet)
2026-08-29 23:51:20 [INFO]   找到檔案：20260821排班統計表-台中.xlsx (application/vnd.openxmlformats-officedocument.spreadsheetml.sheet)
2026-08-29 23:51:20 [INFO]   找到檔案：20260921排班統計表-台北.xlsx (application/vnd.openxmlformats-officedocument.spreadsheetml.sheet)
2026-08-29 23:51:20 [INFO]   找到檔案：20260821排班統計表-台北.xlsx (application/vnd.openxmlformats-officedocument.spreadsheetml.sheet)
2026-08-29 23:51:20 [INFO]   找到檔案：20260920排班統計表-台中 (application/vnd.google-apps.spreadsheet)
2026-08-29 23:51:20 [INFO]   找到檔案：20260920排班統計表-台北 (application/vnd.google-apps.spreadsheet)
2026-08-29 23:51:20 [INFO]   找到檔案：20260820排班統計表-台中 (application/vnd.google-apps.spreadsheet)
2026-08-29 23:51:20 [INFO]   找到檔案：20260820排班統計表-台北 (application/vnd.google-apps.spreadsheet)
2026-08-29 23:51:20 [INFO]   找到檔案：20260920排班統計表-台中.xlsx (application/vnd.openxmlformats-officedocument.spreadsheetml.sheet)
2026-08-29 23:51:20 [INFO]   找到檔案：20260820排班統計表-台中.xlsx (application/vnd.openxmlformats-officedocument.spreadsheetml.sheet)
2026-08-29 23:51:20 [INFO]   找到檔案：20260920排班統計表-台北.xlsx (application/vnd.openxmlformats-officedocument.spreadsheetml.sheet)
2026-08-29 23:51:20 [INFO]   找到檔案：20260820排班統計表-台北.xlsx (application/vnd.openxmlformats-officedocument.spreadsheetml.sheet)
2026-08-29 23:51:20 [INFO]   找到檔案：20260919排班統計表-台中 (application/vnd.google-apps.spreadsheet)
2026-08-29 23:51:20 [INFO]   找到檔案：20260919排班統計表-台北 (application/vnd.google-apps.spreadsheet)
2026-08-29 23:51:20 [INFO]   找到檔案：20260819排班統計表-台中 (application/vnd.google-apps.spreadsheet)
2026-08-29 23:51:20 [INFO]   找到檔案：20260819排班統計表-台北 (application/vnd.google-apps.spreadsheet)
2026-08-29 23:51:20 [INFO]   找到檔案：20260919排班統計表-台中.xlsx (application/vnd.openxmlformats-officedocument.spreadsheetml.sheet)
2026-08-29 23:51:20 [INFO]   找到檔案：20260819排班統計表-台中.xlsx (application/vnd.openxmlformats-officedocument.spreadsheetml.sheet)
2026-08-29 23:51:20 [INFO]   找到檔案：20260919排班統計表-台北.xlsx (application/vnd.openxmlformats-officedocument.spreadsheetml.sheet)
2026-08-29 23:51:20 [INFO]   找到檔案：20260819排班統計表-台北.xlsx (application/vnd.openxmlformats-officedocument.spreadsheetml.sheet)
2026-08-29 23:51:20 [INFO]   找到檔案：20260918排班統計表-台中 (application/vnd.google-apps.spreadsheet)
2026-08-29 23:51:20 [INFO]   找到檔案：20260918排班統計表-台北 (application/vnd.google-apps.spreadsheet)
2026-08-29 23:51:20 [INFO]   找到檔案：20260818排班統計表-台中 (application/vnd.google-apps.spreadsheet)
2026-08-29 23:51:20 [INFO]   找到檔案：20260818排班統計表-台北 (application/vnd.google-apps.spreadsheet)
2026-08-29 23:51:20 [INFO]   找到檔案：20260918排班統計表-台中.xlsx (application/vnd.openxmlformats-officedocument.spreadsheetml.sheet)
2026-08-29 23:51:20 [INFO]   找到檔案：20260818排班統計表-台中.xlsx (application/vnd.openxmlformats-officedocument.spreadsheetml.sheet)
2026-08-29 23:51:20 [INFO]   找到檔案：20260918排班統計表-台北.xlsx (application/vnd.openxmlformats-officedocument.spreadsheetml.sheet)
2026-08-29 23:51:20 [INFO]   找到檔案：20260818排班統計表-台北.xlsx (application/vnd.openxmlformats-officedocument.spreadsheetml.sheet)
2026-08-29 23:51:20 [INFO]   找到檔案：20260917排班統計表-台中.xlsx (application/vnd.openxmlformats-officedocument.spreadsheetml.sheet)
2026-08-29 23:51:20 [INFO]   找到檔案：20260817排班統計表-台中.xlsx (application/vnd.openxmlformats-officedocument.spreadsheetml.sheet)
2026-08-29 23:51:20 [INFO]   找到檔案：20260917排班統計表-台北.xlsx (application/vnd.openxmlformats-officedocument.spreadsheetml.sheet)
2026-08-29 23:51:20 [INFO]   找到檔案：20260817排班統計表-台北.xlsx (application/vnd.openxmlformats-officedocument.spreadsheetml.sheet)
2026-08-29 23:51:20 [INFO]   找到檔案：20260917排班統計表-台中 (application/vnd.google-apps.spreadsheet)
2026-08-29 23:51:20 [INFO]   找到檔案：20260917排班統計表-台北 (application/vnd.google-apps.spreadsheet)
2026-08-29 23:51:20 [INFO]   找到檔案：20260817排班統計表-台中 (application/vnd.google-apps.spreadsheet)
2026-08-29 23:51:20 [INFO]   找到檔案：20260817排班統計表-台北 (application/vnd.google-apps.spreadsheet)
2026-08-29 23:51:20 [INFO]   找到檔案：20260916排班統計表-台中 (application/vnd.google-apps.spreadsheet)
2026-08-29 23:51:20 [INFO]   找到檔案：20260916排班統計表-台北 (application/vnd.google-apps.spreadsheet)
2026-08-29 23:51:20 [INFO]   找到檔案：20260816排班統計表-台中 (application/vnd.google-apps.spreadsheet)
2026-08-29 23:51:20 [INFO]   找到檔案：20260816排班統計表-台北 (application/vnd.google-apps.spreadsheet)
2026-08-29 23:51:20 [INFO]   找到檔案：20260916排班統計表-台中.xlsx (application/vnd.openxmlformats-officedocument.spreadsheetml.sheet)
2026-08-29 23:51:20 [INFO]   找到檔案：20260816排班統計表-台中.xlsx (application/vnd.openxmlformats-officedocument.spreadsheetml.sheet)
2026-08-29 23:51:20 [INFO]   找到檔案：20260916排班統計表-台北.xlsx (application/vnd.openxmlformats-officedocument.spreadsheetml.sheet)
2026-08-29 23:51:20 [INFO]   找到檔案：20260816排班統計表-台北.xlsx (application/vnd.openxmlformats-officedocument.spreadsheetml.sheet)
2026-08-29 23:51:20 [INFO]   找到檔案：20260915排班統計表-台中 (application/vnd.google-apps.spreadsheet)
2026-08-29 23:51:20 [INFO]   找到檔案：20260915排班統計表-台北 (application/vnd.google-apps.spreadsheet)
2026-08-29 23:51:20 [INFO]   找到檔案：20260815排班統計表-台中 (application/vnd.google-apps.spreadsheet)
2026-08-29 23:51:20 [INFO]   找到檔案：20260815排班統計表-台北 (application/vnd.google-apps.spreadsheet)
2026-08-29 23:51:20 [INFO]   找到檔案：20260915排班統計表-台中.xlsx (application/vnd.openxmlformats-officedocument.spreadsheetml.sheet)
2026-08-29 23:51:20 [INFO]   找到檔案：20260815排班統計表-台中.xlsx (application/vnd.openxmlformats-officedocument.spreadsheetml.sheet)
2026-08-29 23:51:20 [INFO]   找到檔案：20260915排班統計表-台北.xlsx (application/vnd.openxmlformats-officedocument.spreadsheetml.sheet)
2026-08-29 23:51:20 [INFO]   找到檔案：20260815排班統計表-台北.xlsx (application/vnd.openxmlformats-officedocument.spreadsheetml.sheet)
2026-08-29 23:51:20 [INFO]   找到檔案：20260914排班統計表-台中 (application/vnd.google-apps.spreadsheet)
2026-08-29 23:51:20 [INFO]   找到檔案：20260914排班統計表-台北 (application/vnd.google-apps.spreadsheet)
2026-08-29 23:51:20 [INFO]   找到檔案：20260814排班統計表-台中 (application/vnd.google-apps.spreadsheet)
2026-08-29 23:51:20 [INFO]   找到檔案：20260814排班統計表-台北 (application/vnd.google-apps.spreadsheet)
2026-08-29 23:51:20 [INFO]   找到檔案：20260914排班統計表-台中.xlsx (application/vnd.openxmlformats-officedocument.spreadsheetml.sheet)
2026-08-29 23:51:20 [INFO]   找到檔案：20260814排班統計表-台中.xlsx (application/vnd.openxmlformats-officedocument.spreadsheetml.sheet)
2026-08-29 23:51:20 [INFO]   找到檔案：20260914排班統計表-台北.xlsx (application/vnd.openxmlformats-officedocument.spreadsheetml.sheet)
2026-08-29 23:51:20 [INFO]   找到檔案：20260814排班統計表-台北.xlsx (application/vnd.openxmlformats-officedocument.spreadsheetml.sheet)
2026-08-29 23:51:20 [INFO]   找到檔案：20260913排班統計表-台中 (application/vnd.google-apps.spreadsheet)
2026-08-29 23:51:20 [INFO]   找到檔案：20260913排班統計表-台北 (application/vnd.google-apps.spreadsheet)
2026-08-29 23:51:20 [INFO]   找到檔案：20260813排班統計表-台中 (application/vnd.google-apps.spreadsheet)
2026-08-29 23:51:20 [INFO]   找到檔案：20260813排班統計表-台北 (application/vnd.google-apps.spreadsheet)
2026-08-29 23:51:20 [INFO]   找到檔案：20260913排班統計表-台中.xlsx (application/vnd.openxmlformats-officedocument.spreadsheetml.sheet)
2026-08-29 23:51:20 [INFO]   找到檔案：20260813排班統計表-台中.xlsx (application/vnd.openxmlformats-officedocument.spreadsheetml.sheet)
2026-08-29 23:51:20 [INFO]   找到檔案：20260913排班統計表-台北.xlsx (application/vnd.openxmlformats-officedocument.spreadsheetml.sheet)
2026-08-29 23:51:20 [INFO]   找到檔案：20260813排班統計表-台北.xlsx (application/vnd.openxmlformats-officedocument.spreadsheetml.sheet)
2026-08-29 23:51:20 [INFO]   找到檔案：20260912排班統計表-台中 (application/vnd.google-apps.spreadsheet)
2026-08-29 23:51:20 [INFO]   找到檔案：20260912排班統計表-台北 (application/vnd.google-apps.spreadsheet)
2026-08-29 23:51:20 [INFO]   找到檔案：20260812排班統計表-台中 (application/vnd.google-apps.spreadsheet)
2026-08-29 23:51:20 [INFO]   找到檔案：20260812排班統計表-台北 (application/vnd.google-apps.spreadsheet)
2026-08-29 23:51:20 [INFO]   找到檔案：20260912排班統計表-台中.xlsx (application/vnd.openxmlformats-officedocument.spreadsheetml.sheet)
2026-08-29 23:51:20 [INFO]   找到檔案：20260812排班統計表-台中.xlsx (application/vnd.openxmlformats-officedocument.spreadsheetml.sheet)
2026-08-29 23:51:20 [INFO]   找到檔案：20260912排班統計表-台北.xlsx (application/vnd.openxmlformats-officedocument.spreadsheetml.sheet)
2026-08-29 23:51:20 [INFO]   找到檔案：20260812排班統計表-台北.xlsx (application/vnd.openxmlformats-officedocument.spreadsheetml.sheet)
2026-08-29 23:51:20 [INFO]   找到檔案：20260911排班統計表-台中 (application/vnd.google-apps.spreadsheet)
2026-08-29 23:51:20 [INFO]   找到檔案：20260911排班統計表-台北 (application/vnd.google-apps.spreadsheet)
2026-08-29 23:51:20 [INFO]   找到檔案：20260811排班統計表-台中 (application/vnd.google-apps.spreadsheet)
2026-08-29 23:51:20 [INFO]   找到檔案：20260811排班統計表-台北 (application/vnd.google-apps.spreadsheet)
2026-08-29 23:51:20 [INFO]   找到檔案：20260911排班統計表-台中.xlsx (application/vnd.openxmlformats-officedocument.spreadsheetml.sheet)
2026-08-29 23:51:20 [INFO]   找到檔案：20260811排班統計表-台中.xlsx (application/vnd.openxmlformats-officedocument.spreadsheetml.sheet)
2026-08-29 23:51:20 [INFO]   找到檔案：20260911排班統計表-台北.xlsx (application/vnd.openxmlformats-officedocument.spreadsheetml.sheet)
2026-08-29 23:51:20 [INFO]   找到檔案：20260811排班統計表-台北.xlsx (application/vnd.openxmlformats-officedocument.spreadsheetml.sheet)
2026-08-29 23:51:20 [INFO]   找到檔案：20260910排班統計表-台中 (application/vnd.google-apps.spreadsheet)
2026-08-29 23:51:20 [INFO]   找到檔案：20260910排班統計表-台北 (application/vnd.google-apps.spreadsheet)
2026-08-29 23:51:20 [INFO]   找到檔案：20260810排班統計表-台中 (application/vnd.google-apps.spreadsheet)
2026-08-29 23:51:20 [INFO]   找到檔案：20260810排班統計表-台北 (application/vnd.google-apps.spreadsheet)
2026-08-29 23:51:20 [INFO]   找到檔案：20260910排班統計表-台中.xlsx (application/vnd.openxmlformats-officedocument.spreadsheetml.sheet)
2026-08-29 23:51:20 [INFO]   找到檔案：20260810排班統計表-台中.xlsx (application/vnd.openxmlformats-officedocument.spreadsheetml.sheet)
2026-08-29 23:51:20 [INFO]   找到檔案：20260910排班統計表-台北.xlsx (application/vnd.openxmlformats-officedocument.spreadsheetml.sheet)
2026-08-29 23:51:20 [INFO]   找到檔案：20260810排班統計表-台北.xlsx (application/vnd.openxmlformats-officedocument.spreadsheetml.sheet)
2026-08-29 23:51:20 [INFO] 排班檔確認 OK：{'202608': {'taipei': '20260830排班統計表-台北.xlsx', 'taichung': '20260830排班統計表-台中.xlsx'}, '202609': {'taipei': '20260930排班統計表-台北.xlsx', 'taichung': '20260930排班統計表-台中.xlsx'}}
2026-08-29 23:51:20 [INFO]   匯入：20260830排班統計表-台北.xlsx
2026-08-29 23:51:20 [INFO]   xlsx → Google Sheets：20260830排班統計表-台北
2026-08-29 23:51:21 [INFO] file_cache is only supported with oauth2client<4.0.0
2026-08-29 23:51:27 [INFO]   轉換完成，新 Google Sheets ID：1RjEve7hr3O5DiO2Wy093VsvPoNIBYbON67AF9cWoHF4
2026-08-29 23:51:28 [INFO]   匯入：20260830排班統計表-台中.xlsx
2026-08-29 23:51:28 [INFO]   xlsx → Google Sheets：20260830排班統計表-台中
2026-08-29 23:51:29 [INFO] file_cache is only supported with oauth2client<4.0.0
2026-08-29 23:51:35 [INFO]   轉換完成，新 Google Sheets ID：1VmPWqJrJI7cBqa1j5-UKMZ4QwybQwvLlFw5I4R6bmbw
2026-08-29 23:51:36 [INFO]   → 寫入 89 列（起始 R3C7）
2026-08-29 23:51:36 [INFO]   → 寫入 16 列（起始 R3C82）
2026-08-29 23:51:36 [INFO]   匯入：20260930排班統計表-台北.xlsx
2026-08-29 23:51:36 [INFO]   xlsx → Google Sheets：20260930排班統計表-台北
2026-08-29 23:51:37 [INFO] file_cache is only supported with oauth2client<4.0.0
2026-08-29 23:51:42 [INFO]   轉換完成，新 Google Sheets ID：1IhUCWiNzRUKFTMfY0is_FMIyNs05tJ48vKexVreLibs
2026-08-29 23:51:44 [INFO]   匯入：20260930排班統計表-台中.xlsx
2026-08-29 23:51:44 [INFO]   xlsx → Google Sheets：20260930排班統計表-台中
2026-08-29 23:51:44 [INFO] file_cache is only supported with oauth2client<4.0.0
2026-08-29 23:51:49 [INFO]   轉換完成，新 Google Sheets ID：1auy5F4Skj5QsmE-qHH-HQjhCVooPLNdvB77DSUHRotg
2026-08-29 23:51:52 [INFO]   → 寫入 72 列（起始 R3C22）
2026-08-29 23:51:52 [INFO]   → 寫入 11 列（起始 R3C97）
2026-08-29 23:51:53 [INFO] Step 1 完成（35.3s）
2026-08-29 23:51:54 [INFO] === 全部完成 run_id=66ff08f0（36.2s）===
