開始執行：專員班表
⚠️ 一鍵日排程 secrets TOML 注入失敗：No secrets found. Valid paths for a secrets.toml file or secret directories are: /home/runner/.streamlit/secrets.toml, /home/runner/work/tool-system/tool-system/.streamlit/secrets.toml
⚠️ 一鍵日排程 secrets env 注入失敗：No secrets found. Valid paths for a secrets.toml file or secret directories are: /home/runner/.streamlit/secrets.toml, /home/runner/work/tool-system/tool-system/.streamlit/secrets.toml
OAuth env ready = True
OAuth bootstrap forced = True
Command: Python bootstrap -> /home/runner/work/tool-system/tool-system/tools/scheduled_daily/staff_schedule.py
[2026-08-30 03:41:54] ====================================================
[2026-08-30 03:41:54] staff_schedule.py 開始執行
[2026-08-30 03:41:54] GITHUB_ACTIONS = true
[2026-08-30 03:41:54] PWD = /home/runner/work/tool-system/tool-system
[2026-08-30 03:41:54] LOCAL_OUTPUT_DIR = /Users/jenny/Library/CloudStorage/GoogleDrive-jenny@lemonclean.com.tw/我的雲端硬碟/lemon_Jenny/Jenny@lemon程式/專員班表
[2026-08-30 03:41:54] LOCAL_OUTPUT_DIR exists = False
[2026-08-30 03:41:54] can_use_local_output_dir = False
[2026-08-30 03:41:54] root folder_id = 11O6eKHQ1e3Irqps7Kq1XJOSVVge3pCAc
[2026-08-30 03:41:54] ====================================================
[2026-08-30 03:41:54] Google Drive 初始化成功
[2026-08-30 03:41:54] 📁 使用既有資料夾：專員班表
[2026-08-30 03:41:54] this_month = 2026-08
[2026-08-30 03:41:54] next_month = 2026-09
[2026-08-30 03:41:54] this_date = 20260830
[2026-08-30 03:41:54] next_date = 20260930
[2026-08-30 03:41:54] 專員班表 folder_id = 1V2AUNsT_jzQWawmnBNU_u-e7odYviwEk
[2026-08-30 03:41:54] 帳號數量 = 2
[2026-08-30 03:41:54] 
[2026-08-30 03:41:54] === 開始處理 台北 ===
[2026-08-30 03:41:54] 開始登入：jenny@lemonclean.com.tw
[2026-08-30 03:41:56] 登入成功：jenny@lemonclean.com.tw
[2026-08-30 03:41:56] 開始下載：city=台北 / month=2026-08 / filename=20260830專員班表-台北.xls
[2026-08-30 03:41:59] ✅ 已下載到暫存：/tmp/tmpv97agtoa/20260830專員班表-台北.xls
[2026-08-30 03:41:59] 📦 檔案大小：142848 bytes
[2026-08-30 03:41:59] 📂 暫存目錄存在：True
[2026-08-30 03:41:59] 📄 暫存檔案存在：True
[2026-08-30 03:41:59] 目前不是 Jenny 本機環境，略過本機存檔
[2026-08-30 03:41:59] Google Drive 初始化成功
[2026-08-30 03:41:59] 準備上傳到 Google Drive：20260830專員班表-台北.xls
[2026-08-30 03:42:02] ☁️ 已上傳新檔：20260830專員班表-台北.xls (file_id=1cMibijftUNQuo0VW2Ovi8lmlCkNt2TeP) https://docs.google.com/spreadsheets/d/1cMibijftUNQuo0VW2Ovi8lmlCkNt2TeP/edit?usp=drivesdk&ouid=101667783075862487943&rtpof=true&sd=true
[2026-08-30 03:42:02] ✅ 完成處理：20260830專員班表-台北.xls
[2026-08-30 03:42:02] 開始下載：city=台北 / month=2026-09 / filename=20260930專員班表-台北.xls
[2026-08-30 03:42:05] ✅ 已下載到暫存：/tmp/tmpr8vunga7/20260930專員班表-台北.xls
[2026-08-30 03:42:05] 📦 檔案大小：119296 bytes
[2026-08-30 03:42:05] 📂 暫存目錄存在：True
[2026-08-30 03:42:05] 📄 暫存檔案存在：True
[2026-08-30 03:42:05] 目前不是 Jenny 本機環境，略過本機存檔
[2026-08-30 03:42:05] Google Drive 初始化成功
[2026-08-30 03:42:05] 準備上傳到 Google Drive：20260930專員班表-台北.xls
[2026-08-30 03:42:10] ☁️ 已上傳新檔：20260930專員班表-台北.xls (file_id=19izY35obdmu0XhpPk4uqkFMvRnds0wu_) https://docs.google.com/spreadsheets/d/19izY35obdmu0XhpPk4uqkFMvRnds0wu_/edit?usp=drivesdk&ouid=101667783075862487943&rtpof=true&sd=true
[2026-08-30 03:42:10] ✅ 完成處理：20260930專員班表-台北.xls
[2026-08-30 03:42:10] ✅ 台北 全部完成
[2026-08-30 03:42:10] 
[2026-08-30 03:42:10] === 開始處理 台中 ===
[2026-08-30 03:42:10] 開始登入：jenny.tc@lemonclean.com.tw
[2026-08-30 03:42:11] 登入成功：jenny.tc@lemonclean.com.tw
[2026-08-30 03:42:11] 開始下載：city=台中 / month=2026-08 / filename=20260830專員班表-台中.xls
[2026-08-30 03:42:12] ✅ 已下載到暫存：/tmp/tmpk2vjxxt_/20260830專員班表-台中.xls
[2026-08-30 03:42:12] 📦 檔案大小：25600 bytes
[2026-08-30 03:42:12] 📂 暫存目錄存在：True
[2026-08-30 03:42:12] 📄 暫存檔案存在：True
[2026-08-30 03:42:12] 目前不是 Jenny 本機環境，略過本機存檔
[2026-08-30 03:42:12] Google Drive 初始化成功
[2026-08-30 03:42:12] 準備上傳到 Google Drive：20260830專員班表-台中.xls
[2026-08-30 03:42:14] ☁️ 已上傳新檔：20260830專員班表-台中.xls (file_id=1bIhpYkto9PcFh50sLW0szrVPiHCuZteh) https://docs.google.com/spreadsheets/d/1bIhpYkto9PcFh50sLW0szrVPiHCuZteh/edit?usp=drivesdk&ouid=101667783075862487943&rtpof=true&sd=true
[2026-08-30 03:42:14] ✅ 完成處理：20260830專員班表-台中.xls
[2026-08-30 03:42:14] 開始下載：city=台中 / month=2026-09 / filename=20260930專員班表-台中.xls
[2026-08-30 03:42:15] ✅ 已下載到暫存：/tmp/tmp1tlqtcx1/20260930專員班表-台中.xls
[2026-08-30 03:42:15] 📦 檔案大小：23552 bytes
[2026-08-30 03:42:15] 📂 暫存目錄存在：True
[2026-08-30 03:42:15] 📄 暫存檔案存在：True
[2026-08-30 03:42:15] 目前不是 Jenny 本機環境，略過本機存檔
[2026-08-30 03:42:15] Google Drive 初始化成功
[2026-08-30 03:42:15] 準備上傳到 Google Drive：20260930專員班表-台中.xls
[2026-08-30 03:42:17] ☁️ 已上傳新檔：20260930專員班表-台中.xls (file_id=1o_XWstOYdlIBDYGgSNze1o5KdVN-6R0j) https://docs.google.com/spreadsheets/d/1o_XWstOYdlIBDYGgSNze1o5KdVN-6R0j/edit?usp=drivesdk&ouid=101667783075862487943&rtpof=true&sd=true
[2026-08-30 03:42:17] ✅ 完成處理：20260930專員班表-台中.xls
[2026-08-30 03:42:17] ✅ 台中 全部完成
[2026-08-30 03:42:17] 🎉 staff_schedule.py 全部完成

完成執行：專員班表
scheduled_daily scheduler 全部完成
