📋 log_spreadsheet_id 已從設定檔載入
📝 外場排程打卡：外場專員班表 / running
Command: /opt/hostedtoolcache/Python/3.11.16/x64/bin/python -u -m tools.field_management.staff_schedule --date 20260828 --system-name 外場排程系統 --run-type 排程
[2026-08-28 14:25:38] 開始處理專員班表：20260828專員班表-台北
🔄 Jenny OAuth 已將來源 Excel 轉成暫存 Google Sheet：1NGnQpGcZ_trjkVin9diYOxxwOs_Oo0T3PisXqCgMhWg
🗑️ 已刪除來源暫存 Google Sheet：1NGnQpGcZ_trjkVin9diYOxxwOs_Oo0T3PisXqCgMhWg
[2026-08-28 14:25:47] 更新專員班表分頁名稱：專員班表查詢本月_0827 → 專員班表查詢本月_0828
[2026-08-28 14:25:48] 專員班表分頁名稱更新完成：專員班表查詢本月_0828
[2026-08-28 14:25:49] 完成：20260828專員班表-台北.xls → '專員班表查詢本月_0828'!A:G / rows=1567
[2026-08-28 14:25:51] 開始處理專員班表：20260928專員班表-台北
🔄 Jenny OAuth 已將來源 Excel 轉成暫存 Google Sheet：112J4xTwJW81fGPxdoayqnrSbNp0b5xsWvAPAGBi3em4
🗑️ 已刪除來源暫存 Google Sheet：112J4xTwJW81fGPxdoayqnrSbNp0b5xsWvAPAGBi3em4
[2026-08-28 14:25:59] 更新專員班表分頁名稱：專員班表查詢次月_0827 → 專員班表查詢次月_0828
[2026-08-28 14:26:00] 專員班表分頁名稱更新完成：專員班表查詢次月_0828
[2026-08-28 14:26:00] 完成：20260928專員班表-台北.xls → '專員班表查詢次月_0828'!A:G / rows=1273
[2026-08-28 14:26:02] 開始處理專員班表：20260828專員班表-台中
🔄 Jenny OAuth 已將來源 Excel 轉成暫存 Google Sheet：19V3aXYKWdLZ-azgUowXSSaqT5gtaFPSQUOdmojuAeKI
🗑️ 已刪除來源暫存 Google Sheet：19V3aXYKWdLZ-azgUowXSSaqT5gtaFPSQUOdmojuAeKI
[2026-08-28 14:26:11] 更新專員班表分頁名稱：專員班表查詢本月_0827 → 專員班表查詢本月_0828
[2026-08-28 14:26:11] 專員班表分頁名稱更新完成：專員班表查詢本月_0828
[2026-08-28 14:26:12] 完成：20260828專員班表-台中.xls → '專員班表查詢本月_0828'!A:G / rows=233
[2026-08-28 14:26:18] 開始處理專員班表：20260928專員班表-台中
🔄 Jenny OAuth 已將來源 Excel 轉成暫存 Google Sheet：1_Ue1VC8w-logaxTrZsRW-p_gJSkz5at7DusnJJpOwIQ
🗑️ 已刪除來源暫存 Google Sheet：1_Ue1VC8w-logaxTrZsRW-p_gJSkz5at7DusnJJpOwIQ
[2026-08-28 14:26:28] 更新專員班表分頁名稱：專員班表查詢次月_0827 → 專員班表查詢次月_0828
[2026-08-28 14:26:29] 專員班表分頁名稱更新完成：專員班表查詢次月_0828
[2026-08-28 14:26:29] 完成：20260928專員班表-台中.xls → '專員班表查詢次月_0828'!A:G / rows=209
[2026-08-28 14:26:30] staff_schedule.py 全部完成

📝 外場排程打卡：外場專員班表 / success
field_management scheduler 全部完成
