開始執行：當月次月訂單
⚠️ 一鍵日排程 secrets TOML 注入失敗：No secrets found. Valid paths for a secrets.toml file or secret directories are: /home/runner/.streamlit/secrets.toml, /home/runner/work/tool-system/tool-system/.streamlit/secrets.toml
⚠️ 一鍵日排程 secrets env 注入失敗：No secrets found. Valid paths for a secrets.toml file or secret directories are: /home/runner/.streamlit/secrets.toml, /home/runner/work/tool-system/tool-system/.streamlit/secrets.toml
OAuth env ready = True
OAuth bootstrap forced = True
Command: Python bootstrap -> /home/runner/work/tool-system/tool-system/tools/scheduled_daily/orders_report.py
[2026-08-28 09:32:07] ====================================================
[2026-08-28 09:32:07] orders_report.py 開始執行
[2026-08-28 09:32:07] GITHUB_ACTIONS = true
[2026-08-28 09:32:07] PWD = /home/runner/work/tool-system/tool-system
[2026-08-28 09:32:07] LOCAL_OUTPUT_DIR = /Users/jenny/Library/CloudStorage/GoogleDrive-jenny@lemonclean.com.tw/我的雲端硬碟/lemon_Jenny/Jenny@lemon程式/訂單資料
[2026-08-28 09:32:07] LOCAL_OUTPUT_DIR exists = False
[2026-08-28 09:32:07] can_use_local_output_dir = False
[2026-08-28 09:32:07] root folder_id = 11O6eKHQ1e3Irqps7Kq1XJOSVVge3pCAc
[2026-08-28 09:32:07] ====================================================
[2026-08-28 09:32:07] Google Drive 初始化成功
[2026-08-28 09:32:08] 📁 使用既有資料夾：訂單資料
[2026-08-28 09:32:08] 服務日期：2026-08-01 ~ 2026-09-30
[2026-08-28 09:32:08] file_date = 20260828
[2026-08-28 09:32:08] 訂單資料 folder_id = 1o6ROTdseIRKOivgYQt50cNuCZLT3Rpug
[2026-08-28 09:32:08] 帳號數量 = 2
[2026-08-28 09:32:08] 
[2026-08-28 09:32:08] === 開始處理 台北 ===
[2026-08-28 09:32:08] 開始登入：jenny@lemonclean.com.tw
[2026-08-28 09:32:10] 登入成功：jenny@lemonclean.com.tw
[2026-08-28 09:32:10] 開始下載：city=台北 / export_url=https://backend.lemonclean.com.tw/purchase/export_order?clean_date_s=2026-08-01&clean_date_e=2026-09-30&purchase_status=1
[2026-08-28 09:32:22] ✅ 已下載到暫存：/tmp/tmp2_z3ycks/20260828訂單-台北.xls
[2026-08-28 09:32:22] 📦 檔案大小：1916416 bytes
[2026-08-28 09:32:22] 📂 暫存目錄存在：True
[2026-08-28 09:32:22] 📄 暫存檔案存在：True
[2026-08-28 09:32:22] 目前不是 Jenny 本機環境，略過本機存檔
[2026-08-28 09:32:22] Google Drive 初始化成功
[2026-08-28 09:32:22] 準備上傳到 Google Drive：20260828訂單-台北.xls
[2026-08-28 09:32:25] ☁️ 已上傳新檔：20260828訂單-台北.xls (file_id=1gh4V249w7fN2dIXtqENkPlzk7NFyNoS6) https://docs.google.com/spreadsheets/d/1gh4V249w7fN2dIXtqENkPlzk7NFyNoS6/edit?usp=drivesdk&ouid=101667783075862487943&rtpof=true&sd=true
[2026-08-28 09:32:25] ✅ 完成處理：20260828訂單-台北.xls
[2026-08-28 09:32:25] ✅ 台北 完成
[2026-08-28 09:32:25] 
[2026-08-28 09:32:25] === 開始處理 台中 ===
[2026-08-28 09:32:25] 開始登入：jenny.tc@lemonclean.com.tw
[2026-08-28 09:32:26] 登入成功：jenny.tc@lemonclean.com.tw
[2026-08-28 09:32:26] 開始下載：city=台中 / export_url=https://backend.lemonclean.com.tw/purchase/export_order?clean_date_s=2026-08-01&clean_date_e=2026-09-30&purchase_status=1
[2026-08-28 09:32:28] ✅ 已下載到暫存：/tmp/tmpr9bss9ai/20260828訂單-台中.xls
[2026-08-28 09:32:28] 📦 檔案大小：141824 bytes
[2026-08-28 09:32:28] 📂 暫存目錄存在：True
[2026-08-28 09:32:28] 📄 暫存檔案存在：True
[2026-08-28 09:32:28] 目前不是 Jenny 本機環境，略過本機存檔
[2026-08-28 09:32:28] Google Drive 初始化成功
[2026-08-28 09:32:28] 準備上傳到 Google Drive：20260828訂單-台中.xls
[2026-08-28 09:32:31] ☁️ 已上傳新檔：20260828訂單-台中.xls (file_id=12Y7ZgKV4mMaqKyO8IU0oA0OCtsMumXN9) https://docs.google.com/spreadsheets/d/12Y7ZgKV4mMaqKyO8IU0oA0OCtsMumXN9/edit?usp=drivesdk&ouid=101667783075862487943&rtpof=true&sd=true
[2026-08-28 09:32:31] ✅ 完成處理：20260828訂單-台中.xls
[2026-08-28 09:32:31] ✅ 台中 完成
[2026-08-28 09:32:31] 🎉 orders_report.py 全部完成

完成執行：當月次月訂單
scheduled_daily scheduler 全部完成
