開始執行：排班統計表
⚠️ 一鍵日排程 secrets TOML 注入失敗：No secrets found. Valid paths for a secrets.toml file or secret directories are: /home/runner/.streamlit/secrets.toml, /home/runner/work/tool-system/tool-system/.streamlit/secrets.toml
⚠️ 一鍵日排程 secrets env 注入失敗：No secrets found. Valid paths for a secrets.toml file or secret directories are: /home/runner/.streamlit/secrets.toml, /home/runner/work/tool-system/tool-system/.streamlit/secrets.toml
OAuth env ready = True
OAuth bootstrap forced = True
Command: Python bootstrap -> /home/runner/work/tool-system/tool-system/tools/scheduled_daily/schedule_report.py
[2026-08-28 09:13:56] ====================================================
[2026-08-28 09:13:56] schedule_report.py 開始執行
[2026-08-28 09:13:56] GITHUB_ACTIONS = true
[2026-08-28 09:13:56] PWD = /home/runner/work/tool-system/tool-system
[2026-08-28 09:13:56] LOCAL_OUTPUT_DIR = /Users/jenny/Library/CloudStorage/GoogleDrive-jenny@lemonclean.com.tw/.shortcut-targets-by-id/1zbu45AG1adMzz24HPdi_tLfh2Tncw_Br/排班統計表
[2026-08-28 09:13:56] LOCAL_OUTPUT_DIR exists = False
[2026-08-28 09:13:56] can_use_local_output_dir = False
[2026-08-28 09:13:56] root folder_id = 11O6eKHQ1e3Irqps7Kq1XJOSVVge3pCAc
[2026-08-28 09:13:56] ====================================================
[2026-08-28 09:13:56] Google Drive 初始化成功
[2026-08-28 09:13:57] 📁 使用既有資料夾：排班統計表
[2026-08-28 09:13:57] this_month = 2026-08
[2026-08-28 09:13:57] next_month = 2026-09
[2026-08-28 09:13:57] today_stamp = 20260828
[2026-08-28 09:13:57] next_month_stamp = 20260928
[2026-08-28 09:13:57] 排班統計表 folder_id = 18XDXdrCSsLYwSzz1Da9pQh-jGm2h2Ed8
[2026-08-28 09:13:57] 帳號數量 = 2
[2026-08-28 09:13:57] 
[2026-08-28 09:13:57] === 開始處理 台北 ===
[2026-08-28 09:13:57] 開始登入：jenny@lemonclean.com.tw
[2026-08-28 09:13:58] 登入成功：jenny@lemonclean.com.tw
[2026-08-28 09:13:58] 開始下載：month=2026-08 / filename=20260828排班統計表-台北.xlsx
[2026-08-28 09:14:00] ✅ 已下載到暫存：/tmp/tmptglmurtg/20260828排班統計表-台北.xlsx
[2026-08-28 09:14:00] 📦 檔案大小：18944 bytes
[2026-08-28 09:14:00] 📂 暫存目錄存在：True
[2026-08-28 09:14:00] 📄 暫存檔案存在：True
[2026-08-28 09:14:00] 目前不是 Jenny 本機環境，略過本機存檔
[2026-08-28 09:14:00] Google Drive 初始化成功
[2026-08-28 09:14:00] 準備上傳到 Google Drive：20260828排班統計表-台北.xlsx
[2026-08-28 09:14:01] ☁️ 已上傳新檔：20260828排班統計表-台北.xlsx (file_id=1TpDk2e33POgXis6jCDhWY6nNlcXiokkp) https://docs.google.com/spreadsheets/d/1TpDk2e33POgXis6jCDhWY6nNlcXiokkp/edit?usp=drivesdk&ouid=101667783075862487943&rtpof=true&sd=true
[2026-08-28 09:14:01] ✅ 完成處理：20260828排班統計表-台北.xlsx
[2026-08-28 09:14:01] 開始下載：month=2026-09 / filename=20260928排班統計表-台北.xlsx
[2026-08-28 09:14:02] ✅ 已下載到暫存：/tmp/tmp8mv57anh/20260928排班統計表-台北.xlsx
[2026-08-28 09:14:02] 📦 檔案大小：15872 bytes
[2026-08-28 09:14:02] 📂 暫存目錄存在：True
[2026-08-28 09:14:02] 📄 暫存檔案存在：True
[2026-08-28 09:14:02] 目前不是 Jenny 本機環境，略過本機存檔
[2026-08-28 09:14:02] Google Drive 初始化成功
[2026-08-28 09:14:02] 準備上傳到 Google Drive：20260928排班統計表-台北.xlsx
[2026-08-28 09:14:04] ☁️ 已上傳新檔：20260928排班統計表-台北.xlsx (file_id=1mZxTk_WpVs0Oa1g1fJpLgQNADSqKYTmR) https://docs.google.com/spreadsheets/d/1mZxTk_WpVs0Oa1g1fJpLgQNADSqKYTmR/edit?usp=drivesdk&ouid=101667783075862487943&rtpof=true&sd=true
[2026-08-28 09:14:04] ✅ 完成處理：20260928排班統計表-台北.xlsx
[2026-08-28 09:14:04] ✅ 台北 全部完成
[2026-08-28 09:14:04] 
[2026-08-28 09:14:04] === 開始處理 台中 ===
[2026-08-28 09:14:04] 開始登入：jenny.tc@lemonclean.com.tw
[2026-08-28 09:14:05] 登入成功：jenny.tc@lemonclean.com.tw
[2026-08-28 09:14:05] 開始下載：month=2026-08 / filename=20260828排班統計表-台中.xlsx
[2026-08-28 09:14:06] ✅ 已下載到暫存：/tmp/tmpcf2yhwgb/20260828排班統計表-台中.xlsx
[2026-08-28 09:14:06] 📦 檔案大小：7168 bytes
[2026-08-28 09:14:06] 📂 暫存目錄存在：True
[2026-08-28 09:14:06] 📄 暫存檔案存在：True
[2026-08-28 09:14:06] 目前不是 Jenny 本機環境，略過本機存檔
[2026-08-28 09:14:06] Google Drive 初始化成功
[2026-08-28 09:14:06] 準備上傳到 Google Drive：20260828排班統計表-台中.xlsx
[2026-08-28 09:14:07] ☁️ 已上傳新檔：20260828排班統計表-台中.xlsx (file_id=1O5JIBCBlMN9rXVIihKAMk29GJ8Br0z3I) https://docs.google.com/spreadsheets/d/1O5JIBCBlMN9rXVIihKAMk29GJ8Br0z3I/edit?usp=drivesdk&ouid=101667783075862487943&rtpof=true&sd=true
[2026-08-28 09:14:07] ✅ 完成處理：20260828排班統計表-台中.xlsx
[2026-08-28 09:14:07] 開始下載：month=2026-09 / filename=20260928排班統計表-台中.xlsx
[2026-08-28 09:14:07] ✅ 已下載到暫存：/tmp/tmpbe7q1636/20260928排班統計表-台中.xlsx
[2026-08-28 09:14:07] 📦 檔案大小：6144 bytes
[2026-08-28 09:14:07] 📂 暫存目錄存在：True
[2026-08-28 09:14:07] 📄 暫存檔案存在：True
[2026-08-28 09:14:07] 目前不是 Jenny 本機環境，略過本機存檔
[2026-08-28 09:14:07] Google Drive 初始化成功
[2026-08-28 09:14:07] 準備上傳到 Google Drive：20260928排班統計表-台中.xlsx
[2026-08-28 09:14:08] ☁️ 已上傳新檔：20260928排班統計表-台中.xlsx (file_id=1yiybXpRKu-sFKSSUHA72sTHPediyosly) https://docs.google.com/spreadsheets/d/1yiybXpRKu-sFKSSUHA72sTHPediyosly/edit?usp=drivesdk&ouid=101667783075862487943&rtpof=true&sd=true
[2026-08-28 09:14:08] ✅ 完成處理：20260928排班統計表-台中.xlsx
[2026-08-28 09:14:08] ✅ 台中 全部完成
[2026-08-28 09:14:08] 🎉 schedule_report.py 全部完成

完成執行：排班統計表
scheduled_daily scheduler 全部完成
