2026-08-28 05:55:38 [INFO] === 客服排程系統 run_id=cf647dd4 step=1 台北時間=2026-08-28 13:55:38 ===
2026-08-28 05:55:38 [INFO] 目標試算表 ID 來源：環境變數 SERVICE_TARGET_SPREADSHEET_ID
2026-08-28 05:55:38 [INFO] file_cache is only supported with oauth2client<4.0.0
2026-08-28 05:55:58 [INFO] --- Step1_更新排班統計表 ---
2026-08-28 05:55:59 [INFO] file_cache is only supported with oauth2client<4.0.0
2026-08-28 05:56:00 [INFO] Drive 資料夾找到 148 個檔案
2026-08-28 05:56:00 [INFO]   找到檔案：20260928排班統計表-台中.xlsx (application/vnd.openxmlformats-officedocument.spreadsheetml.sheet)
2026-08-28 05:56:00 [INFO]   找到檔案：20260828排班統計表-台中.xlsx (application/vnd.openxmlformats-officedocument.spreadsheetml.sheet)
2026-08-28 05:56:00 [INFO]   找到檔案：20260928排班統計表-台北.xlsx (application/vnd.openxmlformats-officedocument.spreadsheetml.sheet)
2026-08-28 05:56:00 [INFO]   找到檔案：20260828排班統計表-台北.xlsx (application/vnd.openxmlformats-officedocument.spreadsheetml.sheet)
2026-08-28 05:56:00 [INFO]   找到檔案：20260927排班統計表-台中 (application/vnd.google-apps.spreadsheet)
2026-08-28 05:56:00 [INFO]   找到檔案：20260927排班統計表-台北 (application/vnd.google-apps.spreadsheet)
2026-08-28 05:56:00 [INFO]   找到檔案：20260827排班統計表-台中 (application/vnd.google-apps.spreadsheet)
2026-08-28 05:56:00 [INFO]   找到檔案：20260827排班統計表-台北 (application/vnd.google-apps.spreadsheet)
2026-08-28 05:56:00 [INFO]   找到檔案：20260927排班統計表-台中.xlsx (application/vnd.openxmlformats-officedocument.spreadsheetml.sheet)
2026-08-28 05:56:00 [INFO]   找到檔案：20260827排班統計表-台中.xlsx (application/vnd.openxmlformats-officedocument.spreadsheetml.sheet)
2026-08-28 05:56:00 [INFO]   找到檔案：20260927排班統計表-台北.xlsx (application/vnd.openxmlformats-officedocument.spreadsheetml.sheet)
2026-08-28 05:56:00 [INFO]   找到檔案：20260827排班統計表-台北.xlsx (application/vnd.openxmlformats-officedocument.spreadsheetml.sheet)
2026-08-28 05:56:00 [INFO]   找到檔案：20260926排班統計表-台中 (application/vnd.google-apps.spreadsheet)
2026-08-28 05:56:00 [INFO]   找到檔案：20260926排班統計表-台北 (application/vnd.google-apps.spreadsheet)
2026-08-28 05:56:00 [INFO]   找到檔案：20260826排班統計表-台中 (application/vnd.google-apps.spreadsheet)
2026-08-28 05:56:00 [INFO]   找到檔案：20260826排班統計表-台北 (application/vnd.google-apps.spreadsheet)
2026-08-28 05:56:00 [INFO]   找到檔案：20260926排班統計表-台中.xlsx (application/vnd.openxmlformats-officedocument.spreadsheetml.sheet)
2026-08-28 05:56:00 [INFO]   找到檔案：20260826排班統計表-台中.xlsx (application/vnd.openxmlformats-officedocument.spreadsheetml.sheet)
2026-08-28 05:56:00 [INFO]   找到檔案：20260926排班統計表-台北.xlsx (application/vnd.openxmlformats-officedocument.spreadsheetml.sheet)
2026-08-28 05:56:00 [INFO]   找到檔案：20260826排班統計表-台北.xlsx (application/vnd.openxmlformats-officedocument.spreadsheetml.sheet)
2026-08-28 05:56:00 [INFO]   找到檔案：20260925排班統計表-台中 (application/vnd.google-apps.spreadsheet)
2026-08-28 05:56:00 [INFO]   找到檔案：20260925排班統計表-台北 (application/vnd.google-apps.spreadsheet)
2026-08-28 05:56:00 [INFO]   找到檔案：20260825排班統計表-台中 (application/vnd.google-apps.spreadsheet)
2026-08-28 05:56:00 [INFO]   找到檔案：20260825排班統計表-台北 (application/vnd.google-apps.spreadsheet)
2026-08-28 05:56:00 [INFO]   找到檔案：20260925排班統計表-台中.xlsx (application/vnd.openxmlformats-officedocument.spreadsheetml.sheet)
2026-08-28 05:56:00 [INFO]   找到檔案：20260825排班統計表-台中.xlsx (application/vnd.openxmlformats-officedocument.spreadsheetml.sheet)
2026-08-28 05:56:00 [INFO]   找到檔案：20260925排班統計表-台北.xlsx (application/vnd.openxmlformats-officedocument.spreadsheetml.sheet)
2026-08-28 05:56:00 [INFO]   找到檔案：20260825排班統計表-台北.xlsx (application/vnd.openxmlformats-officedocument.spreadsheetml.sheet)
2026-08-28 05:56:00 [INFO]   找到檔案：20260924排班統計表-台中 (application/vnd.google-apps.spreadsheet)
2026-08-28 05:56:00 [INFO]   找到檔案：20260924排班統計表-台北 (application/vnd.google-apps.spreadsheet)
2026-08-28 05:56:00 [INFO]   找到檔案：20260824排班統計表-台中 (application/vnd.google-apps.spreadsheet)
2026-08-28 05:56:00 [INFO]   找到檔案：20260824排班統計表-台北 (application/vnd.google-apps.spreadsheet)
2026-08-28 05:56:00 [INFO]   找到檔案：20260924排班統計表-台中.xlsx (application/vnd.openxmlformats-officedocument.spreadsheetml.sheet)
2026-08-28 05:56:00 [INFO]   找到檔案：20260824排班統計表-台中.xlsx (application/vnd.openxmlformats-officedocument.spreadsheetml.sheet)
2026-08-28 05:56:00 [INFO]   找到檔案：20260924排班統計表-台北.xlsx (application/vnd.openxmlformats-officedocument.spreadsheetml.sheet)
2026-08-28 05:56:00 [INFO]   找到檔案：20260824排班統計表-台北.xlsx (application/vnd.openxmlformats-officedocument.spreadsheetml.sheet)
2026-08-28 05:56:00 [INFO]   找到檔案：20260923排班統計表-台中 (application/vnd.google-apps.spreadsheet)
2026-08-28 05:56:00 [INFO]   找到檔案：20260923排班統計表-台北 (application/vnd.google-apps.spreadsheet)
2026-08-28 05:56:00 [INFO]   找到檔案：20260823排班統計表-台中 (application/vnd.google-apps.spreadsheet)
2026-08-28 05:56:00 [INFO]   找到檔案：20260823排班統計表-台北 (application/vnd.google-apps.spreadsheet)
2026-08-28 05:56:00 [INFO]   找到檔案：20260923排班統計表-台中.xlsx (application/vnd.openxmlformats-officedocument.spreadsheetml.sheet)
2026-08-28 05:56:00 [INFO]   找到檔案：20260823排班統計表-台中.xlsx (application/vnd.openxmlformats-officedocument.spreadsheetml.sheet)
2026-08-28 05:56:00 [INFO]   找到檔案：20260923排班統計表-台北.xlsx (application/vnd.openxmlformats-officedocument.spreadsheetml.sheet)
2026-08-28 05:56:00 [INFO]   找到檔案：20260823排班統計表-台北.xlsx (application/vnd.openxmlformats-officedocument.spreadsheetml.sheet)
2026-08-28 05:56:00 [INFO]   找到檔案：20260922排班統計表-台中 (application/vnd.google-apps.spreadsheet)
2026-08-28 05:56:00 [INFO]   找到檔案：20260922排班統計表-台北 (application/vnd.google-apps.spreadsheet)
2026-08-28 05:56:00 [INFO]   找到檔案：20260822排班統計表-台中 (application/vnd.google-apps.spreadsheet)
2026-08-28 05:56:00 [INFO]   找到檔案：20260822排班統計表-台北 (application/vnd.google-apps.spreadsheet)
2026-08-28 05:56:00 [INFO]   找到檔案：20260922排班統計表-台中.xlsx (application/vnd.openxmlformats-officedocument.spreadsheetml.sheet)
2026-08-28 05:56:00 [INFO]   找到檔案：20260822排班統計表-台中.xlsx (application/vnd.openxmlformats-officedocument.spreadsheetml.sheet)
2026-08-28 05:56:00 [INFO]   找到檔案：20260922排班統計表-台北.xlsx (application/vnd.openxmlformats-officedocument.spreadsheetml.sheet)
2026-08-28 05:56:00 [INFO]   找到檔案：20260822排班統計表-台北.xlsx (application/vnd.openxmlformats-officedocument.spreadsheetml.sheet)
2026-08-28 05:56:00 [INFO]   找到檔案：20260921排班統計表-台中 (application/vnd.google-apps.spreadsheet)
2026-08-28 05:56:00 [INFO]   找到檔案：20260921排班統計表-台北 (application/vnd.google-apps.spreadsheet)
2026-08-28 05:56:00 [INFO]   找到檔案：20260821排班統計表-台中 (application/vnd.google-apps.spreadsheet)
2026-08-28 05:56:00 [INFO]   找到檔案：20260821排班統計表-台北 (application/vnd.google-apps.spreadsheet)
2026-08-28 05:56:00 [INFO]   找到檔案：20260921排班統計表-台中.xlsx (application/vnd.openxmlformats-officedocument.spreadsheetml.sheet)
2026-08-28 05:56:00 [INFO]   找到檔案：20260821排班統計表-台中.xlsx (application/vnd.openxmlformats-officedocument.spreadsheetml.sheet)
2026-08-28 05:56:00 [INFO]   找到檔案：20260921排班統計表-台北.xlsx (application/vnd.openxmlformats-officedocument.spreadsheetml.sheet)
2026-08-28 05:56:00 [INFO]   找到檔案：20260821排班統計表-台北.xlsx (application/vnd.openxmlformats-officedocument.spreadsheetml.sheet)
2026-08-28 05:56:00 [INFO]   找到檔案：20260920排班統計表-台中 (application/vnd.google-apps.spreadsheet)
2026-08-28 05:56:00 [INFO]   找到檔案：20260920排班統計表-台北 (application/vnd.google-apps.spreadsheet)
2026-08-28 05:56:00 [INFO]   找到檔案：20260820排班統計表-台中 (application/vnd.google-apps.spreadsheet)
2026-08-28 05:56:00 [INFO]   找到檔案：20260820排班統計表-台北 (application/vnd.google-apps.spreadsheet)
2026-08-28 05:56:00 [INFO]   找到檔案：20260920排班統計表-台中.xlsx (application/vnd.openxmlformats-officedocument.spreadsheetml.sheet)
2026-08-28 05:56:00 [INFO]   找到檔案：20260820排班統計表-台中.xlsx (application/vnd.openxmlformats-officedocument.spreadsheetml.sheet)
2026-08-28 05:56:00 [INFO]   找到檔案：20260920排班統計表-台北.xlsx (application/vnd.openxmlformats-officedocument.spreadsheetml.sheet)
2026-08-28 05:56:00 [INFO]   找到檔案：20260820排班統計表-台北.xlsx (application/vnd.openxmlformats-officedocument.spreadsheetml.sheet)
2026-08-28 05:56:00 [INFO]   找到檔案：20260919排班統計表-台中 (application/vnd.google-apps.spreadsheet)
2026-08-28 05:56:00 [INFO]   找到檔案：20260919排班統計表-台北 (application/vnd.google-apps.spreadsheet)
2026-08-28 05:56:00 [INFO]   找到檔案：20260819排班統計表-台中 (application/vnd.google-apps.spreadsheet)
2026-08-28 05:56:00 [INFO]   找到檔案：20260819排班統計表-台北 (application/vnd.google-apps.spreadsheet)
2026-08-28 05:56:00 [INFO]   找到檔案：20260919排班統計表-台中.xlsx (application/vnd.openxmlformats-officedocument.spreadsheetml.sheet)
2026-08-28 05:56:00 [INFO]   找到檔案：20260819排班統計表-台中.xlsx (application/vnd.openxmlformats-officedocument.spreadsheetml.sheet)
2026-08-28 05:56:00 [INFO]   找到檔案：20260919排班統計表-台北.xlsx (application/vnd.openxmlformats-officedocument.spreadsheetml.sheet)
2026-08-28 05:56:00 [INFO]   找到檔案：20260819排班統計表-台北.xlsx (application/vnd.openxmlformats-officedocument.spreadsheetml.sheet)
2026-08-28 05:56:00 [INFO]   找到檔案：20260918排班統計表-台中 (application/vnd.google-apps.spreadsheet)
2026-08-28 05:56:00 [INFO]   找到檔案：20260918排班統計表-台北 (application/vnd.google-apps.spreadsheet)
2026-08-28 05:56:00 [INFO]   找到檔案：20260818排班統計表-台中 (application/vnd.google-apps.spreadsheet)
2026-08-28 05:56:00 [INFO]   找到檔案：20260818排班統計表-台北 (application/vnd.google-apps.spreadsheet)
2026-08-28 05:56:00 [INFO]   找到檔案：20260918排班統計表-台中.xlsx (application/vnd.openxmlformats-officedocument.spreadsheetml.sheet)
2026-08-28 05:56:00 [INFO]   找到檔案：20260818排班統計表-台中.xlsx (application/vnd.openxmlformats-officedocument.spreadsheetml.sheet)
2026-08-28 05:56:00 [INFO]   找到檔案：20260918排班統計表-台北.xlsx (application/vnd.openxmlformats-officedocument.spreadsheetml.sheet)
2026-08-28 05:56:00 [INFO]   找到檔案：20260818排班統計表-台北.xlsx (application/vnd.openxmlformats-officedocument.spreadsheetml.sheet)
2026-08-28 05:56:00 [INFO]   找到檔案：20260917排班統計表-台中.xlsx (application/vnd.openxmlformats-officedocument.spreadsheetml.sheet)
2026-08-28 05:56:00 [INFO]   找到檔案：20260817排班統計表-台中.xlsx (application/vnd.openxmlformats-officedocument.spreadsheetml.sheet)
2026-08-28 05:56:00 [INFO]   找到檔案：20260917排班統計表-台北.xlsx (application/vnd.openxmlformats-officedocument.spreadsheetml.sheet)
2026-08-28 05:56:00 [INFO]   找到檔案：20260817排班統計表-台北.xlsx (application/vnd.openxmlformats-officedocument.spreadsheetml.sheet)
2026-08-28 05:56:00 [INFO]   找到檔案：20260917排班統計表-台中 (application/vnd.google-apps.spreadsheet)
2026-08-28 05:56:00 [INFO]   找到檔案：20260917排班統計表-台北 (application/vnd.google-apps.spreadsheet)
2026-08-28 05:56:00 [INFO]   找到檔案：20260817排班統計表-台中 (application/vnd.google-apps.spreadsheet)
2026-08-28 05:56:00 [INFO]   找到檔案：20260817排班統計表-台北 (application/vnd.google-apps.spreadsheet)
2026-08-28 05:56:00 [INFO]   找到檔案：20260916排班統計表-台中 (application/vnd.google-apps.spreadsheet)
2026-08-28 05:56:00 [INFO]   找到檔案：20260916排班統計表-台北 (application/vnd.google-apps.spreadsheet)
2026-08-28 05:56:00 [INFO]   找到檔案：20260816排班統計表-台中 (application/vnd.google-apps.spreadsheet)
2026-08-28 05:56:00 [INFO]   找到檔案：20260816排班統計表-台北 (application/vnd.google-apps.spreadsheet)
2026-08-28 05:56:00 [INFO]   找到檔案：20260916排班統計表-台中.xlsx (application/vnd.openxmlformats-officedocument.spreadsheetml.sheet)
2026-08-28 05:56:00 [INFO]   找到檔案：20260816排班統計表-台中.xlsx (application/vnd.openxmlformats-officedocument.spreadsheetml.sheet)
2026-08-28 05:56:00 [INFO]   找到檔案：20260916排班統計表-台北.xlsx (application/vnd.openxmlformats-officedocument.spreadsheetml.sheet)
2026-08-28 05:56:00 [INFO]   找到檔案：20260816排班統計表-台北.xlsx (application/vnd.openxmlformats-officedocument.spreadsheetml.sheet)
2026-08-28 05:56:00 [INFO]   找到檔案：20260915排班統計表-台中 (application/vnd.google-apps.spreadsheet)
2026-08-28 05:56:00 [INFO]   找到檔案：20260915排班統計表-台北 (application/vnd.google-apps.spreadsheet)
2026-08-28 05:56:00 [INFO]   找到檔案：20260815排班統計表-台中 (application/vnd.google-apps.spreadsheet)
2026-08-28 05:56:00 [INFO]   找到檔案：20260815排班統計表-台北 (application/vnd.google-apps.spreadsheet)
2026-08-28 05:56:00 [INFO]   找到檔案：20260915排班統計表-台中.xlsx (application/vnd.openxmlformats-officedocument.spreadsheetml.sheet)
2026-08-28 05:56:00 [INFO]   找到檔案：20260815排班統計表-台中.xlsx (application/vnd.openxmlformats-officedocument.spreadsheetml.sheet)
2026-08-28 05:56:00 [INFO]   找到檔案：20260915排班統計表-台北.xlsx (application/vnd.openxmlformats-officedocument.spreadsheetml.sheet)
2026-08-28 05:56:00 [INFO]   找到檔案：20260815排班統計表-台北.xlsx (application/vnd.openxmlformats-officedocument.spreadsheetml.sheet)
2026-08-28 05:56:00 [INFO]   找到檔案：20260914排班統計表-台中 (application/vnd.google-apps.spreadsheet)
2026-08-28 05:56:00 [INFO]   找到檔案：20260914排班統計表-台北 (application/vnd.google-apps.spreadsheet)
2026-08-28 05:56:00 [INFO]   找到檔案：20260814排班統計表-台中 (application/vnd.google-apps.spreadsheet)
2026-08-28 05:56:00 [INFO]   找到檔案：20260814排班統計表-台北 (application/vnd.google-apps.spreadsheet)
2026-08-28 05:56:00 [INFO]   找到檔案：20260914排班統計表-台中.xlsx (application/vnd.openxmlformats-officedocument.spreadsheetml.sheet)
2026-08-28 05:56:00 [INFO]   找到檔案：20260814排班統計表-台中.xlsx (application/vnd.openxmlformats-officedocument.spreadsheetml.sheet)
2026-08-28 05:56:00 [INFO]   找到檔案：20260914排班統計表-台北.xlsx (application/vnd.openxmlformats-officedocument.spreadsheetml.sheet)
2026-08-28 05:56:00 [INFO]   找到檔案：20260814排班統計表-台北.xlsx (application/vnd.openxmlformats-officedocument.spreadsheetml.sheet)
2026-08-28 05:56:00 [INFO]   找到檔案：20260913排班統計表-台中 (application/vnd.google-apps.spreadsheet)
2026-08-28 05:56:00 [INFO]   找到檔案：20260913排班統計表-台北 (application/vnd.google-apps.spreadsheet)
2026-08-28 05:56:00 [INFO]   找到檔案：20260813排班統計表-台中 (application/vnd.google-apps.spreadsheet)
2026-08-28 05:56:00 [INFO]   找到檔案：20260813排班統計表-台北 (application/vnd.google-apps.spreadsheet)
2026-08-28 05:56:00 [INFO]   找到檔案：20260913排班統計表-台中.xlsx (application/vnd.openxmlformats-officedocument.spreadsheetml.sheet)
2026-08-28 05:56:00 [INFO]   找到檔案：20260813排班統計表-台中.xlsx (application/vnd.openxmlformats-officedocument.spreadsheetml.sheet)
2026-08-28 05:56:00 [INFO]   找到檔案：20260913排班統計表-台北.xlsx (application/vnd.openxmlformats-officedocument.spreadsheetml.sheet)
2026-08-28 05:56:00 [INFO]   找到檔案：20260813排班統計表-台北.xlsx (application/vnd.openxmlformats-officedocument.spreadsheetml.sheet)
2026-08-28 05:56:00 [INFO]   找到檔案：20260912排班統計表-台中 (application/vnd.google-apps.spreadsheet)
2026-08-28 05:56:00 [INFO]   找到檔案：20260912排班統計表-台北 (application/vnd.google-apps.spreadsheet)
2026-08-28 05:56:00 [INFO]   找到檔案：20260812排班統計表-台中 (application/vnd.google-apps.spreadsheet)
2026-08-28 05:56:00 [INFO]   找到檔案：20260812排班統計表-台北 (application/vnd.google-apps.spreadsheet)
2026-08-28 05:56:00 [INFO]   找到檔案：20260912排班統計表-台中.xlsx (application/vnd.openxmlformats-officedocument.spreadsheetml.sheet)
2026-08-28 05:56:00 [INFO]   找到檔案：20260812排班統計表-台中.xlsx (application/vnd.openxmlformats-officedocument.spreadsheetml.sheet)
2026-08-28 05:56:00 [INFO]   找到檔案：20260912排班統計表-台北.xlsx (application/vnd.openxmlformats-officedocument.spreadsheetml.sheet)
2026-08-28 05:56:00 [INFO]   找到檔案：20260812排班統計表-台北.xlsx (application/vnd.openxmlformats-officedocument.spreadsheetml.sheet)
2026-08-28 05:56:00 [INFO]   找到檔案：20260911排班統計表-台中 (application/vnd.google-apps.spreadsheet)
2026-08-28 05:56:00 [INFO]   找到檔案：20260911排班統計表-台北 (application/vnd.google-apps.spreadsheet)
2026-08-28 05:56:00 [INFO]   找到檔案：20260811排班統計表-台中 (application/vnd.google-apps.spreadsheet)
2026-08-28 05:56:00 [INFO]   找到檔案：20260811排班統計表-台北 (application/vnd.google-apps.spreadsheet)
2026-08-28 05:56:00 [INFO]   找到檔案：20260911排班統計表-台中.xlsx (application/vnd.openxmlformats-officedocument.spreadsheetml.sheet)
2026-08-28 05:56:00 [INFO]   找到檔案：20260811排班統計表-台中.xlsx (application/vnd.openxmlformats-officedocument.spreadsheetml.sheet)
2026-08-28 05:56:00 [INFO]   找到檔案：20260911排班統計表-台北.xlsx (application/vnd.openxmlformats-officedocument.spreadsheetml.sheet)
2026-08-28 05:56:00 [INFO]   找到檔案：20260811排班統計表-台北.xlsx (application/vnd.openxmlformats-officedocument.spreadsheetml.sheet)
2026-08-28 05:56:00 [INFO]   找到檔案：20260910排班統計表-台中 (application/vnd.google-apps.spreadsheet)
2026-08-28 05:56:00 [INFO]   找到檔案：20260910排班統計表-台北 (application/vnd.google-apps.spreadsheet)
2026-08-28 05:56:00 [INFO]   找到檔案：20260810排班統計表-台中 (application/vnd.google-apps.spreadsheet)
2026-08-28 05:56:00 [INFO]   找到檔案：20260810排班統計表-台北 (application/vnd.google-apps.spreadsheet)
2026-08-28 05:56:00 [INFO]   找到檔案：20260910排班統計表-台中.xlsx (application/vnd.openxmlformats-officedocument.spreadsheetml.sheet)
2026-08-28 05:56:00 [INFO]   找到檔案：20260810排班統計表-台中.xlsx (application/vnd.openxmlformats-officedocument.spreadsheetml.sheet)
2026-08-28 05:56:00 [INFO]   找到檔案：20260910排班統計表-台北.xlsx (application/vnd.openxmlformats-officedocument.spreadsheetml.sheet)
2026-08-28 05:56:00 [INFO]   找到檔案：20260810排班統計表-台北.xlsx (application/vnd.openxmlformats-officedocument.spreadsheetml.sheet)
2026-08-28 05:56:00 [INFO] 排班檔確認 OK：{'202608': {'taipei': '20260828排班統計表-台北.xlsx', 'taichung': '20260828排班統計表-台中.xlsx'}, '202609': {'taipei': '20260928排班統計表-台北.xlsx', 'taichung': '20260928排班統計表-台中.xlsx'}}
2026-08-28 05:56:00 [INFO]   匯入：20260828排班統計表-台北.xlsx
2026-08-28 05:56:00 [INFO]   xlsx → Google Sheets：20260828排班統計表-台北
2026-08-28 05:56:01 [INFO] file_cache is only supported with oauth2client<4.0.0
2026-08-28 05:56:03 [INFO]   轉換完成，新 Google Sheets ID：13dhCMQEcx6y5tiw9lLrKJ5_OpG5iFxsq6qejdTCXs-k
2026-08-28 05:56:04 [INFO]   匯入：20260828排班統計表-台中.xlsx
2026-08-28 05:56:04 [INFO]   xlsx → Google Sheets：20260828排班統計表-台中
2026-08-28 05:56:04 [INFO] file_cache is only supported with oauth2client<4.0.0
2026-08-28 05:56:07 [INFO]   轉換完成，新 Google Sheets ID：1QWB6-x-YP7-NbojRWhqGsI2PRytanWXWSWokjs9sOzU
2026-08-28 05:56:08 [INFO]   → 寫入 89 列（起始 R3C7）
2026-08-28 05:56:09 [INFO]   → 寫入 16 列（起始 R3C82）
2026-08-28 05:56:09 [INFO]   匯入：20260928排班統計表-台北.xlsx
2026-08-28 05:56:09 [INFO]   xlsx → Google Sheets：20260928排班統計表-台北
2026-08-28 05:56:09 [INFO] file_cache is only supported with oauth2client<4.0.0
2026-08-28 05:56:11 [INFO]   轉換完成，新 Google Sheets ID：1cf0jTQoxPFIq9Mmwrkp6Bh-HDGU1ywEkeLI5Cam5EtI
2026-08-28 05:56:12 [INFO]   匯入：20260928排班統計表-台中.xlsx
2026-08-28 05:56:12 [INFO]   xlsx → Google Sheets：20260928排班統計表-台中
2026-08-28 05:56:12 [INFO] file_cache is only supported with oauth2client<4.0.0
2026-08-28 05:56:15 [INFO]   轉換完成，新 Google Sheets ID：1n_9cFWVGbmTNNXHUk4L2t_hbU4zIX_ZiJXcWw82K6K8
2026-08-28 05:56:17 [INFO]   → 寫入 71 列（起始 R3C22）
2026-08-28 05:56:17 [INFO]   → 寫入 11 列（起始 R3C97）
2026-08-28 05:56:18 [INFO] Step 1 完成（18.7s）
2026-08-28 05:56:19 [INFO] === 全部完成 run_id=cf647dd4（19.7s）===
