開始執行：專員個資
⚠️ 一鍵日排程 secrets TOML 注入失敗：No secrets found. Valid paths for a secrets.toml file or secret directories are: /home/runner/.streamlit/secrets.toml, /home/runner/work/tool-system/tool-system/.streamlit/secrets.toml
⚠️ 一鍵日排程 secrets env 注入失敗：No secrets found. Valid paths for a secrets.toml file or secret directories are: /home/runner/.streamlit/secrets.toml, /home/runner/work/tool-system/tool-system/.streamlit/secrets.toml
OAuth env ready = True
OAuth bootstrap forced = True
Command: Python bootstrap -> /home/runner/work/tool-system/tool-system/tools/scheduled_daily/staff_info.py
[2026-08-28 09:34:17] ====================================================
[2026-08-28 09:34:17] staff_info.py 開始執行
[2026-08-28 09:34:17] GITHUB_ACTIONS = true
[2026-08-28 09:34:17] PWD = /home/runner/work/tool-system/tool-system
[2026-08-28 09:34:17] LOCAL_OUTPUT_DIR = /Users/jenny/Library/CloudStorage/GoogleDrive-jenny@lemonclean.com.tw/我的雲端硬碟/lemon_Jenny/Jenny@lemon程式/專員個資
[2026-08-28 09:34:17] LOCAL_OUTPUT_DIR exists = False
[2026-08-28 09:34:17] can_use_local_output_dir = False
[2026-08-28 09:34:17] root folder_id = 11O6eKHQ1e3Irqps7Kq1XJOSVVge3pCAc
[2026-08-28 09:34:17] ====================================================
[2026-08-28 09:34:17] Google Drive 初始化成功
[2026-08-28 09:34:18] 📁 使用既有資料夾：專員個資
[2026-08-28 09:34:18] today_stamp = 20260828
[2026-08-28 09:34:18] 專員個資 folder_id = 1v1Er8oC3BEAWHbBrDq3SUpjEDwHIuK0f
[2026-08-28 09:34:18] 帳號數量 = 2
[2026-08-28 09:34:18] 
[2026-08-28 09:34:18] === 開始處理 台北 ===
[2026-08-28 09:34:18] 開始登入：jenny@lemonclean.com.tw
[2026-08-28 09:34:19] 登入成功：jenny@lemonclean.com.tw
[2026-08-28 09:34:19] 開始下載：city=台北 / filename=20260828專員個資-台北.xlsx
[2026-08-28 09:34:22] ✅ 已下載到暫存：/tmp/tmpsjs1jiap/20260828專員個資-台北.xlsx
[2026-08-28 09:34:22] 📦 檔案大小：227840 bytes
[2026-08-28 09:34:22] 📂 暫存目錄存在：True
[2026-08-28 09:34:22] 📄 暫存檔案存在：True
[2026-08-28 09:34:22] 目前不是 Jenny 本機環境，略過本機存檔
[2026-08-28 09:34:22] Google Drive 初始化成功
[2026-08-28 09:34:22] 準備上傳到 Google Drive：20260828專員個資-台北.xlsx
[2026-08-28 09:34:25] ☁️ 已上傳新檔：20260828專員個資-台北.xlsx (file_id=1hAj-jrjnxvLS3zM-cnIgdTm4oheaZtc4) https://docs.google.com/spreadsheets/d/1hAj-jrjnxvLS3zM-cnIgdTm4oheaZtc4/edit?usp=drivesdk&ouid=101667783075862487943&rtpof=true&sd=true
[2026-08-28 09:34:25] ✅ 完成處理：20260828專員個資-台北.xlsx
[2026-08-28 09:34:25] ✅ 台北 全部完成
[2026-08-28 09:34:25] 
[2026-08-28 09:34:25] === 開始處理 台中 ===
[2026-08-28 09:34:25] 開始登入：jenny.tc@lemonclean.com.tw
[2026-08-28 09:34:26] 登入成功：jenny.tc@lemonclean.com.tw
[2026-08-28 09:34:26] 開始下載：city=台中 / filename=20260828專員個資-台中.xlsx
[2026-08-28 09:34:26] ✅ 已下載到暫存：/tmp/tmpvay9j23_/20260828專員個資-台中.xlsx
[2026-08-28 09:34:26] 📦 檔案大小：59904 bytes
[2026-08-28 09:34:26] 📂 暫存目錄存在：True
[2026-08-28 09:34:26] 📄 暫存檔案存在：True
[2026-08-28 09:34:26] 目前不是 Jenny 本機環境，略過本機存檔
[2026-08-28 09:34:26] Google Drive 初始化成功
[2026-08-28 09:34:26] 準備上傳到 Google Drive：20260828專員個資-台中.xlsx
[2026-08-28 09:34:29] ☁️ 已上傳新檔：20260828專員個資-台中.xlsx (file_id=1ARrZlQV3U8WSlAdUl0ujfuRtEy0UxACR) https://docs.google.com/spreadsheets/d/1ARrZlQV3U8WSlAdUl0ujfuRtEy0UxACR/edit?usp=drivesdk&ouid=101667783075862487943&rtpof=true&sd=true
[2026-08-28 09:34:29] ✅ 完成處理：20260828專員個資-台中.xlsx
[2026-08-28 09:34:29] ✅ 台中 全部完成
[2026-08-28 09:34:29] 🎉 staff_info.py 全部完成

完成執行：專員個資
scheduled_daily scheduler 全部完成
