📋 log_spreadsheet_id 已從設定檔載入
📝 外場排程打卡：外場專員班表 / running
Command: /opt/hostedtoolcache/Python/3.11.16/x64/bin/python -u -m tools.field_management.staff_schedule --date 20260902 --system-name 外場排程系統 --run-type 排程
[2026-09-02 07:41:39] 開始處理專員班表：20260902專員班表-台北
🔄 Jenny OAuth 已將來源 Excel 轉成暫存 Google Sheet：1sooxODxsPxWYe4VbbFkx7Hy0SBzoHWyJYmDL1H4DCos
🗑️ 已刪除來源暫存 Google Sheet：1sooxODxsPxWYe4VbbFkx7Hy0SBzoHWyJYmDL1H4DCos
[2026-09-02 07:41:43] 目標分頁已是當日名稱：專員班表查詢本月_0902
[2026-09-02 07:41:44] 完成：20260902專員班表-台北.xls → '專員班表查詢本月_0902'!A:G / rows=1468
[2026-09-02 07:41:46] 開始處理專員班表：20261002專員班表-台北
🔄 Jenny OAuth 已將來源 Excel 轉成暫存 Google Sheet：1994NZqjCu01R59fGcvi3ikFKkBksvNRS4MHQ2L8jXaM
🗑️ 已刪除來源暫存 Google Sheet：1994NZqjCu01R59fGcvi3ikFKkBksvNRS4MHQ2L8jXaM
[2026-09-02 07:41:50] 目標分頁已是當日名稱：專員班表查詢次月_0902
[2026-09-02 07:41:50] 完成：20261002專員班表-台北.xls → '專員班表查詢次月_0902'!A:G / rows=272
[2026-09-02 07:41:51] 開始處理專員班表：20260902專員班表-台中
🔄 Jenny OAuth 已將來源 Excel 轉成暫存 Google Sheet：1Ua9vAo3GppWGxBzUfg-PlSt1LkRMrBgHAvDuaNnyCMk
🗑️ 已刪除來源暫存 Google Sheet：1Ua9vAo3GppWGxBzUfg-PlSt1LkRMrBgHAvDuaNnyCMk
[2026-09-02 07:41:56] 目標分頁已是當日名稱：專員班表查詢本月_0902
[2026-09-02 07:41:57] 完成：20260902專員班表-台中.xls → '專員班表查詢本月_0902'!A:G / rows=209
[2026-09-02 07:41:59] 開始處理專員班表：20261002專員班表-台中
🔄 Jenny OAuth 已將來源 Excel 轉成暫存 Google Sheet：1yZaISEj9TxyHSCrYT4sClmaVnzf-Sr6wAPHAbXGLKDY
🗑️ 已刪除來源暫存 Google Sheet：1yZaISEj9TxyHSCrYT4sClmaVnzf-Sr6wAPHAbXGLKDY
[2026-09-02 07:42:02] 目標分頁已是當日名稱：專員班表查詢次月_0902
[2026-09-02 07:42:02] 完成：20261002專員班表-台中.xls → '專員班表查詢次月_0902'!A:G / rows=53
[2026-09-02 07:42:04] staff_schedule.py 全部完成

📝 外場排程打卡：外場專員班表 / success
field_management scheduler 全部完成
