開始執行：專員班表
⚠️ 一鍵日排程 secrets TOML 注入失敗：No secrets found. Valid paths for a secrets.toml file or secret directories are: /home/runner/.streamlit/secrets.toml, /home/runner/work/tool-system/tool-system/.streamlit/secrets.toml
⚠️ 一鍵日排程 secrets env 注入失敗：No secrets found. Valid paths for a secrets.toml file or secret directories are: /home/runner/.streamlit/secrets.toml, /home/runner/work/tool-system/tool-system/.streamlit/secrets.toml
OAuth env ready = True
OAuth bootstrap forced = True
Command: Python bootstrap -> /home/runner/work/tool-system/tool-system/tools/scheduled_daily/staff_schedule.py
[2026-09-02 03:54:12] ====================================================
[2026-09-02 03:54:12] staff_schedule.py 開始執行
[2026-09-02 03:54:12] GITHUB_ACTIONS = true
[2026-09-02 03:54:12] PWD = /home/runner/work/tool-system/tool-system
[2026-09-02 03:54:12] LOCAL_OUTPUT_DIR = /Users/jenny/Library/CloudStorage/GoogleDrive-jenny@lemonclean.com.tw/我的雲端硬碟/lemon_Jenny/Jenny@lemon程式/專員班表
[2026-09-02 03:54:12] LOCAL_OUTPUT_DIR exists = False
[2026-09-02 03:54:12] can_use_local_output_dir = False
[2026-09-02 03:54:12] root folder_id = 11O6eKHQ1e3Irqps7Kq1XJOSVVge3pCAc
[2026-09-02 03:54:12] ====================================================
[2026-09-02 03:54:12] Google Drive 初始化成功
[2026-09-02 03:54:13] 📁 使用既有資料夾：專員班表
[2026-09-02 03:54:13] this_month = 2026-09
[2026-09-02 03:54:13] next_month = 2026-10
[2026-09-02 03:54:13] this_date = 20260902
[2026-09-02 03:54:13] next_date = 20261002
[2026-09-02 03:54:13] 專員班表 folder_id = 1V2AUNsT_jzQWawmnBNU_u-e7odYviwEk
[2026-09-02 03:54:13] 帳號數量 = 2
[2026-09-02 03:54:13] 
[2026-09-02 03:54:13] === 開始處理 台北 ===
[2026-09-02 03:54:13] 開始登入：jenny@lemonclean.com.tw
[2026-09-02 03:54:14] 登入成功：jenny@lemonclean.com.tw
[2026-09-02 03:54:14] 開始下載：city=台北 / month=2026-09 / filename=20260902專員班表-台北.xls
[2026-09-02 03:54:17] ✅ 已下載到暫存：/tmp/tmpy4f65gqg/20260902專員班表-台北.xls
[2026-09-02 03:54:17] 📦 檔案大小：133632 bytes
[2026-09-02 03:54:17] 📂 暫存目錄存在：True
[2026-09-02 03:54:17] 📄 暫存檔案存在：True
[2026-09-02 03:54:17] 目前不是 Jenny 本機環境，略過本機存檔
[2026-09-02 03:54:17] Google Drive 初始化成功
[2026-09-02 03:54:17] 準備上傳到 Google Drive：20260902專員班表-台北.xls
[2026-09-02 03:54:20] ☁️ 已上傳新檔：20260902專員班表-台北.xls (file_id=1WVvYyn7Ls6C-fXJwzEBex_rtl2J1k78z) https://docs.google.com/spreadsheets/d/1WVvYyn7Ls6C-fXJwzEBex_rtl2J1k78z/edit?usp=drivesdk&ouid=101667783075862487943&rtpof=true&sd=true
[2026-09-02 03:54:20] ✅ 完成處理：20260902專員班表-台北.xls
[2026-09-02 03:54:20] 開始下載：city=台北 / month=2026-10 / filename=20261002專員班表-台北.xls
[2026-09-02 03:54:22] ✅ 已下載到暫存：/tmp/tmpar83vwed/20261002專員班表-台北.xls
[2026-09-02 03:54:22] 📦 檔案大小：29184 bytes
[2026-09-02 03:54:22] 📂 暫存目錄存在：True
[2026-09-02 03:54:22] 📄 暫存檔案存在：True
[2026-09-02 03:54:22] 目前不是 Jenny 本機環境，略過本機存檔
[2026-09-02 03:54:22] Google Drive 初始化成功
[2026-09-02 03:54:22] 準備上傳到 Google Drive：20261002專員班表-台北.xls
[2026-09-02 03:54:25] ☁️ 已上傳新檔：20261002專員班表-台北.xls (file_id=1NJDhge2UE3-yJa0YSTSxXSk_I29HGeL4) https://docs.google.com/spreadsheets/d/1NJDhge2UE3-yJa0YSTSxXSk_I29HGeL4/edit?usp=drivesdk&ouid=101667783075862487943&rtpof=true&sd=true
[2026-09-02 03:54:25] ✅ 完成處理：20261002專員班表-台北.xls
[2026-09-02 03:54:25] ✅ 台北 全部完成
[2026-09-02 03:54:25] 
[2026-09-02 03:54:25] === 開始處理 台中 ===
[2026-09-02 03:54:25] 開始登入：jenny.tc@lemonclean.com.tw
[2026-09-02 03:54:26] 登入成功：jenny.tc@lemonclean.com.tw
[2026-09-02 03:54:26] 開始下載：city=台中 / month=2026-09 / filename=20260902專員班表-台中.xls
[2026-09-02 03:54:27] ✅ 已下載到暫存：/tmp/tmp7nutrrfr/20260902專員班表-台中.xls
[2026-09-02 03:54:27] 📦 檔案大小：23552 bytes
[2026-09-02 03:54:27] 📂 暫存目錄存在：True
[2026-09-02 03:54:27] 📄 暫存檔案存在：True
[2026-09-02 03:54:27] 目前不是 Jenny 本機環境，略過本機存檔
[2026-09-02 03:54:27] Google Drive 初始化成功
[2026-09-02 03:54:27] 準備上傳到 Google Drive：20260902專員班表-台中.xls
[2026-09-02 03:54:29] ☁️ 已上傳新檔：20260902專員班表-台中.xls (file_id=16GvbmY3fZV787sjysjseZuKSycwPsHgo) https://docs.google.com/spreadsheets/d/16GvbmY3fZV787sjysjseZuKSycwPsHgo/edit?usp=drivesdk&ouid=101667783075862487943&rtpof=true&sd=true
[2026-09-02 03:54:29] ✅ 完成處理：20260902專員班表-台中.xls
[2026-09-02 03:54:29] 開始下載：city=台中 / month=2026-10 / filename=20261002專員班表-台中.xls
[2026-09-02 03:54:30] ✅ 已下載到暫存：/tmp/tmpykn03kv_/20261002專員班表-台中.xls
[2026-09-02 03:54:30] 📦 檔案大小：9728 bytes
[2026-09-02 03:54:30] 📂 暫存目錄存在：True
[2026-09-02 03:54:30] 📄 暫存檔案存在：True
[2026-09-02 03:54:30] 目前不是 Jenny 本機環境，略過本機存檔
[2026-09-02 03:54:30] Google Drive 初始化成功
[2026-09-02 03:54:30] 準備上傳到 Google Drive：20261002專員班表-台中.xls
[2026-09-02 03:54:32] ☁️ 已上傳新檔：20261002專員班表-台中.xls (file_id=1xOEYJ2TCxoexUlcfueQ9qGHfk40FFbzW) https://docs.google.com/spreadsheets/d/1xOEYJ2TCxoexUlcfueQ9qGHfk40FFbzW/edit?usp=drivesdk&ouid=101667783075862487943&rtpof=true&sd=true
[2026-09-02 03:54:32] ✅ 完成處理：20261002專員班表-台中.xls
[2026-09-02 03:54:32] ✅ 台中 全部完成
[2026-09-02 03:54:32] 🎉 staff_schedule.py 全部完成

完成執行：專員班表
scheduled_daily scheduler 全部完成
