開始執行：專員個資
⚠️ 一鍵日排程 secrets TOML 注入失敗：No secrets found. Valid paths for a secrets.toml file or secret directories are: /home/runner/.streamlit/secrets.toml, /home/runner/work/tool-system/tool-system/.streamlit/secrets.toml
⚠️ 一鍵日排程 secrets env 注入失敗：No secrets found. Valid paths for a secrets.toml file or secret directories are: /home/runner/.streamlit/secrets.toml, /home/runner/work/tool-system/tool-system/.streamlit/secrets.toml
OAuth env ready = True
OAuth bootstrap forced = True
Command: Python bootstrap -> /home/runner/work/tool-system/tool-system/tools/scheduled_daily/staff_info.py
[2026-09-02 04:00:20] ====================================================
[2026-09-02 04:00:20] staff_info.py 開始執行
[2026-09-02 04:00:20] GITHUB_ACTIONS = true
[2026-09-02 04:00:20] PWD = /home/runner/work/tool-system/tool-system
[2026-09-02 04:00:20] LOCAL_OUTPUT_DIR = /Users/jenny/Library/CloudStorage/GoogleDrive-jenny@lemonclean.com.tw/我的雲端硬碟/lemon_Jenny/Jenny@lemon程式/專員個資
[2026-09-02 04:00:20] LOCAL_OUTPUT_DIR exists = False
[2026-09-02 04:00:20] can_use_local_output_dir = False
[2026-09-02 04:00:20] root folder_id = 11O6eKHQ1e3Irqps7Kq1XJOSVVge3pCAc
[2026-09-02 04:00:20] ====================================================
[2026-09-02 04:00:20] Google Drive 初始化成功
[2026-09-02 04:00:21] 📁 使用既有資料夾：專員個資
[2026-09-02 04:00:21] today_stamp = 20260902
[2026-09-02 04:00:21] 專員個資 folder_id = 1v1Er8oC3BEAWHbBrDq3SUpjEDwHIuK0f
[2026-09-02 04:00:21] 帳號數量 = 2
[2026-09-02 04:00:21] 
[2026-09-02 04:00:21] === 開始處理 台北 ===
[2026-09-02 04:00:21] 開始登入：jenny@lemonclean.com.tw
[2026-09-02 04:00:22] 登入成功：jenny@lemonclean.com.tw
[2026-09-02 04:00:22] 開始下載：city=台北 / filename=20260902專員個資-台北.xlsx
[2026-09-02 04:00:24] ✅ 已下載到暫存：/tmp/tmpogg3sx7h/20260902專員個資-台北.xlsx
[2026-09-02 04:00:24] 📦 檔案大小：228352 bytes
[2026-09-02 04:00:24] 📂 暫存目錄存在：True
[2026-09-02 04:00:24] 📄 暫存檔案存在：True
[2026-09-02 04:00:24] 目前不是 Jenny 本機環境，略過本機存檔
[2026-09-02 04:00:24] Google Drive 初始化成功
[2026-09-02 04:00:24] 準備上傳到 Google Drive：20260902專員個資-台北.xlsx
[2026-09-02 04:00:27] ☁️ 已上傳新檔：20260902專員個資-台北.xlsx (file_id=17taOkRIqAXhDp2bTbW7h9e0twf1swytc) https://docs.google.com/spreadsheets/d/17taOkRIqAXhDp2bTbW7h9e0twf1swytc/edit?usp=drivesdk&ouid=101667783075862487943&rtpof=true&sd=true
[2026-09-02 04:00:27] ✅ 完成處理：20260902專員個資-台北.xlsx
[2026-09-02 04:00:27] ✅ 台北 全部完成
[2026-09-02 04:00:27] 
[2026-09-02 04:00:27] === 開始處理 台中 ===
[2026-09-02 04:00:27] 開始登入：jenny.tc@lemonclean.com.tw
[2026-09-02 04:00:27] 登入成功：jenny.tc@lemonclean.com.tw
[2026-09-02 04:00:27] 開始下載：city=台中 / filename=20260902專員個資-台中.xlsx
[2026-09-02 04:00:28] ✅ 已下載到暫存：/tmp/tmp1cvkrjie/20260902專員個資-台中.xlsx
[2026-09-02 04:00:28] 📦 檔案大小：59904 bytes
[2026-09-02 04:00:28] 📂 暫存目錄存在：True
[2026-09-02 04:00:28] 📄 暫存檔案存在：True
[2026-09-02 04:00:28] 目前不是 Jenny 本機環境，略過本機存檔
[2026-09-02 04:00:28] Google Drive 初始化成功
[2026-09-02 04:00:28] 準備上傳到 Google Drive：20260902專員個資-台中.xlsx
[2026-09-02 04:00:30] ☁️ 已上傳新檔：20260902專員個資-台中.xlsx (file_id=1zic40oJyECbNrGyjvNRBgWsvZnD55J0Y) https://docs.google.com/spreadsheets/d/1zic40oJyECbNrGyjvNRBgWsvZnD55J0Y/edit?usp=drivesdk&ouid=101667783075862487943&rtpof=true&sd=true
[2026-09-02 04:00:30] ✅ 完成處理：20260902專員個資-台中.xlsx
[2026-09-02 04:00:30] ✅ 台中 全部完成
[2026-09-02 04:00:30] 🎉 staff_info.py 全部完成

完成執行：專員個資
scheduled_daily scheduler 全部完成
