📋 log_spreadsheet_id 已從設定檔載入
📝 外場排程打卡：外場專員個資 / running
Command: /opt/hostedtoolcache/Python/3.11.16/x64/bin/python -u -m tools.field_management.staff_profile --date 20260907 --system-name 外場排程系統 --run-type 排程
[2026-09-07 07:23:51] 開始處理專員個資：20260907專員個資-台北
🔄 Jenny OAuth 已將來源 Excel 轉成暫存 Google Sheet：13f82zCyopTQfDBjwSjvioUTKx784bLJv_GOkuYgPmIQ
🗑️ 已刪除來源暫存 Google Sheet：13f82zCyopTQfDBjwSjvioUTKx784bLJv_GOkuYgPmIQ
[2026-09-07 07:23:59] 完成專員個資：20260907專員個資-台北.xlsx → 專員個人資料!A4:C / rows=99
[2026-09-07 07:24:00] 開始處理訂單截取：20260907訂單-台北
🔄 Jenny OAuth 已將來源 Excel 轉成暫存 Google Sheet：1D53XV_wIEXnLm8WoX2gEVMRbBf90aMRsFjMgDdVor8s
🗑️ 已刪除來源暫存 Google Sheet：1D53XV_wIEXnLm8WoX2gEVMRbBf90aMRsFjMgDdVor8s
[2026-09-07 07:24:08] 完成訂單截取：20260907訂單-台北.xls → 專員個人資料!G1:N / rows=804
[2026-09-07 07:24:09] 開始處理專員個資：20260907專員個資-台中
🔄 Jenny OAuth 已將來源 Excel 轉成暫存 Google Sheet：1abTvGcGn9vWBewn25tFzIkaaMrXm1w0xpDjH4Wxv-dQ
🗑️ 已刪除來源暫存 Google Sheet：1abTvGcGn9vWBewn25tFzIkaaMrXm1w0xpDjH4Wxv-dQ
[2026-09-07 07:24:18] 完成專員個資：20260907專員個資-台中.xlsx → 專員個人資料!A4:C / rows=16
[2026-09-07 07:24:19] 開始處理訂單截取：20260907訂單-台中
🔄 Jenny OAuth 已將來源 Excel 轉成暫存 Google Sheet：1TbJR-v2zIbF81rQu1EzfrqjyiaJk8gYOdJ-h5RXmgP8
🗑️ 已刪除來源暫存 Google Sheet：1TbJR-v2zIbF81rQu1EzfrqjyiaJk8gYOdJ-h5RXmgP8
[2026-09-07 07:24:26] 完成訂單截取：20260907訂單-台中.xls → 專員個人資料!G1:N / rows=63
[2026-09-07 07:24:27] staff_profile.py 全部完成

📝 外場排程打卡：外場專員個資 / success
field_management scheduler 全部完成
