2026-09-06 23:26:39 [INFO] === 客服排程系統 run_id=96cb4c62 step=1 台北時間=2026-09-07 07:26:39 ===
2026-09-06 23:26:39 [INFO] 目標試算表 ID 來源：環境變數 SERVICE_TARGET_SPREADSHEET_ID
2026-09-06 23:26:39 [INFO] file_cache is only supported with oauth2client<4.0.0
2026-09-06 23:26:55 [INFO] --- Step1_更新排班統計表 ---
2026-09-06 23:26:56 [INFO] file_cache is only supported with oauth2client<4.0.0
2026-09-06 23:26:56 [INFO] 本次視窗：202609 ~ 202610（共 2 個月）
2026-09-06 23:26:57 [INFO] Drive 資料夾找到 56 個檔案
2026-09-06 23:26:57 [INFO]   找到檔案：20261007排班統計表-台中.xlsx (application/vnd.openxmlformats-officedocument.spreadsheetml.sheet)
2026-09-06 23:26:57 [INFO]   找到檔案：20260907排班統計表-台中.xlsx (application/vnd.openxmlformats-officedocument.spreadsheetml.sheet)
2026-09-06 23:26:57 [INFO]   找到檔案：20261007排班統計表-台北.xlsx (application/vnd.openxmlformats-officedocument.spreadsheetml.sheet)
2026-09-06 23:26:57 [INFO]   找到檔案：20260907排班統計表-台北.xlsx (application/vnd.openxmlformats-officedocument.spreadsheetml.sheet)
2026-09-06 23:26:57 [INFO]   找到檔案：20261006排班統計表-台中 (application/vnd.google-apps.spreadsheet)
2026-09-06 23:26:57 [INFO]   找到檔案：20261006排班統計表-台北 (application/vnd.google-apps.spreadsheet)
2026-09-06 23:26:57 [INFO]   找到檔案：20260906排班統計表-台中 (application/vnd.google-apps.spreadsheet)
2026-09-06 23:26:57 [INFO]   找到檔案：20260906排班統計表-台北 (application/vnd.google-apps.spreadsheet)
2026-09-06 23:26:57 [INFO]   找到檔案：20261006排班統計表-台中.xlsx (application/vnd.openxmlformats-officedocument.spreadsheetml.sheet)
2026-09-06 23:26:57 [INFO]   找到檔案：20260906排班統計表-台中.xlsx (application/vnd.openxmlformats-officedocument.spreadsheetml.sheet)
2026-09-06 23:26:57 [INFO]   找到檔案：20261006排班統計表-台北.xlsx (application/vnd.openxmlformats-officedocument.spreadsheetml.sheet)
2026-09-06 23:26:57 [INFO]   找到檔案：20260906排班統計表-台北.xlsx (application/vnd.openxmlformats-officedocument.spreadsheetml.sheet)
2026-09-06 23:26:57 [INFO]   找到檔案：20261005排班統計表-台中 (application/vnd.google-apps.spreadsheet)
2026-09-06 23:26:57 [INFO]   找到檔案：20261005排班統計表-台北 (application/vnd.google-apps.spreadsheet)
2026-09-06 23:26:57 [INFO]   找到檔案：20260905排班統計表-台中 (application/vnd.google-apps.spreadsheet)
2026-09-06 23:26:57 [INFO]   找到檔案：20260905排班統計表-台北 (application/vnd.google-apps.spreadsheet)
2026-09-06 23:26:57 [INFO]   找到檔案：20261005排班統計表-台中.xlsx (application/vnd.openxmlformats-officedocument.spreadsheetml.sheet)
2026-09-06 23:26:57 [INFO]   找到檔案：20260905排班統計表-台中.xlsx (application/vnd.openxmlformats-officedocument.spreadsheetml.sheet)
2026-09-06 23:26:57 [INFO]   找到檔案：20261005排班統計表-台北.xlsx (application/vnd.openxmlformats-officedocument.spreadsheetml.sheet)
2026-09-06 23:26:57 [INFO]   找到檔案：20260905排班統計表-台北.xlsx (application/vnd.openxmlformats-officedocument.spreadsheetml.sheet)
2026-09-06 23:26:57 [INFO]   找到檔案：20261004排班統計表-台中 (application/vnd.google-apps.spreadsheet)
2026-09-06 23:26:57 [INFO]   找到檔案：20261004排班統計表-台北 (application/vnd.google-apps.spreadsheet)
2026-09-06 23:26:57 [INFO]   找到檔案：20260904排班統計表-台中 (application/vnd.google-apps.spreadsheet)
2026-09-06 23:26:57 [INFO]   找到檔案：20260904排班統計表-台北 (application/vnd.google-apps.spreadsheet)
2026-09-06 23:26:57 [INFO]   找到檔案：20261004排班統計表-台中.xlsx (application/vnd.openxmlformats-officedocument.spreadsheetml.sheet)
2026-09-06 23:26:57 [INFO]   找到檔案：20260904排班統計表-台中.xlsx (application/vnd.openxmlformats-officedocument.spreadsheetml.sheet)
2026-09-06 23:26:57 [INFO]   找到檔案：20261004排班統計表-台北.xlsx (application/vnd.openxmlformats-officedocument.spreadsheetml.sheet)
2026-09-06 23:26:57 [INFO]   找到檔案：20260904排班統計表-台北.xlsx (application/vnd.openxmlformats-officedocument.spreadsheetml.sheet)
2026-09-06 23:26:57 [INFO]   找到檔案：20261003排班統計表-台中 (application/vnd.google-apps.spreadsheet)
2026-09-06 23:26:57 [INFO]   找到檔案：20261003排班統計表-台北 (application/vnd.google-apps.spreadsheet)
2026-09-06 23:26:57 [INFO]   找到檔案：20260903排班統計表-台中 (application/vnd.google-apps.spreadsheet)
2026-09-06 23:26:57 [INFO]   找到檔案：20260903排班統計表-台北 (application/vnd.google-apps.spreadsheet)
2026-09-06 23:26:57 [INFO]   找到檔案：20261003排班統計表-台中.xlsx (application/vnd.openxmlformats-officedocument.spreadsheetml.sheet)
2026-09-06 23:26:57 [INFO]   找到檔案：20260903排班統計表-台中.xlsx (application/vnd.openxmlformats-officedocument.spreadsheetml.sheet)
2026-09-06 23:26:57 [INFO]   找到檔案：20261003排班統計表-台北.xlsx (application/vnd.openxmlformats-officedocument.spreadsheetml.sheet)
2026-09-06 23:26:57 [INFO]   找到檔案：20260903排班統計表-台北.xlsx (application/vnd.openxmlformats-officedocument.spreadsheetml.sheet)
2026-09-06 23:26:57 [INFO]   找到檔案：20261002排班統計表-台中 (application/vnd.google-apps.spreadsheet)
2026-09-06 23:26:57 [INFO]   找到檔案：20261002排班統計表-台北 (application/vnd.google-apps.spreadsheet)
2026-09-06 23:26:57 [INFO]   找到檔案：20260902排班統計表-台中 (application/vnd.google-apps.spreadsheet)
2026-09-06 23:26:57 [INFO]   找到檔案：20260902排班統計表-台北 (application/vnd.google-apps.spreadsheet)
2026-09-06 23:26:57 [INFO]   找到檔案：20261002排班統計表-台中.xlsx (application/vnd.openxmlformats-officedocument.spreadsheetml.sheet)
2026-09-06 23:26:57 [INFO]   找到檔案：20260902排班統計表-台中.xlsx (application/vnd.openxmlformats-officedocument.spreadsheetml.sheet)
2026-09-06 23:26:57 [INFO]   找到檔案：20261002排班統計表-台北.xlsx (application/vnd.openxmlformats-officedocument.spreadsheetml.sheet)
2026-09-06 23:26:57 [INFO]   找到檔案：20260902排班統計表-台北.xlsx (application/vnd.openxmlformats-officedocument.spreadsheetml.sheet)
2026-09-06 23:26:57 [INFO]   找到檔案：20261001排班統計表-台中.xlsx (application/vnd.openxmlformats-officedocument.spreadsheetml.sheet)
2026-09-06 23:26:57 [INFO]   找到檔案：20260901排班統計表-台中.xlsx (application/vnd.openxmlformats-officedocument.spreadsheetml.sheet)
2026-09-06 23:26:57 [INFO]   找到檔案：20261001排班統計表-台北.xlsx (application/vnd.openxmlformats-officedocument.spreadsheetml.sheet)
2026-09-06 23:26:57 [INFO]   找到檔案：20260901排班統計表-台北.xlsx (application/vnd.openxmlformats-officedocument.spreadsheetml.sheet)
2026-09-06 23:26:57 [INFO]   找到檔案：20261001排班統計表-台中 (application/vnd.google-apps.spreadsheet)
2026-09-06 23:26:57 [INFO]   找到檔案：20261001排班統計表-台北 (application/vnd.google-apps.spreadsheet)
2026-09-06 23:26:57 [INFO]   找到檔案：20260901排班統計表-台中 (application/vnd.google-apps.spreadsheet)
2026-09-06 23:26:57 [INFO]   找到檔案：20260901排班統計表-台北 (application/vnd.google-apps.spreadsheet)
2026-09-06 23:26:57 [INFO]   找到檔案：20260931排班統計表-台中 (application/vnd.google-apps.spreadsheet)
2026-09-06 23:26:57 [INFO]   找到檔案：20260931排班統計表-台北 (application/vnd.google-apps.spreadsheet)
2026-09-06 23:26:57 [INFO]   找到檔案：20260931排班統計表-台中.xlsx (application/vnd.openxmlformats-officedocument.spreadsheetml.sheet)
2026-09-06 23:26:57 [INFO]   找到檔案：20260931排班統計表-台北.xlsx (application/vnd.openxmlformats-officedocument.spreadsheetml.sheet)
2026-09-06 23:26:57 [INFO] 排班檔確認 OK：{'202609': {'taipei': '20260907排班統計表-台北.xlsx', 'taichung': '20260907排班統計表-台中.xlsx'}, '202610': {'taipei': '20261007排班統計表-台北.xlsx', 'taichung': '20261007排班統計表-台中.xlsx'}}
2026-09-06 23:26:58 [INFO]   已清除範圍（202609 台北）：G3:O1026
2026-09-06 23:26:58 [INFO]   匯入：20260907排班統計表-台北.xlsx
2026-09-06 23:26:58 [INFO]   xlsx → Google Sheets：20260907排班統計表-台北
2026-09-06 23:26:58 [INFO] file_cache is only supported with oauth2client<4.0.0
2026-09-06 23:27:03 [INFO]   轉換完成，新 Google Sheets ID：1sXI1tW9LNOPB0peMQ4dLqYkac7jIApudn8P2FSg7TDw
2026-09-06 23:27:05 [INFO]   → 寫入 78 列（起始 R3C7）
2026-09-06 23:27:05 [INFO]   已清除範圍（202609 台中）：CD3:CL1026
2026-09-06 23:27:05 [INFO]   匯入：20260907排班統計表-台中.xlsx
2026-09-06 23:27:05 [INFO]   xlsx → Google Sheets：20260907排班統計表-台中
2026-09-06 23:27:05 [INFO] file_cache is only supported with oauth2client<4.0.0
2026-09-06 23:27:10 [INFO]   轉換完成，新 Google Sheets ID：1R--WgBH3PV2TTvok6t57zc032lHOuKgBzdjcKrynEjY
2026-09-06 23:27:11 [INFO]   → 寫入 11 列（起始 R3C82）
2026-09-06 23:27:12 [INFO]   已清除範圍（202610 台北）：V3:AD1026
2026-09-06 23:27:12 [INFO]   匯入：20261007排班統計表-台北.xlsx
2026-09-06 23:27:12 [INFO]   xlsx → Google Sheets：20261007排班統計表-台北
2026-09-06 23:27:12 [INFO] file_cache is only supported with oauth2client<4.0.0
2026-09-06 23:27:17 [INFO]   轉換完成，新 Google Sheets ID：1QDAyT9Dt8qsg11BlQwFZnqvKzqhB1YHCcE3UTiQaKyY
2026-09-06 23:27:18 [INFO]   → 寫入 60 列（起始 R3C22）
2026-09-06 23:27:18 [INFO]   已清除範圍（202610 台中）：CS3:DA1026
2026-09-06 23:27:18 [INFO]   匯入：20261007排班統計表-台中.xlsx
2026-09-06 23:27:18 [INFO]   xlsx → Google Sheets：20261007排班統計表-台中
2026-09-06 23:27:18 [INFO] file_cache is only supported with oauth2client<4.0.0
2026-09-06 23:27:24 [INFO]   轉換完成，新 Google Sheets ID：1-k-ef-upHen32_QdFEmK_60wmBkPNvzmj1FxOk-aJNU
2026-09-06 23:27:25 [INFO]   → 寫入 8 列（起始 R3C97）
2026-09-06 23:27:25 [INFO] Step 1 完成（29.4s）
2026-09-06 23:27:26 [INFO] === 全部完成 run_id=96cb4c62（30.4s）===
