📋 log_spreadsheet_id 已從設定檔載入
📝 外場排程打卡：外場專員班表 / running
Command: /opt/hostedtoolcache/Python/3.11.15/x64/bin/python -u -m tools.field_management.staff_schedule --date 20260809 --system-name 外場排程系統 --run-type 排程
[2026-08-09 05:17:51] 開始處理專員班表：20260809專員班表-台北
[2026-08-09 05:17:57] 更新專員班表分頁名稱：專員班表查詢本月_0808 → 專員班表查詢本月_0809
[2026-08-09 05:17:57] 專員班表分頁名稱更新完成：專員班表查詢本月_0809
[2026-08-09 05:17:58] 完成：20260809專員班表-台北.xls → '專員班表查詢本月_0809'!A:G / rows=1427
[2026-08-09 05:17:59] 開始處理專員班表：20260909專員班表-台北
[2026-08-09 05:18:05] 更新專員班表分頁名稱：專員班表查詢次月_0808 → 專員班表查詢次月_0809
[2026-08-09 05:18:06] 專員班表分頁名稱更新完成：專員班表查詢次月_0809
[2026-08-09 05:18:06] 完成：20260909專員班表-台北.xls → '專員班表查詢次月_0809'!A:G / rows=998
[2026-08-09 05:18:08] 開始處理專員班表：20260809專員班表-台中
[2026-08-09 05:18:14] 更新專員班表分頁名稱：專員班表查詢本月_0808 → 專員班表查詢本月_0809
[2026-08-09 05:18:14] 專員班表分頁名稱更新完成：專員班表查詢本月_0809
[2026-08-09 05:18:15] 完成：20260809專員班表-台中.xls → '專員班表查詢本月_0809'!A:G / rows=250
[2026-08-09 05:18:16] 開始處理專員班表：20260909專員班表-台中
[2026-08-09 05:18:22] 更新專員班表分頁名稱：專員班表查詢次月_0808 → 專員班表查詢次月_0809
[2026-08-09 05:18:22] 專員班表分頁名稱更新完成：專員班表查詢次月_0809
[2026-08-09 05:18:23] 完成：20260909專員班表-台中.xls → '專員班表查詢次月_0809'!A:G / rows=198
[2026-08-09 05:18:24] staff_schedule.py 全部完成

📝 外場排程打卡：外場專員班表 / success
field_management scheduler 全部完成
