開始執行：專員個資
⚠️ 一鍵日排程 secrets TOML 注入失敗：No secrets found. Valid paths for a secrets.toml file or secret directories are: /home/runner/.streamlit/secrets.toml, /home/runner/work/tool-system/tool-system/.streamlit/secrets.toml
⚠️ 一鍵日排程 secrets env 注入失敗：No secrets found. Valid paths for a secrets.toml file or secret directories are: /home/runner/.streamlit/secrets.toml, /home/runner/work/tool-system/tool-system/.streamlit/secrets.toml
OAuth env ready = True
OAuth bootstrap forced = True
Command: Python bootstrap -> /home/runner/work/tool-system/tool-system/tools/scheduled_daily/staff_info.py
[2026-09-04 03:58:49] ====================================================
[2026-09-04 03:58:49] staff_info.py 開始執行
[2026-09-04 03:58:49] GITHUB_ACTIONS = true
[2026-09-04 03:58:49] PWD = /home/runner/work/tool-system/tool-system
[2026-09-04 03:58:49] LOCAL_OUTPUT_DIR = /Users/jenny/Library/CloudStorage/GoogleDrive-jenny@lemonclean.com.tw/我的雲端硬碟/lemon_Jenny/Jenny@lemon程式/專員個資
[2026-09-04 03:58:49] LOCAL_OUTPUT_DIR exists = False
[2026-09-04 03:58:49] can_use_local_output_dir = False
[2026-09-04 03:58:49] root folder_id = 11O6eKHQ1e3Irqps7Kq1XJOSVVge3pCAc
[2026-09-04 03:58:49] ====================================================
[2026-09-04 03:58:49] Google Drive 初始化成功
[2026-09-04 03:58:50] 📁 使用既有資料夾：專員個資
[2026-09-04 03:58:50] today_stamp = 20260904
[2026-09-04 03:58:50] 專員個資 folder_id = 1v1Er8oC3BEAWHbBrDq3SUpjEDwHIuK0f
[2026-09-04 03:58:50] 帳號數量 = 2
[2026-09-04 03:58:50] 
[2026-09-04 03:58:50] === 開始處理 台北 ===
[2026-09-04 03:58:50] 開始登入：jenny@lemonclean.com.tw
[2026-09-04 03:58:51] 登入成功：jenny@lemonclean.com.tw
[2026-09-04 03:58:51] 開始下載：city=台北 / filename=20260904專員個資-台北.xlsx
[2026-09-04 03:58:54] ✅ 已下載到暫存：/tmp/tmpgz_8fwwv/20260904專員個資-台北.xlsx
[2026-09-04 03:58:54] 📦 檔案大小：228352 bytes
[2026-09-04 03:58:54] 📂 暫存目錄存在：True
[2026-09-04 03:58:54] 📄 暫存檔案存在：True
[2026-09-04 03:58:54] 目前不是 Jenny 本機環境，略過本機存檔
[2026-09-04 03:58:54] Google Drive 初始化成功
[2026-09-04 03:58:54] 準備上傳到 Google Drive：20260904專員個資-台北.xlsx
[2026-09-04 03:58:57] ☁️ 已上傳新檔：20260904專員個資-台北.xlsx (file_id=1FIPVhFvVp7ydEYwMHKeRRHl3qSM2PnHu) https://docs.google.com/spreadsheets/d/1FIPVhFvVp7ydEYwMHKeRRHl3qSM2PnHu/edit?usp=drivesdk&ouid=101667783075862487943&rtpof=true&sd=true
[2026-09-04 03:58:57] ✅ 完成處理：20260904專員個資-台北.xlsx
[2026-09-04 03:58:57] ✅ 台北 全部完成
[2026-09-04 03:58:57] 
[2026-09-04 03:58:57] === 開始處理 台中 ===
[2026-09-04 03:58:57] 開始登入：jenny.tc@lemonclean.com.tw
[2026-09-04 03:58:58] 登入成功：jenny.tc@lemonclean.com.tw
[2026-09-04 03:58:58] 開始下載：city=台中 / filename=20260904專員個資-台中.xlsx
[2026-09-04 03:58:58] ✅ 已下載到暫存：/tmp/tmp2kkfs7xs/20260904專員個資-台中.xlsx
[2026-09-04 03:58:58] 📦 檔案大小：59904 bytes
[2026-09-04 03:58:58] 📂 暫存目錄存在：True
[2026-09-04 03:58:58] 📄 暫存檔案存在：True
[2026-09-04 03:58:58] 目前不是 Jenny 本機環境，略過本機存檔
[2026-09-04 03:58:58] Google Drive 初始化成功
[2026-09-04 03:58:58] 準備上傳到 Google Drive：20260904專員個資-台中.xlsx
[2026-09-04 03:59:01] ☁️ 已上傳新檔：20260904專員個資-台中.xlsx (file_id=1ffWeQkER5RvTurk_1GA2ggiM7PKuVULL) https://docs.google.com/spreadsheets/d/1ffWeQkER5RvTurk_1GA2ggiM7PKuVULL/edit?usp=drivesdk&ouid=101667783075862487943&rtpof=true&sd=true
[2026-09-04 03:59:01] ✅ 完成處理：20260904專員個資-台中.xlsx
[2026-09-04 03:59:01] ✅ 台中 全部完成
[2026-09-04 03:59:01] 🎉 staff_info.py 全部完成

完成執行：專員個資
scheduled_daily scheduler 全部完成
