開始執行：當月次月訂單
⚠️ 一鍵日排程 secrets TOML 注入失敗：No secrets found. Valid paths for a secrets.toml file or secret directories are: /home/runner/.streamlit/secrets.toml, /home/runner/work/tool-system/tool-system/.streamlit/secrets.toml
⚠️ 一鍵日排程 secrets env 注入失敗：No secrets found. Valid paths for a secrets.toml file or secret directories are: /home/runner/.streamlit/secrets.toml, /home/runner/work/tool-system/tool-system/.streamlit/secrets.toml
OAuth env ready = True
OAuth bootstrap forced = True
Command: Python bootstrap -> /home/runner/work/tool-system/tool-system/tools/scheduled_daily/orders_report.py
[2026-08-27 03:22:28] ====================================================
[2026-08-27 03:22:28] orders_report.py 開始執行
[2026-08-27 03:22:28] GITHUB_ACTIONS = true
[2026-08-27 03:22:28] PWD = /home/runner/work/tool-system/tool-system
[2026-08-27 03:22:28] LOCAL_OUTPUT_DIR = /Users/jenny/Library/CloudStorage/GoogleDrive-jenny@lemonclean.com.tw/我的雲端硬碟/lemon_Jenny/Jenny@lemon程式/訂單資料
[2026-08-27 03:22:28] LOCAL_OUTPUT_DIR exists = False
[2026-08-27 03:22:28] can_use_local_output_dir = False
[2026-08-27 03:22:28] root folder_id = 11O6eKHQ1e3Irqps7Kq1XJOSVVge3pCAc
[2026-08-27 03:22:28] ====================================================
[2026-08-27 03:22:28] Google Drive 初始化成功
[2026-08-27 03:22:30] 📁 使用既有資料夾：訂單資料
[2026-08-27 03:22:30] 服務日期：2026-08-01 ~ 2026-09-30
[2026-08-27 03:22:30] file_date = 20260827
[2026-08-27 03:22:30] 訂單資料 folder_id = 1o6ROTdseIRKOivgYQt50cNuCZLT3Rpug
[2026-08-27 03:22:30] 帳號數量 = 2
[2026-08-27 03:22:30] 
[2026-08-27 03:22:30] === 開始處理 台北 ===
[2026-08-27 03:22:30] 開始登入：jenny@lemonclean.com.tw
[2026-08-27 03:22:32] 登入成功：jenny@lemonclean.com.tw
[2026-08-27 03:22:32] 開始下載：city=台北 / export_url=https://backend.lemonclean.com.tw/purchase/export_order?clean_date_s=2026-08-01&clean_date_e=2026-09-30&purchase_status=1
[2026-08-27 03:22:44] ✅ 已下載到暫存：/tmp/tmpl7er06hr/20260827訂單-台北.xls
[2026-08-27 03:22:44] 📦 檔案大小：1894400 bytes
[2026-08-27 03:22:44] 📂 暫存目錄存在：True
[2026-08-27 03:22:44] 📄 暫存檔案存在：True
[2026-08-27 03:22:44] 目前不是 Jenny 本機環境，略過本機存檔
[2026-08-27 03:22:44] Google Drive 初始化成功
[2026-08-27 03:22:44] 準備上傳到 Google Drive：20260827訂單-台北.xls
[2026-08-27 03:22:46] ☁️ 已上傳新檔：20260827訂單-台北.xls (file_id=1DJmHiOF7Jw1xK2Nnzoc2WCvRxODEcLGh) https://docs.google.com/spreadsheets/d/1DJmHiOF7Jw1xK2Nnzoc2WCvRxODEcLGh/edit?usp=drivesdk&ouid=101667783075862487943&rtpof=true&sd=true
[2026-08-27 03:22:46] ✅ 完成處理：20260827訂單-台北.xls
[2026-08-27 03:22:46] ✅ 台北 完成
[2026-08-27 03:22:46] 
[2026-08-27 03:22:46] === 開始處理 台中 ===
[2026-08-27 03:22:46] 開始登入：jenny.tc@lemonclean.com.tw
[2026-08-27 03:22:47] 登入成功：jenny.tc@lemonclean.com.tw
[2026-08-27 03:22:47] 開始下載：city=台中 / export_url=https://backend.lemonclean.com.tw/purchase/export_order?clean_date_s=2026-08-01&clean_date_e=2026-09-30&purchase_status=1
[2026-08-27 03:22:48] ✅ 已下載到暫存：/tmp/tmpmbhh71v7/20260827訂單-台中.xls
[2026-08-27 03:22:48] 📦 檔案大小：141824 bytes
[2026-08-27 03:22:48] 📂 暫存目錄存在：True
[2026-08-27 03:22:48] 📄 暫存檔案存在：True
[2026-08-27 03:22:48] 目前不是 Jenny 本機環境，略過本機存檔
[2026-08-27 03:22:49] Google Drive 初始化成功
[2026-08-27 03:22:49] 準備上傳到 Google Drive：20260827訂單-台中.xls
[2026-08-27 03:22:50] ☁️ 已上傳新檔：20260827訂單-台中.xls (file_id=16NCnS5JIK5Qmhdfh_JycMOOLpK4oOOKg) https://docs.google.com/spreadsheets/d/16NCnS5JIK5Qmhdfh_JycMOOLpK4oOOKg/edit?usp=drivesdk&ouid=101667783075862487943&rtpof=true&sd=true
[2026-08-27 03:22:50] ✅ 完成處理：20260827訂單-台中.xls
[2026-08-27 03:22:50] ✅ 台中 完成
[2026-08-27 03:22:50] 🎉 orders_report.py 全部完成

完成執行：當月次月訂單
scheduled_daily scheduler 全部完成
