2026-08-27 02:50:47 [INFO] === 客服排程系統 run_id=1c9f1c8c step=1 台北時間=2026-08-27 10:50:47 ===
2026-08-27 02:50:47 [INFO] 目標試算表 ID 來源：環境變數 SERVICE_TARGET_SPREADSHEET_ID
2026-08-27 02:50:47 [INFO] file_cache is only supported with oauth2client<4.0.0
2026-08-27 02:51:13 [INFO] --- Step1_更新排班統計表 ---
2026-08-27 02:51:15 [INFO] file_cache is only supported with oauth2client<4.0.0
2026-08-27 02:51:16 [INFO] Drive 資料夾找到 140 個檔案
2026-08-27 02:51:16 [INFO]   找到檔案：20260927排班統計表-台中.xlsx (application/vnd.openxmlformats-officedocument.spreadsheetml.sheet)
2026-08-27 02:51:16 [INFO]   找到檔案：20260827排班統計表-台中.xlsx (application/vnd.openxmlformats-officedocument.spreadsheetml.sheet)
2026-08-27 02:51:16 [INFO]   找到檔案：20260927排班統計表-台北.xlsx (application/vnd.openxmlformats-officedocument.spreadsheetml.sheet)
2026-08-27 02:51:16 [INFO]   找到檔案：20260827排班統計表-台北.xlsx (application/vnd.openxmlformats-officedocument.spreadsheetml.sheet)
2026-08-27 02:51:16 [INFO]   找到檔案：20260926排班統計表-台中 (application/vnd.google-apps.spreadsheet)
2026-08-27 02:51:16 [INFO]   找到檔案：20260926排班統計表-台北 (application/vnd.google-apps.spreadsheet)
2026-08-27 02:51:16 [INFO]   找到檔案：20260826排班統計表-台中 (application/vnd.google-apps.spreadsheet)
2026-08-27 02:51:16 [INFO]   找到檔案：20260826排班統計表-台北 (application/vnd.google-apps.spreadsheet)
2026-08-27 02:51:16 [INFO]   找到檔案：20260926排班統計表-台中.xlsx (application/vnd.openxmlformats-officedocument.spreadsheetml.sheet)
2026-08-27 02:51:16 [INFO]   找到檔案：20260826排班統計表-台中.xlsx (application/vnd.openxmlformats-officedocument.spreadsheetml.sheet)
2026-08-27 02:51:16 [INFO]   找到檔案：20260926排班統計表-台北.xlsx (application/vnd.openxmlformats-officedocument.spreadsheetml.sheet)
2026-08-27 02:51:16 [INFO]   找到檔案：20260826排班統計表-台北.xlsx (application/vnd.openxmlformats-officedocument.spreadsheetml.sheet)
2026-08-27 02:51:16 [INFO]   找到檔案：20260925排班統計表-台中 (application/vnd.google-apps.spreadsheet)
2026-08-27 02:51:16 [INFO]   找到檔案：20260925排班統計表-台北 (application/vnd.google-apps.spreadsheet)
2026-08-27 02:51:16 [INFO]   找到檔案：20260825排班統計表-台中 (application/vnd.google-apps.spreadsheet)
2026-08-27 02:51:16 [INFO]   找到檔案：20260825排班統計表-台北 (application/vnd.google-apps.spreadsheet)
2026-08-27 02:51:16 [INFO]   找到檔案：20260925排班統計表-台中.xlsx (application/vnd.openxmlformats-officedocument.spreadsheetml.sheet)
2026-08-27 02:51:16 [INFO]   找到檔案：20260825排班統計表-台中.xlsx (application/vnd.openxmlformats-officedocument.spreadsheetml.sheet)
2026-08-27 02:51:16 [INFO]   找到檔案：20260925排班統計表-台北.xlsx (application/vnd.openxmlformats-officedocument.spreadsheetml.sheet)
2026-08-27 02:51:16 [INFO]   找到檔案：20260825排班統計表-台北.xlsx (application/vnd.openxmlformats-officedocument.spreadsheetml.sheet)
2026-08-27 02:51:16 [INFO]   找到檔案：20260924排班統計表-台中 (application/vnd.google-apps.spreadsheet)
2026-08-27 02:51:16 [INFO]   找到檔案：20260924排班統計表-台北 (application/vnd.google-apps.spreadsheet)
2026-08-27 02:51:16 [INFO]   找到檔案：20260824排班統計表-台中 (application/vnd.google-apps.spreadsheet)
2026-08-27 02:51:16 [INFO]   找到檔案：20260824排班統計表-台北 (application/vnd.google-apps.spreadsheet)
2026-08-27 02:51:16 [INFO]   找到檔案：20260924排班統計表-台中.xlsx (application/vnd.openxmlformats-officedocument.spreadsheetml.sheet)
2026-08-27 02:51:16 [INFO]   找到檔案：20260824排班統計表-台中.xlsx (application/vnd.openxmlformats-officedocument.spreadsheetml.sheet)
2026-08-27 02:51:16 [INFO]   找到檔案：20260924排班統計表-台北.xlsx (application/vnd.openxmlformats-officedocument.spreadsheetml.sheet)
2026-08-27 02:51:16 [INFO]   找到檔案：20260824排班統計表-台北.xlsx (application/vnd.openxmlformats-officedocument.spreadsheetml.sheet)
2026-08-27 02:51:16 [INFO]   找到檔案：20260923排班統計表-台中 (application/vnd.google-apps.spreadsheet)
2026-08-27 02:51:16 [INFO]   找到檔案：20260923排班統計表-台北 (application/vnd.google-apps.spreadsheet)
2026-08-27 02:51:16 [INFO]   找到檔案：20260823排班統計表-台中 (application/vnd.google-apps.spreadsheet)
2026-08-27 02:51:16 [INFO]   找到檔案：20260823排班統計表-台北 (application/vnd.google-apps.spreadsheet)
2026-08-27 02:51:16 [INFO]   找到檔案：20260923排班統計表-台中.xlsx (application/vnd.openxmlformats-officedocument.spreadsheetml.sheet)
2026-08-27 02:51:16 [INFO]   找到檔案：20260823排班統計表-台中.xlsx (application/vnd.openxmlformats-officedocument.spreadsheetml.sheet)
2026-08-27 02:51:16 [INFO]   找到檔案：20260923排班統計表-台北.xlsx (application/vnd.openxmlformats-officedocument.spreadsheetml.sheet)
2026-08-27 02:51:16 [INFO]   找到檔案：20260823排班統計表-台北.xlsx (application/vnd.openxmlformats-officedocument.spreadsheetml.sheet)
2026-08-27 02:51:16 [INFO]   找到檔案：20260922排班統計表-台中 (application/vnd.google-apps.spreadsheet)
2026-08-27 02:51:16 [INFO]   找到檔案：20260922排班統計表-台北 (application/vnd.google-apps.spreadsheet)
2026-08-27 02:51:16 [INFO]   找到檔案：20260822排班統計表-台中 (application/vnd.google-apps.spreadsheet)
2026-08-27 02:51:16 [INFO]   找到檔案：20260822排班統計表-台北 (application/vnd.google-apps.spreadsheet)
2026-08-27 02:51:16 [INFO]   找到檔案：20260922排班統計表-台中.xlsx (application/vnd.openxmlformats-officedocument.spreadsheetml.sheet)
2026-08-27 02:51:16 [INFO]   找到檔案：20260822排班統計表-台中.xlsx (application/vnd.openxmlformats-officedocument.spreadsheetml.sheet)
2026-08-27 02:51:16 [INFO]   找到檔案：20260922排班統計表-台北.xlsx (application/vnd.openxmlformats-officedocument.spreadsheetml.sheet)
2026-08-27 02:51:16 [INFO]   找到檔案：20260822排班統計表-台北.xlsx (application/vnd.openxmlformats-officedocument.spreadsheetml.sheet)
2026-08-27 02:51:16 [INFO]   找到檔案：20260921排班統計表-台中 (application/vnd.google-apps.spreadsheet)
2026-08-27 02:51:16 [INFO]   找到檔案：20260921排班統計表-台北 (application/vnd.google-apps.spreadsheet)
2026-08-27 02:51:16 [INFO]   找到檔案：20260821排班統計表-台中 (application/vnd.google-apps.spreadsheet)
2026-08-27 02:51:16 [INFO]   找到檔案：20260821排班統計表-台北 (application/vnd.google-apps.spreadsheet)
2026-08-27 02:51:16 [INFO]   找到檔案：20260921排班統計表-台中.xlsx (application/vnd.openxmlformats-officedocument.spreadsheetml.sheet)
2026-08-27 02:51:16 [INFO]   找到檔案：20260821排班統計表-台中.xlsx (application/vnd.openxmlformats-officedocument.spreadsheetml.sheet)
2026-08-27 02:51:16 [INFO]   找到檔案：20260921排班統計表-台北.xlsx (application/vnd.openxmlformats-officedocument.spreadsheetml.sheet)
2026-08-27 02:51:16 [INFO]   找到檔案：20260821排班統計表-台北.xlsx (application/vnd.openxmlformats-officedocument.spreadsheetml.sheet)
2026-08-27 02:51:16 [INFO]   找到檔案：20260920排班統計表-台中 (application/vnd.google-apps.spreadsheet)
2026-08-27 02:51:16 [INFO]   找到檔案：20260920排班統計表-台北 (application/vnd.google-apps.spreadsheet)
2026-08-27 02:51:16 [INFO]   找到檔案：20260820排班統計表-台中 (application/vnd.google-apps.spreadsheet)
2026-08-27 02:51:16 [INFO]   找到檔案：20260820排班統計表-台北 (application/vnd.google-apps.spreadsheet)
2026-08-27 02:51:16 [INFO]   找到檔案：20260920排班統計表-台中.xlsx (application/vnd.openxmlformats-officedocument.spreadsheetml.sheet)
2026-08-27 02:51:16 [INFO]   找到檔案：20260820排班統計表-台中.xlsx (application/vnd.openxmlformats-officedocument.spreadsheetml.sheet)
2026-08-27 02:51:16 [INFO]   找到檔案：20260920排班統計表-台北.xlsx (application/vnd.openxmlformats-officedocument.spreadsheetml.sheet)
2026-08-27 02:51:16 [INFO]   找到檔案：20260820排班統計表-台北.xlsx (application/vnd.openxmlformats-officedocument.spreadsheetml.sheet)
2026-08-27 02:51:16 [INFO]   找到檔案：20260919排班統計表-台中 (application/vnd.google-apps.spreadsheet)
2026-08-27 02:51:16 [INFO]   找到檔案：20260919排班統計表-台北 (application/vnd.google-apps.spreadsheet)
2026-08-27 02:51:16 [INFO]   找到檔案：20260819排班統計表-台中 (application/vnd.google-apps.spreadsheet)
2026-08-27 02:51:16 [INFO]   找到檔案：20260819排班統計表-台北 (application/vnd.google-apps.spreadsheet)
2026-08-27 02:51:16 [INFO]   找到檔案：20260919排班統計表-台中.xlsx (application/vnd.openxmlformats-officedocument.spreadsheetml.sheet)
2026-08-27 02:51:16 [INFO]   找到檔案：20260819排班統計表-台中.xlsx (application/vnd.openxmlformats-officedocument.spreadsheetml.sheet)
2026-08-27 02:51:16 [INFO]   找到檔案：20260919排班統計表-台北.xlsx (application/vnd.openxmlformats-officedocument.spreadsheetml.sheet)
2026-08-27 02:51:16 [INFO]   找到檔案：20260819排班統計表-台北.xlsx (application/vnd.openxmlformats-officedocument.spreadsheetml.sheet)
2026-08-27 02:51:16 [INFO]   找到檔案：20260918排班統計表-台中 (application/vnd.google-apps.spreadsheet)
2026-08-27 02:51:16 [INFO]   找到檔案：20260918排班統計表-台北 (application/vnd.google-apps.spreadsheet)
2026-08-27 02:51:16 [INFO]   找到檔案：20260818排班統計表-台中 (application/vnd.google-apps.spreadsheet)
2026-08-27 02:51:16 [INFO]   找到檔案：20260818排班統計表-台北 (application/vnd.google-apps.spreadsheet)
2026-08-27 02:51:16 [INFO]   找到檔案：20260918排班統計表-台中.xlsx (application/vnd.openxmlformats-officedocument.spreadsheetml.sheet)
2026-08-27 02:51:16 [INFO]   找到檔案：20260818排班統計表-台中.xlsx (application/vnd.openxmlformats-officedocument.spreadsheetml.sheet)
2026-08-27 02:51:16 [INFO]   找到檔案：20260918排班統計表-台北.xlsx (application/vnd.openxmlformats-officedocument.spreadsheetml.sheet)
2026-08-27 02:51:16 [INFO]   找到檔案：20260818排班統計表-台北.xlsx (application/vnd.openxmlformats-officedocument.spreadsheetml.sheet)
2026-08-27 02:51:16 [INFO]   找到檔案：20260917排班統計表-台中.xlsx (application/vnd.openxmlformats-officedocument.spreadsheetml.sheet)
2026-08-27 02:51:16 [INFO]   找到檔案：20260817排班統計表-台中.xlsx (application/vnd.openxmlformats-officedocument.spreadsheetml.sheet)
2026-08-27 02:51:16 [INFO]   找到檔案：20260917排班統計表-台北.xlsx (application/vnd.openxmlformats-officedocument.spreadsheetml.sheet)
2026-08-27 02:51:16 [INFO]   找到檔案：20260817排班統計表-台北.xlsx (application/vnd.openxmlformats-officedocument.spreadsheetml.sheet)
2026-08-27 02:51:16 [INFO]   找到檔案：20260917排班統計表-台中 (application/vnd.google-apps.spreadsheet)
2026-08-27 02:51:16 [INFO]   找到檔案：20260917排班統計表-台北 (application/vnd.google-apps.spreadsheet)
2026-08-27 02:51:16 [INFO]   找到檔案：20260817排班統計表-台中 (application/vnd.google-apps.spreadsheet)
2026-08-27 02:51:16 [INFO]   找到檔案：20260817排班統計表-台北 (application/vnd.google-apps.spreadsheet)
2026-08-27 02:51:16 [INFO]   找到檔案：20260916排班統計表-台中 (application/vnd.google-apps.spreadsheet)
2026-08-27 02:51:16 [INFO]   找到檔案：20260916排班統計表-台北 (application/vnd.google-apps.spreadsheet)
2026-08-27 02:51:16 [INFO]   找到檔案：20260816排班統計表-台中 (application/vnd.google-apps.spreadsheet)
2026-08-27 02:51:16 [INFO]   找到檔案：20260816排班統計表-台北 (application/vnd.google-apps.spreadsheet)
2026-08-27 02:51:16 [INFO]   找到檔案：20260916排班統計表-台中.xlsx (application/vnd.openxmlformats-officedocument.spreadsheetml.sheet)
2026-08-27 02:51:16 [INFO]   找到檔案：20260816排班統計表-台中.xlsx (application/vnd.openxmlformats-officedocument.spreadsheetml.sheet)
2026-08-27 02:51:16 [INFO]   找到檔案：20260916排班統計表-台北.xlsx (application/vnd.openxmlformats-officedocument.spreadsheetml.sheet)
2026-08-27 02:51:16 [INFO]   找到檔案：20260816排班統計表-台北.xlsx (application/vnd.openxmlformats-officedocument.spreadsheetml.sheet)
2026-08-27 02:51:16 [INFO]   找到檔案：20260915排班統計表-台中 (application/vnd.google-apps.spreadsheet)
2026-08-27 02:51:16 [INFO]   找到檔案：20260915排班統計表-台北 (application/vnd.google-apps.spreadsheet)
2026-08-27 02:51:16 [INFO]   找到檔案：20260815排班統計表-台中 (application/vnd.google-apps.spreadsheet)
2026-08-27 02:51:16 [INFO]   找到檔案：20260815排班統計表-台北 (application/vnd.google-apps.spreadsheet)
2026-08-27 02:51:16 [INFO]   找到檔案：20260915排班統計表-台中.xlsx (application/vnd.openxmlformats-officedocument.spreadsheetml.sheet)
2026-08-27 02:51:16 [INFO]   找到檔案：20260815排班統計表-台中.xlsx (application/vnd.openxmlformats-officedocument.spreadsheetml.sheet)
2026-08-27 02:51:16 [INFO]   找到檔案：20260915排班統計表-台北.xlsx (application/vnd.openxmlformats-officedocument.spreadsheetml.sheet)
2026-08-27 02:51:16 [INFO]   找到檔案：20260815排班統計表-台北.xlsx (application/vnd.openxmlformats-officedocument.spreadsheetml.sheet)
2026-08-27 02:51:16 [INFO]   找到檔案：20260914排班統計表-台中 (application/vnd.google-apps.spreadsheet)
2026-08-27 02:51:16 [INFO]   找到檔案：20260914排班統計表-台北 (application/vnd.google-apps.spreadsheet)
2026-08-27 02:51:16 [INFO]   找到檔案：20260814排班統計表-台中 (application/vnd.google-apps.spreadsheet)
2026-08-27 02:51:16 [INFO]   找到檔案：20260814排班統計表-台北 (application/vnd.google-apps.spreadsheet)
2026-08-27 02:51:16 [INFO]   找到檔案：20260914排班統計表-台中.xlsx (application/vnd.openxmlformats-officedocument.spreadsheetml.sheet)
2026-08-27 02:51:16 [INFO]   找到檔案：20260814排班統計表-台中.xlsx (application/vnd.openxmlformats-officedocument.spreadsheetml.sheet)
2026-08-27 02:51:16 [INFO]   找到檔案：20260914排班統計表-台北.xlsx (application/vnd.openxmlformats-officedocument.spreadsheetml.sheet)
2026-08-27 02:51:16 [INFO]   找到檔案：20260814排班統計表-台北.xlsx (application/vnd.openxmlformats-officedocument.spreadsheetml.sheet)
2026-08-27 02:51:16 [INFO]   找到檔案：20260913排班統計表-台中 (application/vnd.google-apps.spreadsheet)
2026-08-27 02:51:16 [INFO]   找到檔案：20260913排班統計表-台北 (application/vnd.google-apps.spreadsheet)
2026-08-27 02:51:16 [INFO]   找到檔案：20260813排班統計表-台中 (application/vnd.google-apps.spreadsheet)
2026-08-27 02:51:16 [INFO]   找到檔案：20260813排班統計表-台北 (application/vnd.google-apps.spreadsheet)
2026-08-27 02:51:16 [INFO]   找到檔案：20260913排班統計表-台中.xlsx (application/vnd.openxmlformats-officedocument.spreadsheetml.sheet)
2026-08-27 02:51:16 [INFO]   找到檔案：20260813排班統計表-台中.xlsx (application/vnd.openxmlformats-officedocument.spreadsheetml.sheet)
2026-08-27 02:51:16 [INFO]   找到檔案：20260913排班統計表-台北.xlsx (application/vnd.openxmlformats-officedocument.spreadsheetml.sheet)
2026-08-27 02:51:16 [INFO]   找到檔案：20260813排班統計表-台北.xlsx (application/vnd.openxmlformats-officedocument.spreadsheetml.sheet)
2026-08-27 02:51:16 [INFO]   找到檔案：20260912排班統計表-台中 (application/vnd.google-apps.spreadsheet)
2026-08-27 02:51:16 [INFO]   找到檔案：20260912排班統計表-台北 (application/vnd.google-apps.spreadsheet)
2026-08-27 02:51:16 [INFO]   找到檔案：20260812排班統計表-台中 (application/vnd.google-apps.spreadsheet)
2026-08-27 02:51:16 [INFO]   找到檔案：20260812排班統計表-台北 (application/vnd.google-apps.spreadsheet)
2026-08-27 02:51:16 [INFO]   找到檔案：20260912排班統計表-台中.xlsx (application/vnd.openxmlformats-officedocument.spreadsheetml.sheet)
2026-08-27 02:51:16 [INFO]   找到檔案：20260812排班統計表-台中.xlsx (application/vnd.openxmlformats-officedocument.spreadsheetml.sheet)
2026-08-27 02:51:16 [INFO]   找到檔案：20260912排班統計表-台北.xlsx (application/vnd.openxmlformats-officedocument.spreadsheetml.sheet)
2026-08-27 02:51:16 [INFO]   找到檔案：20260812排班統計表-台北.xlsx (application/vnd.openxmlformats-officedocument.spreadsheetml.sheet)
2026-08-27 02:51:16 [INFO]   找到檔案：20260911排班統計表-台中 (application/vnd.google-apps.spreadsheet)
2026-08-27 02:51:16 [INFO]   找到檔案：20260911排班統計表-台北 (application/vnd.google-apps.spreadsheet)
2026-08-27 02:51:16 [INFO]   找到檔案：20260811排班統計表-台中 (application/vnd.google-apps.spreadsheet)
2026-08-27 02:51:16 [INFO]   找到檔案：20260811排班統計表-台北 (application/vnd.google-apps.spreadsheet)
2026-08-27 02:51:16 [INFO]   找到檔案：20260911排班統計表-台中.xlsx (application/vnd.openxmlformats-officedocument.spreadsheetml.sheet)
2026-08-27 02:51:16 [INFO]   找到檔案：20260811排班統計表-台中.xlsx (application/vnd.openxmlformats-officedocument.spreadsheetml.sheet)
2026-08-27 02:51:16 [INFO]   找到檔案：20260911排班統計表-台北.xlsx (application/vnd.openxmlformats-officedocument.spreadsheetml.sheet)
2026-08-27 02:51:16 [INFO]   找到檔案：20260811排班統計表-台北.xlsx (application/vnd.openxmlformats-officedocument.spreadsheetml.sheet)
2026-08-27 02:51:16 [INFO]   找到檔案：20260910排班統計表-台中 (application/vnd.google-apps.spreadsheet)
2026-08-27 02:51:16 [INFO]   找到檔案：20260910排班統計表-台北 (application/vnd.google-apps.spreadsheet)
2026-08-27 02:51:16 [INFO]   找到檔案：20260810排班統計表-台中 (application/vnd.google-apps.spreadsheet)
2026-08-27 02:51:16 [INFO]   找到檔案：20260810排班統計表-台北 (application/vnd.google-apps.spreadsheet)
2026-08-27 02:51:16 [INFO]   找到檔案：20260910排班統計表-台中.xlsx (application/vnd.openxmlformats-officedocument.spreadsheetml.sheet)
2026-08-27 02:51:16 [INFO]   找到檔案：20260810排班統計表-台中.xlsx (application/vnd.openxmlformats-officedocument.spreadsheetml.sheet)
2026-08-27 02:51:16 [INFO]   找到檔案：20260910排班統計表-台北.xlsx (application/vnd.openxmlformats-officedocument.spreadsheetml.sheet)
2026-08-27 02:51:16 [INFO]   找到檔案：20260810排班統計表-台北.xlsx (application/vnd.openxmlformats-officedocument.spreadsheetml.sheet)
2026-08-27 02:51:16 [INFO] 排班檔確認 OK：{'202608': {'taipei': '20260827排班統計表-台北.xlsx', 'taichung': '20260827排班統計表-台中.xlsx'}, '202609': {'taipei': '20260927排班統計表-台北.xlsx', 'taichung': '20260927排班統計表-台中.xlsx'}}
2026-08-27 02:51:17 [INFO]   匯入：20260827排班統計表-台北.xlsx
2026-08-27 02:51:17 [INFO]   xlsx → Google Sheets：20260827排班統計表-台北
2026-08-27 02:51:17 [INFO] file_cache is only supported with oauth2client<4.0.0
2026-08-27 02:51:24 [INFO]   轉換完成，新 Google Sheets ID：1MrqDEv5zaMioHly_okt1mh_CobTxLw_rGXKTk021MRs
2026-08-27 02:51:29 [INFO]   匯入：20260827排班統計表-台中.xlsx
2026-08-27 02:51:29 [INFO]   xlsx → Google Sheets：20260827排班統計表-台中
2026-08-27 02:51:30 [INFO] file_cache is only supported with oauth2client<4.0.0
2026-08-27 02:51:35 [INFO]   轉換完成，新 Google Sheets ID：1OrqJnae773V2hTP0qPhxl31G8hWAQh1kZUiznQSRVrs
2026-08-27 02:51:37 [INFO]   → 寫入 89 列（起始 R3C7）
2026-08-27 02:51:37 [INFO]   → 寫入 16 列（起始 R3C82）
2026-08-27 02:51:37 [INFO]   匯入：20260927排班統計表-台北.xlsx
2026-08-27 02:51:37 [INFO]   xlsx → Google Sheets：20260927排班統計表-台北
2026-08-27 02:51:37 [INFO] file_cache is only supported with oauth2client<4.0.0
2026-08-27 02:51:44 [INFO]   轉換完成，新 Google Sheets ID：1M4AIH9Ga0yFF8bKmPx3gXd6mNLCcib59jr1PP2eWLQY
2026-08-27 02:51:45 [INFO]   匯入：20260927排班統計表-台中.xlsx
2026-08-27 02:51:45 [INFO]   xlsx → Google Sheets：20260927排班統計表-台中
2026-08-27 02:51:45 [INFO] file_cache is only supported with oauth2client<4.0.0
2026-08-27 02:51:52 [INFO]   轉換完成，新 Google Sheets ID：17C-ntlojcsDTyMNXzdoTmjxYdGDZumEJE3rKMW9mP-4
2026-08-27 02:51:58 [INFO]   → 寫入 70 列（起始 R3C22）
2026-08-27 02:51:58 [INFO]   → 寫入 9 列（起始 R3C97）
2026-08-27 02:52:00 [INFO] Step 1 完成（45.5s）
2026-08-27 02:52:01 [INFO] === 全部完成 run_id=1c9f1c8c（46.7s）===
