開始執行：專員班表
⚠️ 一鍵日排程 secrets TOML 注入失敗：No secrets found. Valid paths for a secrets.toml file or secret directories are: /home/runner/.streamlit/secrets.toml, /home/runner/work/tool-system/tool-system/.streamlit/secrets.toml
⚠️ 一鍵日排程 secrets env 注入失敗：No secrets found. Valid paths for a secrets.toml file or secret directories are: /home/runner/.streamlit/secrets.toml, /home/runner/work/tool-system/tool-system/.streamlit/secrets.toml
OAuth env ready = True
OAuth bootstrap forced = True
Command: Python bootstrap -> /home/runner/work/tool-system/tool-system/tools/scheduled_daily/staff_schedule.py
[2026-08-27 03:16:59] ====================================================
[2026-08-27 03:16:59] staff_schedule.py 開始執行
[2026-08-27 03:16:59] GITHUB_ACTIONS = true
[2026-08-27 03:16:59] PWD = /home/runner/work/tool-system/tool-system
[2026-08-27 03:16:59] LOCAL_OUTPUT_DIR = /Users/jenny/Library/CloudStorage/GoogleDrive-jenny@lemonclean.com.tw/我的雲端硬碟/lemon_Jenny/Jenny@lemon程式/專員班表
[2026-08-27 03:16:59] LOCAL_OUTPUT_DIR exists = False
[2026-08-27 03:16:59] can_use_local_output_dir = False
[2026-08-27 03:16:59] root folder_id = 11O6eKHQ1e3Irqps7Kq1XJOSVVge3pCAc
[2026-08-27 03:16:59] ====================================================
[2026-08-27 03:16:59] Google Drive 初始化成功
[2026-08-27 03:17:00] 📁 使用既有資料夾：專員班表
[2026-08-27 03:17:00] this_month = 2026-08
[2026-08-27 03:17:00] next_month = 2026-09
[2026-08-27 03:17:00] this_date = 20260827
[2026-08-27 03:17:00] next_date = 20260927
[2026-08-27 03:17:00] 專員班表 folder_id = 1V2AUNsT_jzQWawmnBNU_u-e7odYviwEk
[2026-08-27 03:17:00] 帳號數量 = 2
[2026-08-27 03:17:00] 
[2026-08-27 03:17:00] === 開始處理 台北 ===
[2026-08-27 03:17:00] 開始登入：jenny@lemonclean.com.tw
[2026-08-27 03:17:01] 登入成功：jenny@lemonclean.com.tw
[2026-08-27 03:17:01] 開始下載：city=台北 / month=2026-08 / filename=20260827專員班表-台北.xls
[2026-08-27 03:17:04] ✅ 已下載到暫存：/tmp/tmpshw3ufy1/20260827專員班表-台北.xls
[2026-08-27 03:17:04] 📦 檔案大小：142848 bytes
[2026-08-27 03:17:04] 📂 暫存目錄存在：True
[2026-08-27 03:17:04] 📄 暫存檔案存在：True
[2026-08-27 03:17:04] 目前不是 Jenny 本機環境，略過本機存檔
[2026-08-27 03:17:04] Google Drive 初始化成功
[2026-08-27 03:17:04] 準備上傳到 Google Drive：20260827專員班表-台北.xls
[2026-08-27 03:17:08] ☁️ 已上傳新檔：20260827專員班表-台北.xls (file_id=1ntGhdyJSK54rdRKHcvpx7B5pQz8MdkDW) https://docs.google.com/spreadsheets/d/1ntGhdyJSK54rdRKHcvpx7B5pQz8MdkDW/edit?usp=drivesdk&ouid=101667783075862487943&rtpof=true&sd=true
[2026-08-27 03:17:08] ✅ 完成處理：20260827專員班表-台北.xls
[2026-08-27 03:17:08] 開始下載：city=台北 / month=2026-09 / filename=20260927專員班表-台北.xls
[2026-08-27 03:17:11] ✅ 已下載到暫存：/tmp/tmps3d32k5h/20260927專員班表-台北.xls
[2026-08-27 03:17:11] 📦 檔案大小：116224 bytes
[2026-08-27 03:17:11] 📂 暫存目錄存在：True
[2026-08-27 03:17:11] 📄 暫存檔案存在：True
[2026-08-27 03:17:11] 目前不是 Jenny 本機環境，略過本機存檔
[2026-08-27 03:17:11] Google Drive 初始化成功
[2026-08-27 03:17:11] 準備上傳到 Google Drive：20260927專員班表-台北.xls
[2026-08-27 03:17:13] ☁️ 已上傳新檔：20260927專員班表-台北.xls (file_id=1yuDqT-UasABG7upRRiX7KBuMzY-DcaZ3) https://docs.google.com/spreadsheets/d/1yuDqT-UasABG7upRRiX7KBuMzY-DcaZ3/edit?usp=drivesdk&ouid=101667783075862487943&rtpof=true&sd=true
[2026-08-27 03:17:13] ✅ 完成處理：20260927專員班表-台北.xls
[2026-08-27 03:17:13] ✅ 台北 全部完成
[2026-08-27 03:17:13] 
[2026-08-27 03:17:13] === 開始處理 台中 ===
[2026-08-27 03:17:13] 開始登入：jenny.tc@lemonclean.com.tw
[2026-08-27 03:17:14] 登入成功：jenny.tc@lemonclean.com.tw
[2026-08-27 03:17:14] 開始下載：city=台中 / month=2026-08 / filename=20260827專員班表-台中.xls
[2026-08-27 03:17:15] ✅ 已下載到暫存：/tmp/tmp3ft3unzy/20260827專員班表-台中.xls
[2026-08-27 03:17:15] 📦 檔案大小：25600 bytes
[2026-08-27 03:17:15] 📂 暫存目錄存在：True
[2026-08-27 03:17:15] 📄 暫存檔案存在：True
[2026-08-27 03:17:15] 目前不是 Jenny 本機環境，略過本機存檔
[2026-08-27 03:17:15] Google Drive 初始化成功
[2026-08-27 03:17:15] 準備上傳到 Google Drive：20260827專員班表-台中.xls
[2026-08-27 03:17:18] ☁️ 已上傳新檔：20260827專員班表-台中.xls (file_id=1tSuinfVLlP-lRxAFupjESVW59p8jqft8) https://docs.google.com/spreadsheets/d/1tSuinfVLlP-lRxAFupjESVW59p8jqft8/edit?usp=drivesdk&ouid=101667783075862487943&rtpof=true&sd=true
[2026-08-27 03:17:18] ✅ 完成處理：20260827專員班表-台中.xls
[2026-08-27 03:17:18] 開始下載：city=台中 / month=2026-09 / filename=20260927專員班表-台中.xls
[2026-08-27 03:17:19] ✅ 已下載到暫存：/tmp/tmp2naswj12/20260927專員班表-台中.xls
[2026-08-27 03:17:19] 📦 檔案大小：22528 bytes
[2026-08-27 03:17:19] 📂 暫存目錄存在：True
[2026-08-27 03:17:19] 📄 暫存檔案存在：True
[2026-08-27 03:17:19] 目前不是 Jenny 本機環境，略過本機存檔
[2026-08-27 03:17:19] Google Drive 初始化成功
[2026-08-27 03:17:19] 準備上傳到 Google Drive：20260927專員班表-台中.xls
[2026-08-27 03:17:21] ☁️ 已上傳新檔：20260927專員班表-台中.xls (file_id=1XW6XIOCUCA_jIr_tacO0s0mc6bmtIoYR) https://docs.google.com/spreadsheets/d/1XW6XIOCUCA_jIr_tacO0s0mc6bmtIoYR/edit?usp=drivesdk&ouid=101667783075862487943&rtpof=true&sd=true
[2026-08-27 03:17:21] ✅ 完成處理：20260927專員班表-台中.xls
[2026-08-27 03:17:21] ✅ 台中 全部完成
[2026-08-27 03:17:21] 🎉 staff_schedule.py 全部完成

完成執行：專員班表
scheduled_daily scheduler 全部完成
