📋 log_spreadsheet_id 已從設定檔載入
📝 外場排程打卡：外場專員班表 / running
Command: /opt/hostedtoolcache/Python/3.11.16/x64/bin/python -u -m tools.field_management.staff_schedule --date 20260924 --system-name 外場排程系統 --run-type 排程
[2026-09-24 08:08:18] 開始處理專員班表：20260924專員班表-台北
🔄 Jenny OAuth 已將來源 Excel 轉成暫存 Google Sheet：1xuWVaifCAPQgKIvACEfx_Om9RlyIaiyRLodI9q8kkc0
🗑️ 已刪除來源暫存 Google Sheet：1xuWVaifCAPQgKIvACEfx_Om9RlyIaiyRLodI9q8kkc0
[2026-09-24 08:08:28] 目標分頁已是當日名稱：專員班表查詢本月_0924
[2026-09-24 08:08:29] 完成：20260924專員班表-台北.xls → '專員班表查詢本月_0924'!A:G / rows=1561
[2026-09-24 08:08:30] 開始處理專員班表：20261024專員班表-台北
🔄 Jenny OAuth 已將來源 Excel 轉成暫存 Google Sheet：1QcB-vnAvVXg42t7MPmVjfcZXbNU1UnnqOITLBBd1hlY
🗑️ 已刪除來源暫存 Google Sheet：1QcB-vnAvVXg42t7MPmVjfcZXbNU1UnnqOITLBBd1hlY
[2026-09-24 08:08:40] 目標分頁已是當日名稱：專員班表查詢次月_0924
[2026-09-24 08:08:43] 完成：20261024專員班表-台北.xls → '專員班表查詢次月_0924'!A:G / rows=1202
[2026-09-24 08:08:45] 開始處理專員班表：20260924專員班表-台中
🔄 Jenny OAuth 已將來源 Excel 轉成暫存 Google Sheet：1JbeMtW5VFDpf35UmydIzozYRbPYbVc1U-niCuScdcW4
🗑️ 已刪除來源暫存 Google Sheet：1JbeMtW5VFDpf35UmydIzozYRbPYbVc1U-niCuScdcW4
[2026-09-24 08:08:55] 目標分頁已是當日名稱：專員班表查詢本月_0924
[2026-09-24 08:08:56] 完成：20260924專員班表-台中.xls → '專員班表查詢本月_0924'!A:G / rows=205
[2026-09-24 08:08:58] 開始處理專員班表：20261024專員班表-台中
🔄 Jenny OAuth 已將來源 Excel 轉成暫存 Google Sheet：1YyetW2jKS393GaJcJ24TEATxcPN302lm-WRWTYeOIUk
🗑️ 已刪除來源暫存 Google Sheet：1YyetW2jKS393GaJcJ24TEATxcPN302lm-WRWTYeOIUk
[2026-09-24 08:09:08] 目標分頁已是當日名稱：專員班表查詢次月_0924
[2026-09-24 08:09:08] 完成：20261024專員班表-台中.xls → '專員班表查詢次月_0924'!A:G / rows=217
[2026-09-24 08:09:10] staff_schedule.py 全部完成

📝 外場排程打卡：外場專員班表 / success
field_management scheduler 全部完成
