📋 log_spreadsheet_id 已從設定檔載入
📝 外場排程打卡：外場專員個資 / running
Command: /opt/hostedtoolcache/Python/3.11.16/x64/bin/python -u -m tools.field_management.staff_profile --date 20260924 --system-name 外場排程系統 --run-type 排程
[2026-09-24 08:10:03] 開始處理專員個資：20260924專員個資-台北
🔄 Jenny OAuth 已將來源 Excel 轉成暫存 Google Sheet：1og1WGs_t_VneZBA0-LqJ3dcHW6LstAg-wF-8q79e7qI
🗑️ 已刪除來源暫存 Google Sheet：1og1WGs_t_VneZBA0-LqJ3dcHW6LstAg-wF-8q79e7qI
[2026-09-24 08:10:14] 完成專員個資：20260924專員個資-台北.xlsx → 專員個人資料!A4:C / rows=97
[2026-09-24 08:10:15] 開始處理訂單截取：20260924訂單-台北
🔄 Jenny OAuth 已將來源 Excel 轉成暫存 Google Sheet：1_1YwY1BKxSz7ioZT0DxMjGsEFrIxSJ_pH0N7lV-Ii6Y
🗑️ 已刪除來源暫存 Google Sheet：1_1YwY1BKxSz7ioZT0DxMjGsEFrIxSJ_pH0N7lV-Ii6Y
[2026-09-24 08:10:28] 完成訂單截取：20260924訂單-台北.xls → 專員個人資料!G1:N / rows=1163
[2026-09-24 08:10:29] 開始處理專員個資：20260924專員個資-台中
🔄 Jenny OAuth 已將來源 Excel 轉成暫存 Google Sheet：1HOH_E9Nn9djkh0O1zguPLMYNzzv8YYpDj3wZTrUqYuk
🗑️ 已刪除來源暫存 Google Sheet：1HOH_E9Nn9djkh0O1zguPLMYNzzv8YYpDj3wZTrUqYuk
[2026-09-24 08:10:37] 完成專員個資：20260924專員個資-台中.xlsx → 專員個人資料!A4:C / rows=16
[2026-09-24 08:10:39] 開始處理訂單截取：20260924訂單-台中
🔄 Jenny OAuth 已將來源 Excel 轉成暫存 Google Sheet：1uHl6jN6fNoc_E7q9p9WwpKRrdN29hk93GMWiWOSPe74
🗑️ 已刪除來源暫存 Google Sheet：1uHl6jN6fNoc_E7q9p9WwpKRrdN29hk93GMWiWOSPe74
[2026-09-24 08:10:46] 完成訂單截取：20260924訂單-台中.xls → 專員個人資料!G1:N / rows=97
[2026-09-24 08:10:47] staff_profile.py 全部完成

📝 外場排程打卡：外場專員個資 / success
field_management scheduler 全部完成
