開始執行：當月次月訂單
⚠️ 一鍵日排程 secrets TOML 注入失敗：No secrets found. Valid paths for a secrets.toml file or secret directories are: /home/runner/.streamlit/secrets.toml, /home/runner/work/tool-system/tool-system/.streamlit/secrets.toml
⚠️ 一鍵日排程 secrets env 注入失敗：No secrets found. Valid paths for a secrets.toml file or secret directories are: /home/runner/.streamlit/secrets.toml, /home/runner/work/tool-system/tool-system/.streamlit/secrets.toml
OAuth env ready = True
OAuth bootstrap forced = True
Command: Python bootstrap -> /home/runner/work/tool-system/tool-system/tools/scheduled_daily/orders_report.py
[2026-09-24 04:29:00] ====================================================
[2026-09-24 04:29:00] orders_report.py 開始執行
[2026-09-24 04:29:00] GITHUB_ACTIONS = true
[2026-09-24 04:29:00] PWD = /home/runner/work/tool-system/tool-system
[2026-09-24 04:29:00] LOCAL_OUTPUT_DIR = /Users/jenny/Library/CloudStorage/GoogleDrive-jenny@lemonclean.com.tw/我的雲端硬碟/lemon_Jenny/Jenny@lemon程式/訂單資料
[2026-09-24 04:29:00] LOCAL_OUTPUT_DIR exists = False
[2026-09-24 04:29:00] can_use_local_output_dir = False
[2026-09-24 04:29:00] root folder_id = 11O6eKHQ1e3Irqps7Kq1XJOSVVge3pCAc
[2026-09-24 04:29:00] ====================================================
[2026-09-24 04:29:00] Google Drive 初始化成功
[2026-09-24 04:29:01] 📁 使用既有資料夾：訂單資料
[2026-09-24 04:29:01] 服務日期：2026-09-01 ~ 2026-10-31
[2026-09-24 04:29:01] file_date = 20260924
[2026-09-24 04:29:01] 訂單資料 folder_id = 1o6ROTdseIRKOivgYQt50cNuCZLT3Rpug
[2026-09-24 04:29:01] 帳號數量 = 2
[2026-09-24 04:29:01] 
[2026-09-24 04:29:01] === 開始處理 台北 ===
[2026-09-24 04:29:01] 開始登入：jenny@lemonclean.com.tw
[2026-09-24 04:29:02] 登入成功：jenny@lemonclean.com.tw
[2026-09-24 04:29:02] 開始下載：city=台北 / export_url=https://backend.lemonclean.com.tw/purchase/export_order?clean_date_s=2026-09-01&clean_date_e=2026-10-31&purchase_status=1
[2026-09-24 04:29:14] ✅ 已下載到暫存：/tmp/tmppludha6s/20260924訂單-台北.xls
[2026-09-24 04:29:14] 📦 檔案大小：1832448 bytes
[2026-09-24 04:29:14] 📂 暫存目錄存在：True
[2026-09-24 04:29:14] 📄 暫存檔案存在：True
[2026-09-24 04:29:14] 目前不是 Jenny 本機環境，略過本機存檔
[2026-09-24 04:29:14] Google Drive 初始化成功
[2026-09-24 04:29:14] 準備上傳到 Google Drive：20260924訂單-台北.xls
[2026-09-24 04:29:16] ☁️ 已上傳新檔：20260924訂單-台北.xls (file_id=1V2QQqMGSQI2u1YzZUhR-epcgBT3CvAvg) https://docs.google.com/spreadsheets/d/1V2QQqMGSQI2u1YzZUhR-epcgBT3CvAvg/edit?usp=drivesdk&ouid=101667783075862487943&rtpof=true&sd=true
[2026-09-24 04:29:16] ✅ 完成處理：20260924訂單-台北.xls
[2026-09-24 04:29:16] ✅ 台北 完成
[2026-09-24 04:29:16] 
[2026-09-24 04:29:16] === 開始處理 台中 ===
[2026-09-24 04:29:16] 開始登入：jenny.tc@lemonclean.com.tw
[2026-09-24 04:29:17] 登入成功：jenny.tc@lemonclean.com.tw
[2026-09-24 04:29:17] 開始下載：city=台中 / export_url=https://backend.lemonclean.com.tw/purchase/export_order?clean_date_s=2026-09-01&clean_date_e=2026-10-31&purchase_status=1
[2026-09-24 04:29:19] ✅ 已下載到暫存：/tmp/tmpszs3hkg7/20260924訂單-台中.xls
[2026-09-24 04:29:19] 📦 檔案大小：146432 bytes
[2026-09-24 04:29:19] 📂 暫存目錄存在：True
[2026-09-24 04:29:19] 📄 暫存檔案存在：True
[2026-09-24 04:29:19] 目前不是 Jenny 本機環境，略過本機存檔
[2026-09-24 04:29:19] Google Drive 初始化成功
[2026-09-24 04:29:19] 準備上傳到 Google Drive：20260924訂單-台中.xls
[2026-09-24 04:29:22] ☁️ 已上傳新檔：20260924訂單-台中.xls (file_id=1n8b3E_F_b6HTW-4Vf0kOqRQN_I-QqQYQ) https://docs.google.com/spreadsheets/d/1n8b3E_F_b6HTW-4Vf0kOqRQN_I-QqQYQ/edit?usp=drivesdk&ouid=101667783075862487943&rtpof=true&sd=true
[2026-09-24 04:29:22] ✅ 完成處理：20260924訂單-台中.xls
[2026-09-24 04:29:22] ✅ 台中 完成
[2026-09-24 04:29:22] 🎉 orders_report.py 全部完成

完成執行：當月次月訂單
scheduled_daily scheduler 全部完成
