開始執行：排班統計表
⚠️ 一鍵日排程 secrets TOML 注入失敗：No secrets found. Valid paths for a secrets.toml file or secret directories are: /home/runner/.streamlit/secrets.toml, /home/runner/work/tool-system/tool-system/.streamlit/secrets.toml
⚠️ 一鍵日排程 secrets env 注入失敗：No secrets found. Valid paths for a secrets.toml file or secret directories are: /home/runner/.streamlit/secrets.toml, /home/runner/work/tool-system/tool-system/.streamlit/secrets.toml
OAuth env ready = True
OAuth bootstrap forced = True
Command: Python bootstrap -> /home/runner/work/tool-system/tool-system/tools/scheduled_daily/schedule_report.py
[2026-09-24 03:55:36] ====================================================
[2026-09-24 03:55:36] schedule_report.py 開始執行
[2026-09-24 03:55:36] GITHUB_ACTIONS = true
[2026-09-24 03:55:36] PWD = /home/runner/work/tool-system/tool-system
[2026-09-24 03:55:36] LOCAL_OUTPUT_DIR = /Users/jenny/Library/CloudStorage/GoogleDrive-jenny@lemonclean.com.tw/.shortcut-targets-by-id/1zbu45AG1adMzz24HPdi_tLfh2Tncw_Br/排班統計表
[2026-09-24 03:55:36] LOCAL_OUTPUT_DIR exists = False
[2026-09-24 03:55:36] can_use_local_output_dir = False
[2026-09-24 03:55:36] root folder_id = 11O6eKHQ1e3Irqps7Kq1XJOSVVge3pCAc
[2026-09-24 03:55:36] ====================================================
[2026-09-24 03:55:36] Google Drive 初始化成功
[2026-09-24 03:55:37] 📁 使用既有資料夾：排班統計表
[2026-09-24 03:55:37] this_month = 2026-09
[2026-09-24 03:55:37] next_month = 2026-10
[2026-09-24 03:55:37] today_stamp = 20260924
[2026-09-24 03:55:37] next_month_stamp = 20261024
[2026-09-24 03:55:37] 排班統計表 folder_id = 18XDXdrCSsLYwSzz1Da9pQh-jGm2h2Ed8
[2026-09-24 03:55:37] 帳號數量 = 2
[2026-09-24 03:55:37] 
[2026-09-24 03:55:37] === 開始處理 台北 ===
[2026-09-24 03:55:37] 開始登入：jenny@lemonclean.com.tw
[2026-09-24 03:55:38] 登入成功：jenny@lemonclean.com.tw
[2026-09-24 03:55:38] 開始下載：month=2026-09 / filename=20260924排班統計表-台北.xlsx
[2026-09-24 03:55:40] ✅ 已下載到暫存：/tmp/tmpujp3vzf_/20260924排班統計表-台北.xlsx
[2026-09-24 03:55:40] 📦 檔案大小：17920 bytes
[2026-09-24 03:55:40] 📂 暫存目錄存在：True
[2026-09-24 03:55:40] 📄 暫存檔案存在：True
[2026-09-24 03:55:40] 目前不是 Jenny 本機環境，略過本機存檔
[2026-09-24 03:55:40] Google Drive 初始化成功
[2026-09-24 03:55:40] 準備上傳到 Google Drive：20260924排班統計表-台北.xlsx
[2026-09-24 03:55:41] ☁️ 已上傳新檔：20260924排班統計表-台北.xlsx (file_id=1leNcRkYZCKWrvQW2jRB4owigTipZL2Xm) https://docs.google.com/spreadsheets/d/1leNcRkYZCKWrvQW2jRB4owigTipZL2Xm/edit?usp=drivesdk&ouid=101667783075862487943&rtpof=true&sd=true
[2026-09-24 03:55:41] ✅ 完成處理：20260924排班統計表-台北.xlsx
[2026-09-24 03:55:41] 開始下載：month=2026-10 / filename=20261024排班統計表-台北.xlsx
[2026-09-24 03:55:42] ✅ 已下載到暫存：/tmp/tmp3htshzly/20261024排班統計表-台北.xlsx
[2026-09-24 03:55:42] 📦 檔案大小：15360 bytes
[2026-09-24 03:55:42] 📂 暫存目錄存在：True
[2026-09-24 03:55:42] 📄 暫存檔案存在：True
[2026-09-24 03:55:42] 目前不是 Jenny 本機環境，略過本機存檔
[2026-09-24 03:55:42] Google Drive 初始化成功
[2026-09-24 03:55:42] 準備上傳到 Google Drive：20261024排班統計表-台北.xlsx
[2026-09-24 03:55:43] ☁️ 已上傳新檔：20261024排班統計表-台北.xlsx (file_id=1OEmKBaJkVP9GizMi4LizjBcuuEslbY2q) https://docs.google.com/spreadsheets/d/1OEmKBaJkVP9GizMi4LizjBcuuEslbY2q/edit?usp=drivesdk&ouid=101667783075862487943&rtpof=true&sd=true
[2026-09-24 03:55:43] ✅ 完成處理：20261024排班統計表-台北.xlsx
[2026-09-24 03:55:43] ✅ 台北 全部完成
[2026-09-24 03:55:43] 
[2026-09-24 03:55:43] === 開始處理 台中 ===
[2026-09-24 03:55:43] 開始登入：jenny.tc@lemonclean.com.tw
[2026-09-24 03:55:45] 登入成功：jenny.tc@lemonclean.com.tw
[2026-09-24 03:55:45] 開始下載：month=2026-09 / filename=20260924排班統計表-台中.xlsx
[2026-09-24 03:55:45] ✅ 已下載到暫存：/tmp/tmpx93haj_v/20260924排班統計表-台中.xlsx
[2026-09-24 03:55:45] 📦 檔案大小：6144 bytes
[2026-09-24 03:55:45] 📂 暫存目錄存在：True
[2026-09-24 03:55:45] 📄 暫存檔案存在：True
[2026-09-24 03:55:45] 目前不是 Jenny 本機環境，略過本機存檔
[2026-09-24 03:55:45] Google Drive 初始化成功
[2026-09-24 03:55:45] 準備上傳到 Google Drive：20260924排班統計表-台中.xlsx
[2026-09-24 03:55:47] ☁️ 已上傳新檔：20260924排班統計表-台中.xlsx (file_id=1E1Z51wYpRxdeE8MGZKkXwbGWeSt6XqpY) https://docs.google.com/spreadsheets/d/1E1Z51wYpRxdeE8MGZKkXwbGWeSt6XqpY/edit?usp=drivesdk&ouid=101667783075862487943&rtpof=true&sd=true
[2026-09-24 03:55:47] ✅ 完成處理：20260924排班統計表-台中.xlsx
[2026-09-24 03:55:47] 開始下載：month=2026-10 / filename=20261024排班統計表-台中.xlsx
[2026-09-24 03:55:47] ✅ 已下載到暫存：/tmp/tmp222sonew/20261024排班統計表-台中.xlsx
[2026-09-24 03:55:47] 📦 檔案大小：5632 bytes
[2026-09-24 03:55:47] 📂 暫存目錄存在：True
[2026-09-24 03:55:47] 📄 暫存檔案存在：True
[2026-09-24 03:55:47] 目前不是 Jenny 本機環境，略過本機存檔
[2026-09-24 03:55:47] Google Drive 初始化成功
[2026-09-24 03:55:47] 準備上傳到 Google Drive：20261024排班統計表-台中.xlsx
[2026-09-24 03:55:48] ☁️ 已上傳新檔：20261024排班統計表-台中.xlsx (file_id=1RN5D1oPkkTOCSllVLAOHVTO5cWdKCXTu) https://docs.google.com/spreadsheets/d/1RN5D1oPkkTOCSllVLAOHVTO5cWdKCXTu/edit?usp=drivesdk&ouid=101667783075862487943&rtpof=true&sd=true
[2026-09-24 03:55:48] ✅ 完成處理：20261024排班統計表-台中.xlsx
[2026-09-24 03:55:48] ✅ 台中 全部完成
[2026-09-24 03:55:48] 🎉 schedule_report.py 全部完成

完成執行：排班統計表
scheduled_daily scheduler 全部完成
