開始執行：專員班表
⚠️ 一鍵日排程 secrets TOML 注入失敗：No secrets found. Valid paths for a secrets.toml file or secret directories are: /home/runner/.streamlit/secrets.toml, /home/runner/work/tool-system/tool-system/.streamlit/secrets.toml
⚠️ 一鍵日排程 secrets env 注入失敗：No secrets found. Valid paths for a secrets.toml file or secret directories are: /home/runner/.streamlit/secrets.toml, /home/runner/work/tool-system/tool-system/.streamlit/secrets.toml
OAuth env ready = True
OAuth bootstrap forced = True
Command: Python bootstrap -> /home/runner/work/tool-system/tool-system/tools/scheduled_daily/staff_schedule.py
[2026-09-24 04:15:39] ====================================================
[2026-09-24 04:15:39] staff_schedule.py 開始執行
[2026-09-24 04:15:39] GITHUB_ACTIONS = true
[2026-09-24 04:15:39] PWD = /home/runner/work/tool-system/tool-system
[2026-09-24 04:15:39] LOCAL_OUTPUT_DIR = /Users/jenny/Library/CloudStorage/GoogleDrive-jenny@lemonclean.com.tw/我的雲端硬碟/lemon_Jenny/Jenny@lemon程式/專員班表
[2026-09-24 04:15:39] LOCAL_OUTPUT_DIR exists = False
[2026-09-24 04:15:39] can_use_local_output_dir = False
[2026-09-24 04:15:39] root folder_id = 11O6eKHQ1e3Irqps7Kq1XJOSVVge3pCAc
[2026-09-24 04:15:39] ====================================================
[2026-09-24 04:15:39] Google Drive 初始化成功
[2026-09-24 04:15:39] 📁 使用既有資料夾：專員班表
[2026-09-24 04:15:39] this_month = 2026-09
[2026-09-24 04:15:39] next_month = 2026-10
[2026-09-24 04:15:39] this_date = 20260924
[2026-09-24 04:15:39] next_date = 20261024
[2026-09-24 04:15:39] 專員班表 folder_id = 1V2AUNsT_jzQWawmnBNU_u-e7odYviwEk
[2026-09-24 04:15:39] 帳號數量 = 2
[2026-09-24 04:15:39] 
[2026-09-24 04:15:39] === 開始處理 台北 ===
[2026-09-24 04:15:39] 開始登入：jenny@lemonclean.com.tw
[2026-09-24 04:15:42] 登入成功：jenny@lemonclean.com.tw
[2026-09-24 04:15:42] 開始下載：city=台北 / month=2026-09 / filename=20260924專員班表-台北.xls
[2026-09-24 04:15:45] ✅ 已下載到暫存：/tmp/tmpimmob_wx/20260924專員班表-台北.xls
[2026-09-24 04:15:45] 📦 檔案大小：141824 bytes
[2026-09-24 04:15:45] 📂 暫存目錄存在：True
[2026-09-24 04:15:45] 📄 暫存檔案存在：True
[2026-09-24 04:15:45] 目前不是 Jenny 本機環境，略過本機存檔
[2026-09-24 04:15:45] Google Drive 初始化成功
[2026-09-24 04:15:45] 準備上傳到 Google Drive：20260924專員班表-台北.xls
[2026-09-24 04:15:48] ☁️ 已上傳新檔：20260924專員班表-台北.xls (file_id=1bBI01BY5SoTf72h3fdrufSTPYQuoFf7h) https://docs.google.com/spreadsheets/d/1bBI01BY5SoTf72h3fdrufSTPYQuoFf7h/edit?usp=drivesdk&ouid=101667783075862487943&rtpof=true&sd=true
[2026-09-24 04:15:48] ✅ 完成處理：20260924專員班表-台北.xls
[2026-09-24 04:15:48] 開始下載：city=台北 / month=2026-10 / filename=20261024專員班表-台北.xls
[2026-09-24 04:15:52] ✅ 已下載到暫存：/tmp/tmpo9zmxs7c/20261024專員班表-台北.xls
[2026-09-24 04:15:52] 📦 檔案大小：110080 bytes
[2026-09-24 04:15:52] 📂 暫存目錄存在：True
[2026-09-24 04:15:52] 📄 暫存檔案存在：True
[2026-09-24 04:15:52] 目前不是 Jenny 本機環境，略過本機存檔
[2026-09-24 04:15:52] Google Drive 初始化成功
[2026-09-24 04:15:52] 準備上傳到 Google Drive：20261024專員班表-台北.xls
[2026-09-24 04:15:55] ☁️ 已上傳新檔：20261024專員班表-台北.xls (file_id=1LgI-slq7cFRrAsx3I2oIn82L6Qm8wYAk) https://docs.google.com/spreadsheets/d/1LgI-slq7cFRrAsx3I2oIn82L6Qm8wYAk/edit?usp=drivesdk&ouid=101667783075862487943&rtpof=true&sd=true
[2026-09-24 04:15:55] ✅ 完成處理：20261024專員班表-台北.xls
[2026-09-24 04:15:55] ✅ 台北 全部完成
[2026-09-24 04:15:55] 
[2026-09-24 04:15:55] === 開始處理 台中 ===
[2026-09-24 04:15:55] 開始登入：jenny.tc@lemonclean.com.tw
[2026-09-24 04:15:56] 登入成功：jenny.tc@lemonclean.com.tw
[2026-09-24 04:15:56] 開始下載：city=台中 / month=2026-09 / filename=20260924專員班表-台中.xls
[2026-09-24 04:15:57] ✅ 已下載到暫存：/tmp/tmpv4omtz6r/20260924專員班表-台中.xls
[2026-09-24 04:15:57] 📦 檔案大小：23040 bytes
[2026-09-24 04:15:57] 📂 暫存目錄存在：True
[2026-09-24 04:15:57] 📄 暫存檔案存在：True
[2026-09-24 04:15:57] 目前不是 Jenny 本機環境，略過本機存檔
[2026-09-24 04:15:57] Google Drive 初始化成功
[2026-09-24 04:15:57] 準備上傳到 Google Drive：20260924專員班表-台中.xls
[2026-09-24 04:16:00] ☁️ 已上傳新檔：20260924專員班表-台中.xls (file_id=1nA3h3lX5IW1wBiB7g44eFg9PR4ovAoa_) https://docs.google.com/spreadsheets/d/1nA3h3lX5IW1wBiB7g44eFg9PR4ovAoa_/edit?usp=drivesdk&ouid=101667783075862487943&rtpof=true&sd=true
[2026-09-24 04:16:00] ✅ 完成處理：20260924專員班表-台中.xls
[2026-09-24 04:16:00] 開始下載：city=台中 / month=2026-10 / filename=20261024專員班表-台中.xls
[2026-09-24 04:16:01] ✅ 已下載到暫存：/tmp/tmpxtd8gus9/20261024專員班表-台中.xls
[2026-09-24 04:16:01] 📦 檔案大小：24064 bytes
[2026-09-24 04:16:01] 📂 暫存目錄存在：True
[2026-09-24 04:16:01] 📄 暫存檔案存在：True
[2026-09-24 04:16:01] 目前不是 Jenny 本機環境，略過本機存檔
[2026-09-24 04:16:01] Google Drive 初始化成功
[2026-09-24 04:16:01] 準備上傳到 Google Drive：20261024專員班表-台中.xls
[2026-09-24 04:16:04] ☁️ 已上傳新檔：20261024專員班表-台中.xls (file_id=1j98gfhekNZI1A_z6uLQMulZijvDHGZ0c) https://docs.google.com/spreadsheets/d/1j98gfhekNZI1A_z6uLQMulZijvDHGZ0c/edit?usp=drivesdk&ouid=101667783075862487943&rtpof=true&sd=true
[2026-09-24 04:16:04] ✅ 完成處理：20261024專員班表-台中.xls
[2026-09-24 04:16:04] ✅ 台中 全部完成
[2026-09-24 04:16:04] 🎉 staff_schedule.py 全部完成

完成執行：專員班表
scheduled_daily scheduler 全部完成
