[config] spreadsheet_id='1nNAXy6rvBnGR8ACnqKKzKNA4-UwZtZp47i806EPmR_8'
2026-07-28 22:56:00 [INFO] 目標試算表 ID 來源：主控試算表系統設定
2026-07-28 22:56:00 [INFO] === 客服排程系統 run_id=028d253b step=3 台北時間=2026-07-29 06:56:00 ===
2026-07-28 22:56:01 [INFO] file_cache is only supported with oauth2client<4.0.0
2026-07-28 22:56:08 [INFO] --- Step3_更新前一天營業分數及營業額 ---
2026-07-28 22:56:11 [INFO]   [mail] Gmail 登入帳號：jenny@lemonclean.com.tw
2026-07-28 22:56:12 [INFO]   [mail] 使用信箱：[Gmail]/&UWiQ6JD1TvY-
2026-07-28 22:56:12 [INFO]   [mail] X-GM-RAW：subject:"近三日營業額-台北" after:2026/07/28 before:2026/07/29
2026-07-28 22:56:12 [WARNING]   [mail] X-GM-RAW 搜尋失敗，改用日期搜尋：UID command error: BAD [b'Could not parse command']
2026-07-28 22:56:12 [INFO]   [mail] 日期搜尋 28-Jul-2026 找到 UID：40
2026-07-28 22:56:35 [INFO]   [mail] text/plain 為空，fallback 到 text/html（3170 字元）
2026-07-28 22:56:35 [INFO]   [mail] 候選：UID=159702 / 2026-07-28 17:25:05 / exact / 與17:25差5秒 / '近三日營業額-台北'
2026-07-28 22:56:38 [INFO]   近三日營業額-台北 → 選中 17:25:05（exact，與17:25差5秒，UID=159702）
2026-07-28 22:56:39 [INFO]   [debug] 行57 repr='2026-07-26：2分'
2026-07-28 22:56:39 [INFO]   [debug] 行58 repr='2026-07-27：44分'
2026-07-28 22:56:39 [INFO]   [debug] 行59 repr='2026-07-28：36分'
2026-07-28 22:56:39 [INFO]   [debug] 行60 repr='【家電清潔】日營業額'
2026-07-28 22:56:39 [INFO]   [debug] 行61 repr='2026-07-26：0分'
2026-07-28 22:56:39 [INFO]   [debug] 行62 repr='2026-07-27：0分'
2026-07-28 22:56:39 [INFO]   [debug] 行63 repr='2026-07-28：0分'
2026-07-28 22:56:39 [INFO]   [debug] 行64 repr='【儲值金】日營業額'
2026-07-28 22:56:40 [INFO]   [mail] Gmail 登入帳號：jenny@lemonclean.com.tw
2026-07-28 22:56:40 [INFO]   [mail] 使用信箱：[Gmail]/&UWiQ6JD1TvY-
2026-07-28 22:56:40 [INFO]   [mail] X-GM-RAW：subject:"近三日營業額-台中" after:2026/07/28 before:2026/07/29
2026-07-28 22:56:40 [WARNING]   [mail] X-GM-RAW 搜尋失敗，改用日期搜尋：UID command error: BAD [b'Could not parse command']
2026-07-28 22:56:41 [INFO]   [mail] 日期搜尋 28-Jul-2026 找到 UID：40
2026-07-28 22:57:02 [INFO]   [mail] text/plain 為空，fallback 到 text/html（1137 字元）
2026-07-28 22:57:02 [INFO]   [mail] 候選：UID=159705 / 2026-07-28 17:25:08 / exact / 與17:25差8秒 / '近三日營業額-台中'
2026-07-28 22:57:04 [INFO]   近三日營業額-台中 → 選中 17:25:08（exact，與17:25差8秒，UID=159705）
2026-07-28 22:57:05 [INFO]   [debug] 行25 repr='2026-07-26：1分'
2026-07-28 22:57:05 [INFO]   [debug] 行26 repr='2026-07-27：0分'
2026-07-28 22:57:05 [INFO]   [debug] 行27 repr='2026-07-28：3分'
2026-07-28 22:57:05 [INFO]   [debug] 行28 repr='【家電清潔】日營業額'
2026-07-28 22:57:05 [INFO]   [debug] 行29 repr='2026-07-26：0分'
2026-07-28 22:57:05 [INFO]   [debug] 行30 repr='2026-07-27：0分'
2026-07-28 22:57:05 [INFO]   [debug] 行31 repr='2026-07-28：0分'
2026-07-28 22:57:05 [INFO]   [debug] 行32 repr='【儲值金】日營業額'
2026-07-28 22:57:05 [INFO]   台北：{'daily_value': 36, 'total_count': 1415, 'total_amount': 2829550}
2026-07-28 22:57:05 [INFO]   台中：{'daily_value': 3, 'total_count': 98, 'total_amount': 195900}
2026-07-28 22:57:06 [INFO] Step 3 完成，row=2355（57.0s）
2026-07-28 22:57:07 [INFO] === 全部完成 run_id=028d253b（57.9s）===
