[config] spreadsheet_id='1nNAXy6rvBnGR8ACnqKKzKNA4-UwZtZp47i806EPmR_8'
2026-07-28 22:55:06 [INFO] 目標試算表 ID 來源：主控試算表系統設定
2026-07-28 22:55:06 [INFO] === 客服排程系統 run_id=b13b2b38 step=1 台北時間=2026-07-29 06:55:01 ===
2026-07-28 22:55:06 [INFO] file_cache is only supported with oauth2client<4.0.0
2026-07-28 22:55:16 [INFO] --- Step1_更新排班統計表 ---
2026-07-28 22:55:18 [INFO] file_cache is only supported with oauth2client<4.0.0
2026-07-28 22:55:18 [INFO] Drive 資料夾找到 100 個檔案
2026-07-28 22:55:18 [INFO]   找到檔案：排班統計表20260829-台中.xlsx_temp_1785275621 (application/vnd.google-apps.spreadsheet)
2026-07-28 22:55:18 [INFO]   找到檔案：排班統計表20260729-台中.xlsx_temp_1785275610 (application/vnd.google-apps.spreadsheet)
2026-07-28 22:55:18 [INFO]   找到檔案：排班統計表20260829-台北.xlsx_temp_1785275600 (application/vnd.google-apps.spreadsheet)
2026-07-28 22:55:18 [INFO]   找到檔案：排班統計表20260729-台北.xlsx_temp_1785275577 (application/vnd.google-apps.spreadsheet)
2026-07-28 22:55:18 [INFO]   找到檔案：排班統計表20260829-台中.xlsx (application/vnd.openxmlformats-officedocument.spreadsheetml.sheet)
2026-07-28 22:55:18 [INFO]   找到檔案：排班統計表20260729-台中.xlsx (application/vnd.openxmlformats-officedocument.spreadsheetml.sheet)
2026-07-28 22:55:18 [INFO]   找到檔案：排班統計表20260829-台北.xlsx (application/vnd.openxmlformats-officedocument.spreadsheetml.sheet)
2026-07-28 22:55:18 [INFO]   找到檔案：排班統計表20260729-台北.xlsx (application/vnd.openxmlformats-officedocument.spreadsheetml.sheet)
2026-07-28 22:55:18 [INFO]   找到檔案：排班統計表20260828-台中 (application/vnd.google-apps.spreadsheet)
2026-07-28 22:55:18 [INFO]   找到檔案：排班統計表20260728-台中 (application/vnd.google-apps.spreadsheet)
2026-07-28 22:55:18 [INFO]   找到檔案：排班統計表20260828-台北 (application/vnd.google-apps.spreadsheet)
2026-07-28 22:55:18 [INFO]   找到檔案：排班統計表20260728-台北 (application/vnd.google-apps.spreadsheet)
2026-07-28 22:55:18 [INFO]   找到檔案：排班統計表20260828-台中.xlsx_temp_1785189318 (application/vnd.google-apps.spreadsheet)
2026-07-28 22:55:18 [INFO]   找到檔案：排班統計表20260728-台中.xlsx_temp_1785189311 (application/vnd.google-apps.spreadsheet)
2026-07-28 22:55:18 [INFO]   找到檔案：排班統計表20260828-台北.xlsx_temp_1785189298 (application/vnd.google-apps.spreadsheet)
2026-07-28 22:55:18 [INFO]   找到檔案：排班統計表20260728-台北.xlsx_temp_1785189279 (application/vnd.google-apps.spreadsheet)
2026-07-28 22:55:18 [INFO]   找到檔案：排班統計表20260828-台中.xlsx (application/vnd.openxmlformats-officedocument.spreadsheetml.sheet)
2026-07-28 22:55:18 [INFO]   找到檔案：排班統計表20260728-台中.xlsx (application/vnd.openxmlformats-officedocument.spreadsheetml.sheet)
2026-07-28 22:55:18 [INFO]   找到檔案：排班統計表20260828-台北.xlsx (application/vnd.openxmlformats-officedocument.spreadsheetml.sheet)
2026-07-28 22:55:18 [INFO]   找到檔案：排班統計表20260728-台北.xlsx (application/vnd.openxmlformats-officedocument.spreadsheetml.sheet)
2026-07-28 22:55:18 [INFO]   找到檔案：排班統計表20260827-台中 (application/vnd.google-apps.spreadsheet)
2026-07-28 22:55:18 [INFO]   找到檔案：排班統計表20260727-台中 (application/vnd.google-apps.spreadsheet)
2026-07-28 22:55:18 [INFO]   找到檔案：排班統計表20260827-台北 (application/vnd.google-apps.spreadsheet)
2026-07-28 22:55:18 [INFO]   找到檔案：排班統計表20260727-台北 (application/vnd.google-apps.spreadsheet)
2026-07-28 22:55:18 [INFO]   找到檔案：排班統計表20260827-台中.xlsx_temp_1785102333 (application/vnd.google-apps.spreadsheet)
2026-07-28 22:55:18 [INFO]   找到檔案：排班統計表20260727-台中.xlsx_temp_1785102323 (application/vnd.google-apps.spreadsheet)
2026-07-28 22:55:18 [INFO]   找到檔案：排班統計表20260827-台北.xlsx_temp_1785102315 (application/vnd.google-apps.spreadsheet)
2026-07-28 22:55:18 [INFO]   找到檔案：排班統計表20260727-台北.xlsx_temp_1785102294 (application/vnd.google-apps.spreadsheet)
2026-07-28 22:55:18 [INFO]   找到檔案：排班統計表20260827-台中.xlsx (application/vnd.openxmlformats-officedocument.spreadsheetml.sheet)
2026-07-28 22:55:18 [INFO]   找到檔案：排班統計表20260727-台中.xlsx (application/vnd.openxmlformats-officedocument.spreadsheetml.sheet)
2026-07-28 22:55:18 [INFO]   找到檔案：排班統計表20260827-台北.xlsx (application/vnd.openxmlformats-officedocument.spreadsheetml.sheet)
2026-07-28 22:55:18 [INFO]   找到檔案：排班統計表20260727-台北.xlsx (application/vnd.openxmlformats-officedocument.spreadsheetml.sheet)
2026-07-28 22:55:18 [INFO]   找到檔案：排班統計表20260826-台中 (application/vnd.google-apps.spreadsheet)
2026-07-28 22:55:18 [INFO]   找到檔案：排班統計表20260726-台中 (application/vnd.google-apps.spreadsheet)
2026-07-28 22:55:18 [INFO]   找到檔案：排班統計表20260826-台北 (application/vnd.google-apps.spreadsheet)
2026-07-28 22:55:18 [INFO]   找到檔案：排班統計表20260726-台北 (application/vnd.google-apps.spreadsheet)
2026-07-28 22:55:18 [INFO]   找到檔案：排班統計表20260826-台中.xlsx_temp_1785015702 (application/vnd.google-apps.spreadsheet)
2026-07-28 22:55:18 [INFO]   找到檔案：排班統計表20260726-台中.xlsx_temp_1785015695 (application/vnd.google-apps.spreadsheet)
2026-07-28 22:55:18 [INFO]   找到檔案：排班統計表20260826-台北.xlsx_temp_1785015686 (application/vnd.google-apps.spreadsheet)
2026-07-28 22:55:18 [INFO]   找到檔案：排班統計表20260726-台北.xlsx_temp_1785015676 (application/vnd.google-apps.spreadsheet)
2026-07-28 22:55:18 [INFO]   找到檔案：排班統計表20260826-台中.xlsx (application/vnd.openxmlformats-officedocument.spreadsheetml.sheet)
2026-07-28 22:55:18 [INFO]   找到檔案：排班統計表20260726-台中.xlsx (application/vnd.openxmlformats-officedocument.spreadsheetml.sheet)
2026-07-28 22:55:18 [INFO]   找到檔案：排班統計表20260826-台北.xlsx (application/vnd.openxmlformats-officedocument.spreadsheetml.sheet)
2026-07-28 22:55:18 [INFO]   找到檔案：排班統計表20260726-台北.xlsx (application/vnd.openxmlformats-officedocument.spreadsheetml.sheet)
2026-07-28 22:55:18 [INFO]   找到檔案：排班統計表20260825-台中 (application/vnd.google-apps.spreadsheet)
2026-07-28 22:55:18 [INFO]   找到檔案：排班統計表20260725-台中 (application/vnd.google-apps.spreadsheet)
2026-07-28 22:55:18 [INFO]   找到檔案：排班統計表20260825-台北 (application/vnd.google-apps.spreadsheet)
2026-07-28 22:55:18 [INFO]   找到檔案：排班統計表20260725-台北 (application/vnd.google-apps.spreadsheet)
2026-07-28 22:55:18 [INFO]   找到檔案：排班統計表20260825-台中.xlsx_temp_1784929915 (application/vnd.google-apps.spreadsheet)
2026-07-28 22:55:18 [INFO]   找到檔案：排班統計表20260725-台中.xlsx_temp_1784929907 (application/vnd.google-apps.spreadsheet)
2026-07-28 22:55:18 [INFO]   找到檔案：排班統計表20260825-台北.xlsx_temp_1784929899 (application/vnd.google-apps.spreadsheet)
2026-07-28 22:55:18 [INFO]   找到檔案：排班統計表20260725-台北.xlsx_temp_1784929890 (application/vnd.google-apps.spreadsheet)
2026-07-28 22:55:18 [INFO]   找到檔案：排班統計表20260825-台中.xlsx (application/vnd.openxmlformats-officedocument.spreadsheetml.sheet)
2026-07-28 22:55:18 [INFO]   找到檔案：排班統計表20260725-台中.xlsx (application/vnd.openxmlformats-officedocument.spreadsheetml.sheet)
2026-07-28 22:55:18 [INFO]   找到檔案：排班統計表20260825-台北.xlsx (application/vnd.openxmlformats-officedocument.spreadsheetml.sheet)
2026-07-28 22:55:18 [INFO]   找到檔案：排班統計表20260725-台北.xlsx (application/vnd.openxmlformats-officedocument.spreadsheetml.sheet)
2026-07-28 22:55:18 [INFO]   找到檔案：排班統計表20260824-台中 (application/vnd.google-apps.spreadsheet)
2026-07-28 22:55:18 [INFO]   找到檔案：排班統計表20260724-台中 (application/vnd.google-apps.spreadsheet)
2026-07-28 22:55:18 [INFO]   找到檔案：排班統計表20260824-台北 (application/vnd.google-apps.spreadsheet)
2026-07-28 22:55:18 [INFO]   找到檔案：排班統計表20260724-台北 (application/vnd.google-apps.spreadsheet)
2026-07-28 22:55:18 [INFO]   找到檔案：排班統計表20260824-台中.xlsx_temp_1784843599 (application/vnd.google-apps.spreadsheet)
2026-07-28 22:55:18 [INFO]   找到檔案：排班統計表20260724-台中.xlsx_temp_1784843591 (application/vnd.google-apps.spreadsheet)
2026-07-28 22:55:18 [INFO]   找到檔案：排班統計表20260824-台北.xlsx_temp_1784843583 (application/vnd.google-apps.spreadsheet)
2026-07-28 22:55:18 [INFO]   找到檔案：排班統計表20260724-台北.xlsx_temp_1784843574 (application/vnd.google-apps.spreadsheet)
2026-07-28 22:55:18 [INFO]   找到檔案：排班統計表20260824-台中.xlsx (application/vnd.openxmlformats-officedocument.spreadsheetml.sheet)
2026-07-28 22:55:18 [INFO]   找到檔案：排班統計表20260724-台中.xlsx (application/vnd.openxmlformats-officedocument.spreadsheetml.sheet)
2026-07-28 22:55:18 [INFO]   找到檔案：排班統計表20260824-台北.xlsx (application/vnd.openxmlformats-officedocument.spreadsheetml.sheet)
2026-07-28 22:55:18 [INFO]   找到檔案：排班統計表20260724-台北.xlsx (application/vnd.openxmlformats-officedocument.spreadsheetml.sheet)
2026-07-28 22:55:18 [INFO]   找到檔案：排班統計表20260823-台中 (application/vnd.google-apps.spreadsheet)
2026-07-28 22:55:18 [INFO]   找到檔案：排班統計表20260723-台中 (application/vnd.google-apps.spreadsheet)
2026-07-28 22:55:18 [INFO]   找到檔案：排班統計表20260823-台北 (application/vnd.google-apps.spreadsheet)
2026-07-28 22:55:18 [INFO]   找到檔案：排班統計表20260723-台北 (application/vnd.google-apps.spreadsheet)
2026-07-28 22:55:18 [INFO]   找到檔案：排班統計表20260823-台中.xlsx_temp_1784757287 (application/vnd.google-apps.spreadsheet)
2026-07-28 22:55:18 [INFO]   找到檔案：排班統計表20260723-台中.xlsx_temp_1784757279 (application/vnd.google-apps.spreadsheet)
2026-07-28 22:55:18 [INFO]   找到檔案：排班統計表20260823-台北.xlsx_temp_1784757270 (application/vnd.google-apps.spreadsheet)
2026-07-28 22:55:18 [INFO]   找到檔案：排班統計表20260723-台北.xlsx_temp_1784757249 (application/vnd.google-apps.spreadsheet)
2026-07-28 22:55:18 [INFO]   找到檔案：排班統計表20260823-台中.xlsx (application/vnd.openxmlformats-officedocument.spreadsheetml.sheet)
2026-07-28 22:55:18 [INFO]   找到檔案：排班統計表20260723-台中.xlsx (application/vnd.openxmlformats-officedocument.spreadsheetml.sheet)
2026-07-28 22:55:18 [INFO]   找到檔案：排班統計表20260823-台北.xlsx (application/vnd.openxmlformats-officedocument.spreadsheetml.sheet)
2026-07-28 22:55:18 [INFO]   找到檔案：排班統計表20260723-台北.xlsx (application/vnd.openxmlformats-officedocument.spreadsheetml.sheet)
2026-07-28 22:55:18 [INFO]   找到檔案：排班統計表20260822-台中 (application/vnd.google-apps.spreadsheet)
2026-07-28 22:55:18 [INFO]   找到檔案：排班統計表20260722-台中 (application/vnd.google-apps.spreadsheet)
2026-07-28 22:55:18 [INFO]   找到檔案：排班統計表20260822-台北 (application/vnd.google-apps.spreadsheet)
2026-07-28 22:55:18 [INFO]   找到檔案：排班統計表20260722-台北 (application/vnd.google-apps.spreadsheet)
2026-07-28 22:55:18 [INFO]   找到檔案：排班統計表20260822-台中.xlsx_temp_1784670682 (application/vnd.google-apps.spreadsheet)
2026-07-28 22:55:18 [INFO]   找到檔案：排班統計表20260722-台中.xlsx_temp_1784670672 (application/vnd.google-apps.spreadsheet)
2026-07-28 22:55:18 [INFO]   找到檔案：排班統計表20260822-台北.xlsx_temp_1784670663 (application/vnd.google-apps.spreadsheet)
2026-07-28 22:55:18 [INFO]   找到檔案：排班統計表20260722-台北.xlsx_temp_1784670641 (application/vnd.google-apps.spreadsheet)
2026-07-28 22:55:18 [INFO]   找到檔案：排班統計表20260822-台中.xlsx (application/vnd.openxmlformats-officedocument.spreadsheetml.sheet)
2026-07-28 22:55:18 [INFO]   找到檔案：排班統計表20260722-台中.xlsx (application/vnd.openxmlformats-officedocument.spreadsheetml.sheet)
2026-07-28 22:55:18 [INFO]   找到檔案：排班統計表20260822-台北.xlsx (application/vnd.openxmlformats-officedocument.spreadsheetml.sheet)
2026-07-28 22:55:18 [INFO]   找到檔案：排班統計表20260722-台北.xlsx (application/vnd.openxmlformats-officedocument.spreadsheetml.sheet)
2026-07-28 22:55:18 [INFO]   找到檔案：排班統計表20260821-台中 (application/vnd.google-apps.spreadsheet)
2026-07-28 22:55:18 [INFO]   找到檔案：排班統計表20260721-台中 (application/vnd.google-apps.spreadsheet)
2026-07-28 22:55:18 [INFO]   找到檔案：排班統計表20260821-台北 (application/vnd.google-apps.spreadsheet)
2026-07-28 22:55:18 [INFO]   找到檔案：排班統計表20260721-台北 (application/vnd.google-apps.spreadsheet)
2026-07-28 22:55:18 [INFO]   找到檔案：排班統計表20260821-台中.xlsx_temp_1784584454 (application/vnd.google-apps.spreadsheet)
2026-07-28 22:55:18 [INFO]   找到檔案：排班統計表20260721-台中.xlsx_temp_1784584445 (application/vnd.google-apps.spreadsheet)
2026-07-28 22:55:18 [INFO]   找到檔案：排班統計表20260821-台北.xlsx_temp_1784584437 (application/vnd.google-apps.spreadsheet)
2026-07-28 22:55:18 [INFO]   找到檔案：排班統計表20260721-台北.xlsx_temp_1784584427 (application/vnd.google-apps.spreadsheet)
2026-07-28 22:55:18 [INFO] 排班檔確認 OK：{'taipei_current': '排班統計表20260729-台北.xlsx', 'taipei_next': '排班統計表20260829-台北.xlsx', 'taichung_current': '排班統計表20260729-台中.xlsx', 'taichung_next': '排班統計表20260829-台中.xlsx'}
2026-07-28 22:55:19 [INFO]   匯入：排班統計表20260729-台北.xlsx
2026-07-28 22:55:19 [INFO]   xlsx → Google Sheets：排班統計表20260729-台北
2026-07-28 22:55:20 [INFO] file_cache is only supported with oauth2client<4.0.0
2026-07-28 22:55:24 [INFO]   轉換完成，新 Google Sheets ID：1GkEdfqUPDLogqxANzgKYagX5lAzr9ybxaQYHTWDu1Js
2026-07-28 22:55:26 [INFO]   → 寫入 93 列（起始 R3C7）
2026-07-28 22:55:26 [INFO]   匯入：排班統計表20260829-台北.xlsx
2026-07-28 22:55:26 [INFO]   xlsx → Google Sheets：排班統計表20260829-台北
2026-07-28 22:55:26 [INFO] file_cache is only supported with oauth2client<4.0.0
2026-07-28 22:55:31 [INFO]   轉換完成，新 Google Sheets ID：1UlFEqU_SdYdtLj2ST_MWQ5bW2l9cjdytIlxS5GSA9G8
2026-07-28 22:55:32 [INFO]   → 寫入 64 列（起始 R3C22）
2026-07-28 22:55:32 [INFO]   匯入：排班統計表20260729-台中.xlsx
2026-07-28 22:55:32 [INFO]   xlsx → Google Sheets：排班統計表20260729-台中
2026-07-28 22:55:32 [INFO] file_cache is only supported with oauth2client<4.0.0
2026-07-28 22:55:36 [INFO]   轉換完成，新 Google Sheets ID：1ZMtRc5siJK8iJnRLNz9FkyT3NTSM52ZZSsD0rsb16_o
2026-07-28 22:55:38 [INFO]   → 寫入 19 列（起始 R3C82）
2026-07-28 22:55:38 [INFO]   匯入：排班統計表20260829-台中.xlsx
2026-07-28 22:55:38 [INFO]   xlsx → Google Sheets：排班統計表20260829-台中
2026-07-28 22:55:38 [INFO] file_cache is only supported with oauth2client<4.0.0
2026-07-28 22:55:42 [INFO]   轉換完成，新 Google Sheets ID：1xiho0yjR-pdTUnGaeB46EbgkeNcckymTr1oXKmGRsWU
2026-07-28 22:55:43 [INFO]   → 寫入 13 列（起始 R3C97）
2026-07-28 22:55:44 [INFO] Step 1 完成（27.5s）
2026-07-28 22:55:45 [INFO] === 全部完成 run_id=b13b2b38（28.4s）===
