開始執行：排班統計表
⚠️ 一鍵日排程 secrets TOML 注入失敗：No secrets found. Valid paths for a secrets.toml file or secret directories are: /home/runner/.streamlit/secrets.toml, /home/runner/work/tool-system/tool-system/.streamlit/secrets.toml
⚠️ 一鍵日排程 secrets env 注入失敗：No secrets found. Valid paths for a secrets.toml file or secret directories are: /home/runner/.streamlit/secrets.toml, /home/runner/work/tool-system/tool-system/.streamlit/secrets.toml
OAuth env ready = True
OAuth bootstrap forced = True
Command: Python bootstrap -> /home/runner/work/tool-system/tool-system/tools/scheduled_daily/schedule_report.py
[2026-08-26 01:23:39] ====================================================
[2026-08-26 01:23:39] schedule_report.py 開始執行
[2026-08-26 01:23:39] GITHUB_ACTIONS = true
[2026-08-26 01:23:39] PWD = /home/runner/work/tool-system/tool-system
[2026-08-26 01:23:39] LOCAL_OUTPUT_DIR = /Users/jenny/Library/CloudStorage/GoogleDrive-jenny@lemonclean.com.tw/.shortcut-targets-by-id/1zbu45AG1adMzz24HPdi_tLfh2Tncw_Br/排班統計表
[2026-08-26 01:23:39] LOCAL_OUTPUT_DIR exists = False
[2026-08-26 01:23:39] can_use_local_output_dir = False
[2026-08-26 01:23:39] root folder_id = 11O6eKHQ1e3Irqps7Kq1XJOSVVge3pCAc
[2026-08-26 01:23:39] ====================================================
[2026-08-26 01:23:39] Google Drive 初始化成功
[2026-08-26 01:23:40] 📁 使用既有資料夾：排班統計表
[2026-08-26 01:23:40] this_month = 2026-08
[2026-08-26 01:23:40] next_month = 2026-09
[2026-08-26 01:23:40] today_stamp = 20260826
[2026-08-26 01:23:40] next_month_stamp = 20260926
[2026-08-26 01:23:40] 排班統計表 folder_id = 18XDXdrCSsLYwSzz1Da9pQh-jGm2h2Ed8
[2026-08-26 01:23:40] 帳號數量 = 2
[2026-08-26 01:23:40] 
[2026-08-26 01:23:40] === 開始處理 台北 ===
[2026-08-26 01:23:40] 開始登入：jenny@lemonclean.com.tw
[2026-08-26 01:23:42] 登入成功：jenny@lemonclean.com.tw
[2026-08-26 01:23:42] 開始下載：month=2026-08 / filename=20260826排班統計表-台北.xlsx
[2026-08-26 01:23:43] ✅ 已下載到暫存：/tmp/tmp5ci5q2p3/20260826排班統計表-台北.xlsx
[2026-08-26 01:23:43] 📦 檔案大小：18944 bytes
[2026-08-26 01:23:43] 📂 暫存目錄存在：True
[2026-08-26 01:23:43] 📄 暫存檔案存在：True
[2026-08-26 01:23:43] 目前不是 Jenny 本機環境，略過本機存檔
[2026-08-26 01:23:43] Google Drive 初始化成功
[2026-08-26 01:23:43] 準備上傳到 Google Drive：20260826排班統計表-台北.xlsx
[2026-08-26 01:23:46] ☁️ 已上傳新檔：20260826排班統計表-台北.xlsx (file_id=1CpZmVKGABeIFa_je3gfxULzdODj_oF3q) https://docs.google.com/spreadsheets/d/1CpZmVKGABeIFa_je3gfxULzdODj_oF3q/edit?usp=drivesdk&ouid=101667783075862487943&rtpof=true&sd=true
[2026-08-26 01:23:46] ✅ 完成處理：20260826排班統計表-台北.xlsx
[2026-08-26 01:23:46] 開始下載：month=2026-09 / filename=20260926排班統計表-台北.xlsx
[2026-08-26 01:23:47] ✅ 已下載到暫存：/tmp/tmpwwbxt1l7/20260926排班統計表-台北.xlsx
[2026-08-26 01:23:47] 📦 檔案大小：15360 bytes
[2026-08-26 01:23:47] 📂 暫存目錄存在：True
[2026-08-26 01:23:47] 📄 暫存檔案存在：True
[2026-08-26 01:23:47] 目前不是 Jenny 本機環境，略過本機存檔
[2026-08-26 01:23:47] Google Drive 初始化成功
[2026-08-26 01:23:47] 準備上傳到 Google Drive：20260926排班統計表-台北.xlsx
[2026-08-26 01:23:50] ☁️ 已上傳新檔：20260926排班統計表-台北.xlsx (file_id=1EsWN8FJDkvlW-B5bms_23480Ub7W7eHd) https://docs.google.com/spreadsheets/d/1EsWN8FJDkvlW-B5bms_23480Ub7W7eHd/edit?usp=drivesdk&ouid=101667783075862487943&rtpof=true&sd=true
[2026-08-26 01:23:50] ✅ 完成處理：20260926排班統計表-台北.xlsx
[2026-08-26 01:23:50] ✅ 台北 全部完成
[2026-08-26 01:23:50] 
[2026-08-26 01:23:50] === 開始處理 台中 ===
[2026-08-26 01:23:50] 開始登入：jenny.tc@lemonclean.com.tw
[2026-08-26 01:23:51] 登入成功：jenny.tc@lemonclean.com.tw
[2026-08-26 01:23:51] 開始下載：month=2026-08 / filename=20260826排班統計表-台中.xlsx
[2026-08-26 01:23:52] ✅ 已下載到暫存：/tmp/tmp5a95c7of/20260826排班統計表-台中.xlsx
[2026-08-26 01:23:52] 📦 檔案大小：7168 bytes
[2026-08-26 01:23:52] 📂 暫存目錄存在：True
[2026-08-26 01:23:52] 📄 暫存檔案存在：True
[2026-08-26 01:23:52] 目前不是 Jenny 本機環境，略過本機存檔
[2026-08-26 01:23:52] Google Drive 初始化成功
[2026-08-26 01:23:52] 準備上傳到 Google Drive：20260826排班統計表-台中.xlsx
[2026-08-26 01:23:55] ☁️ 已上傳新檔：20260826排班統計表-台中.xlsx (file_id=1ObVpEB-qQaMDjhhkVtz9CoH20Kfa1PQ1) https://docs.google.com/spreadsheets/d/1ObVpEB-qQaMDjhhkVtz9CoH20Kfa1PQ1/edit?usp=drivesdk&ouid=101667783075862487943&rtpof=true&sd=true
[2026-08-26 01:23:55] ✅ 完成處理：20260826排班統計表-台中.xlsx
[2026-08-26 01:23:55] 開始下載：month=2026-09 / filename=20260926排班統計表-台中.xlsx
[2026-08-26 01:23:55] ✅ 已下載到暫存：/tmp/tmpvk5wqezn/20260926排班統計表-台中.xlsx
[2026-08-26 01:23:55] 📦 檔案大小：5632 bytes
[2026-08-26 01:23:55] 📂 暫存目錄存在：True
[2026-08-26 01:23:55] 📄 暫存檔案存在：True
[2026-08-26 01:23:55] 目前不是 Jenny 本機環境，略過本機存檔
[2026-08-26 01:23:55] Google Drive 初始化成功
[2026-08-26 01:23:55] 準備上傳到 Google Drive：20260926排班統計表-台中.xlsx
[2026-08-26 01:23:58] ☁️ 已上傳新檔：20260926排班統計表-台中.xlsx (file_id=1vymy7USr5L1jls2roagJN7BRObU1za4n) https://docs.google.com/spreadsheets/d/1vymy7USr5L1jls2roagJN7BRObU1za4n/edit?usp=drivesdk&ouid=101667783075862487943&rtpof=true&sd=true
[2026-08-26 01:23:58] ✅ 完成處理：20260926排班統計表-台中.xlsx
[2026-08-26 01:23:58] ✅ 台中 全部完成
[2026-08-26 01:23:58] 🎉 schedule_report.py 全部完成

完成執行：排班統計表
scheduled_daily scheduler 全部完成
