2026-08-25 22:21:39 [INFO] === 客服排程系統 run_id=e463eed5 step=1 台北時間=2026-08-26 06:21:39 ===
2026-08-25 22:21:39 [INFO] 目標試算表 ID 來源：環境變數 SERVICE_TARGET_SPREADSHEET_ID
2026-08-25 22:21:39 [INFO] file_cache is only supported with oauth2client<4.0.0
2026-08-25 22:21:56 [INFO] --- Step1_更新排班統計表 ---
2026-08-25 22:21:57 [INFO] file_cache is only supported with oauth2client<4.0.0
2026-08-25 22:21:57 [INFO] Drive 資料夾找到 132 個檔案
2026-08-25 22:21:57 [INFO]   找到檔案：20260926排班統計表-台中.xlsx (application/vnd.openxmlformats-officedocument.spreadsheetml.sheet)
2026-08-25 22:21:57 [INFO]   找到檔案：20260826排班統計表-台中.xlsx (application/vnd.openxmlformats-officedocument.spreadsheetml.sheet)
2026-08-25 22:21:57 [INFO]   找到檔案：20260926排班統計表-台北.xlsx (application/vnd.openxmlformats-officedocument.spreadsheetml.sheet)
2026-08-25 22:21:57 [INFO]   找到檔案：20260826排班統計表-台北.xlsx (application/vnd.openxmlformats-officedocument.spreadsheetml.sheet)
2026-08-25 22:21:57 [INFO]   找到檔案：20260925排班統計表-台中 (application/vnd.google-apps.spreadsheet)
2026-08-25 22:21:57 [INFO]   找到檔案：20260925排班統計表-台北 (application/vnd.google-apps.spreadsheet)
2026-08-25 22:21:57 [INFO]   找到檔案：20260825排班統計表-台中 (application/vnd.google-apps.spreadsheet)
2026-08-25 22:21:57 [INFO]   找到檔案：20260825排班統計表-台北 (application/vnd.google-apps.spreadsheet)
2026-08-25 22:21:57 [INFO]   找到檔案：20260925排班統計表-台中.xlsx (application/vnd.openxmlformats-officedocument.spreadsheetml.sheet)
2026-08-25 22:21:57 [INFO]   找到檔案：20260825排班統計表-台中.xlsx (application/vnd.openxmlformats-officedocument.spreadsheetml.sheet)
2026-08-25 22:21:57 [INFO]   找到檔案：20260925排班統計表-台北.xlsx (application/vnd.openxmlformats-officedocument.spreadsheetml.sheet)
2026-08-25 22:21:57 [INFO]   找到檔案：20260825排班統計表-台北.xlsx (application/vnd.openxmlformats-officedocument.spreadsheetml.sheet)
2026-08-25 22:21:57 [INFO]   找到檔案：20260924排班統計表-台中 (application/vnd.google-apps.spreadsheet)
2026-08-25 22:21:57 [INFO]   找到檔案：20260924排班統計表-台北 (application/vnd.google-apps.spreadsheet)
2026-08-25 22:21:57 [INFO]   找到檔案：20260824排班統計表-台中 (application/vnd.google-apps.spreadsheet)
2026-08-25 22:21:57 [INFO]   找到檔案：20260824排班統計表-台北 (application/vnd.google-apps.spreadsheet)
2026-08-25 22:21:57 [INFO]   找到檔案：20260924排班統計表-台中.xlsx (application/vnd.openxmlformats-officedocument.spreadsheetml.sheet)
2026-08-25 22:21:57 [INFO]   找到檔案：20260824排班統計表-台中.xlsx (application/vnd.openxmlformats-officedocument.spreadsheetml.sheet)
2026-08-25 22:21:57 [INFO]   找到檔案：20260924排班統計表-台北.xlsx (application/vnd.openxmlformats-officedocument.spreadsheetml.sheet)
2026-08-25 22:21:57 [INFO]   找到檔案：20260824排班統計表-台北.xlsx (application/vnd.openxmlformats-officedocument.spreadsheetml.sheet)
2026-08-25 22:21:57 [INFO]   找到檔案：20260923排班統計表-台中 (application/vnd.google-apps.spreadsheet)
2026-08-25 22:21:57 [INFO]   找到檔案：20260923排班統計表-台北 (application/vnd.google-apps.spreadsheet)
2026-08-25 22:21:57 [INFO]   找到檔案：20260823排班統計表-台中 (application/vnd.google-apps.spreadsheet)
2026-08-25 22:21:57 [INFO]   找到檔案：20260823排班統計表-台北 (application/vnd.google-apps.spreadsheet)
2026-08-25 22:21:57 [INFO]   找到檔案：20260923排班統計表-台中.xlsx (application/vnd.openxmlformats-officedocument.spreadsheetml.sheet)
2026-08-25 22:21:57 [INFO]   找到檔案：20260823排班統計表-台中.xlsx (application/vnd.openxmlformats-officedocument.spreadsheetml.sheet)
2026-08-25 22:21:57 [INFO]   找到檔案：20260923排班統計表-台北.xlsx (application/vnd.openxmlformats-officedocument.spreadsheetml.sheet)
2026-08-25 22:21:57 [INFO]   找到檔案：20260823排班統計表-台北.xlsx (application/vnd.openxmlformats-officedocument.spreadsheetml.sheet)
2026-08-25 22:21:57 [INFO]   找到檔案：20260922排班統計表-台中 (application/vnd.google-apps.spreadsheet)
2026-08-25 22:21:57 [INFO]   找到檔案：20260922排班統計表-台北 (application/vnd.google-apps.spreadsheet)
2026-08-25 22:21:57 [INFO]   找到檔案：20260822排班統計表-台中 (application/vnd.google-apps.spreadsheet)
2026-08-25 22:21:57 [INFO]   找到檔案：20260822排班統計表-台北 (application/vnd.google-apps.spreadsheet)
2026-08-25 22:21:57 [INFO]   找到檔案：20260922排班統計表-台中.xlsx (application/vnd.openxmlformats-officedocument.spreadsheetml.sheet)
2026-08-25 22:21:57 [INFO]   找到檔案：20260822排班統計表-台中.xlsx (application/vnd.openxmlformats-officedocument.spreadsheetml.sheet)
2026-08-25 22:21:57 [INFO]   找到檔案：20260922排班統計表-台北.xlsx (application/vnd.openxmlformats-officedocument.spreadsheetml.sheet)
2026-08-25 22:21:57 [INFO]   找到檔案：20260822排班統計表-台北.xlsx (application/vnd.openxmlformats-officedocument.spreadsheetml.sheet)
2026-08-25 22:21:57 [INFO]   找到檔案：20260921排班統計表-台中 (application/vnd.google-apps.spreadsheet)
2026-08-25 22:21:57 [INFO]   找到檔案：20260921排班統計表-台北 (application/vnd.google-apps.spreadsheet)
2026-08-25 22:21:57 [INFO]   找到檔案：20260821排班統計表-台中 (application/vnd.google-apps.spreadsheet)
2026-08-25 22:21:57 [INFO]   找到檔案：20260821排班統計表-台北 (application/vnd.google-apps.spreadsheet)
2026-08-25 22:21:57 [INFO]   找到檔案：20260921排班統計表-台中.xlsx (application/vnd.openxmlformats-officedocument.spreadsheetml.sheet)
2026-08-25 22:21:57 [INFO]   找到檔案：20260821排班統計表-台中.xlsx (application/vnd.openxmlformats-officedocument.spreadsheetml.sheet)
2026-08-25 22:21:57 [INFO]   找到檔案：20260921排班統計表-台北.xlsx (application/vnd.openxmlformats-officedocument.spreadsheetml.sheet)
2026-08-25 22:21:57 [INFO]   找到檔案：20260821排班統計表-台北.xlsx (application/vnd.openxmlformats-officedocument.spreadsheetml.sheet)
2026-08-25 22:21:57 [INFO]   找到檔案：20260920排班統計表-台中 (application/vnd.google-apps.spreadsheet)
2026-08-25 22:21:57 [INFO]   找到檔案：20260920排班統計表-台北 (application/vnd.google-apps.spreadsheet)
2026-08-25 22:21:57 [INFO]   找到檔案：20260820排班統計表-台中 (application/vnd.google-apps.spreadsheet)
2026-08-25 22:21:57 [INFO]   找到檔案：20260820排班統計表-台北 (application/vnd.google-apps.spreadsheet)
2026-08-25 22:21:57 [INFO]   找到檔案：20260920排班統計表-台中.xlsx (application/vnd.openxmlformats-officedocument.spreadsheetml.sheet)
2026-08-25 22:21:57 [INFO]   找到檔案：20260820排班統計表-台中.xlsx (application/vnd.openxmlformats-officedocument.spreadsheetml.sheet)
2026-08-25 22:21:57 [INFO]   找到檔案：20260920排班統計表-台北.xlsx (application/vnd.openxmlformats-officedocument.spreadsheetml.sheet)
2026-08-25 22:21:57 [INFO]   找到檔案：20260820排班統計表-台北.xlsx (application/vnd.openxmlformats-officedocument.spreadsheetml.sheet)
2026-08-25 22:21:57 [INFO]   找到檔案：20260919排班統計表-台中 (application/vnd.google-apps.spreadsheet)
2026-08-25 22:21:57 [INFO]   找到檔案：20260919排班統計表-台北 (application/vnd.google-apps.spreadsheet)
2026-08-25 22:21:57 [INFO]   找到檔案：20260819排班統計表-台中 (application/vnd.google-apps.spreadsheet)
2026-08-25 22:21:57 [INFO]   找到檔案：20260819排班統計表-台北 (application/vnd.google-apps.spreadsheet)
2026-08-25 22:21:57 [INFO]   找到檔案：20260919排班統計表-台中.xlsx (application/vnd.openxmlformats-officedocument.spreadsheetml.sheet)
2026-08-25 22:21:57 [INFO]   找到檔案：20260819排班統計表-台中.xlsx (application/vnd.openxmlformats-officedocument.spreadsheetml.sheet)
2026-08-25 22:21:57 [INFO]   找到檔案：20260919排班統計表-台北.xlsx (application/vnd.openxmlformats-officedocument.spreadsheetml.sheet)
2026-08-25 22:21:57 [INFO]   找到檔案：20260819排班統計表-台北.xlsx (application/vnd.openxmlformats-officedocument.spreadsheetml.sheet)
2026-08-25 22:21:57 [INFO]   找到檔案：20260918排班統計表-台中 (application/vnd.google-apps.spreadsheet)
2026-08-25 22:21:57 [INFO]   找到檔案：20260918排班統計表-台北 (application/vnd.google-apps.spreadsheet)
2026-08-25 22:21:57 [INFO]   找到檔案：20260818排班統計表-台中 (application/vnd.google-apps.spreadsheet)
2026-08-25 22:21:57 [INFO]   找到檔案：20260818排班統計表-台北 (application/vnd.google-apps.spreadsheet)
2026-08-25 22:21:57 [INFO]   找到檔案：20260918排班統計表-台中.xlsx (application/vnd.openxmlformats-officedocument.spreadsheetml.sheet)
2026-08-25 22:21:57 [INFO]   找到檔案：20260818排班統計表-台中.xlsx (application/vnd.openxmlformats-officedocument.spreadsheetml.sheet)
2026-08-25 22:21:57 [INFO]   找到檔案：20260918排班統計表-台北.xlsx (application/vnd.openxmlformats-officedocument.spreadsheetml.sheet)
2026-08-25 22:21:57 [INFO]   找到檔案：20260818排班統計表-台北.xlsx (application/vnd.openxmlformats-officedocument.spreadsheetml.sheet)
2026-08-25 22:21:57 [INFO]   找到檔案：20260917排班統計表-台中.xlsx (application/vnd.openxmlformats-officedocument.spreadsheetml.sheet)
2026-08-25 22:21:57 [INFO]   找到檔案：20260817排班統計表-台中.xlsx (application/vnd.openxmlformats-officedocument.spreadsheetml.sheet)
2026-08-25 22:21:57 [INFO]   找到檔案：20260917排班統計表-台北.xlsx (application/vnd.openxmlformats-officedocument.spreadsheetml.sheet)
2026-08-25 22:21:57 [INFO]   找到檔案：20260817排班統計表-台北.xlsx (application/vnd.openxmlformats-officedocument.spreadsheetml.sheet)
2026-08-25 22:21:57 [INFO]   找到檔案：20260917排班統計表-台中 (application/vnd.google-apps.spreadsheet)
2026-08-25 22:21:57 [INFO]   找到檔案：20260917排班統計表-台北 (application/vnd.google-apps.spreadsheet)
2026-08-25 22:21:57 [INFO]   找到檔案：20260817排班統計表-台中 (application/vnd.google-apps.spreadsheet)
2026-08-25 22:21:57 [INFO]   找到檔案：20260817排班統計表-台北 (application/vnd.google-apps.spreadsheet)
2026-08-25 22:21:57 [INFO]   找到檔案：20260916排班統計表-台中 (application/vnd.google-apps.spreadsheet)
2026-08-25 22:21:57 [INFO]   找到檔案：20260916排班統計表-台北 (application/vnd.google-apps.spreadsheet)
2026-08-25 22:21:57 [INFO]   找到檔案：20260816排班統計表-台中 (application/vnd.google-apps.spreadsheet)
2026-08-25 22:21:57 [INFO]   找到檔案：20260816排班統計表-台北 (application/vnd.google-apps.spreadsheet)
2026-08-25 22:21:57 [INFO]   找到檔案：20260916排班統計表-台中.xlsx (application/vnd.openxmlformats-officedocument.spreadsheetml.sheet)
2026-08-25 22:21:57 [INFO]   找到檔案：20260816排班統計表-台中.xlsx (application/vnd.openxmlformats-officedocument.spreadsheetml.sheet)
2026-08-25 22:21:57 [INFO]   找到檔案：20260916排班統計表-台北.xlsx (application/vnd.openxmlformats-officedocument.spreadsheetml.sheet)
2026-08-25 22:21:57 [INFO]   找到檔案：20260816排班統計表-台北.xlsx (application/vnd.openxmlformats-officedocument.spreadsheetml.sheet)
2026-08-25 22:21:57 [INFO]   找到檔案：20260915排班統計表-台中 (application/vnd.google-apps.spreadsheet)
2026-08-25 22:21:57 [INFO]   找到檔案：20260915排班統計表-台北 (application/vnd.google-apps.spreadsheet)
2026-08-25 22:21:57 [INFO]   找到檔案：20260815排班統計表-台中 (application/vnd.google-apps.spreadsheet)
2026-08-25 22:21:57 [INFO]   找到檔案：20260815排班統計表-台北 (application/vnd.google-apps.spreadsheet)
2026-08-25 22:21:57 [INFO]   找到檔案：20260915排班統計表-台中.xlsx (application/vnd.openxmlformats-officedocument.spreadsheetml.sheet)
2026-08-25 22:21:57 [INFO]   找到檔案：20260815排班統計表-台中.xlsx (application/vnd.openxmlformats-officedocument.spreadsheetml.sheet)
2026-08-25 22:21:57 [INFO]   找到檔案：20260915排班統計表-台北.xlsx (application/vnd.openxmlformats-officedocument.spreadsheetml.sheet)
2026-08-25 22:21:57 [INFO]   找到檔案：20260815排班統計表-台北.xlsx (application/vnd.openxmlformats-officedocument.spreadsheetml.sheet)
2026-08-25 22:21:57 [INFO]   找到檔案：20260914排班統計表-台中 (application/vnd.google-apps.spreadsheet)
2026-08-25 22:21:57 [INFO]   找到檔案：20260914排班統計表-台北 (application/vnd.google-apps.spreadsheet)
2026-08-25 22:21:57 [INFO]   找到檔案：20260814排班統計表-台中 (application/vnd.google-apps.spreadsheet)
2026-08-25 22:21:57 [INFO]   找到檔案：20260814排班統計表-台北 (application/vnd.google-apps.spreadsheet)
2026-08-25 22:21:57 [INFO]   找到檔案：20260914排班統計表-台中.xlsx (application/vnd.openxmlformats-officedocument.spreadsheetml.sheet)
2026-08-25 22:21:57 [INFO]   找到檔案：20260814排班統計表-台中.xlsx (application/vnd.openxmlformats-officedocument.spreadsheetml.sheet)
2026-08-25 22:21:57 [INFO]   找到檔案：20260914排班統計表-台北.xlsx (application/vnd.openxmlformats-officedocument.spreadsheetml.sheet)
2026-08-25 22:21:57 [INFO]   找到檔案：20260814排班統計表-台北.xlsx (application/vnd.openxmlformats-officedocument.spreadsheetml.sheet)
2026-08-25 22:21:57 [INFO]   找到檔案：20260913排班統計表-台中 (application/vnd.google-apps.spreadsheet)
2026-08-25 22:21:57 [INFO]   找到檔案：20260913排班統計表-台北 (application/vnd.google-apps.spreadsheet)
2026-08-25 22:21:57 [INFO]   找到檔案：20260813排班統計表-台中 (application/vnd.google-apps.spreadsheet)
2026-08-25 22:21:57 [INFO]   找到檔案：20260813排班統計表-台北 (application/vnd.google-apps.spreadsheet)
2026-08-25 22:21:57 [INFO]   找到檔案：20260913排班統計表-台中.xlsx (application/vnd.openxmlformats-officedocument.spreadsheetml.sheet)
2026-08-25 22:21:57 [INFO]   找到檔案：20260813排班統計表-台中.xlsx (application/vnd.openxmlformats-officedocument.spreadsheetml.sheet)
2026-08-25 22:21:57 [INFO]   找到檔案：20260913排班統計表-台北.xlsx (application/vnd.openxmlformats-officedocument.spreadsheetml.sheet)
2026-08-25 22:21:57 [INFO]   找到檔案：20260813排班統計表-台北.xlsx (application/vnd.openxmlformats-officedocument.spreadsheetml.sheet)
2026-08-25 22:21:57 [INFO]   找到檔案：20260912排班統計表-台中 (application/vnd.google-apps.spreadsheet)
2026-08-25 22:21:57 [INFO]   找到檔案：20260912排班統計表-台北 (application/vnd.google-apps.spreadsheet)
2026-08-25 22:21:57 [INFO]   找到檔案：20260812排班統計表-台中 (application/vnd.google-apps.spreadsheet)
2026-08-25 22:21:57 [INFO]   找到檔案：20260812排班統計表-台北 (application/vnd.google-apps.spreadsheet)
2026-08-25 22:21:57 [INFO]   找到檔案：20260912排班統計表-台中.xlsx (application/vnd.openxmlformats-officedocument.spreadsheetml.sheet)
2026-08-25 22:21:57 [INFO]   找到檔案：20260812排班統計表-台中.xlsx (application/vnd.openxmlformats-officedocument.spreadsheetml.sheet)
2026-08-25 22:21:57 [INFO]   找到檔案：20260912排班統計表-台北.xlsx (application/vnd.openxmlformats-officedocument.spreadsheetml.sheet)
2026-08-25 22:21:57 [INFO]   找到檔案：20260812排班統計表-台北.xlsx (application/vnd.openxmlformats-officedocument.spreadsheetml.sheet)
2026-08-25 22:21:57 [INFO]   找到檔案：20260911排班統計表-台中 (application/vnd.google-apps.spreadsheet)
2026-08-25 22:21:57 [INFO]   找到檔案：20260911排班統計表-台北 (application/vnd.google-apps.spreadsheet)
2026-08-25 22:21:57 [INFO]   找到檔案：20260811排班統計表-台中 (application/vnd.google-apps.spreadsheet)
2026-08-25 22:21:57 [INFO]   找到檔案：20260811排班統計表-台北 (application/vnd.google-apps.spreadsheet)
2026-08-25 22:21:57 [INFO]   找到檔案：20260911排班統計表-台中.xlsx (application/vnd.openxmlformats-officedocument.spreadsheetml.sheet)
2026-08-25 22:21:57 [INFO]   找到檔案：20260811排班統計表-台中.xlsx (application/vnd.openxmlformats-officedocument.spreadsheetml.sheet)
2026-08-25 22:21:57 [INFO]   找到檔案：20260911排班統計表-台北.xlsx (application/vnd.openxmlformats-officedocument.spreadsheetml.sheet)
2026-08-25 22:21:57 [INFO]   找到檔案：20260811排班統計表-台北.xlsx (application/vnd.openxmlformats-officedocument.spreadsheetml.sheet)
2026-08-25 22:21:57 [INFO]   找到檔案：20260910排班統計表-台中 (application/vnd.google-apps.spreadsheet)
2026-08-25 22:21:57 [INFO]   找到檔案：20260910排班統計表-台北 (application/vnd.google-apps.spreadsheet)
2026-08-25 22:21:57 [INFO]   找到檔案：20260810排班統計表-台中 (application/vnd.google-apps.spreadsheet)
2026-08-25 22:21:57 [INFO]   找到檔案：20260810排班統計表-台北 (application/vnd.google-apps.spreadsheet)
2026-08-25 22:21:57 [INFO]   找到檔案：20260910排班統計表-台中.xlsx (application/vnd.openxmlformats-officedocument.spreadsheetml.sheet)
2026-08-25 22:21:57 [INFO]   找到檔案：20260810排班統計表-台中.xlsx (application/vnd.openxmlformats-officedocument.spreadsheetml.sheet)
2026-08-25 22:21:57 [INFO]   找到檔案：20260910排班統計表-台北.xlsx (application/vnd.openxmlformats-officedocument.spreadsheetml.sheet)
2026-08-25 22:21:57 [INFO]   找到檔案：20260810排班統計表-台北.xlsx (application/vnd.openxmlformats-officedocument.spreadsheetml.sheet)
2026-08-25 22:21:57 [INFO] 排班檔確認 OK：{'202608': {'taipei': '20260826排班統計表-台北.xlsx', 'taichung': '20260826排班統計表-台中.xlsx'}, '202609': {'taipei': '20260926排班統計表-台北.xlsx', 'taichung': '20260926排班統計表-台中.xlsx'}}
2026-08-25 22:21:58 [INFO]   匯入：20260826排班統計表-台北.xlsx
2026-08-25 22:21:58 [INFO]   xlsx → Google Sheets：20260826排班統計表-台北
2026-08-25 22:21:58 [INFO] file_cache is only supported with oauth2client<4.0.0
2026-08-25 22:22:01 [INFO]   轉換完成，新 Google Sheets ID：1YqOtOSGxsitD5u_JHzca4qsS66gZCxvxribZ-5Xv3Ow
2026-08-25 22:22:11 [INFO]   匯入：20260826排班統計表-台中.xlsx
2026-08-25 22:22:11 [INFO]   xlsx → Google Sheets：20260826排班統計表-台中
2026-08-25 22:22:11 [INFO] file_cache is only supported with oauth2client<4.0.0
2026-08-25 22:22:15 [INFO]   轉換完成，新 Google Sheets ID：1M0l4BCB3R4D0RYvOwWZsNcnXyyoY3jQKfUAB-Mm1hhQ
2026-08-25 22:22:16 [INFO]   → 寫入 89 列（起始 R3C7）
2026-08-25 22:22:16 [INFO]   → 寫入 16 列（起始 R3C82）
2026-08-25 22:22:16 [INFO]   匯入：20260926排班統計表-台北.xlsx
2026-08-25 22:22:16 [INFO]   xlsx → Google Sheets：20260926排班統計表-台北
2026-08-25 22:22:16 [INFO] file_cache is only supported with oauth2client<4.0.0
2026-08-25 22:22:19 [INFO]   轉換完成，新 Google Sheets ID：1p4sXv4A-y3zLSKuyrqPOh2MEoJT0C0qUMjBSJ3cs_1I
2026-08-25 22:22:19 [INFO]   匯入：20260926排班統計表-台中.xlsx
2026-08-25 22:22:19 [INFO]   xlsx → Google Sheets：20260926排班統計表-台中
2026-08-25 22:22:20 [INFO] file_cache is only supported with oauth2client<4.0.0
2026-08-25 22:22:22 [INFO]   轉換完成，新 Google Sheets ID：1LQGs6I0dvntlK-wV6bUppIrQpMVBV6MJ8Q0d-7GdKVQ
2026-08-25 22:22:23 [INFO]   → 寫入 68 列（起始 R3C22）
2026-08-25 22:22:23 [INFO]   → 寫入 9 列（起始 R3C97）
2026-08-25 22:22:24 [INFO] Step 1 完成（27.6s）
2026-08-25 22:22:25 [INFO] === 全部完成 run_id=e463eed5（28.6s）===
