開始執行：專員班表
⚠️ 一鍵日排程 secrets TOML 注入失敗：No secrets found. Valid paths for a secrets.toml file or secret directories are: /home/runner/.streamlit/secrets.toml, /home/runner/work/tool-system/tool-system/.streamlit/secrets.toml
⚠️ 一鍵日排程 secrets env 注入失敗：No secrets found. Valid paths for a secrets.toml file or secret directories are: /home/runner/.streamlit/secrets.toml, /home/runner/work/tool-system/tool-system/.streamlit/secrets.toml
OAuth env ready = True
OAuth bootstrap forced = True
Command: Python bootstrap -> /home/runner/work/tool-system/tool-system/tools/scheduled_daily/staff_schedule.py
[2026-08-26 01:40:18] ====================================================
[2026-08-26 01:40:18] staff_schedule.py 開始執行
[2026-08-26 01:40:18] GITHUB_ACTIONS = true
[2026-08-26 01:40:18] PWD = /home/runner/work/tool-system/tool-system
[2026-08-26 01:40:18] LOCAL_OUTPUT_DIR = /Users/jenny/Library/CloudStorage/GoogleDrive-jenny@lemonclean.com.tw/我的雲端硬碟/lemon_Jenny/Jenny@lemon程式/專員班表
[2026-08-26 01:40:18] LOCAL_OUTPUT_DIR exists = False
[2026-08-26 01:40:18] can_use_local_output_dir = False
[2026-08-26 01:40:18] root folder_id = 11O6eKHQ1e3Irqps7Kq1XJOSVVge3pCAc
[2026-08-26 01:40:18] ====================================================
[2026-08-26 01:40:18] Google Drive 初始化成功
[2026-08-26 01:40:19] 📁 使用既有資料夾：專員班表
[2026-08-26 01:40:19] this_month = 2026-08
[2026-08-26 01:40:19] next_month = 2026-09
[2026-08-26 01:40:19] this_date = 20260826
[2026-08-26 01:40:19] next_date = 20260926
[2026-08-26 01:40:19] 專員班表 folder_id = 1V2AUNsT_jzQWawmnBNU_u-e7odYviwEk
[2026-08-26 01:40:19] 帳號數量 = 2
[2026-08-26 01:40:19] 
[2026-08-26 01:40:19] === 開始處理 台北 ===
[2026-08-26 01:40:19] 開始登入：jenny@lemonclean.com.tw
[2026-08-26 01:40:21] 登入成功：jenny@lemonclean.com.tw
[2026-08-26 01:40:21] 開始下載：city=台北 / month=2026-08 / filename=20260826專員班表-台北.xls
[2026-08-26 01:40:24] ✅ 已下載到暫存：/tmp/tmpf8ltcsyu/20260826專員班表-台北.xls
[2026-08-26 01:40:24] 📦 檔案大小：143872 bytes
[2026-08-26 01:40:24] 📂 暫存目錄存在：True
[2026-08-26 01:40:24] 📄 暫存檔案存在：True
[2026-08-26 01:40:24] 目前不是 Jenny 本機環境，略過本機存檔
[2026-08-26 01:40:24] Google Drive 初始化成功
[2026-08-26 01:40:24] 準備上傳到 Google Drive：20260826專員班表-台北.xls
[2026-08-26 01:40:27] ☁️ 已上傳新檔：20260826專員班表-台北.xls (file_id=1ifPVNpcB_HBOJPAqlYqd75To8BMa0w_n) https://docs.google.com/spreadsheets/d/1ifPVNpcB_HBOJPAqlYqd75To8BMa0w_n/edit?usp=drivesdk&ouid=101667783075862487943&rtpof=true&sd=true
[2026-08-26 01:40:27] ✅ 完成處理：20260826專員班表-台北.xls
[2026-08-26 01:40:27] 開始下載：city=台北 / month=2026-09 / filename=20260926專員班表-台北.xls
[2026-08-26 01:40:30] ✅ 已下載到暫存：/tmp/tmpwkru3szo/20260926專員班表-台北.xls
[2026-08-26 01:40:30] 📦 檔案大小：115200 bytes
[2026-08-26 01:40:30] 📂 暫存目錄存在：True
[2026-08-26 01:40:30] 📄 暫存檔案存在：True
[2026-08-26 01:40:30] 目前不是 Jenny 本機環境，略過本機存檔
[2026-08-26 01:40:30] Google Drive 初始化成功
[2026-08-26 01:40:30] 準備上傳到 Google Drive：20260926專員班表-台北.xls
[2026-08-26 01:40:32] ☁️ 已上傳新檔：20260926專員班表-台北.xls (file_id=1P3C3_5iskaZoarcIEc122jkd5H8DKss3) https://docs.google.com/spreadsheets/d/1P3C3_5iskaZoarcIEc122jkd5H8DKss3/edit?usp=drivesdk&ouid=101667783075862487943&rtpof=true&sd=true
[2026-08-26 01:40:32] ✅ 完成處理：20260926專員班表-台北.xls
[2026-08-26 01:40:32] ✅ 台北 全部完成
[2026-08-26 01:40:32] 
[2026-08-26 01:40:32] === 開始處理 台中 ===
[2026-08-26 01:40:32] 開始登入：jenny.tc@lemonclean.com.tw
[2026-08-26 01:40:34] 登入成功：jenny.tc@lemonclean.com.tw
[2026-08-26 01:40:34] 開始下載：city=台中 / month=2026-08 / filename=20260826專員班表-台中.xls
[2026-08-26 01:40:35] ✅ 已下載到暫存：/tmp/tmpi30u5p_n/20260826專員班表-台中.xls
[2026-08-26 01:40:35] 📦 檔案大小：25600 bytes
[2026-08-26 01:40:35] 📂 暫存目錄存在：True
[2026-08-26 01:40:35] 📄 暫存檔案存在：True
[2026-08-26 01:40:35] 目前不是 Jenny 本機環境，略過本機存檔
[2026-08-26 01:40:35] Google Drive 初始化成功
[2026-08-26 01:40:35] 準備上傳到 Google Drive：20260826專員班表-台中.xls
[2026-08-26 01:40:37] ☁️ 已上傳新檔：20260826專員班表-台中.xls (file_id=1MMs3BOMQFLvgWyNCwPJotjcFotZ-XKUe) https://docs.google.com/spreadsheets/d/1MMs3BOMQFLvgWyNCwPJotjcFotZ-XKUe/edit?usp=drivesdk&ouid=101667783075862487943&rtpof=true&sd=true
[2026-08-26 01:40:37] ✅ 完成處理：20260826專員班表-台中.xls
[2026-08-26 01:40:37] 開始下載：city=台中 / month=2026-09 / filename=20260926專員班表-台中.xls
[2026-08-26 01:40:38] ✅ 已下載到暫存：/tmp/tmpsv04o7a7/20260926專員班表-台中.xls
[2026-08-26 01:40:38] 📦 檔案大小：22528 bytes
[2026-08-26 01:40:38] 📂 暫存目錄存在：True
[2026-08-26 01:40:38] 📄 暫存檔案存在：True
[2026-08-26 01:40:38] 目前不是 Jenny 本機環境，略過本機存檔
[2026-08-26 01:40:38] Google Drive 初始化成功
[2026-08-26 01:40:38] 準備上傳到 Google Drive：20260926專員班表-台中.xls
[2026-08-26 01:40:41] ☁️ 已上傳新檔：20260926專員班表-台中.xls (file_id=1UJx94paV7cyR9bR0oBBzjh-pNQwh3Ml4) https://docs.google.com/spreadsheets/d/1UJx94paV7cyR9bR0oBBzjh-pNQwh3Ml4/edit?usp=drivesdk&ouid=101667783075862487943&rtpof=true&sd=true
[2026-08-26 01:40:41] ✅ 完成處理：20260926專員班表-台中.xls
[2026-08-26 01:40:41] ✅ 台中 全部完成
[2026-08-26 01:40:41] 🎉 staff_schedule.py 全部完成

完成執行：專員班表
scheduled_daily scheduler 全部完成
