📋 log_spreadsheet_id 已從設定檔載入
📝 外場排程打卡：外場排班統計表 / running
Command: /opt/hostedtoolcache/Python/3.11.16/x64/bin/python -u -m tools.field_management.schedule_stats --date 20260921 --system-name 外場排程系統 --run-type 排程
[2026-09-21 07:42:59] 開始處理排班統計表：20260921排班統計表-台北
🔄 Jenny OAuth 已將來源 Excel 轉成暫存 Google Sheet：1f3O2eFDvlroW3tpwbWfLxd5A9EVw0vNSjhhQ3ZWdV4I
🗑️ 已刪除來源暫存 Google Sheet：1f3O2eFDvlroW3tpwbWfLxd5A9EVw0vNSjhhQ3ZWdV4I
[2026-09-21 07:43:10] 完成：20260921排班統計表-台北.xlsx → 2026排班統計表!DJ4 / rows=81
[2026-09-21 07:43:21] 開始處理排班統計表：20261021排班統計表-台北
🔄 Jenny OAuth 已將來源 Excel 轉成暫存 Google Sheet：11c5Wl0w_envyVBJkw1oqnZeqmtQUULSgxFvAHPkvK60
🗑️ 已刪除來源暫存 Google Sheet：11c5Wl0w_envyVBJkw1oqnZeqmtQUULSgxFvAHPkvK60
[2026-09-21 07:43:29] 完成：20261021排班統計表-台北.xlsx → 2026排班統計表!DV4 / rows=63
[2026-09-21 07:43:30] 開始處理排班統計表：20260921排班統計表-台中
🔄 Jenny OAuth 已將來源 Excel 轉成暫存 Google Sheet：1JgXK26QNkadGCd-TD-fk5XI8oFvz7JrtxK-Nua6lSyU
🗑️ 已刪除來源暫存 Google Sheet：1JgXK26QNkadGCd-TD-fk5XI8oFvz7JrtxK-Nua6lSyU
[2026-09-21 07:43:37] 完成：20260921排班統計表-台中.xlsx → 2026排班統計表!DJ4 / rows=13
[2026-09-21 07:43:39] 開始處理排班統計表：20261021排班統計表-台中
🔄 Jenny OAuth 已將來源 Excel 轉成暫存 Google Sheet：1j6uK-0keaLSdbucEvWwMBM1RMzA5NtPwZT60n5GrrvE
🗑️ 已刪除來源暫存 Google Sheet：1j6uK-0keaLSdbucEvWwMBM1RMzA5NtPwZT60n5GrrvE
[2026-09-21 07:43:46] 完成：20261021排班統計表-台中.xlsx → 2026排班統計表!DV4 / rows=9
[2026-09-21 07:43:48] schedule_stats.py 全部完成

📝 外場排程打卡：外場排班統計表 / success
field_management scheduler 全部完成
