開始執行：當月次月訂單
⚠️ 一鍵日排程 secrets TOML 注入失敗：No secrets found. Valid paths for a secrets.toml file or secret directories are: /home/runner/.streamlit/secrets.toml, /home/runner/work/tool-system/tool-system/.streamlit/secrets.toml
⚠️ 一鍵日排程 secrets env 注入失敗：No secrets found. Valid paths for a secrets.toml file or secret directories are: /home/runner/.streamlit/secrets.toml, /home/runner/work/tool-system/tool-system/.streamlit/secrets.toml
OAuth env ready = True
OAuth bootstrap forced = True
Command: Python bootstrap -> /home/runner/work/tool-system/tool-system/tools/scheduled_daily/orders_report.py
[2026-09-21 03:31:48] ====================================================
[2026-09-21 03:31:48] orders_report.py 開始執行
[2026-09-21 03:31:48] GITHUB_ACTIONS = true
[2026-09-21 03:31:48] PWD = /home/runner/work/tool-system/tool-system
[2026-09-21 03:31:48] LOCAL_OUTPUT_DIR = /Users/jenny/Library/CloudStorage/GoogleDrive-jenny@lemonclean.com.tw/我的雲端硬碟/lemon_Jenny/Jenny@lemon程式/訂單資料
[2026-09-21 03:31:48] LOCAL_OUTPUT_DIR exists = False
[2026-09-21 03:31:48] can_use_local_output_dir = False
[2026-09-21 03:31:48] root folder_id = 11O6eKHQ1e3Irqps7Kq1XJOSVVge3pCAc
[2026-09-21 03:31:48] ====================================================
[2026-09-21 03:31:48] Google Drive 初始化成功
[2026-09-21 03:31:48] 📁 使用既有資料夾：訂單資料
[2026-09-21 03:31:48] 服務日期：2026-09-01 ~ 2026-10-31
[2026-09-21 03:31:48] file_date = 20260921
[2026-09-21 03:31:48] 訂單資料 folder_id = 1o6ROTdseIRKOivgYQt50cNuCZLT3Rpug
[2026-09-21 03:31:48] 帳號數量 = 2
[2026-09-21 03:31:48] 
[2026-09-21 03:31:48] === 開始處理 台北 ===
[2026-09-21 03:31:48] 開始登入：jenny@lemonclean.com.tw
[2026-09-21 03:31:49] 登入成功：jenny@lemonclean.com.tw
[2026-09-21 03:31:49] 開始下載：city=台北 / export_url=https://backend.lemonclean.com.tw/purchase/export_order?clean_date_s=2026-09-01&clean_date_e=2026-10-31&purchase_status=1
[2026-09-21 03:32:00] ✅ 已下載到暫存：/tmp/tmp4hg7obh6/20260921訂單-台北.xls
[2026-09-21 03:32:00] 📦 檔案大小：1727488 bytes
[2026-09-21 03:32:00] 📂 暫存目錄存在：True
[2026-09-21 03:32:00] 📄 暫存檔案存在：True
[2026-09-21 03:32:00] 目前不是 Jenny 本機環境，略過本機存檔
[2026-09-21 03:32:00] Google Drive 初始化成功
[2026-09-21 03:32:00] 準備上傳到 Google Drive：20260921訂單-台北.xls
[2026-09-21 03:32:03] ☁️ 已上傳新檔：20260921訂單-台北.xls (file_id=1dP4Q9AG0K-P5-Kq1b1lmR3lW8ECQDM3k) https://docs.google.com/spreadsheets/d/1dP4Q9AG0K-P5-Kq1b1lmR3lW8ECQDM3k/edit?usp=drivesdk&ouid=101667783075862487943&rtpof=true&sd=true
[2026-09-21 03:32:03] ✅ 完成處理：20260921訂單-台北.xls
[2026-09-21 03:32:03] ✅ 台北 完成
[2026-09-21 03:32:03] 
[2026-09-21 03:32:03] === 開始處理 台中 ===
[2026-09-21 03:32:03] 開始登入：jenny.tc@lemonclean.com.tw
[2026-09-21 03:32:04] 登入成功：jenny.tc@lemonclean.com.tw
[2026-09-21 03:32:04] 開始下載：city=台中 / export_url=https://backend.lemonclean.com.tw/purchase/export_order?clean_date_s=2026-09-01&clean_date_e=2026-10-31&purchase_status=1
[2026-09-21 03:32:05] ✅ 已下載到暫存：/tmp/tmpoyoiq2n3/20260921訂單-台中.xls
[2026-09-21 03:32:05] 📦 檔案大小：140800 bytes
[2026-09-21 03:32:05] 📂 暫存目錄存在：True
[2026-09-21 03:32:05] 📄 暫存檔案存在：True
[2026-09-21 03:32:05] 目前不是 Jenny 本機環境，略過本機存檔
[2026-09-21 03:32:05] Google Drive 初始化成功
[2026-09-21 03:32:05] 準備上傳到 Google Drive：20260921訂單-台中.xls
[2026-09-21 03:32:08] ☁️ 已上傳新檔：20260921訂單-台中.xls (file_id=1e5pb1R4slOlNcKMd18uBL7f5RxfqEphV) https://docs.google.com/spreadsheets/d/1e5pb1R4slOlNcKMd18uBL7f5RxfqEphV/edit?usp=drivesdk&ouid=101667783075862487943&rtpof=true&sd=true
[2026-09-21 03:32:08] ✅ 完成處理：20260921訂單-台中.xls
[2026-09-21 03:32:08] ✅ 台中 完成
[2026-09-21 03:32:08] 🎉 orders_report.py 全部完成

完成執行：當月次月訂單
scheduled_daily scheduler 全部完成
