開始執行：排班統計表
⚠️ 一鍵日排程 secrets TOML 注入失敗：No secrets found. Valid paths for a secrets.toml file or secret directories are: /home/runner/.streamlit/secrets.toml, /home/runner/work/tool-system/tool-system/.streamlit/secrets.toml
⚠️ 一鍵日排程 secrets env 注入失敗：No secrets found. Valid paths for a secrets.toml file or secret directories are: /home/runner/.streamlit/secrets.toml, /home/runner/work/tool-system/tool-system/.streamlit/secrets.toml
OAuth env ready = True
OAuth bootstrap forced = True
Command: Python bootstrap -> /home/runner/work/tool-system/tool-system/tools/scheduled_daily/schedule_report.py
[2026-09-21 03:11:38] ====================================================
[2026-09-21 03:11:38] schedule_report.py 開始執行
[2026-09-21 03:11:38] GITHUB_ACTIONS = true
[2026-09-21 03:11:38] PWD = /home/runner/work/tool-system/tool-system
[2026-09-21 03:11:38] LOCAL_OUTPUT_DIR = /Users/jenny/Library/CloudStorage/GoogleDrive-jenny@lemonclean.com.tw/.shortcut-targets-by-id/1zbu45AG1adMzz24HPdi_tLfh2Tncw_Br/排班統計表
[2026-09-21 03:11:38] LOCAL_OUTPUT_DIR exists = False
[2026-09-21 03:11:38] can_use_local_output_dir = False
[2026-09-21 03:11:38] root folder_id = 11O6eKHQ1e3Irqps7Kq1XJOSVVge3pCAc
[2026-09-21 03:11:38] ====================================================
[2026-09-21 03:11:38] Google Drive 初始化成功
[2026-09-21 03:11:39] 📁 使用既有資料夾：排班統計表
[2026-09-21 03:11:39] this_month = 2026-09
[2026-09-21 03:11:39] next_month = 2026-10
[2026-09-21 03:11:39] today_stamp = 20260921
[2026-09-21 03:11:39] next_month_stamp = 20261021
[2026-09-21 03:11:39] 排班統計表 folder_id = 18XDXdrCSsLYwSzz1Da9pQh-jGm2h2Ed8
[2026-09-21 03:11:39] 帳號數量 = 2
[2026-09-21 03:11:39] 
[2026-09-21 03:11:39] === 開始處理 台北 ===
[2026-09-21 03:11:39] 開始登入：jenny@lemonclean.com.tw
[2026-09-21 03:11:40] 登入成功：jenny@lemonclean.com.tw
[2026-09-21 03:11:40] 開始下載：month=2026-09 / filename=20260921排班統計表-台北.xlsx
[2026-09-21 03:11:41] ✅ 已下載到暫存：/tmp/tmp3gyoojke/20260921排班統計表-台北.xlsx
[2026-09-21 03:11:41] 📦 檔案大小：17920 bytes
[2026-09-21 03:11:41] 📂 暫存目錄存在：True
[2026-09-21 03:11:41] 📄 暫存檔案存在：True
[2026-09-21 03:11:41] 目前不是 Jenny 本機環境，略過本機存檔
[2026-09-21 03:11:41] Google Drive 初始化成功
[2026-09-21 03:11:41] 準備上傳到 Google Drive：20260921排班統計表-台北.xlsx
[2026-09-21 03:11:44] ☁️ 已上傳新檔：20260921排班統計表-台北.xlsx (file_id=1LK1gAINaUet3A0Zmd9h__nPdjiXny7Jc) https://docs.google.com/spreadsheets/d/1LK1gAINaUet3A0Zmd9h__nPdjiXny7Jc/edit?usp=drivesdk&ouid=101667783075862487943&rtpof=true&sd=true
[2026-09-21 03:11:44] ✅ 完成處理：20260921排班統計表-台北.xlsx
[2026-09-21 03:11:44] 開始下載：month=2026-10 / filename=20261021排班統計表-台北.xlsx
[2026-09-21 03:11:45] ✅ 已下載到暫存：/tmp/tmpn9bxnwkz/20261021排班統計表-台北.xlsx
[2026-09-21 03:11:45] 📦 檔案大小：15360 bytes
[2026-09-21 03:11:45] 📂 暫存目錄存在：True
[2026-09-21 03:11:45] 📄 暫存檔案存在：True
[2026-09-21 03:11:45] 目前不是 Jenny 本機環境，略過本機存檔
[2026-09-21 03:11:45] Google Drive 初始化成功
[2026-09-21 03:11:45] 準備上傳到 Google Drive：20261021排班統計表-台北.xlsx
[2026-09-21 03:11:47] ☁️ 已上傳新檔：20261021排班統計表-台北.xlsx (file_id=1sGz0f-LbEazkaaMfHyVF9uzXqqqmwCb_) https://docs.google.com/spreadsheets/d/1sGz0f-LbEazkaaMfHyVF9uzXqqqmwCb_/edit?usp=drivesdk&ouid=101667783075862487943&rtpof=true&sd=true
[2026-09-21 03:11:47] ✅ 完成處理：20261021排班統計表-台北.xlsx
[2026-09-21 03:11:47] ✅ 台北 全部完成
[2026-09-21 03:11:47] 
[2026-09-21 03:11:47] === 開始處理 台中 ===
[2026-09-21 03:11:47] 開始登入：jenny.tc@lemonclean.com.tw
[2026-09-21 03:11:48] 登入成功：jenny.tc@lemonclean.com.tw
[2026-09-21 03:11:48] 開始下載：month=2026-09 / filename=20260921排班統計表-台中.xlsx
[2026-09-21 03:11:48] ✅ 已下載到暫存：/tmp/tmpvi4pm_w6/20260921排班統計表-台中.xlsx
[2026-09-21 03:11:48] 📦 檔案大小：6656 bytes
[2026-09-21 03:11:48] 📂 暫存目錄存在：True
[2026-09-21 03:11:48] 📄 暫存檔案存在：True
[2026-09-21 03:11:48] 目前不是 Jenny 本機環境，略過本機存檔
[2026-09-21 03:11:48] Google Drive 初始化成功
[2026-09-21 03:11:48] 準備上傳到 Google Drive：20260921排班統計表-台中.xlsx
[2026-09-21 03:11:51] ☁️ 已上傳新檔：20260921排班統計表-台中.xlsx (file_id=1SSot5G7z7NnG8cLKt0PMXx88muk3ouMd) https://docs.google.com/spreadsheets/d/1SSot5G7z7NnG8cLKt0PMXx88muk3ouMd/edit?usp=drivesdk&ouid=101667783075862487943&rtpof=true&sd=true
[2026-09-21 03:11:51] ✅ 完成處理：20260921排班統計表-台中.xlsx
[2026-09-21 03:11:51] 開始下載：month=2026-10 / filename=20261021排班統計表-台中.xlsx
[2026-09-21 03:11:51] ✅ 已下載到暫存：/tmp/tmph57js374/20261021排班統計表-台中.xlsx
[2026-09-21 03:11:51] 📦 檔案大小：5632 bytes
[2026-09-21 03:11:51] 📂 暫存目錄存在：True
[2026-09-21 03:11:51] 📄 暫存檔案存在：True
[2026-09-21 03:11:51] 目前不是 Jenny 本機環境，略過本機存檔
[2026-09-21 03:11:51] Google Drive 初始化成功
[2026-09-21 03:11:51] 準備上傳到 Google Drive：20261021排班統計表-台中.xlsx
[2026-09-21 03:11:54] ☁️ 已上傳新檔：20261021排班統計表-台中.xlsx (file_id=1gznKIMJcXXtGDKEdhh3AAigjes8sDSZP) https://docs.google.com/spreadsheets/d/1gznKIMJcXXtGDKEdhh3AAigjes8sDSZP/edit?usp=drivesdk&ouid=101667783075862487943&rtpof=true&sd=true
[2026-09-21 03:11:54] ✅ 完成處理：20261021排班統計表-台中.xlsx
[2026-09-21 03:11:54] ✅ 台中 全部完成
[2026-09-21 03:11:54] 🎉 schedule_report.py 全部完成

完成執行：排班統計表
scheduled_daily scheduler 全部完成
