📋 log_spreadsheet_id 已從設定檔載入
📝 外場排程打卡：外場專員個資 / running
Command: /opt/hostedtoolcache/Python/3.11.16/x64/bin/python -u -m tools.field_management.staff_profile --date 20260823 --system-name 外場排程系統 --run-type 排程
[2026-08-23 07:12:05] 開始處理專員個資：20260823專員個資-台北
🔄 Jenny OAuth 已將來源 Excel 轉成暫存 Google Sheet：1fYygCxiscw9N6mOcp4fV2_4iMg-o8e-J6hBawEhWuvc
🗑️ 已刪除來源暫存 Google Sheet：1fYygCxiscw9N6mOcp4fV2_4iMg-o8e-J6hBawEhWuvc
[2026-08-23 07:12:12] 完成專員個資：20260823專員個資-台北.xlsx → 專員個人資料!A4:C / rows=100
[2026-08-23 07:12:14] 開始處理訂單截取：20260823訂單-台北
🔄 Jenny OAuth 已將來源 Excel 轉成暫存 Google Sheet：1aWyKBX6ktFBTD8vJ6wIS-4iLUFtZ38zgSENhLfD28_I
🗑️ 已刪除來源暫存 Google Sheet：1aWyKBX6ktFBTD8vJ6wIS-4iLUFtZ38zgSENhLfD28_I
[2026-08-23 07:12:23] 完成訂單截取：20260823訂單-台北.xls → 專員個人資料!G1:N / rows=1129
[2026-08-23 07:12:25] 開始處理專員個資：20260823專員個資-台中
🔄 Jenny OAuth 已將來源 Excel 轉成暫存 Google Sheet：1jbabbdII2b8TI5IhLrXGLgsHfON3fnPe2tP-VIE_vK0
🗑️ 已刪除來源暫存 Google Sheet：1jbabbdII2b8TI5IhLrXGLgsHfON3fnPe2tP-VIE_vK0
[2026-08-23 07:12:34] 完成專員個資：20260823專員個資-台中.xlsx → 專員個人資料!A4:C / rows=17
[2026-08-23 07:12:36] 開始處理訂單截取：20260823訂單-台中
🔄 Jenny OAuth 已將來源 Excel 轉成暫存 Google Sheet：1N0ablZ6LOVnCPgC02xu5h9UadzHoCyCWACjZEPizs4A
🗑️ 已刪除來源暫存 Google Sheet：1N0ablZ6LOVnCPgC02xu5h9UadzHoCyCWACjZEPizs4A
[2026-08-23 07:12:44] 完成訂單截取：20260823訂單-台中.xls → 專員個人資料!G1:N / rows=86
[2026-08-23 07:12:45] staff_profile.py 全部完成

📝 外場排程打卡：外場專員個資 / success
field_management scheduler 全部完成
