[config] spreadsheet_id='1nNAXy6rvBnGR8ACnqKKzKNA4-UwZtZp47i806EPmR_8'
2026-08-07 22:30:24 [INFO] 目標試算表 ID 來源：主控試算表系統設定
2026-08-07 22:30:24 [INFO] === 客服排程系統 run_id=8f41247f step=1 台北時間=2026-08-08 06:30:21 ===
2026-08-07 22:30:24 [INFO] file_cache is only supported with oauth2client<4.0.0
2026-08-07 22:30:35 [INFO] --- Step1_更新排班統計表 ---
2026-08-07 22:30:35 [INFO] file_cache is only supported with oauth2client<4.0.0
2026-08-07 22:30:36 [INFO] Drive 資料夾找到 75 個檔案
2026-08-07 22:30:36 [INFO]   找到檔案：排班統計表20260908-台中.xlsx_temp_1786137963 (application/vnd.google-apps.spreadsheet)
2026-08-07 22:30:36 [INFO]   找到檔案：排班統計表20260808-台中.xlsx_temp_1786137955 (application/vnd.google-apps.spreadsheet)
2026-08-07 22:30:36 [INFO]   找到檔案：排班統計表20260908-台北.xlsx_temp_1786137946 (application/vnd.google-apps.spreadsheet)
2026-08-07 22:30:36 [INFO]   找到檔案：排班統計表20260808-台北.xlsx_temp_1786137937 (application/vnd.google-apps.spreadsheet)
2026-08-07 22:30:36 [INFO]   找到檔案：排班統計表20260908-台中.xlsx (application/vnd.openxmlformats-officedocument.spreadsheetml.sheet)
2026-08-07 22:30:36 [INFO]   找到檔案：排班統計表20260808-台中.xlsx (application/vnd.openxmlformats-officedocument.spreadsheetml.sheet)
2026-08-07 22:30:36 [INFO]   找到檔案：排班統計表20260908-台北.xlsx (application/vnd.openxmlformats-officedocument.spreadsheetml.sheet)
2026-08-07 22:30:36 [INFO]   找到檔案：排班統計表20260808-台北.xlsx (application/vnd.openxmlformats-officedocument.spreadsheetml.sheet)
2026-08-07 22:30:36 [INFO]   找到檔案：排班統計表20260907-台中.xlsx_temp_1786113620 (application/vnd.google-apps.spreadsheet)
2026-08-07 22:30:36 [INFO]   找到檔案：排班統計表20260907-台中.xlsx_temp_1786113620 (application/vnd.google-apps.spreadsheet)
2026-08-07 22:30:36 [INFO]   找到檔案：排班統計表20260807-台中.xlsx_temp_1786113605 (application/vnd.google-apps.spreadsheet)
2026-08-07 22:30:36 [INFO]   找到檔案：排班統計表20260807-台中.xlsx_temp_1786113599 (application/vnd.google-apps.spreadsheet)
2026-08-07 22:30:36 [INFO]   找到檔案：排班統計表20260907-台北.xlsx_temp_1786113596 (application/vnd.google-apps.spreadsheet)
2026-08-07 22:30:36 [INFO]   找到檔案：排班統計表20260907-台北.xlsx_temp_1786113591 (application/vnd.google-apps.spreadsheet)
2026-08-07 22:30:36 [INFO]   找到檔案：排班統計表20260807-台北.xlsx_temp_1786113589 (application/vnd.google-apps.spreadsheet)
2026-08-07 22:30:36 [INFO]   找到檔案：排班統計表20260807-台北.xlsx_temp_1786113582 (application/vnd.google-apps.spreadsheet)
2026-08-07 22:30:36 [INFO]   找到檔案：排班統計表20260907-台中.xlsx (application/vnd.openxmlformats-officedocument.spreadsheetml.sheet)
2026-08-07 22:30:36 [INFO]   找到檔案：排班統計表20260807-台中.xlsx (application/vnd.openxmlformats-officedocument.spreadsheetml.sheet)
2026-08-07 22:30:36 [INFO]   找到檔案：排班統計表20260907-台北.xlsx (application/vnd.openxmlformats-officedocument.spreadsheetml.sheet)
2026-08-07 22:30:36 [INFO]   找到檔案：排班統計表20260807-台北.xlsx (application/vnd.openxmlformats-officedocument.spreadsheetml.sheet)
2026-08-07 22:30:36 [INFO]   找到檔案：排班統計表20260906-台中 (application/vnd.google-apps.spreadsheet)
2026-08-07 22:30:36 [INFO]   找到檔案：排班統計表20260906-台北 (application/vnd.google-apps.spreadsheet)
2026-08-07 22:30:36 [INFO]   找到檔案：排班統計表20260806-台中 (application/vnd.google-apps.spreadsheet)
2026-08-07 22:30:36 [INFO]   找到檔案：排班統計表20260806-台北 (application/vnd.google-apps.spreadsheet)
2026-08-07 22:30:36 [INFO]   找到檔案：排班統計表20260906-台中.xlsx_temp_1785967347 (application/vnd.google-apps.spreadsheet)
2026-08-07 22:30:36 [INFO]   找到檔案：排班統計表20260806-台中.xlsx_temp_1785967330 (application/vnd.google-apps.spreadsheet)
2026-08-07 22:30:36 [INFO]   找到檔案：排班統計表20260906-台北.xlsx_temp_1785967323 (application/vnd.google-apps.spreadsheet)
2026-08-07 22:30:36 [INFO]   找到檔案：排班統計表20260806-台北.xlsx_temp_1785967315 (application/vnd.google-apps.spreadsheet)
2026-08-07 22:30:36 [INFO]   找到檔案：排班統計表20260906-台中.xlsx (application/vnd.openxmlformats-officedocument.spreadsheetml.sheet)
2026-08-07 22:30:36 [INFO]   找到檔案：排班統計表20260806-台中.xlsx (application/vnd.openxmlformats-officedocument.spreadsheetml.sheet)
2026-08-07 22:30:36 [INFO]   找到檔案：排班統計表20260906-台北.xlsx (application/vnd.openxmlformats-officedocument.spreadsheetml.sheet)
2026-08-07 22:30:36 [INFO]   找到檔案：排班統計表20260806-台北.xlsx (application/vnd.openxmlformats-officedocument.spreadsheetml.sheet)
2026-08-07 22:30:36 [INFO]   找到檔案：排班統計表20260805-台中 (application/vnd.google-apps.spreadsheet)
2026-08-07 22:30:36 [INFO]   找到檔案：排班統計表20260805-台中 (application/vnd.google-apps.spreadsheet)
2026-08-07 22:30:36 [INFO]   找到檔案：排班統計表20260805-台北 (application/vnd.google-apps.spreadsheet)
2026-08-07 22:30:36 [INFO]   找到檔案：排班統計表20260905-台中.xlsx (application/vnd.openxmlformats-officedocument.spreadsheetml.sheet)
2026-08-07 22:30:36 [INFO]   找到檔案：排班統計表20260805-台中.xlsx (application/vnd.openxmlformats-officedocument.spreadsheetml.sheet)
2026-08-07 22:30:36 [INFO]   找到檔案：排班統計表20260905-台北.xlsx (application/vnd.openxmlformats-officedocument.spreadsheetml.sheet)
2026-08-07 22:30:36 [INFO]   找到檔案：排班統計表20260805-台北.xlsx (application/vnd.openxmlformats-officedocument.spreadsheetml.sheet)
2026-08-07 22:30:36 [INFO]   找到檔案：排班統計表20260905-台中 (application/vnd.google-apps.spreadsheet)
2026-08-07 22:30:36 [INFO]   找到檔案：排班統計表20260905-台北 (application/vnd.google-apps.spreadsheet)
2026-08-07 22:30:36 [INFO]   找到檔案：排班統計表20260905-台中.xlsx_temp_1785880860 (application/vnd.google-apps.spreadsheet)
2026-08-07 22:30:36 [INFO]   找到檔案：排班統計表20260905-台北.xlsx_temp_1785880841 (application/vnd.google-apps.spreadsheet)
2026-08-07 22:30:36 [INFO]   找到檔案：排班統計表20260902-台中 (application/vnd.google-apps.spreadsheet)
2026-08-07 22:30:36 [INFO]   找到檔案：排班統計表20260902-台中 (application/vnd.google-apps.spreadsheet)
2026-08-07 22:30:36 [INFO]   找到檔案：排班統計表20260902-台北 (application/vnd.google-apps.spreadsheet)
2026-08-07 22:30:36 [INFO]   找到檔案：排班統計表20260902-台北 (application/vnd.google-apps.spreadsheet)
2026-08-07 22:30:36 [INFO]   找到檔案：排班統計表20260903-台中 (application/vnd.google-apps.spreadsheet)
2026-08-07 22:30:36 [INFO]   找到檔案：排班統計表20260903-台中 (application/vnd.google-apps.spreadsheet)
2026-08-07 22:30:36 [INFO]   找到檔案：排班統計表20260903-台北 (application/vnd.google-apps.spreadsheet)
2026-08-07 22:30:36 [INFO]   找到檔案：排班統計表20260903-台北 (application/vnd.google-apps.spreadsheet)
2026-08-07 22:30:36 [INFO]   找到檔案：排班統計表20260904-台中 (application/vnd.google-apps.spreadsheet)
2026-08-07 22:30:36 [INFO]   找到檔案：排班統計表20260904-台北 (application/vnd.google-apps.spreadsheet)
2026-08-07 22:30:36 [INFO]   找到檔案：排班統計表20260904-台北 (application/vnd.google-apps.spreadsheet)
2026-08-07 22:30:36 [INFO]   找到檔案：排班統計表20260904-台北 (application/vnd.google-apps.spreadsheet)
2026-08-07 22:30:36 [INFO]   找到檔案：排班統計表20260904-台中.xlsx_temp_1785806608 (application/vnd.google-apps.spreadsheet)
2026-08-07 22:30:36 [INFO]   找到檔案：排班統計表20260904-台中.xlsx_temp_1785806608 (application/vnd.google-apps.spreadsheet)
2026-08-07 22:30:36 [INFO]   找到檔案：排班統計表20260904-台北.xlsx_temp_1785806585 (application/vnd.google-apps.spreadsheet)
2026-08-07 22:30:36 [INFO]   找到檔案：排班統計表20260904-台北.xlsx_temp_1785806587 (application/vnd.google-apps.spreadsheet)
2026-08-07 22:30:36 [INFO]   找到檔案：排班統計表20260904-台中.xlsx_temp_1785794161 (application/vnd.google-apps.spreadsheet)
2026-08-07 22:30:36 [INFO]   找到檔案：排班統計表20260904-台北.xlsx_temp_1785794143 (application/vnd.google-apps.spreadsheet)
2026-08-07 22:30:36 [INFO]   找到檔案：排班統計表20260904-台中.xlsx (application/vnd.openxmlformats-officedocument.spreadsheetml.sheet)
2026-08-07 22:30:36 [INFO]   找到檔案：排班統計表20260904-台北.xlsx (application/vnd.openxmlformats-officedocument.spreadsheetml.sheet)
2026-08-07 22:30:36 [INFO]   找到檔案：排班統計表20260903-台中.xlsx (application/vnd.openxmlformats-officedocument.spreadsheetml.sheet)
2026-08-07 22:30:36 [INFO]   找到檔案：排班統計表20260903-台北.xlsx (application/vnd.openxmlformats-officedocument.spreadsheetml.sheet)
2026-08-07 22:30:36 [INFO]   找到檔案：排班統計表20260902-台中.xlsx_temp_1785620621 (application/vnd.google-apps.spreadsheet)
2026-08-07 22:30:36 [INFO]   找到檔案：排班統計表20260902-台北.xlsx_temp_1785620597 (application/vnd.google-apps.spreadsheet)
2026-08-07 22:30:36 [INFO]   找到檔案：排班統計表20260902-台中.xlsx (application/vnd.openxmlformats-officedocument.spreadsheetml.sheet)
2026-08-07 22:30:36 [INFO]   找到檔案：排班統計表20260902-台北.xlsx (application/vnd.openxmlformats-officedocument.spreadsheetml.sheet)
2026-08-07 22:30:36 [INFO]   找到檔案：排班統計表20260901-台中 (application/vnd.google-apps.spreadsheet)
2026-08-07 22:30:36 [INFO]   找到檔案：排班統計表20260901-台北 (application/vnd.google-apps.spreadsheet)
2026-08-07 22:30:36 [INFO]   找到檔案：排班統計表20260901-台中.xlsx_temp_1785534867 (application/vnd.google-apps.spreadsheet)
2026-08-07 22:30:36 [INFO]   找到檔案：排班統計表20260901-台北.xlsx_temp_1785534848 (application/vnd.google-apps.spreadsheet)
2026-08-07 22:30:36 [INFO]   找到檔案：排班統計表20260901-台中.xlsx (application/vnd.openxmlformats-officedocument.spreadsheetml.sheet)
2026-08-07 22:30:36 [INFO]   找到檔案：排班統計表20260901-台北.xlsx (application/vnd.openxmlformats-officedocument.spreadsheetml.sheet)
2026-08-07 22:30:36 [INFO] 排班檔確認 OK：{'202608': {'taipei': '排班統計表20260808-台北.xlsx', 'taichung': '排班統計表20260808-台中.xlsx'}, '202609': {'taipei': '排班統計表20260908-台北.xlsx', 'taichung': '排班統計表20260908-台中.xlsx'}}
2026-08-07 22:30:37 [INFO]   匯入：排班統計表20260808-台北.xlsx
2026-08-07 22:30:37 [INFO]   xlsx → Google Sheets：排班統計表20260808-台北
2026-08-07 22:30:37 [INFO] file_cache is only supported with oauth2client<4.0.0
2026-08-07 22:30:41 [INFO]   轉換完成，新 Google Sheets ID：1783pvcKJttMKfVcUzHlFdgXydmEQh80v7xb167flUIU
2026-08-07 22:30:42 [INFO]   匯入：排班統計表20260808-台中.xlsx
2026-08-07 22:30:42 [INFO]   xlsx → Google Sheets：排班統計表20260808-台中
2026-08-07 22:30:42 [INFO] file_cache is only supported with oauth2client<4.0.0
2026-08-07 22:30:47 [INFO]   轉換完成，新 Google Sheets ID：1YKb3_twAZTwACLSQPqj2EJsJwF3C9TSQwkzk2tzzLX0
2026-08-07 22:30:48 [INFO]   → 寫入 77 列（起始 R3C7）
2026-08-07 22:30:48 [INFO]   → 寫入 16 列（起始 R3C82）
2026-08-07 22:30:48 [INFO]   匯入：排班統計表20260908-台北.xlsx
2026-08-07 22:30:48 [INFO]   xlsx → Google Sheets：排班統計表20260908-台北
2026-08-07 22:30:49 [INFO] file_cache is only supported with oauth2client<4.0.0
2026-08-07 22:30:53 [INFO]   轉換完成，新 Google Sheets ID：1uaOy2ixSJ18WFkp6h0a9_mdcU5-EZKw-Rmp8zI_X4JM
2026-08-07 22:30:53 [INFO]   匯入：排班統計表20260908-台中.xlsx
2026-08-07 22:30:53 [INFO]   xlsx → Google Sheets：排班統計表20260908-台中
2026-08-07 22:30:53 [INFO] file_cache is only supported with oauth2client<4.0.0
2026-08-07 22:30:58 [INFO]   轉換完成，新 Google Sheets ID：1Nk6tU25SthWCCxZ0B-OJfJhJMZ5olIn15xnBS-7rxww
2026-08-07 22:30:59 [INFO]   → 寫入 52 列（起始 R3C22）
2026-08-07 22:30:59 [INFO]   → 寫入 8 列（起始 R3C97）
2026-08-07 22:31:00 [INFO] Step 1 完成（24.8s）
2026-08-07 22:31:01 [INFO] === 全部完成 run_id=8f41247f（25.8s）===
