📋 log_spreadsheet_id 已從設定檔載入
📝 外場排程打卡：外場排班統計表 / running
Command: /opt/hostedtoolcache/Python/3.11.16/x64/bin/python -u -m tools.field_management.schedule_stats --date 20260920 --system-name 外場排程系統 --run-type 排程
[2026-09-20 07:47:48] 開始處理排班統計表：20260920排班統計表-台北
🔄 Jenny OAuth 已將來源 Excel 轉成暫存 Google Sheet：12aOB53XJvaTJwWMjbJDN-SK0jWAlgjkSASk01mRGJ6s
🗑️ 已刪除來源暫存 Google Sheet：12aOB53XJvaTJwWMjbJDN-SK0jWAlgjkSASk01mRGJ6s
[2026-09-20 07:47:53] 完成：20260920排班統計表-台北.xlsx → 2026排班統計表!DJ4 / rows=80
[2026-09-20 07:47:55] 開始處理排班統計表：20261020排班統計表-台北
🔄 Jenny OAuth 已將來源 Excel 轉成暫存 Google Sheet：1JN5-5VUhartS0FW2jiY16yQwPTMvBWQkq-oxs2cOMN8
🗑️ 已刪除來源暫存 Google Sheet：1JN5-5VUhartS0FW2jiY16yQwPTMvBWQkq-oxs2cOMN8
[2026-09-20 07:47:58] 完成：20261020排班統計表-台北.xlsx → 2026排班統計表!DV4 / rows=62
[2026-09-20 07:48:00] 開始處理排班統計表：20260920排班統計表-台中
🔄 Jenny OAuth 已將來源 Excel 轉成暫存 Google Sheet：1PaRTfkbwn0DKZqdoRmRXNQGdpl7Dr8ZPYO72Gg8QyzM
🗑️ 已刪除來源暫存 Google Sheet：1PaRTfkbwn0DKZqdoRmRXNQGdpl7Dr8ZPYO72Gg8QyzM
[2026-09-20 07:48:04] 完成：20260920排班統計表-台中.xlsx → 2026排班統計表!DJ4 / rows=13
[2026-09-20 07:48:06] 開始處理排班統計表：20261020排班統計表-台中
🔄 Jenny OAuth 已將來源 Excel 轉成暫存 Google Sheet：19xBmFXtd67YJcLBps88va7YlcUllxLrN-JMeTm5Lr7o
🗑️ 已刪除來源暫存 Google Sheet：19xBmFXtd67YJcLBps88va7YlcUllxLrN-JMeTm5Lr7o
[2026-09-20 07:48:09] 完成：20261020排班統計表-台中.xlsx → 2026排班統計表!DV4 / rows=9
[2026-09-20 07:48:10] schedule_stats.py 全部完成

📝 外場排程打卡：外場排班統計表 / success
field_management scheduler 全部完成
