開始執行：專員個資
⚠️ 一鍵日排程 secrets TOML 注入失敗：No secrets found. Valid paths for a secrets.toml file or secret directories are: /home/runner/.streamlit/secrets.toml, /home/runner/work/tool-system/tool-system/.streamlit/secrets.toml
⚠️ 一鍵日排程 secrets env 注入失敗：No secrets found. Valid paths for a secrets.toml file or secret directories are: /home/runner/.streamlit/secrets.toml, /home/runner/work/tool-system/tool-system/.streamlit/secrets.toml
OAuth env ready = True
OAuth bootstrap forced = True
Command: Python bootstrap -> /home/runner/work/tool-system/tool-system/tools/scheduled_daily/staff_info.py
[2026-09-20 03:25:40] ====================================================
[2026-09-20 03:25:40] staff_info.py 開始執行
[2026-09-20 03:25:40] GITHUB_ACTIONS = true
[2026-09-20 03:25:40] PWD = /home/runner/work/tool-system/tool-system
[2026-09-20 03:25:40] LOCAL_OUTPUT_DIR = /Users/jenny/Library/CloudStorage/GoogleDrive-jenny@lemonclean.com.tw/我的雲端硬碟/lemon_Jenny/Jenny@lemon程式/專員個資
[2026-09-20 03:25:40] LOCAL_OUTPUT_DIR exists = False
[2026-09-20 03:25:40] can_use_local_output_dir = False
[2026-09-20 03:25:40] root folder_id = 11O6eKHQ1e3Irqps7Kq1XJOSVVge3pCAc
[2026-09-20 03:25:40] ====================================================
[2026-09-20 03:25:40] Google Drive 初始化成功
[2026-09-20 03:25:40] 📁 使用既有資料夾：專員個資
[2026-09-20 03:25:40] today_stamp = 20260920
[2026-09-20 03:25:40] 專員個資 folder_id = 1v1Er8oC3BEAWHbBrDq3SUpjEDwHIuK0f
[2026-09-20 03:25:40] 帳號數量 = 2
[2026-09-20 03:25:40] 
[2026-09-20 03:25:40] === 開始處理 台北 ===
[2026-09-20 03:25:40] 開始登入：jenny@lemonclean.com.tw
[2026-09-20 03:25:42] 登入成功：jenny@lemonclean.com.tw
[2026-09-20 03:25:42] 開始下載：city=台北 / filename=20260920專員個資-台北.xlsx
[2026-09-20 03:25:44] ✅ 已下載到暫存：/tmp/tmpcmg80xk4/20260920專員個資-台北.xlsx
[2026-09-20 03:25:44] 📦 檔案大小：228352 bytes
[2026-09-20 03:25:44] 📂 暫存目錄存在：True
[2026-09-20 03:25:44] 📄 暫存檔案存在：True
[2026-09-20 03:25:44] 目前不是 Jenny 本機環境，略過本機存檔
[2026-09-20 03:25:44] Google Drive 初始化成功
[2026-09-20 03:25:44] 準備上傳到 Google Drive：20260920專員個資-台北.xlsx
[2026-09-20 03:25:47] ☁️ 已上傳新檔：20260920專員個資-台北.xlsx (file_id=11mFUJZHzpuFbS_KYS23ha7LJMvfFp_Aq) https://docs.google.com/spreadsheets/d/11mFUJZHzpuFbS_KYS23ha7LJMvfFp_Aq/edit?usp=drivesdk&ouid=101667783075862487943&rtpof=true&sd=true
[2026-09-20 03:25:47] ✅ 完成處理：20260920專員個資-台北.xlsx
[2026-09-20 03:25:47] ✅ 台北 全部完成
[2026-09-20 03:25:47] 
[2026-09-20 03:25:47] === 開始處理 台中 ===
[2026-09-20 03:25:47] 開始登入：jenny.tc@lemonclean.com.tw
[2026-09-20 03:25:48] 登入成功：jenny.tc@lemonclean.com.tw
[2026-09-20 03:25:48] 開始下載：city=台中 / filename=20260920專員個資-台中.xlsx
[2026-09-20 03:25:48] ✅ 已下載到暫存：/tmp/tmpz52h6n3l/20260920專員個資-台中.xlsx
[2026-09-20 03:25:48] 📦 檔案大小：59904 bytes
[2026-09-20 03:25:48] 📂 暫存目錄存在：True
[2026-09-20 03:25:48] 📄 暫存檔案存在：True
[2026-09-20 03:25:48] 目前不是 Jenny 本機環境，略過本機存檔
[2026-09-20 03:25:48] Google Drive 初始化成功
[2026-09-20 03:25:48] 準備上傳到 Google Drive：20260920專員個資-台中.xlsx
[2026-09-20 03:25:50] ☁️ 已上傳新檔：20260920專員個資-台中.xlsx (file_id=1iQ-DAX-giIpA6z-xbqq5pSzTYpB-vEUd) https://docs.google.com/spreadsheets/d/1iQ-DAX-giIpA6z-xbqq5pSzTYpB-vEUd/edit?usp=drivesdk&ouid=101667783075862487943&rtpof=true&sd=true
[2026-09-20 03:25:50] ✅ 完成處理：20260920專員個資-台中.xlsx
[2026-09-20 03:25:50] ✅ 台中 全部完成
[2026-09-20 03:25:50] 🎉 staff_info.py 全部完成

完成執行：專員個資
scheduled_daily scheduler 全部完成
