📋 log_spreadsheet_id 已從設定檔載入
📝 外場排程打卡：外場排班統計表 / running
Command: /opt/hostedtoolcache/Python/3.11.16/x64/bin/python -u -m tools.field_management.schedule_stats --date 20260912 --system-name 外場排程系統 --run-type 排程
[2026-09-12 07:41:52] 開始處理排班統計表：20260912排班統計表-台北
🔄 Jenny OAuth 已將來源 Excel 轉成暫存 Google Sheet：1rmrCANwCrXjC_p3tjgkm9pBfhIcbTSrMm0OwuxGrZEQ
🗑️ 已刪除來源暫存 Google Sheet：1rmrCANwCrXjC_p3tjgkm9pBfhIcbTSrMm0OwuxGrZEQ
[2026-09-12 07:42:01] 完成：20260912排班統計表-台北.xlsx → 2026排班統計表!DJ4 / rows=78
[2026-09-12 07:42:05] 開始處理排班統計表：20261012排班統計表-台北
🔄 Jenny OAuth 已將來源 Excel 轉成暫存 Google Sheet：197t2cQeozK8STwFoGj1xHRQBSGPMSi0LsTTJ10KUVC4
🗑️ 已刪除來源暫存 Google Sheet：197t2cQeozK8STwFoGj1xHRQBSGPMSi0LsTTJ10KUVC4
[2026-09-12 07:42:13] 完成：20261012排班統計表-台北.xlsx → 2026排班統計表!DV4 / rows=61
[2026-09-12 07:42:14] 開始處理排班統計表：20260912排班統計表-台中
🔄 Jenny OAuth 已將來源 Excel 轉成暫存 Google Sheet：1Tr3E2whzNjKcltMAtsQ2mAWaZNu-Mf5H1r1x6FRunkg
🗑️ 已刪除來源暫存 Google Sheet：1Tr3E2whzNjKcltMAtsQ2mAWaZNu-Mf5H1r1x6FRunkg
[2026-09-12 07:42:25] 完成：20260912排班統計表-台中.xlsx → 2026排班統計表!DJ4 / rows=13
[2026-09-12 07:42:27] 開始處理排班統計表：20261012排班統計表-台中
🔄 Jenny OAuth 已將來源 Excel 轉成暫存 Google Sheet：1M3BH_lgO-RwdOdYmj7iM70Ged84U9mDPL7G50NgmC7Q
🗑️ 已刪除來源暫存 Google Sheet：1M3BH_lgO-RwdOdYmj7iM70Ged84U9mDPL7G50NgmC7Q
[2026-09-12 07:42:35] 完成：20261012排班統計表-台中.xlsx → 2026排班統計表!DV4 / rows=9
[2026-09-12 07:42:37] schedule_stats.py 全部完成

📝 外場排程打卡：外場排班統計表 / success
field_management scheduler 全部完成
