開始執行：專員班表
⚠️ 一鍵日排程 secrets TOML 注入失敗：No secrets found. Valid paths for a secrets.toml file or secret directories are: /home/runner/.streamlit/secrets.toml, /home/runner/work/tool-system/tool-system/.streamlit/secrets.toml
⚠️ 一鍵日排程 secrets env 注入失敗：No secrets found. Valid paths for a secrets.toml file or secret directories are: /home/runner/.streamlit/secrets.toml, /home/runner/work/tool-system/tool-system/.streamlit/secrets.toml
OAuth env ready = True
OAuth bootstrap forced = True
Command: Python bootstrap -> /home/runner/work/tool-system/tool-system/tools/scheduled_daily/staff_schedule.py
[2026-09-12 03:37:22] ====================================================
[2026-09-12 03:37:22] staff_schedule.py 開始執行
[2026-09-12 03:37:22] GITHUB_ACTIONS = true
[2026-09-12 03:37:22] PWD = /home/runner/work/tool-system/tool-system
[2026-09-12 03:37:22] LOCAL_OUTPUT_DIR = /Users/jenny/Library/CloudStorage/GoogleDrive-jenny@lemonclean.com.tw/我的雲端硬碟/lemon_Jenny/Jenny@lemon程式/專員班表
[2026-09-12 03:37:22] LOCAL_OUTPUT_DIR exists = False
[2026-09-12 03:37:22] can_use_local_output_dir = False
[2026-09-12 03:37:22] root folder_id = 11O6eKHQ1e3Irqps7Kq1XJOSVVge3pCAc
[2026-09-12 03:37:22] ====================================================
[2026-09-12 03:37:22] Google Drive 初始化成功
[2026-09-12 03:37:23] 📁 使用既有資料夾：專員班表
[2026-09-12 03:37:23] this_month = 2026-09
[2026-09-12 03:37:23] next_month = 2026-10
[2026-09-12 03:37:23] this_date = 20260912
[2026-09-12 03:37:23] next_date = 20261012
[2026-09-12 03:37:23] 專員班表 folder_id = 1V2AUNsT_jzQWawmnBNU_u-e7odYviwEk
[2026-09-12 03:37:23] 帳號數量 = 2
[2026-09-12 03:37:23] 
[2026-09-12 03:37:23] === 開始處理 台北 ===
[2026-09-12 03:37:23] 開始登入：jenny@lemonclean.com.tw
[2026-09-12 03:37:24] 登入成功：jenny@lemonclean.com.tw
[2026-09-12 03:37:24] 開始下載：city=台北 / month=2026-09 / filename=20260912專員班表-台北.xls
[2026-09-12 03:37:27] ✅ 已下載到暫存：/tmp/tmpmkhkzfu7/20260912專員班表-台北.xls
[2026-09-12 03:37:27] 📦 檔案大小：138240 bytes
[2026-09-12 03:37:27] 📂 暫存目錄存在：True
[2026-09-12 03:37:27] 📄 暫存檔案存在：True
[2026-09-12 03:37:27] 目前不是 Jenny 本機環境，略過本機存檔
[2026-09-12 03:37:27] Google Drive 初始化成功
[2026-09-12 03:37:27] 準備上傳到 Google Drive：20260912專員班表-台北.xls
[2026-09-12 03:37:30] ☁️ 已上傳新檔：20260912專員班表-台北.xls (file_id=1g2CQNGtQ9GK73h00J20cVsweo9tbeaTK) https://docs.google.com/spreadsheets/d/1g2CQNGtQ9GK73h00J20cVsweo9tbeaTK/edit?usp=drivesdk&ouid=101667783075862487943&rtpof=true&sd=true
[2026-09-12 03:37:30] ✅ 完成處理：20260912專員班表-台北.xls
[2026-09-12 03:37:30] 開始下載：city=台北 / month=2026-10 / filename=20261012專員班表-台北.xls
[2026-09-12 03:37:33] ✅ 已下載到暫存：/tmp/tmp71gaxafo/20261012專員班表-台北.xls
[2026-09-12 03:37:33] 📦 檔案大小：104960 bytes
[2026-09-12 03:37:33] 📂 暫存目錄存在：True
[2026-09-12 03:37:33] 📄 暫存檔案存在：True
[2026-09-12 03:37:33] 目前不是 Jenny 本機環境，略過本機存檔
[2026-09-12 03:37:33] Google Drive 初始化成功
[2026-09-12 03:37:33] 準備上傳到 Google Drive：20261012專員班表-台北.xls
[2026-09-12 03:37:36] ☁️ 已上傳新檔：20261012專員班表-台北.xls (file_id=1wahYs48nbP69ZatTb8e28um7OLBEVqDt) https://docs.google.com/spreadsheets/d/1wahYs48nbP69ZatTb8e28um7OLBEVqDt/edit?usp=drivesdk&ouid=101667783075862487943&rtpof=true&sd=true
[2026-09-12 03:37:36] ✅ 完成處理：20261012專員班表-台北.xls
[2026-09-12 03:37:36] ✅ 台北 全部完成
[2026-09-12 03:37:36] 
[2026-09-12 03:37:36] === 開始處理 台中 ===
[2026-09-12 03:37:36] 開始登入：jenny.tc@lemonclean.com.tw
[2026-09-12 03:37:37] 登入成功：jenny.tc@lemonclean.com.tw
[2026-09-12 03:37:37] 開始下載：city=台中 / month=2026-09 / filename=20260912專員班表-台中.xls
[2026-09-12 03:37:38] ✅ 已下載到暫存：/tmp/tmpz7x3c9al/20260912專員班表-台中.xls
[2026-09-12 03:37:38] 📦 檔案大小：23552 bytes
[2026-09-12 03:37:38] 📂 暫存目錄存在：True
[2026-09-12 03:37:38] 📄 暫存檔案存在：True
[2026-09-12 03:37:38] 目前不是 Jenny 本機環境，略過本機存檔
[2026-09-12 03:37:38] Google Drive 初始化成功
[2026-09-12 03:37:38] 準備上傳到 Google Drive：20260912專員班表-台中.xls
[2026-09-12 03:37:40] ☁️ 已上傳新檔：20260912專員班表-台中.xls (file_id=1Mz7n_mxz1olEZ5-HNL9BTk7b2fHqaFGt) https://docs.google.com/spreadsheets/d/1Mz7n_mxz1olEZ5-HNL9BTk7b2fHqaFGt/edit?usp=drivesdk&ouid=101667783075862487943&rtpof=true&sd=true
[2026-09-12 03:37:40] ✅ 完成處理：20260912專員班表-台中.xls
[2026-09-12 03:37:40] 開始下載：city=台中 / month=2026-10 / filename=20261012專員班表-台中.xls
[2026-09-12 03:37:41] ✅ 已下載到暫存：/tmp/tmpmdkevvms/20261012專員班表-台中.xls
[2026-09-12 03:37:41] 📦 檔案大小：24064 bytes
[2026-09-12 03:37:41] 📂 暫存目錄存在：True
[2026-09-12 03:37:41] 📄 暫存檔案存在：True
[2026-09-12 03:37:41] 目前不是 Jenny 本機環境，略過本機存檔
[2026-09-12 03:37:41] Google Drive 初始化成功
[2026-09-12 03:37:41] 準備上傳到 Google Drive：20261012專員班表-台中.xls
[2026-09-12 03:37:43] ☁️ 已上傳新檔：20261012專員班表-台中.xls (file_id=1vQ2V4HzOA2du520VGiScLFLUTQwJ456F) https://docs.google.com/spreadsheets/d/1vQ2V4HzOA2du520VGiScLFLUTQwJ456F/edit?usp=drivesdk&ouid=101667783075862487943&rtpof=true&sd=true
[2026-09-12 03:37:43] ✅ 完成處理：20261012專員班表-台中.xls
[2026-09-12 03:37:43] ✅ 台中 全部完成
[2026-09-12 03:37:43] 🎉 staff_schedule.py 全部完成

完成執行：專員班表
scheduled_daily scheduler 全部完成
