📋 log_spreadsheet_id 已從設定檔載入
📝 外場排程打卡：外場專員個資 / running
Command: /opt/hostedtoolcache/Python/3.11.16/x64/bin/python -u -m tools.field_management.staff_profile --date 20261005 --system-name 外場排程系統 --run-type 排程
[2026-10-05 06:03:51] 開始處理專員個資：20261005專員個資-台北
🔄 Jenny OAuth 已將來源 Excel 轉成暫存 Google Sheet：1fmxq2fK1VezLjAdg1dm-OufBU2EeIeF4M5CNdiDtN-U
🗑️ 已刪除來源暫存 Google Sheet：1fmxq2fK1VezLjAdg1dm-OufBU2EeIeF4M5CNdiDtN-U
[2026-10-05 06:04:00] 完成專員個資：20261005專員個資-台北.xlsx → 專員個人資料!A4:C / rows=93
[2026-10-05 06:04:02] 開始處理訂單截取：20261005訂單-台北
🔄 Jenny OAuth 已將來源 Excel 轉成暫存 Google Sheet：1LJ08Cw8yBt8RvkiR_TC8LS9M2-hVyQTv5wexx0RtxOM
🗑️ 已刪除來源暫存 Google Sheet：1LJ08Cw8yBt8RvkiR_TC8LS9M2-hVyQTv5wexx0RtxOM
[2026-10-05 06:04:16] 完成訂單截取：20261005訂單-台北.xls → 專員個人資料!G1:N / rows=750
[2026-10-05 06:04:18] 開始處理專員個資：20261005專員個資-台中
🔄 Jenny OAuth 已將來源 Excel 轉成暫存 Google Sheet：1GPk-GMKEloJOHkbjb7HNV-riDIHyzbUAo1FTx7omXXc
🗑️ 已刪除來源暫存 Google Sheet：1GPk-GMKEloJOHkbjb7HNV-riDIHyzbUAo1FTx7omXXc
[2026-10-05 06:04:25] 完成專員個資：20261005專員個資-台中.xlsx → 專員個人資料!A4:C / rows=16
[2026-10-05 06:04:26] 開始處理訂單截取：20261005訂單-台中
🔄 Jenny OAuth 已將來源 Excel 轉成暫存 Google Sheet：1Gqt0QTLZxekCVPHK1Thr7XUmFjeGeetu_YU-Qpc6wJM
🗑️ 已刪除來源暫存 Google Sheet：1Gqt0QTLZxekCVPHK1Thr7XUmFjeGeetu_YU-Qpc6wJM
[2026-10-05 06:04:34] 完成訂單截取：20261005訂單-台中.xls → 專員個人資料!G1:N / rows=44
[2026-10-05 06:04:35] staff_profile.py 全部完成

📝 外場排程打卡：外場專員個資 / success
field_management scheduler 全部完成
