開始執行：排班統計表
⚠️ 一鍵日排程 secrets TOML 注入失敗：No secrets found. Valid paths for a secrets.toml file or secret directories are: /home/runner/.streamlit/secrets.toml, /home/runner/work/tool-system/tool-system/.streamlit/secrets.toml
⚠️ 一鍵日排程 secrets env 注入失敗：No secrets found. Valid paths for a secrets.toml file or secret directories are: /home/runner/.streamlit/secrets.toml, /home/runner/work/tool-system/tool-system/.streamlit/secrets.toml
OAuth env ready = True
OAuth bootstrap forced = True
Command: Python bootstrap -> /home/runner/work/tool-system/tool-system/tools/scheduled_daily/schedule_report.py
[2026-10-05 01:01:31] ====================================================
[2026-10-05 01:01:31] schedule_report.py 開始執行
[2026-10-05 01:01:31] GITHUB_ACTIONS = true
[2026-10-05 01:01:31] PWD = /home/runner/work/tool-system/tool-system
[2026-10-05 01:01:31] LOCAL_OUTPUT_DIR = /Users/jenny/Library/CloudStorage/GoogleDrive-jenny@lemonclean.com.tw/.shortcut-targets-by-id/1zbu45AG1adMzz24HPdi_tLfh2Tncw_Br/排班統計表
[2026-10-05 01:01:31] LOCAL_OUTPUT_DIR exists = False
[2026-10-05 01:01:31] can_use_local_output_dir = False
[2026-10-05 01:01:31] root folder_id = 11O6eKHQ1e3Irqps7Kq1XJOSVVge3pCAc
[2026-10-05 01:01:31] ====================================================
[2026-10-05 01:01:31] Google Drive 初始化成功
[2026-10-05 01:01:32] 📁 使用既有資料夾：排班統計表
[2026-10-05 01:01:32] this_month = 2026-10
[2026-10-05 01:01:32] next_month = 2026-11
[2026-10-05 01:01:32] today_stamp = 20261005
[2026-10-05 01:01:32] next_month_stamp = 20261105
[2026-10-05 01:01:32] 排班統計表 folder_id = 18XDXdrCSsLYwSzz1Da9pQh-jGm2h2Ed8
[2026-10-05 01:01:32] 帳號數量 = 2
[2026-10-05 01:01:32] 
[2026-10-05 01:01:32] === 開始處理 台北 ===
[2026-10-05 01:01:32] 開始登入：jenny@lemonclean.com.tw
[2026-10-05 01:01:34] 登入成功：jenny@lemonclean.com.tw
[2026-10-05 01:01:34] 開始下載：month=2026-10 / filename=20261005排班統計表-台北.xlsx
[2026-10-05 01:01:35] ✅ 已下載到暫存：/tmp/tmp_ssy8ina/20261005排班統計表-台北.xlsx
[2026-10-05 01:01:35] 📦 檔案大小：17920 bytes
[2026-10-05 01:01:35] 📂 暫存目錄存在：True
[2026-10-05 01:01:35] 📄 暫存檔案存在：True
[2026-10-05 01:01:35] 目前不是 Jenny 本機環境，略過本機存檔
[2026-10-05 01:01:35] Google Drive 初始化成功
[2026-10-05 01:01:35] 準備上傳到 Google Drive：20261005排班統計表-台北.xlsx
[2026-10-05 01:01:36] ☁️ 已上傳新檔：20261005排班統計表-台北.xlsx (file_id=1HBKa47WeRNLuT0PsOXxdtKZK54ABsSWl) https://docs.google.com/spreadsheets/d/1HBKa47WeRNLuT0PsOXxdtKZK54ABsSWl/edit?usp=drivesdk&ouid=101667783075862487943&rtpof=true&sd=true
[2026-10-05 01:01:36] ✅ 完成處理：20261005排班統計表-台北.xlsx
[2026-10-05 01:01:36] 開始下載：month=2026-11 / filename=20261105排班統計表-台北.xlsx
[2026-10-05 01:01:37] ✅ 已下載到暫存：/tmp/tmpoyufyrv0/20261105排班統計表-台北.xlsx
[2026-10-05 01:01:37] 📦 檔案大小：10240 bytes
[2026-10-05 01:01:37] 📂 暫存目錄存在：True
[2026-10-05 01:01:37] 📄 暫存檔案存在：True
[2026-10-05 01:01:37] 目前不是 Jenny 本機環境，略過本機存檔
[2026-10-05 01:01:37] Google Drive 初始化成功
[2026-10-05 01:01:37] 準備上傳到 Google Drive：20261105排班統計表-台北.xlsx
[2026-10-05 01:01:39] ☁️ 已上傳新檔：20261105排班統計表-台北.xlsx (file_id=1GW5s8IW2RMRZitNTiBLyLAacCUmF1FAl) https://docs.google.com/spreadsheets/d/1GW5s8IW2RMRZitNTiBLyLAacCUmF1FAl/edit?usp=drivesdk&ouid=101667783075862487943&rtpof=true&sd=true
[2026-10-05 01:01:39] ✅ 完成處理：20261105排班統計表-台北.xlsx
[2026-10-05 01:01:39] ✅ 台北 全部完成
[2026-10-05 01:01:39] 
[2026-10-05 01:01:39] === 開始處理 台中 ===
[2026-10-05 01:01:39] 開始登入：jenny.tc@lemonclean.com.tw
[2026-10-05 01:01:40] 登入成功：jenny.tc@lemonclean.com.tw
[2026-10-05 01:01:40] 開始下載：month=2026-10 / filename=20261005排班統計表-台中.xlsx
[2026-10-05 01:01:40] ✅ 已下載到暫存：/tmp/tmps5bye9wz/20261005排班統計表-台中.xlsx
[2026-10-05 01:01:40] 📦 檔案大小：6144 bytes
[2026-10-05 01:01:40] 📂 暫存目錄存在：True
[2026-10-05 01:01:40] 📄 暫存檔案存在：True
[2026-10-05 01:01:40] 目前不是 Jenny 本機環境，略過本機存檔
[2026-10-05 01:01:40] Google Drive 初始化成功
[2026-10-05 01:01:40] 準備上傳到 Google Drive：20261005排班統計表-台中.xlsx
[2026-10-05 01:01:42] ☁️ 已上傳新檔：20261005排班統計表-台中.xlsx (file_id=1Dhsvz20631pSTNjpESQx0uoFzWwM8spT) https://docs.google.com/spreadsheets/d/1Dhsvz20631pSTNjpESQx0uoFzWwM8spT/edit?usp=drivesdk&ouid=101667783075862487943&rtpof=true&sd=true
[2026-10-05 01:01:42] ✅ 完成處理：20261005排班統計表-台中.xlsx
[2026-10-05 01:01:42] 開始下載：month=2026-11 / filename=20261105排班統計表-台中.xlsx
[2026-10-05 01:01:42] ✅ 已下載到暫存：/tmp/tmpfz92ij_j/20261105排班統計表-台中.xlsx
[2026-10-05 01:01:42] 📦 檔案大小：5120 bytes
[2026-10-05 01:01:42] 📂 暫存目錄存在：True
[2026-10-05 01:01:42] 📄 暫存檔案存在：True
[2026-10-05 01:01:42] 目前不是 Jenny 本機環境，略過本機存檔
[2026-10-05 01:01:42] Google Drive 初始化成功
[2026-10-05 01:01:42] 準備上傳到 Google Drive：20261105排班統計表-台中.xlsx
[2026-10-05 01:01:45] ☁️ 已上傳新檔：20261105排班統計表-台中.xlsx (file_id=1ueSq7WTlBoo4-bCtjEOhTddiYyU9mMqV) https://docs.google.com/spreadsheets/d/1ueSq7WTlBoo4-bCtjEOhTddiYyU9mMqV/edit?usp=drivesdk&ouid=101667783075862487943&rtpof=true&sd=true
[2026-10-05 01:01:45] ✅ 完成處理：20261105排班統計表-台中.xlsx
[2026-10-05 01:01:45] ✅ 台中 全部完成
[2026-10-05 01:01:45] 🎉 schedule_report.py 全部完成

完成執行：排班統計表
scheduled_daily scheduler 全部完成
