2026-10-04 22:02:16 [INFO] === 客服排程系統 run_id=09b27916 step=3 台北時間=2026-10-05 06:02:16 ===
2026-10-04 22:02:16 [INFO] 目標試算表 ID 來源：環境變數 SERVICE_TARGET_SPREADSHEET_ID
2026-10-04 22:02:16 [INFO] file_cache is only supported with oauth2client<4.0.0
2026-10-04 22:02:17 [WARNING] [主控表打卡失敗（非致命）] <HttpError 429 when requesting https://sheets.googleapis.com/v4/spreadsheets/1nNAXy6rvBnGR8ACnqKKzKNA4-UwZtZp47i806EPmR_8?fields=sheets%28properties%28sheetId%2Ctitle%29%29&alt=json returned "Quota exceeded for quota metric 'Read requests' and limit 'Read requests per minute per user' of service 'sheets.googleapis.com' for consumer 'project_number:1042663213860'.". Details: "[{'@type': 'type.googleapis.com/google.rpc.ErrorInfo', 'reason': 'RATE_LIMIT_EXCEEDED', 'domain': 'googleapis.com', 'metadata': {'quota_limit': 'ReadRequestsPerMinutePerUser', 'consumer': 'projects/1042663213860', 'quota_location': 'global', 'quota_unit': '1/min/{project}/{user}', 'window_start_time': '1791151278', 'service': 'sheets.googleapis.com', 'quota_limit_value': '60', 'quota_metric': 'sheets.googleapis.com/read_requests'}}, {'@type': 'type.googleapis.com/google.rpc.Help', 'links': [{'description': 'Request a higher quota limit.', 'url': 'https://cloud.google.com/docs/quotas/help/request_increase'}]}]">
2026-10-04 22:02:17 [WARNING] [執行檔打卡失敗（非致命）] APIError: [429]: Quota exceeded for quota metric 'Read requests' and limit 'Read requests per minute per user' of service 'sheets.googleapis.com' for consumer 'project_number:1042663213860'.
2026-10-04 22:02:17 [INFO] --- Step3_更新前一天營業分數及營業額 ---
2026-10-04 22:02:18 [INFO] 信件日期（台北時間）：2026-10-04
2026-10-04 22:02:18 [WARNING] 取得每日回報工作表 遇到 Sheets API 配額限制；15 秒後重試（1/4）：APIError: [429]: Quota exceeded for quota metric 'Read requests' and limit 'Read requests per minute per user' of service 'sheets.googleapis.com' for consumer 'project_number:1042663213860'.
2026-10-04 22:02:33 [WARNING] 取得每日回報工作表 遇到 Sheets API 配額限制；30 秒後重試（2/4）：APIError: [429]: Quota exceeded for quota metric 'Read requests' and limit 'Read requests per minute per user' of service 'sheets.googleapis.com' for consumer 'project_number:1042663213860'.
2026-10-04 22:03:12 [INFO]   [mail] text/plain 為空，fallback 到 text/html（2573 字元）
2026-10-04 22:03:16 [INFO]   近三日營業額-台北 → 選中 17:25:04（與17:25差4s）
2026-10-04 22:03:16 [INFO]   [debug] 行48 repr='2026-10-02：95分'
2026-10-04 22:03:16 [INFO]   [debug] 行49 repr='2026-10-03：10分'
2026-10-04 22:03:16 [INFO]   [debug] 行50 repr='2026-10-04：8分'
2026-10-04 22:03:16 [INFO]   [debug] 行51 repr='【家電清潔】日營業額'
2026-10-04 22:03:16 [INFO]   [debug] 行52 repr='2026-10-02：0分'
2026-10-04 22:03:16 [INFO]   [debug] 行53 repr='2026-10-03：0分'
2026-10-04 22:03:16 [INFO]   [debug] 行54 repr='2026-10-04：0分'
2026-10-04 22:03:16 [INFO]   [debug] 行55 repr='【儲值金】日營業額'
2026-10-04 22:03:24 [INFO]   [mail] text/plain 為空，fallback 到 text/html（934 字元）
2026-10-04 22:03:25 [INFO]   近三日營業額-台中 → 選中 17:25:07（與17:25差7s）
2026-10-04 22:03:25 [INFO]   [debug] 行22 repr='2026-10-02：2分'
2026-10-04 22:03:25 [INFO]   [debug] 行23 repr='2026-10-03：0分'
2026-10-04 22:03:25 [INFO]   [debug] 行24 repr='2026-10-04：0分'
2026-10-04 22:03:25 [INFO]   [debug] 行25 repr='【家電清潔】日營業額'
2026-10-04 22:03:25 [INFO]   [debug] 行26 repr='2026-10-02：0分'
2026-10-04 22:03:25 [INFO]   [debug] 行27 repr='2026-10-03：0分'
2026-10-04 22:03:25 [INFO]   [debug] 行28 repr='2026-10-04：0分'
2026-10-04 22:03:25 [INFO]   [debug] 行29 repr='【儲值金】日營業額'
2026-10-04 22:03:25 [INFO]   台北：{'daily_value': 8, 'total_count': 325, 'total_amount': 649400}
2026-10-04 22:03:25 [INFO]   台中：{'daily_value': 0, 'total_count': 12, 'total_amount': 24800}
2026-10-04 22:03:26 [INFO] Step 3 完成，row=2423（68.4s）
2026-10-04 22:03:27 [INFO] === 全部完成 run_id=09b27916（69.3s）===
