2026-10-04 22:01:21 [INFO] === 客服排程系統 run_id=91046bc0 step=1 台北時間=2026-10-05 06:01:21 ===
2026-10-04 22:01:21 [INFO] 目標試算表 ID 來源：環境變數 SERVICE_TARGET_SPREADSHEET_ID
2026-10-04 22:01:21 [INFO] file_cache is only supported with oauth2client<4.0.0
2026-10-04 22:01:35 [INFO] --- Step1_更新排班統計表 ---
2026-10-04 22:01:36 [INFO] file_cache is only supported with oauth2client<4.0.0
2026-10-04 22:01:36 [INFO] 本次視窗：202610 ~ 202611（共 2 個月）
2026-10-04 22:01:37 [INFO] Drive 資料夾找到 37 個檔案
2026-10-04 22:01:37 [INFO]   找到檔案：20261005排班統計表-台北.xlsx_temp_1791151290 (application/vnd.google-apps.spreadsheet)
2026-10-04 22:01:37 [INFO]   找到檔案：20261105排班統計表-台中.xlsx (application/vnd.openxmlformats-officedocument.spreadsheetml.sheet)
2026-10-04 22:01:37 [INFO]   找到檔案：20261005排班統計表-台中.xlsx (application/vnd.openxmlformats-officedocument.spreadsheetml.sheet)
2026-10-04 22:01:37 [INFO]   找到檔案：20261105排班統計表-台北.xlsx (application/vnd.openxmlformats-officedocument.spreadsheetml.sheet)
2026-10-04 22:01:37 [INFO]   找到檔案：20261005排班統計表-台北.xlsx (application/vnd.openxmlformats-officedocument.spreadsheetml.sheet)
2026-10-04 22:01:37 [INFO]   找到檔案：20261104排班統計表-台中 (application/vnd.google-apps.spreadsheet)
2026-10-04 22:01:37 [INFO]   找到檔案：20261104排班統計表-台北 (application/vnd.google-apps.spreadsheet)
2026-10-04 22:01:37 [INFO]   找到檔案：20261004排班統計表-台中 (application/vnd.google-apps.spreadsheet)
2026-10-04 22:01:37 [INFO]   找到檔案：20261004排班統計表-台北 (application/vnd.google-apps.spreadsheet)
2026-10-04 22:01:37 [INFO]   找到檔案：20261104排班統計表-台中.xlsx (application/vnd.openxmlformats-officedocument.spreadsheetml.sheet)
2026-10-04 22:01:37 [INFO]   找到檔案：20261004排班統計表-台中.xlsx (application/vnd.openxmlformats-officedocument.spreadsheetml.sheet)
2026-10-04 22:01:37 [INFO]   找到檔案：20261104排班統計表-台北.xlsx (application/vnd.openxmlformats-officedocument.spreadsheetml.sheet)
2026-10-04 22:01:37 [INFO]   找到檔案：20261004排班統計表-台北.xlsx (application/vnd.openxmlformats-officedocument.spreadsheetml.sheet)
2026-10-04 22:01:37 [INFO]   找到檔案：20261103排班統計表-台中 (application/vnd.google-apps.spreadsheet)
2026-10-04 22:01:37 [INFO]   找到檔案：20261103排班統計表-台北 (application/vnd.google-apps.spreadsheet)
2026-10-04 22:01:37 [INFO]   找到檔案：20261003排班統計表-台中 (application/vnd.google-apps.spreadsheet)
2026-10-04 22:01:37 [INFO]   找到檔案：20261003排班統計表-台北 (application/vnd.google-apps.spreadsheet)
2026-10-04 22:01:37 [INFO]   找到檔案：20261103排班統計表-台中.xlsx (application/vnd.openxmlformats-officedocument.spreadsheetml.sheet)
2026-10-04 22:01:37 [INFO]   找到檔案：20261003排班統計表-台中.xlsx (application/vnd.openxmlformats-officedocument.spreadsheetml.sheet)
2026-10-04 22:01:37 [INFO]   找到檔案：20261103排班統計表-台北.xlsx (application/vnd.openxmlformats-officedocument.spreadsheetml.sheet)
2026-10-04 22:01:37 [INFO]   找到檔案：20261003排班統計表-台北.xlsx (application/vnd.openxmlformats-officedocument.spreadsheetml.sheet)
2026-10-04 22:01:37 [INFO]   找到檔案：20261102排班統計表-台中 (application/vnd.google-apps.spreadsheet)
2026-10-04 22:01:37 [INFO]   找到檔案：20261102排班統計表-台北 (application/vnd.google-apps.spreadsheet)
2026-10-04 22:01:37 [INFO]   找到檔案：20261002排班統計表-台中 (application/vnd.google-apps.spreadsheet)
2026-10-04 22:01:37 [INFO]   找到檔案：20261002排班統計表-台北 (application/vnd.google-apps.spreadsheet)
2026-10-04 22:01:37 [INFO]   找到檔案：20261102排班統計表-台中.xlsx (application/vnd.openxmlformats-officedocument.spreadsheetml.sheet)
2026-10-04 22:01:37 [INFO]   找到檔案：20261002排班統計表-台中.xlsx (application/vnd.openxmlformats-officedocument.spreadsheetml.sheet)
2026-10-04 22:01:37 [INFO]   找到檔案：20261102排班統計表-台北.xlsx (application/vnd.openxmlformats-officedocument.spreadsheetml.sheet)
2026-10-04 22:01:37 [INFO]   找到檔案：20261002排班統計表-台北.xlsx (application/vnd.openxmlformats-officedocument.spreadsheetml.sheet)
2026-10-04 22:01:37 [INFO]   找到檔案：20261101排班統計表-台中 (application/vnd.google-apps.spreadsheet)
2026-10-04 22:01:37 [INFO]   找到檔案：20261101排班統計表-台北 (application/vnd.google-apps.spreadsheet)
2026-10-04 22:01:37 [INFO]   找到檔案：20261001排班統計表-台中 (application/vnd.google-apps.spreadsheet)
2026-10-04 22:01:37 [INFO]   找到檔案：20261001排班統計表-台北 (application/vnd.google-apps.spreadsheet)
2026-10-04 22:01:37 [INFO]   找到檔案：20261101排班統計表-台中.xlsx (application/vnd.openxmlformats-officedocument.spreadsheetml.sheet)
2026-10-04 22:01:37 [INFO]   找到檔案：20261001排班統計表-台中.xlsx (application/vnd.openxmlformats-officedocument.spreadsheetml.sheet)
2026-10-04 22:01:37 [INFO]   找到檔案：20261101排班統計表-台北.xlsx (application/vnd.openxmlformats-officedocument.spreadsheetml.sheet)
2026-10-04 22:01:37 [INFO]   找到檔案：20261001排班統計表-台北.xlsx (application/vnd.openxmlformats-officedocument.spreadsheetml.sheet)
2026-10-04 22:01:37 [INFO] 排班檔確認 OK：{'202610': {'taipei': '20261005排班統計表-台北.xlsx', 'taichung': '20261005排班統計表-台中.xlsx'}, '202611': {'taipei': '20261105排班統計表-台北.xlsx', 'taichung': '20261105排班統計表-台中.xlsx'}}
2026-10-04 22:01:38 [INFO]   已清除範圍（202610 台北）：G3:O1026
2026-10-04 22:01:38 [INFO]   匯入：20261005排班統計表-台北.xlsx
2026-10-04 22:01:38 [INFO]   xlsx → Google Sheets：20261005排班統計表-台北
2026-10-04 22:01:39 [INFO] file_cache is only supported with oauth2client<4.0.0
2026-10-04 22:01:46 [INFO]   轉換完成，新 Google Sheets ID：1lFgitbxkIlPlw7RZYw8hwZqxgUTXdP_lRU_CYxX-Rs4
2026-10-04 22:01:47 [INFO]   → 寫入 82 列（起始 R3C7）
2026-10-04 22:01:47 [INFO]   已清除範圍（202610 台中）：CD3:CL1026
2026-10-04 22:01:47 [INFO]   匯入：20261005排班統計表-台中.xlsx
2026-10-04 22:01:47 [INFO]   xlsx → Google Sheets：20261005排班統計表-台中
2026-10-04 22:01:47 [INFO] file_cache is only supported with oauth2client<4.0.0
2026-10-04 22:01:55 [INFO]   轉換完成，新 Google Sheets ID：1Vg85I7YiTPbkAF11moSGmAIA-AVFIkwmHc11ebEPXGQ
2026-10-04 22:01:56 [INFO]   → 寫入 12 列（起始 R3C82）
2026-10-04 22:01:56 [INFO]   已清除範圍（202611 台北）：V3:AD1026
2026-10-04 22:01:56 [INFO]   匯入：20261105排班統計表-台北.xlsx
2026-10-04 22:01:56 [INFO]   xlsx → Google Sheets：20261105排班統計表-台北
2026-10-04 22:01:56 [INFO] file_cache is only supported with oauth2client<4.0.0
2026-10-04 22:02:02 [INFO]   轉換完成，新 Google Sheets ID：11io3X7Dgg-_Ls0fbuqCyzstYdxIl2U28To9EykGdffs
2026-10-04 22:02:03 [INFO]   → 寫入 34 列（起始 R3C22）
2026-10-04 22:02:03 [INFO]   已清除範圍（202611 台中）：CS3:DA1026
2026-10-04 22:02:03 [INFO]   匯入：20261105排班統計表-台中.xlsx
2026-10-04 22:02:03 [INFO]   xlsx → Google Sheets：20261105排班統計表-台中
2026-10-04 22:02:04 [INFO] file_cache is only supported with oauth2client<4.0.0
2026-10-04 22:02:09 [INFO]   轉換完成，新 Google Sheets ID：1RMqxCzOOmlehF1Ca2X_7F_rsDi-FMPGH9nE_PTv18mQ
2026-10-04 22:02:11 [INFO]   → 寫入 4 列（起始 R3C97）
2026-10-04 22:02:12 [INFO] Step 1 完成（35.4s）
2026-10-04 22:02:12 [INFO] === 全部完成 run_id=91046bc0（36.2s）===
