開始執行：專員班表
⚠️ 一鍵日排程 secrets TOML 注入失敗：No secrets found. Valid paths for a secrets.toml file or secret directories are: /home/runner/.streamlit/secrets.toml, /home/runner/work/tool-system/tool-system/.streamlit/secrets.toml
⚠️ 一鍵日排程 secrets env 注入失敗：No secrets found. Valid paths for a secrets.toml file or secret directories are: /home/runner/.streamlit/secrets.toml, /home/runner/work/tool-system/tool-system/.streamlit/secrets.toml
OAuth env ready = True
OAuth bootstrap forced = True
Command: Python bootstrap -> /home/runner/work/tool-system/tool-system/tools/scheduled_daily/staff_schedule.py
[2026-10-05 01:11:09] ====================================================
[2026-10-05 01:11:09] staff_schedule.py 開始執行
[2026-10-05 01:11:09] GITHUB_ACTIONS = true
[2026-10-05 01:11:09] PWD = /home/runner/work/tool-system/tool-system
[2026-10-05 01:11:09] LOCAL_OUTPUT_DIR = /Users/jenny/Library/CloudStorage/GoogleDrive-jenny@lemonclean.com.tw/我的雲端硬碟/lemon_Jenny/Jenny@lemon程式/專員班表
[2026-10-05 01:11:09] LOCAL_OUTPUT_DIR exists = False
[2026-10-05 01:11:09] can_use_local_output_dir = False
[2026-10-05 01:11:09] root folder_id = 11O6eKHQ1e3Irqps7Kq1XJOSVVge3pCAc
[2026-10-05 01:11:09] ====================================================
[2026-10-05 01:11:09] Google Drive 初始化成功
[2026-10-05 01:11:10] 📁 使用既有資料夾：專員班表
[2026-10-05 01:11:10] this_month = 2026-10
[2026-10-05 01:11:10] next_month = 2026-11
[2026-10-05 01:11:10] this_date = 20261005
[2026-10-05 01:11:10] next_date = 20261105
[2026-10-05 01:11:10] 專員班表 folder_id = 1V2AUNsT_jzQWawmnBNU_u-e7odYviwEk
[2026-10-05 01:11:10] 帳號數量 = 2
[2026-10-05 01:11:10] 
[2026-10-05 01:11:10] === 開始處理 台北 ===
[2026-10-05 01:11:10] 開始登入：jenny@lemonclean.com.tw
[2026-10-05 01:11:11] 登入成功：jenny@lemonclean.com.tw
[2026-10-05 01:11:11] 開始下載：city=台北 / month=2026-10 / filename=20261005專員班表-台北.xls
[2026-10-05 01:11:14] ✅ 已下載到暫存：/tmp/tmpghbt4yht/20261005專員班表-台北.xls
[2026-10-05 01:11:14] 📦 檔案大小：134144 bytes
[2026-10-05 01:11:14] 📂 暫存目錄存在：True
[2026-10-05 01:11:14] 📄 暫存檔案存在：True
[2026-10-05 01:11:14] 目前不是 Jenny 本機環境，略過本機存檔
[2026-10-05 01:11:14] Google Drive 初始化成功
[2026-10-05 01:11:14] 準備上傳到 Google Drive：20261005專員班表-台北.xls
[2026-10-05 01:11:17] ☁️ 已上傳新檔：20261005專員班表-台北.xls (file_id=1HfX-b1fDTcP_LXBOapJZs3m4tA11qmCd) https://docs.google.com/spreadsheets/d/1HfX-b1fDTcP_LXBOapJZs3m4tA11qmCd/edit?usp=drivesdk&ouid=101667783075862487943&rtpof=true&sd=true
[2026-10-05 01:11:17] ✅ 完成處理：20261005專員班表-台北.xls
[2026-10-05 01:11:17] 開始下載：city=台北 / month=2026-11 / filename=20261105專員班表-台北.xls
[2026-10-05 01:11:20] ✅ 已下載到暫存：/tmp/tmpklr51x9g/20261105專員班表-台北.xls
[2026-10-05 01:11:20] 📦 檔案大小：59904 bytes
[2026-10-05 01:11:20] 📂 暫存目錄存在：True
[2026-10-05 01:11:20] 📄 暫存檔案存在：True
[2026-10-05 01:11:20] 目前不是 Jenny 本機環境，略過本機存檔
[2026-10-05 01:11:20] Google Drive 初始化成功
[2026-10-05 01:11:20] 準備上傳到 Google Drive：20261105專員班表-台北.xls
[2026-10-05 01:11:22] ☁️ 已上傳新檔：20261105專員班表-台北.xls (file_id=1hDd9qAh-MpKiF2g7fjRiV4HnKztdbhKd) https://docs.google.com/spreadsheets/d/1hDd9qAh-MpKiF2g7fjRiV4HnKztdbhKd/edit?usp=drivesdk&ouid=101667783075862487943&rtpof=true&sd=true
[2026-10-05 01:11:22] ✅ 完成處理：20261105專員班表-台北.xls
[2026-10-05 01:11:22] ✅ 台北 全部完成
[2026-10-05 01:11:22] 
[2026-10-05 01:11:22] === 開始處理 台中 ===
[2026-10-05 01:11:22] 開始登入：jenny.tc@lemonclean.com.tw
[2026-10-05 01:11:23] 登入成功：jenny.tc@lemonclean.com.tw
[2026-10-05 01:11:23] 開始下載：city=台中 / month=2026-10 / filename=20261005專員班表-台中.xls
[2026-10-05 01:11:24] ✅ 已下載到暫存：/tmp/tmpj_o_xsxt/20261005專員班表-台中.xls
[2026-10-05 01:11:24] 📦 檔案大小：25600 bytes
[2026-10-05 01:11:24] 📂 暫存目錄存在：True
[2026-10-05 01:11:24] 📄 暫存檔案存在：True
[2026-10-05 01:11:24] 目前不是 Jenny 本機環境，略過本機存檔
[2026-10-05 01:11:24] Google Drive 初始化成功
[2026-10-05 01:11:24] 準備上傳到 Google Drive：20261005專員班表-台中.xls
[2026-10-05 01:11:26] ☁️ 已上傳新檔：20261005專員班表-台中.xls (file_id=1dnfiDXDpHkOlruAm3JSlivjattwqzHDm) https://docs.google.com/spreadsheets/d/1dnfiDXDpHkOlruAm3JSlivjattwqzHDm/edit?usp=drivesdk&ouid=101667783075862487943&rtpof=true&sd=true
[2026-10-05 01:11:26] ✅ 完成處理：20261005專員班表-台中.xls
[2026-10-05 01:11:26] 開始下載：city=台中 / month=2026-11 / filename=20261105專員班表-台中.xls
[2026-10-05 01:11:27] ✅ 已下載到暫存：/tmp/tmpp6lajb7p/20261105專員班表-台中.xls
[2026-10-05 01:11:27] 📦 檔案大小：11776 bytes
[2026-10-05 01:11:27] 📂 暫存目錄存在：True
[2026-10-05 01:11:27] 📄 暫存檔案存在：True
[2026-10-05 01:11:27] 目前不是 Jenny 本機環境，略過本機存檔
[2026-10-05 01:11:27] Google Drive 初始化成功
[2026-10-05 01:11:27] 準備上傳到 Google Drive：20261105專員班表-台中.xls
[2026-10-05 01:11:29] ☁️ 已上傳新檔：20261105專員班表-台中.xls (file_id=1VNu97rh4dcWppI0FWBCtJU2I5VKHs7Nx) https://docs.google.com/spreadsheets/d/1VNu97rh4dcWppI0FWBCtJU2I5VKHs7Nx/edit?usp=drivesdk&ouid=101667783075862487943&rtpof=true&sd=true
[2026-10-05 01:11:29] ✅ 完成處理：20261105專員班表-台中.xls
[2026-10-05 01:11:29] ✅ 台中 全部完成
[2026-10-05 01:11:29] 🎉 staff_schedule.py 全部完成

完成執行：專員班表
scheduled_daily scheduler 全部完成
