開始執行：排班統計表
⚠️ 一鍵日排程 secrets TOML 注入失敗：No secrets found. Valid paths for a secrets.toml file or secret directories are: /home/runner/.streamlit/secrets.toml, /home/runner/work/tool-system/tool-system/.streamlit/secrets.toml
⚠️ 一鍵日排程 secrets env 注入失敗：No secrets found. Valid paths for a secrets.toml file or secret directories are: /home/runner/.streamlit/secrets.toml, /home/runner/work/tool-system/tool-system/.streamlit/secrets.toml
OAuth env ready = True
OAuth bootstrap forced = True
Command: Python bootstrap -> /home/runner/work/tool-system/tool-system/tools/scheduled_daily/schedule_report.py
[2026-08-15 01:44:55] ====================================================
[2026-08-15 01:44:55] schedule_report.py 開始執行
[2026-08-15 01:44:55] GITHUB_ACTIONS = true
[2026-08-15 01:44:55] PWD = /home/runner/work/tool-system/tool-system
[2026-08-15 01:44:55] LOCAL_OUTPUT_DIR = /Users/jenny/Library/CloudStorage/GoogleDrive-jenny@lemonclean.com.tw/.shortcut-targets-by-id/1zbu45AG1adMzz24HPdi_tLfh2Tncw_Br/排班統計表
[2026-08-15 01:44:55] LOCAL_OUTPUT_DIR exists = False
[2026-08-15 01:44:55] can_use_local_output_dir = False
[2026-08-15 01:44:55] root folder_id = 11O6eKHQ1e3Irqps7Kq1XJOSVVge3pCAc
[2026-08-15 01:44:55] ====================================================
[2026-08-15 01:44:55] Google Drive 初始化成功
[2026-08-15 01:44:56] 📁 使用既有資料夾：排班統計表
[2026-08-15 01:44:56] this_month = 2026-08
[2026-08-15 01:44:56] next_month = 2026-09
[2026-08-15 01:44:56] today_stamp = 20260815
[2026-08-15 01:44:56] next_month_stamp = 20260915
[2026-08-15 01:44:56] 排班統計表 folder_id = 18XDXdrCSsLYwSzz1Da9pQh-jGm2h2Ed8
[2026-08-15 01:44:56] 帳號數量 = 2
[2026-08-15 01:44:56] 
[2026-08-15 01:44:56] === 開始處理 台北 ===
[2026-08-15 01:44:56] 開始登入：jenny@lemonclean.com.tw
[2026-08-15 01:44:58] 登入成功：jenny@lemonclean.com.tw
[2026-08-15 01:44:58] 開始下載：month=2026-08 / filename=20260815排班統計表-台北.xlsx
[2026-08-15 01:44:59] ✅ 已下載到暫存：/tmp/tmprfkvbjro/20260815排班統計表-台北.xlsx
[2026-08-15 01:44:59] 📦 檔案大小：17920 bytes
[2026-08-15 01:44:59] 📂 暫存目錄存在：True
[2026-08-15 01:44:59] 📄 暫存檔案存在：True
[2026-08-15 01:44:59] 目前不是 Jenny 本機環境，略過本機存檔
[2026-08-15 01:44:59] Google Drive 初始化成功
[2026-08-15 01:44:59] 準備上傳到 Google Drive：20260815排班統計表-台北.xlsx
[2026-08-15 01:45:02] ☁️ 已上傳新檔：20260815排班統計表-台北.xlsx (file_id=109475TO-_VjceiVXC-tXAs66Ks9FOEBe) https://docs.google.com/spreadsheets/d/109475TO-_VjceiVXC-tXAs66Ks9FOEBe/edit?usp=drivesdk&ouid=101667783075862487943&rtpof=true&sd=true
[2026-08-15 01:45:02] ✅ 完成處理：20260815排班統計表-台北.xlsx
[2026-08-15 01:45:02] 開始下載：month=2026-09 / filename=20260915排班統計表-台北.xlsx
[2026-08-15 01:45:03] ✅ 已下載到暫存：/tmp/tmpaw_dwi0y/20260915排班統計表-台北.xlsx
[2026-08-15 01:45:03] 📦 檔案大小：14336 bytes
[2026-08-15 01:45:03] 📂 暫存目錄存在：True
[2026-08-15 01:45:03] 📄 暫存檔案存在：True
[2026-08-15 01:45:03] 目前不是 Jenny 本機環境，略過本機存檔
[2026-08-15 01:45:03] Google Drive 初始化成功
[2026-08-15 01:45:03] 準備上傳到 Google Drive：20260915排班統計表-台北.xlsx
[2026-08-15 01:45:06] ☁️ 已上傳新檔：20260915排班統計表-台北.xlsx (file_id=1Hxtg7ThG1xCO_5_aaY1ycO35Ob6P-4El) https://docs.google.com/spreadsheets/d/1Hxtg7ThG1xCO_5_aaY1ycO35Ob6P-4El/edit?usp=drivesdk&ouid=101667783075862487943&rtpof=true&sd=true
[2026-08-15 01:45:06] ✅ 完成處理：20260915排班統計表-台北.xlsx
[2026-08-15 01:45:06] ✅ 台北 全部完成
[2026-08-15 01:45:06] 
[2026-08-15 01:45:06] === 開始處理 台中 ===
[2026-08-15 01:45:06] 開始登入：jenny.tc@lemonclean.com.tw
[2026-08-15 01:45:07] 登入成功：jenny.tc@lemonclean.com.tw
[2026-08-15 01:45:07] 開始下載：month=2026-08 / filename=20260815排班統計表-台中.xlsx
[2026-08-15 01:45:08] ✅ 已下載到暫存：/tmp/tmpxam3bw4v/20260815排班統計表-台中.xlsx
[2026-08-15 01:45:08] 📦 檔案大小：7168 bytes
[2026-08-15 01:45:08] 📂 暫存目錄存在：True
[2026-08-15 01:45:08] 📄 暫存檔案存在：True
[2026-08-15 01:45:08] 目前不是 Jenny 本機環境，略過本機存檔
[2026-08-15 01:45:08] Google Drive 初始化成功
[2026-08-15 01:45:08] 準備上傳到 Google Drive：20260815排班統計表-台中.xlsx
[2026-08-15 01:45:10] ☁️ 已上傳新檔：20260815排班統計表-台中.xlsx (file_id=1DQDYPFRPtUM4rve6SDZobDfwIbUuzyhT) https://docs.google.com/spreadsheets/d/1DQDYPFRPtUM4rve6SDZobDfwIbUuzyhT/edit?usp=drivesdk&ouid=101667783075862487943&rtpof=true&sd=true
[2026-08-15 01:45:10] ✅ 完成處理：20260815排班統計表-台中.xlsx
[2026-08-15 01:45:10] 開始下載：month=2026-09 / filename=20260915排班統計表-台中.xlsx
[2026-08-15 01:45:11] ✅ 已下載到暫存：/tmp/tmpc6jajehj/20260915排班統計表-台中.xlsx
[2026-08-15 01:45:11] 📦 檔案大小：5632 bytes
[2026-08-15 01:45:11] 📂 暫存目錄存在：True
[2026-08-15 01:45:11] 📄 暫存檔案存在：True
[2026-08-15 01:45:11] 目前不是 Jenny 本機環境，略過本機存檔
[2026-08-15 01:45:11] Google Drive 初始化成功
[2026-08-15 01:45:11] 準備上傳到 Google Drive：20260915排班統計表-台中.xlsx
[2026-08-15 01:45:14] ☁️ 已上傳新檔：20260915排班統計表-台中.xlsx (file_id=1HdRGMFkMwLpA03VDNegnvG4Ycmx4c9IV) https://docs.google.com/spreadsheets/d/1HdRGMFkMwLpA03VDNegnvG4Ycmx4c9IV/edit?usp=drivesdk&ouid=101667783075862487943&rtpof=true&sd=true
[2026-08-15 01:45:14] ✅ 完成處理：20260915排班統計表-台中.xlsx
[2026-08-15 01:45:14] ✅ 台中 全部完成
[2026-08-15 01:45:14] 🎉 schedule_report.py 全部完成

完成執行：排班統計表
scheduled_daily scheduler 全部完成
