開始執行：專員班表
⚠️ 一鍵日排程 secrets TOML 注入失敗：No secrets found. Valid paths for a secrets.toml file or secret directories are: /home/runner/.streamlit/secrets.toml, /home/runner/work/tool-system/tool-system/.streamlit/secrets.toml
⚠️ 一鍵日排程 secrets env 注入失敗：No secrets found. Valid paths for a secrets.toml file or secret directories are: /home/runner/.streamlit/secrets.toml, /home/runner/work/tool-system/tool-system/.streamlit/secrets.toml
OAuth env ready = True
OAuth bootstrap forced = True
Command: Python bootstrap -> /home/runner/work/tool-system/tool-system/tools/scheduled_daily/staff_schedule.py
[2026-08-15 02:00:48] ====================================================
[2026-08-15 02:00:48] staff_schedule.py 開始執行
[2026-08-15 02:00:48] GITHUB_ACTIONS = true
[2026-08-15 02:00:48] PWD = /home/runner/work/tool-system/tool-system
[2026-08-15 02:00:48] LOCAL_OUTPUT_DIR = /Users/jenny/Library/CloudStorage/GoogleDrive-jenny@lemonclean.com.tw/我的雲端硬碟/lemon_Jenny/Jenny@lemon程式/專員班表
[2026-08-15 02:00:48] LOCAL_OUTPUT_DIR exists = False
[2026-08-15 02:00:48] can_use_local_output_dir = False
[2026-08-15 02:00:48] root folder_id = 11O6eKHQ1e3Irqps7Kq1XJOSVVge3pCAc
[2026-08-15 02:00:48] ====================================================
[2026-08-15 02:00:48] Google Drive 初始化成功
[2026-08-15 02:00:48] 📁 使用既有資料夾：專員班表
[2026-08-15 02:00:48] this_month = 2026-08
[2026-08-15 02:00:48] next_month = 2026-09
[2026-08-15 02:00:48] this_date = 20260815
[2026-08-15 02:00:48] next_date = 20260915
[2026-08-15 02:00:48] 專員班表 folder_id = 1V2AUNsT_jzQWawmnBNU_u-e7odYviwEk
[2026-08-15 02:00:48] 帳號數量 = 2
[2026-08-15 02:00:48] 
[2026-08-15 02:00:48] === 開始處理 台北 ===
[2026-08-15 02:00:48] 開始登入：jenny@lemonclean.com.tw
[2026-08-15 02:00:50] 登入成功：jenny@lemonclean.com.tw
[2026-08-15 02:00:50] 開始下載：city=台北 / month=2026-08 / filename=20260815專員班表-台北.xls
[2026-08-15 02:00:55] ✅ 已下載到暫存：/tmp/tmpd10p3nqb/20260815專員班表-台北.xls
[2026-08-15 02:00:55] 📦 檔案大小：137216 bytes
[2026-08-15 02:00:55] 📂 暫存目錄存在：True
[2026-08-15 02:00:55] 📄 暫存檔案存在：True
[2026-08-15 02:00:55] 目前不是 Jenny 本機環境，略過本機存檔
[2026-08-15 02:00:55] Google Drive 初始化成功
[2026-08-15 02:00:55] 準備上傳到 Google Drive：20260815專員班表-台北.xls
[2026-08-15 02:00:57] ☁️ 已上傳新檔：20260815專員班表-台北.xls (file_id=1uQmAHncSw--Iim0rHqdGIj4AOfxUIhyL) https://docs.google.com/spreadsheets/d/1uQmAHncSw--Iim0rHqdGIj4AOfxUIhyL/edit?usp=drivesdk&ouid=101667783075862487943&rtpof=true&sd=true
[2026-08-15 02:00:57] ✅ 完成處理：20260815專員班表-台北.xls
[2026-08-15 02:00:57] 開始下載：city=台北 / month=2026-09 / filename=20260915專員班表-台北.xls
[2026-08-15 02:01:01] ✅ 已下載到暫存：/tmp/tmpg9twuagi/20260915專員班表-台北.xls
[2026-08-15 02:01:01] 📦 檔案大小：99328 bytes
[2026-08-15 02:01:01] 📂 暫存目錄存在：True
[2026-08-15 02:01:01] 📄 暫存檔案存在：True
[2026-08-15 02:01:01] 目前不是 Jenny 本機環境，略過本機存檔
[2026-08-15 02:01:01] Google Drive 初始化成功
[2026-08-15 02:01:01] 準備上傳到 Google Drive：20260915專員班表-台北.xls
[2026-08-15 02:01:03] ☁️ 已上傳新檔：20260915專員班表-台北.xls (file_id=1Wi645ULowTbsFf2qji0B83jz7fqtPx4l) https://docs.google.com/spreadsheets/d/1Wi645ULowTbsFf2qji0B83jz7fqtPx4l/edit?usp=drivesdk&ouid=101667783075862487943&rtpof=true&sd=true
[2026-08-15 02:01:03] ✅ 完成處理：20260915專員班表-台北.xls
[2026-08-15 02:01:03] ✅ 台北 全部完成
[2026-08-15 02:01:03] 
[2026-08-15 02:01:03] === 開始處理 台中 ===
[2026-08-15 02:01:03] 開始登入：jenny.tc@lemonclean.com.tw
[2026-08-15 02:01:04] 登入成功：jenny.tc@lemonclean.com.tw
[2026-08-15 02:01:04] 開始下載：city=台中 / month=2026-08 / filename=20260815專員班表-台中.xls
[2026-08-15 02:01:05] ✅ 已下載到暫存：/tmp/tmpxu6xg10z/20260815專員班表-台中.xls
[2026-08-15 02:01:05] 📦 檔案大小：26624 bytes
[2026-08-15 02:01:05] 📂 暫存目錄存在：True
[2026-08-15 02:01:05] 📄 暫存檔案存在：True
[2026-08-15 02:01:05] 目前不是 Jenny 本機環境，略過本機存檔
[2026-08-15 02:01:05] Google Drive 初始化成功
[2026-08-15 02:01:05] 準備上傳到 Google Drive：20260815專員班表-台中.xls
[2026-08-15 02:01:07] ☁️ 已上傳新檔：20260815專員班表-台中.xls (file_id=1g62x-tzdCNUE5-4tHgGh2WjkdTVMMAAj) https://docs.google.com/spreadsheets/d/1g62x-tzdCNUE5-4tHgGh2WjkdTVMMAAj/edit?usp=drivesdk&ouid=101667783075862487943&rtpof=true&sd=true
[2026-08-15 02:01:07] ✅ 完成處理：20260815專員班表-台中.xls
[2026-08-15 02:01:07] 開始下載：city=台中 / month=2026-09 / filename=20260915專員班表-台中.xls
[2026-08-15 02:01:08] ✅ 已下載到暫存：/tmp/tmpbq23nx0s/20260915專員班表-台中.xls
[2026-08-15 02:01:08] 📦 檔案大小：22528 bytes
[2026-08-15 02:01:08] 📂 暫存目錄存在：True
[2026-08-15 02:01:08] 📄 暫存檔案存在：True
[2026-08-15 02:01:08] 目前不是 Jenny 本機環境，略過本機存檔
[2026-08-15 02:01:08] Google Drive 初始化成功
[2026-08-15 02:01:08] 準備上傳到 Google Drive：20260915專員班表-台中.xls
[2026-08-15 02:01:10] ☁️ 已上傳新檔：20260915專員班表-台中.xls (file_id=114KyH10zoQrfPJfJVLDXvn1COa4PxGrh) https://docs.google.com/spreadsheets/d/114KyH10zoQrfPJfJVLDXvn1COa4PxGrh/edit?usp=drivesdk&ouid=101667783075862487943&rtpof=true&sd=true
[2026-08-15 02:01:10] ✅ 完成處理：20260915專員班表-台中.xls
[2026-08-15 02:01:10] ✅ 台中 全部完成
[2026-08-15 02:01:10] 🎉 staff_schedule.py 全部完成

完成執行：專員班表
scheduled_daily scheduler 全部完成
