📋 log_spreadsheet_id 已從設定檔載入
📝 外場排程打卡：外場排班統計表 / running
Command: /opt/hostedtoolcache/Python/3.11.16/x64/bin/python -u -m tools.field_management.schedule_stats --date 20260906 --system-name 外場排程系統 --run-type 排程
[2026-09-06 07:27:54] 開始處理排班統計表：20260906排班統計表-台北
🔄 Jenny OAuth 已將來源 Excel 轉成暫存 Google Sheet：1fsleK0l0HDwfA4bPXElPGZVxG3KcMkiLAQwP5oMshZc
🗑️ 已刪除來源暫存 Google Sheet：1fsleK0l0HDwfA4bPXElPGZVxG3KcMkiLAQwP5oMshZc
[2026-09-06 07:28:06] 完成：20260906排班統計表-台北.xlsx → 2026排班統計表!DJ4 / rows=76
[2026-09-06 07:28:17] 開始處理排班統計表：20261006排班統計表-台北
🔄 Jenny OAuth 已將來源 Excel 轉成暫存 Google Sheet：1hjv0tD31d96mICX46qaoTtZmjDro_4YKnYlnEYppwhI
🗑️ 已刪除來源暫存 Google Sheet：1hjv0tD31d96mICX46qaoTtZmjDro_4YKnYlnEYppwhI
[2026-09-06 07:28:26] 完成：20261006排班統計表-台北.xlsx → 2026排班統計表!DV4 / rows=51
[2026-09-06 07:28:28] 開始處理排班統計表：20260906排班統計表-台中
🔄 Jenny OAuth 已將來源 Excel 轉成暫存 Google Sheet：1ALTe_CGcUNdGTh60j-6kGtXvQr9-5n_cjvUEnboMjVk
🗑️ 已刪除來源暫存 Google Sheet：1ALTe_CGcUNdGTh60j-6kGtXvQr9-5n_cjvUEnboMjVk
[2026-09-06 07:28:36] 完成：20260906排班統計表-台中.xlsx → 2026排班統計表!DJ4 / rows=12
[2026-09-06 07:28:39] 開始處理排班統計表：20261006排班統計表-台中
🔄 Jenny OAuth 已將來源 Excel 轉成暫存 Google Sheet：1BbWnxGSyylUXotxQYb6oZ578-FfhF1blr10QNWJ_veE
🗑️ 已刪除來源暫存 Google Sheet：1BbWnxGSyylUXotxQYb6oZ578-FfhF1blr10QNWJ_veE
[2026-09-06 07:28:47] 完成：20261006排班統計表-台中.xlsx → 2026排班統計表!DV4 / rows=9
[2026-09-06 07:28:48] schedule_stats.py 全部完成

📝 外場排程打卡：外場排班統計表 / success
field_management scheduler 全部完成
