開始執行：排班統計表
⚠️ 一鍵日排程 secrets TOML 注入失敗：No secrets found. Valid paths for a secrets.toml file or secret directories are: /home/runner/.streamlit/secrets.toml, /home/runner/work/tool-system/tool-system/.streamlit/secrets.toml
⚠️ 一鍵日排程 secrets env 注入失敗：No secrets found. Valid paths for a secrets.toml file or secret directories are: /home/runner/.streamlit/secrets.toml, /home/runner/work/tool-system/tool-system/.streamlit/secrets.toml
OAuth env ready = True
OAuth bootstrap forced = True
Command: Python bootstrap -> /home/runner/work/tool-system/tool-system/tools/scheduled_daily/schedule_report.py
[2026-09-06 02:41:09] ====================================================
[2026-09-06 02:41:09] schedule_report.py 開始執行
[2026-09-06 02:41:09] GITHUB_ACTIONS = true
[2026-09-06 02:41:09] PWD = /home/runner/work/tool-system/tool-system
[2026-09-06 02:41:09] LOCAL_OUTPUT_DIR = /Users/jenny/Library/CloudStorage/GoogleDrive-jenny@lemonclean.com.tw/.shortcut-targets-by-id/1zbu45AG1adMzz24HPdi_tLfh2Tncw_Br/排班統計表
[2026-09-06 02:41:09] LOCAL_OUTPUT_DIR exists = False
[2026-09-06 02:41:09] can_use_local_output_dir = False
[2026-09-06 02:41:09] root folder_id = 11O6eKHQ1e3Irqps7Kq1XJOSVVge3pCAc
[2026-09-06 02:41:09] ====================================================
[2026-09-06 02:41:09] Google Drive 初始化成功
[2026-09-06 02:41:10] 📁 使用既有資料夾：排班統計表
[2026-09-06 02:41:10] this_month = 2026-09
[2026-09-06 02:41:10] next_month = 2026-10
[2026-09-06 02:41:10] today_stamp = 20260906
[2026-09-06 02:41:10] next_month_stamp = 20261006
[2026-09-06 02:41:10] 排班統計表 folder_id = 18XDXdrCSsLYwSzz1Da9pQh-jGm2h2Ed8
[2026-09-06 02:41:10] 帳號數量 = 2
[2026-09-06 02:41:10] 
[2026-09-06 02:41:10] === 開始處理 台北 ===
[2026-09-06 02:41:10] 開始登入：jenny@lemonclean.com.tw
[2026-09-06 02:41:11] 登入成功：jenny@lemonclean.com.tw
[2026-09-06 02:41:11] 開始下載：month=2026-09 / filename=20260906排班統計表-台北.xlsx
[2026-09-06 02:41:12] ✅ 已下載到暫存：/tmp/tmpa37jdzes/20260906排班統計表-台北.xlsx
[2026-09-06 02:41:12] 📦 檔案大小：17408 bytes
[2026-09-06 02:41:12] 📂 暫存目錄存在：True
[2026-09-06 02:41:12] 📄 暫存檔案存在：True
[2026-09-06 02:41:12] 目前不是 Jenny 本機環境，略過本機存檔
[2026-09-06 02:41:12] Google Drive 初始化成功
[2026-09-06 02:41:12] 準備上傳到 Google Drive：20260906排班統計表-台北.xlsx
[2026-09-06 02:41:14] ☁️ 已上傳新檔：20260906排班統計表-台北.xlsx (file_id=1t33Vb5Y9eC5ejlfbH_iZJ-Np-ElxQzvG) https://docs.google.com/spreadsheets/d/1t33Vb5Y9eC5ejlfbH_iZJ-Np-ElxQzvG/edit?usp=drivesdk&ouid=101667783075862487943&rtpof=true&sd=true
[2026-09-06 02:41:14] ✅ 完成處理：20260906排班統計表-台北.xlsx
[2026-09-06 02:41:14] 開始下載：month=2026-10 / filename=20261006排班統計表-台北.xlsx
[2026-09-06 02:41:15] ✅ 已下載到暫存：/tmp/tmp_smdhhpy/20261006排班統計表-台北.xlsx
[2026-09-06 02:41:15] 📦 檔案大小：14336 bytes
[2026-09-06 02:41:15] 📂 暫存目錄存在：True
[2026-09-06 02:41:15] 📄 暫存檔案存在：True
[2026-09-06 02:41:15] 目前不是 Jenny 本機環境，略過本機存檔
[2026-09-06 02:41:15] Google Drive 初始化成功
[2026-09-06 02:41:15] 準備上傳到 Google Drive：20261006排班統計表-台北.xlsx
[2026-09-06 02:41:18] ☁️ 已上傳新檔：20261006排班統計表-台北.xlsx (file_id=1d-GQFhuOSl_NJrMz-unpKSmXacZeG4h-) https://docs.google.com/spreadsheets/d/1d-GQFhuOSl_NJrMz-unpKSmXacZeG4h-/edit?usp=drivesdk&ouid=101667783075862487943&rtpof=true&sd=true
[2026-09-06 02:41:18] ✅ 完成處理：20261006排班統計表-台北.xlsx
[2026-09-06 02:41:18] ✅ 台北 全部完成
[2026-09-06 02:41:18] 
[2026-09-06 02:41:18] === 開始處理 台中 ===
[2026-09-06 02:41:18] 開始登入：jenny.tc@lemonclean.com.tw
[2026-09-06 02:41:19] 登入成功：jenny.tc@lemonclean.com.tw
[2026-09-06 02:41:19] 開始下載：month=2026-09 / filename=20260906排班統計表-台中.xlsx
[2026-09-06 02:41:19] ✅ 已下載到暫存：/tmp/tmp09n59kub/20260906排班統計表-台中.xlsx
[2026-09-06 02:41:19] 📦 檔案大小：6144 bytes
[2026-09-06 02:41:19] 📂 暫存目錄存在：True
[2026-09-06 02:41:19] 📄 暫存檔案存在：True
[2026-09-06 02:41:19] 目前不是 Jenny 本機環境，略過本機存檔
[2026-09-06 02:41:19] Google Drive 初始化成功
[2026-09-06 02:41:19] 準備上傳到 Google Drive：20260906排班統計表-台中.xlsx
[2026-09-06 02:41:22] ☁️ 已上傳新檔：20260906排班統計表-台中.xlsx (file_id=11p2C0lDkoslNP0sq8lTEE459ncK4_63H) https://docs.google.com/spreadsheets/d/11p2C0lDkoslNP0sq8lTEE459ncK4_63H/edit?usp=drivesdk&ouid=101667783075862487943&rtpof=true&sd=true
[2026-09-06 02:41:22] ✅ 完成處理：20260906排班統計表-台中.xlsx
[2026-09-06 02:41:22] 開始下載：month=2026-10 / filename=20261006排班統計表-台中.xlsx
[2026-09-06 02:41:22] ✅ 已下載到暫存：/tmp/tmpge10_i9w/20261006排班統計表-台中.xlsx
[2026-09-06 02:41:22] 📦 檔案大小：5632 bytes
[2026-09-06 02:41:22] 📂 暫存目錄存在：True
[2026-09-06 02:41:22] 📄 暫存檔案存在：True
[2026-09-06 02:41:22] 目前不是 Jenny 本機環境，略過本機存檔
[2026-09-06 02:41:22] Google Drive 初始化成功
[2026-09-06 02:41:22] 準備上傳到 Google Drive：20261006排班統計表-台中.xlsx
[2026-09-06 02:41:24] ☁️ 已上傳新檔：20261006排班統計表-台中.xlsx (file_id=1VKjbteu1f6hZ_rig8oWz3NdSC554F77A) https://docs.google.com/spreadsheets/d/1VKjbteu1f6hZ_rig8oWz3NdSC554F77A/edit?usp=drivesdk&ouid=101667783075862487943&rtpof=true&sd=true
[2026-09-06 02:41:24] ✅ 完成處理：20261006排班統計表-台中.xlsx
[2026-09-06 02:41:24] ✅ 台中 全部完成
[2026-09-06 02:41:24] 🎉 schedule_report.py 全部完成

完成執行：排班統計表
scheduled_daily scheduler 全部完成
