2026-09-05 23:30:47 [INFO] === 客服排程系統 run_id=9b073fa0 step=1 台北時間=2026-09-06 07:30:47 ===
2026-09-05 23:30:47 [INFO] 目標試算表 ID 來源：環境變數 SERVICE_TARGET_SPREADSHEET_ID
2026-09-05 23:30:47 [INFO] file_cache is only supported with oauth2client<4.0.0
2026-09-05 23:31:00 [INFO] --- Step1_更新排班統計表 ---
2026-09-05 23:31:01 [INFO] file_cache is only supported with oauth2client<4.0.0
2026-09-05 23:31:01 [INFO] 本次視窗：202609 ~ 202610（共 2 個月）
2026-09-05 23:31:02 [INFO] Drive 資料夾找到 48 個檔案
2026-09-05 23:31:02 [INFO]   找到檔案：20261006排班統計表-台中.xlsx (application/vnd.openxmlformats-officedocument.spreadsheetml.sheet)
2026-09-05 23:31:02 [INFO]   找到檔案：20260906排班統計表-台中.xlsx (application/vnd.openxmlformats-officedocument.spreadsheetml.sheet)
2026-09-05 23:31:02 [INFO]   找到檔案：20261006排班統計表-台北.xlsx (application/vnd.openxmlformats-officedocument.spreadsheetml.sheet)
2026-09-05 23:31:02 [INFO]   找到檔案：20260906排班統計表-台北.xlsx (application/vnd.openxmlformats-officedocument.spreadsheetml.sheet)
2026-09-05 23:31:02 [INFO]   找到檔案：20261005排班統計表-台中 (application/vnd.google-apps.spreadsheet)
2026-09-05 23:31:02 [INFO]   找到檔案：20261005排班統計表-台北 (application/vnd.google-apps.spreadsheet)
2026-09-05 23:31:02 [INFO]   找到檔案：20260905排班統計表-台中 (application/vnd.google-apps.spreadsheet)
2026-09-05 23:31:02 [INFO]   找到檔案：20260905排班統計表-台北 (application/vnd.google-apps.spreadsheet)
2026-09-05 23:31:02 [INFO]   找到檔案：20261005排班統計表-台中.xlsx (application/vnd.openxmlformats-officedocument.spreadsheetml.sheet)
2026-09-05 23:31:02 [INFO]   找到檔案：20260905排班統計表-台中.xlsx (application/vnd.openxmlformats-officedocument.spreadsheetml.sheet)
2026-09-05 23:31:02 [INFO]   找到檔案：20261005排班統計表-台北.xlsx (application/vnd.openxmlformats-officedocument.spreadsheetml.sheet)
2026-09-05 23:31:02 [INFO]   找到檔案：20260905排班統計表-台北.xlsx (application/vnd.openxmlformats-officedocument.spreadsheetml.sheet)
2026-09-05 23:31:02 [INFO]   找到檔案：20261004排班統計表-台中 (application/vnd.google-apps.spreadsheet)
2026-09-05 23:31:02 [INFO]   找到檔案：20261004排班統計表-台北 (application/vnd.google-apps.spreadsheet)
2026-09-05 23:31:02 [INFO]   找到檔案：20260904排班統計表-台中 (application/vnd.google-apps.spreadsheet)
2026-09-05 23:31:02 [INFO]   找到檔案：20260904排班統計表-台北 (application/vnd.google-apps.spreadsheet)
2026-09-05 23:31:02 [INFO]   找到檔案：20261004排班統計表-台中.xlsx (application/vnd.openxmlformats-officedocument.spreadsheetml.sheet)
2026-09-05 23:31:02 [INFO]   找到檔案：20260904排班統計表-台中.xlsx (application/vnd.openxmlformats-officedocument.spreadsheetml.sheet)
2026-09-05 23:31:02 [INFO]   找到檔案：20261004排班統計表-台北.xlsx (application/vnd.openxmlformats-officedocument.spreadsheetml.sheet)
2026-09-05 23:31:02 [INFO]   找到檔案：20260904排班統計表-台北.xlsx (application/vnd.openxmlformats-officedocument.spreadsheetml.sheet)
2026-09-05 23:31:02 [INFO]   找到檔案：20261003排班統計表-台中 (application/vnd.google-apps.spreadsheet)
2026-09-05 23:31:02 [INFO]   找到檔案：20261003排班統計表-台北 (application/vnd.google-apps.spreadsheet)
2026-09-05 23:31:02 [INFO]   找到檔案：20260903排班統計表-台中 (application/vnd.google-apps.spreadsheet)
2026-09-05 23:31:02 [INFO]   找到檔案：20260903排班統計表-台北 (application/vnd.google-apps.spreadsheet)
2026-09-05 23:31:02 [INFO]   找到檔案：20261003排班統計表-台中.xlsx (application/vnd.openxmlformats-officedocument.spreadsheetml.sheet)
2026-09-05 23:31:02 [INFO]   找到檔案：20260903排班統計表-台中.xlsx (application/vnd.openxmlformats-officedocument.spreadsheetml.sheet)
2026-09-05 23:31:02 [INFO]   找到檔案：20261003排班統計表-台北.xlsx (application/vnd.openxmlformats-officedocument.spreadsheetml.sheet)
2026-09-05 23:31:02 [INFO]   找到檔案：20260903排班統計表-台北.xlsx (application/vnd.openxmlformats-officedocument.spreadsheetml.sheet)
2026-09-05 23:31:02 [INFO]   找到檔案：20261002排班統計表-台中 (application/vnd.google-apps.spreadsheet)
2026-09-05 23:31:02 [INFO]   找到檔案：20261002排班統計表-台北 (application/vnd.google-apps.spreadsheet)
2026-09-05 23:31:02 [INFO]   找到檔案：20260902排班統計表-台中 (application/vnd.google-apps.spreadsheet)
2026-09-05 23:31:02 [INFO]   找到檔案：20260902排班統計表-台北 (application/vnd.google-apps.spreadsheet)
2026-09-05 23:31:02 [INFO]   找到檔案：20261002排班統計表-台中.xlsx (application/vnd.openxmlformats-officedocument.spreadsheetml.sheet)
2026-09-05 23:31:02 [INFO]   找到檔案：20260902排班統計表-台中.xlsx (application/vnd.openxmlformats-officedocument.spreadsheetml.sheet)
2026-09-05 23:31:02 [INFO]   找到檔案：20261002排班統計表-台北.xlsx (application/vnd.openxmlformats-officedocument.spreadsheetml.sheet)
2026-09-05 23:31:02 [INFO]   找到檔案：20260902排班統計表-台北.xlsx (application/vnd.openxmlformats-officedocument.spreadsheetml.sheet)
2026-09-05 23:31:02 [INFO]   找到檔案：20261001排班統計表-台中.xlsx (application/vnd.openxmlformats-officedocument.spreadsheetml.sheet)
2026-09-05 23:31:02 [INFO]   找到檔案：20260901排班統計表-台中.xlsx (application/vnd.openxmlformats-officedocument.spreadsheetml.sheet)
2026-09-05 23:31:02 [INFO]   找到檔案：20261001排班統計表-台北.xlsx (application/vnd.openxmlformats-officedocument.spreadsheetml.sheet)
2026-09-05 23:31:02 [INFO]   找到檔案：20260901排班統計表-台北.xlsx (application/vnd.openxmlformats-officedocument.spreadsheetml.sheet)
2026-09-05 23:31:02 [INFO]   找到檔案：20261001排班統計表-台中 (application/vnd.google-apps.spreadsheet)
2026-09-05 23:31:02 [INFO]   找到檔案：20261001排班統計表-台北 (application/vnd.google-apps.spreadsheet)
2026-09-05 23:31:02 [INFO]   找到檔案：20260901排班統計表-台中 (application/vnd.google-apps.spreadsheet)
2026-09-05 23:31:02 [INFO]   找到檔案：20260901排班統計表-台北 (application/vnd.google-apps.spreadsheet)
2026-09-05 23:31:02 [INFO]   找到檔案：20260931排班統計表-台中 (application/vnd.google-apps.spreadsheet)
2026-09-05 23:31:02 [INFO]   找到檔案：20260931排班統計表-台北 (application/vnd.google-apps.spreadsheet)
2026-09-05 23:31:02 [INFO]   找到檔案：20260931排班統計表-台中.xlsx (application/vnd.openxmlformats-officedocument.spreadsheetml.sheet)
2026-09-05 23:31:02 [INFO]   找到檔案：20260931排班統計表-台北.xlsx (application/vnd.openxmlformats-officedocument.spreadsheetml.sheet)
2026-09-05 23:31:02 [INFO] 排班檔確認 OK：{'202609': {'taipei': '20260906排班統計表-台北.xlsx', 'taichung': '20260906排班統計表-台中.xlsx'}, '202610': {'taipei': '20261006排班統計表-台北.xlsx', 'taichung': '20261006排班統計表-台中.xlsx'}}
2026-09-05 23:31:03 [INFO]   已清除範圍（202609 台北）：G3:O1026
2026-09-05 23:31:03 [INFO]   匯入：20260906排班統計表-台北.xlsx
2026-09-05 23:31:03 [INFO]   xlsx → Google Sheets：20260906排班統計表-台北
2026-09-05 23:31:03 [INFO] file_cache is only supported with oauth2client<4.0.0
2026-09-05 23:31:08 [INFO]   轉換完成，新 Google Sheets ID：1o8AEHKXnMEuE4xK6xP67pcSk0FaNwAdh1Hzaa4VMo2c
2026-09-05 23:31:10 [INFO]   → 寫入 78 列（起始 R3C7）
2026-09-05 23:31:10 [INFO]   已清除範圍（202609 台中）：CD3:CL1026
2026-09-05 23:31:10 [INFO]   匯入：20260906排班統計表-台中.xlsx
2026-09-05 23:31:10 [INFO]   xlsx → Google Sheets：20260906排班統計表-台中
2026-09-05 23:31:10 [INFO] file_cache is only supported with oauth2client<4.0.0
2026-09-05 23:31:15 [INFO]   轉換完成，新 Google Sheets ID：1TMb02wvdXIUFOdeXUf3i-3dyJ6byI0AnRUJF1SsrdEI
2026-09-05 23:31:16 [INFO]   → 寫入 11 列（起始 R3C82）
2026-09-05 23:31:16 [INFO]   已清除範圍（202610 台北）：V3:AD1026
2026-09-05 23:31:16 [INFO]   匯入：20261006排班統計表-台北.xlsx
2026-09-05 23:31:16 [INFO]   xlsx → Google Sheets：20261006排班統計表-台北
2026-09-05 23:31:16 [INFO] file_cache is only supported with oauth2client<4.0.0
2026-09-05 23:31:20 [INFO]   轉換完成，新 Google Sheets ID：19l64lIHHsnc-3rrnBb3DJs6paHkFvNG99iM-w77C-j4
2026-09-05 23:31:21 [INFO]   → 寫入 60 列（起始 R3C22）
2026-09-05 23:31:21 [INFO]   已清除範圍（202610 台中）：CS3:DA1026
2026-09-05 23:31:21 [INFO]   匯入：20261006排班統計表-台中.xlsx
2026-09-05 23:31:21 [INFO]   xlsx → Google Sheets：20261006排班統計表-台中
2026-09-05 23:31:22 [INFO] file_cache is only supported with oauth2client<4.0.0
2026-09-05 23:31:27 [INFO]   轉換完成，新 Google Sheets ID：1go_dxcTaaHg-0ZkYaYO7_zgZ8Agotjj_Ah1cuSpF4ZM
2026-09-05 23:31:29 [INFO]   → 寫入 8 列（起始 R3C97）
2026-09-05 23:31:30 [INFO] Step 1 完成（29.3s）
2026-09-05 23:31:31 [INFO] === 全部完成 run_id=9b073fa0（30.3s）===
