開始執行：專員班表
⚠️ 一鍵日排程 secrets TOML 注入失敗：No secrets found. Valid paths for a secrets.toml file or secret directories are: /home/runner/.streamlit/secrets.toml, /home/runner/work/tool-system/tool-system/.streamlit/secrets.toml
⚠️ 一鍵日排程 secrets env 注入失敗：No secrets found. Valid paths for a secrets.toml file or secret directories are: /home/runner/.streamlit/secrets.toml, /home/runner/work/tool-system/tool-system/.streamlit/secrets.toml
OAuth env ready = True
OAuth bootstrap forced = True
Command: Python bootstrap -> /home/runner/work/tool-system/tool-system/tools/scheduled_daily/staff_schedule.py
[2026-09-06 02:59:46] ====================================================
[2026-09-06 02:59:46] staff_schedule.py 開始執行
[2026-09-06 02:59:46] GITHUB_ACTIONS = true
[2026-09-06 02:59:46] PWD = /home/runner/work/tool-system/tool-system
[2026-09-06 02:59:46] LOCAL_OUTPUT_DIR = /Users/jenny/Library/CloudStorage/GoogleDrive-jenny@lemonclean.com.tw/我的雲端硬碟/lemon_Jenny/Jenny@lemon程式/專員班表
[2026-09-06 02:59:46] LOCAL_OUTPUT_DIR exists = False
[2026-09-06 02:59:46] can_use_local_output_dir = False
[2026-09-06 02:59:46] root folder_id = 11O6eKHQ1e3Irqps7Kq1XJOSVVge3pCAc
[2026-09-06 02:59:46] ====================================================
[2026-09-06 02:59:46] Google Drive 初始化成功
[2026-09-06 02:59:47] 📁 使用既有資料夾：專員班表
[2026-09-06 02:59:47] this_month = 2026-09
[2026-09-06 02:59:47] next_month = 2026-10
[2026-09-06 02:59:47] this_date = 20260906
[2026-09-06 02:59:47] next_date = 20261006
[2026-09-06 02:59:47] 專員班表 folder_id = 1V2AUNsT_jzQWawmnBNU_u-e7odYviwEk
[2026-09-06 02:59:47] 帳號數量 = 2
[2026-09-06 02:59:47] 
[2026-09-06 02:59:47] === 開始處理 台北 ===
[2026-09-06 02:59:47] 開始登入：jenny@lemonclean.com.tw
[2026-09-06 02:59:48] 登入成功：jenny@lemonclean.com.tw
[2026-09-06 02:59:48] 開始下載：city=台北 / month=2026-09 / filename=20260906專員班表-台北.xls
[2026-09-06 02:59:51] ✅ 已下載到暫存：/tmp/tmp4a4smeq_/20260906專員班表-台北.xls
[2026-09-06 02:59:51] 📦 檔案大小：136192 bytes
[2026-09-06 02:59:51] 📂 暫存目錄存在：True
[2026-09-06 02:59:51] 📄 暫存檔案存在：True
[2026-09-06 02:59:51] 目前不是 Jenny 本機環境，略過本機存檔
[2026-09-06 02:59:51] Google Drive 初始化成功
[2026-09-06 02:59:51] 準備上傳到 Google Drive：20260906專員班表-台北.xls
[2026-09-06 02:59:54] ☁️ 已上傳新檔：20260906專員班表-台北.xls (file_id=1Nrivcbb8lBT36dKJ-gMLrCeHSSlZPmss) https://docs.google.com/spreadsheets/d/1Nrivcbb8lBT36dKJ-gMLrCeHSSlZPmss/edit?usp=drivesdk&ouid=101667783075862487943&rtpof=true&sd=true
[2026-09-06 02:59:54] ✅ 完成處理：20260906專員班表-台北.xls
[2026-09-06 02:59:54] 開始下載：city=台北 / month=2026-10 / filename=20261006專員班表-台北.xls
[2026-09-06 02:59:57] ✅ 已下載到暫存：/tmp/tmpuzd2zji6/20261006專員班表-台北.xls
[2026-09-06 02:59:57] 📦 檔案大小：89600 bytes
[2026-09-06 02:59:57] 📂 暫存目錄存在：True
[2026-09-06 02:59:57] 📄 暫存檔案存在：True
[2026-09-06 02:59:57] 目前不是 Jenny 本機環境，略過本機存檔
[2026-09-06 02:59:57] Google Drive 初始化成功
[2026-09-06 02:59:57] 準備上傳到 Google Drive：20261006專員班表-台北.xls
[2026-09-06 03:00:00] ☁️ 已上傳新檔：20261006專員班表-台北.xls (file_id=11ETjRwBaFnIbP3xabhwOOaUumJ93Pesa) https://docs.google.com/spreadsheets/d/11ETjRwBaFnIbP3xabhwOOaUumJ93Pesa/edit?usp=drivesdk&ouid=101667783075862487943&rtpof=true&sd=true
[2026-09-06 03:00:00] ✅ 完成處理：20261006專員班表-台北.xls
[2026-09-06 03:00:00] ✅ 台北 全部完成
[2026-09-06 03:00:00] 
[2026-09-06 03:00:00] === 開始處理 台中 ===
[2026-09-06 03:00:00] 開始登入：jenny.tc@lemonclean.com.tw
[2026-09-06 03:00:01] 登入成功：jenny.tc@lemonclean.com.tw
[2026-09-06 03:00:01] 開始下載：city=台中 / month=2026-09 / filename=20260906專員班表-台中.xls
[2026-09-06 03:00:01] ✅ 已下載到暫存：/tmp/tmpwtmhps40/20260906專員班表-台中.xls
[2026-09-06 03:00:01] 📦 檔案大小：23552 bytes
[2026-09-06 03:00:01] 📂 暫存目錄存在：True
[2026-09-06 03:00:01] 📄 暫存檔案存在：True
[2026-09-06 03:00:01] 目前不是 Jenny 本機環境，略過本機存檔
[2026-09-06 03:00:01] Google Drive 初始化成功
[2026-09-06 03:00:01] 準備上傳到 Google Drive：20260906專員班表-台中.xls
[2026-09-06 03:00:04] ☁️ 已上傳新檔：20260906專員班表-台中.xls (file_id=1UVxU_SFgvilqYYoTuQilgGnnZK5-3OaE) https://docs.google.com/spreadsheets/d/1UVxU_SFgvilqYYoTuQilgGnnZK5-3OaE/edit?usp=drivesdk&ouid=101667783075862487943&rtpof=true&sd=true
[2026-09-06 03:00:04] ✅ 完成處理：20260906專員班表-台中.xls
[2026-09-06 03:00:04] 開始下載：city=台中 / month=2026-10 / filename=20261006專員班表-台中.xls
[2026-09-06 03:00:04] ✅ 已下載到暫存：/tmp/tmpahgicn4k/20261006專員班表-台中.xls
[2026-09-06 03:00:04] 📦 檔案大小：24576 bytes
[2026-09-06 03:00:04] 📂 暫存目錄存在：True
[2026-09-06 03:00:04] 📄 暫存檔案存在：True
[2026-09-06 03:00:04] 目前不是 Jenny 本機環境，略過本機存檔
[2026-09-06 03:00:04] Google Drive 初始化成功
[2026-09-06 03:00:04] 準備上傳到 Google Drive：20261006專員班表-台中.xls
[2026-09-06 03:00:07] ☁️ 已上傳新檔：20261006專員班表-台中.xls (file_id=1xp1gh4LR5ZDcHydw5ksZ4G4IZ6JnCbD3) https://docs.google.com/spreadsheets/d/1xp1gh4LR5ZDcHydw5ksZ4G4IZ6JnCbD3/edit?usp=drivesdk&ouid=101667783075862487943&rtpof=true&sd=true
[2026-09-06 03:00:07] ✅ 完成處理：20261006專員班表-台中.xls
[2026-09-06 03:00:07] ✅ 台中 全部完成
[2026-09-06 03:00:07] 🎉 staff_schedule.py 全部完成

完成執行：專員班表
scheduled_daily scheduler 全部完成
