📋 log_spreadsheet_id 已從設定檔載入
📝 外場排程打卡：外場排班統計表 / running
Command: /opt/hostedtoolcache/Python/3.11.15/x64/bin/python -u -m tools.field_management.schedule_stats --date 20260817 --system-name 外場排程系統 --run-type 排程
[2026-08-17 05:07:49] 開始處理排班統計表：20260817排班統計表-台北
[2026-08-17 05:07:50] 失敗：20260817排班統計表-台北 / 找不到來源檔案：20260817排班統計表-台北 / 20260817排班統計表-台北.xlsx / 20260817排班統計表-台北.xls；資料夾內目前檔案：排班統計表20260909-台中.xlsx、排班統計表20260809-台中.xlsx、排班統計表20260909-台北.xlsx、排班統計表20260809-台北.xlsx、排班統計表20260909-台中.xlsx、排班統計表20260809-台中.xlsx、排班統計表20260909-台北.xlsx、排班統計表20260809-台北.xlsx、排班統計表20260909-台中、排班統計表20260909-台北、排班統計表20260809-台中、排班統計表20260809-台北、排班統計表20260909-台中.xlsx_temp_1786223856、排班統計表20260809-台中.xlsx_temp_1786223848、排班統計表20260909-台北.xlsx_temp_1786223841、排班統計表20260809-台北.xlsx_temp_1786223831、排班統計表20260908-台中、排班統計表20260908-台北、排班統計表20260808-台中、排班統計表20260808-台北、排班統計表20260908-台中.xlsx_temp_1786137963、排班統計表20260808-台中.xlsx_temp_1786137955、排班統計表20260908-台北.xlsx_temp_1786137946、排班統計表20260808-台北.xlsx_temp_1786137937、排班統計表20260908-台中.xlsx、排班統計表20260808-台中.xlsx、排班統計表20260908-台北.xlsx、排班統計表20260808-台北.xlsx、排班統計表20260907-台中.xlsx_temp_1786113620、排班統計表20260907-台中.xlsx_temp_1786113620、排班統計表20260807-台中.xlsx_temp_1786113605、排班統計表20260807-台中.xlsx_temp_1786113599、排班統計表20260907-台北.xlsx_temp_1786113596、排班統計表20260907-台北.xlsx_temp_1786113591、排班統計表20260807-台北.xlsx_temp_1786113589、排班統計表20260807-台北.xlsx_temp_1786113582、排班統計表20260907-台中.xlsx、排班統計表20260807-台中.xlsx、排班統計表20260907-台北.xlsx、排班統計表20260807-台北.xlsx、排班統計表20260906-台中、排班統計表20260906-台北、排班統計表20260806-台中、排班統計表20260806-台北、排班統計表20260906-台中.xlsx_temp_1785967347、排班統計表20260806-台中.xlsx_temp_1785967330、排班統計表20260906-台北.xlsx_temp_1785967323、排班統計表20260806-台北.xlsx_temp_1785967315、排班統計表20260906-台中.xlsx、排班統計表20260806-台中.xlsx、排班統計表20260906-台北.xlsx、排班統計表20260806-台北.xlsx、排班統計表20260805-台中、排班統計表20260805-台中、排班統計表20260805-台北、排班統計表20260905-台中.xlsx、排班統計表20260805-台中.xlsx、排班統計表20260905-台北.xlsx、排班統計表20260805-台北.xlsx、排班統計表20260905-台中、排班統計表20260905-台北、排班統計表20260905-台中.xlsx_temp_1785880860、排班統計表20260905-台北.xlsx_temp_1785880841、排班統計表20260902-台中、排班統計表20260902-台中、排班統計表20260902-台北、排班統計表20260902-台北、排班統計表20260903-台中、排班統計表20260903-台中、排班統計表20260903-台北、排班統計表20260903-台北、排班統計表20260904-台中、排班統計表20260904-台北、排班統計表20260904-台北、排班統計表20260904-台北、排班統計表20260904-台中.xlsx_temp_1785806608、排班統計表20260904-台中.xlsx_temp_1785806608、排班統計表20260904-台北.xlsx_temp_1785806585、排班統計表20260904-台北.xlsx_temp_1785806587、排班統計表20260904-台中.xlsx_temp_1785794161

Traceback (most recent call last):
  File "<frozen runpy>", line 198, in _run_module_as_main
  File "<frozen runpy>", line 88, in _run_code
  File "/home/runner/work/tool-system/tool-system/tools/field_management/schedule_stats.py", line 431, in <module>
    main(
  File "/home/runner/work/tool-system/tool-system/tools/field_management/schedule_stats.py", line 417, in main
    run_schedule_stats_for_area(cfg, current_area, date_key, run_type)  # ★
    ^^^^^^^^^^^^^^^^^^^^^^^^^^^^^^^^^^^^^^^^^^^^^^^^^^^^^^^^^^^^^^^^^^
  File "/home/runner/work/tool-system/tool-system/tools/field_management/schedule_stats.py", line 354, in run_schedule_stats_for_area
    file = find_file_by_possible_names(
           ^^^^^^^^^^^^^^^^^^^^^^^^^^^^
  File "/home/runner/work/tool-system/tool-system/tools/field_management/schedule_stats.py", line 220, in find_file_by_possible_names
    raise RuntimeError(
RuntimeError: 找不到來源檔案：20260817排班統計表-台北 / 20260817排班統計表-台北.xlsx / 20260817排班統計表-台北.xls；資料夾內目前檔案：排班統計表20260909-台中.xlsx、排班統計表20260809-台中.xlsx、排班統計表20260909-台北.xlsx、排班統計表20260809-台北.xlsx、排班統計表20260909-台中.xlsx、排班統計表20260809-台中.xlsx、排班統計表20260909-台北.xlsx、排班統計表20260809-台北.xlsx、排班統計表20260909-台中、排班統計表20260909-台北、排班統計表20260809-台中、排班統計表20260809-台北、排班統計表20260909-台中.xlsx_temp_1786223856、排班統計表20260809-台中.xlsx_temp_1786223848、排班統計表20260909-台北.xlsx_temp_1786223841、排班統計表20260809-台北.xlsx_temp_1786223831、排班統計表20260908-台中、排班統計表20260908-台北、排班統計表20260808-台中、排班統計表20260808-台北、排班統計表20260908-台中.xlsx_temp_1786137963、排班統計表20260808-台中.xlsx_temp_1786137955、排班統計表20260908-台北.xlsx_temp_1786137946、排班統計表20260808-台北.xlsx_temp_1786137937、排班統計表20260908-台中.xlsx、排班統計表20260808-台中.xlsx、排班統計表20260908-台北.xlsx、排班統計表20260808-台北.xlsx、排班統計表20260907-台中.xlsx_temp_1786113620、排班統計表20260907-台中.xlsx_temp_1786113620、排班統計表20260807-台中.xlsx_temp_1786113605、排班統計表20260807-台中.xlsx_temp_1786113599、排班統計表20260907-台北.xlsx_temp_1786113596、排班統計表20260907-台北.xlsx_temp_1786113591、排班統計表20260807-台北.xlsx_temp_1786113589、排班統計表20260807-台北.xlsx_temp_1786113582、排班統計表20260907-台中.xlsx、排班統計表20260807-台中.xlsx、排班統計表20260907-台北.xlsx、排班統計表20260807-台北.xlsx、排班統計表20260906-台中、排班統計表20260906-台北、排班統計表20260806-台中、排班統計表20260806-台北、排班統計表20260906-台中.xlsx_temp_1785967347、排班統計表20260806-台中.xlsx_temp_1785967330、排班統計表20260906-台北.xlsx_temp_1785967323、排班統計表20260806-台北.xlsx_temp_1785967315、排班統計表20260906-台中.xlsx、排班統計表20260806-台中.xlsx、排班統計表20260906-台北.xlsx、排班統計表20260806-台北.xlsx、排班統計表20260805-台中、排班統計表20260805-台中、排班統計表20260805-台北、排班統計表20260905-台中.xlsx、排班統計表20260805-台中.xlsx、排班統計表20260905-台北.xlsx、排班統計表20260805-台北.xlsx、排班統計表20260905-台中、排班統計表20260905-台北、排班統計表20260905-台中.xlsx_temp_1785880860、排班統計表20260905-台北.xlsx_temp_1785880841、排班統計表20260902-台中、排班統計表20260902-台中、排班統計表20260902-台北、排班統計表20260902-台北、排班統計表20260903-台中、排班統計表20260903-台中、排班統計表20260903-台北、排班統計表20260903-台北、排班統計表20260904-台中、排班統計表20260904-台北、排班統計表20260904-台北、排班統計表20260904-台北、排班統計表20260904-台中.xlsx_temp_1785806608、排班統計表20260904-台中.xlsx_temp_1785806608、排班統計表20260904-台北.xlsx_temp_1785806585、排班統計表20260904-台北.xlsx_temp_1785806587、排班統計表20260904-台中.xlsx_temp_1785794161

📝 外場排程打卡：外場排班統計表 / failed
Traceback (most recent call last):
  File "<frozen runpy>", line 198, in _run_module_as_main
  File "<frozen runpy>", line 88, in _run_code
  File "/home/runner/work/tool-system/tool-system/tools/field_management/scheduler.py", line 179, in <module>
    main(target=args.target, date_key=args.date, area=args.area or None, system_name=args.system_name)
  File "/home/runner/work/tool-system/tool-system/tools/field_management/scheduler.py", line 158, in main
    results.append(run_job(job_name, date_key, area, system_name))
                   ^^^^^^^^^^^^^^^^^^^^^^^^^^^^^^^^^^^^^^^^^^^^^^
  File "/home/runner/work/tool-system/tool-system/tools/field_management/scheduler.py", line 134, in run_job
    raise RuntimeError(message)
RuntimeError: 外場排班統計表 執行失敗，exit=1
STDOUT:
[2026-08-17 05:07:49] 開始處理排班統計表：20260817排班統計表-台北
[2026-08-17 05:07:50] 失敗：20260817排班統計表-台北 / 找不到來源檔案：20260817排班統計表-台北 / 20260817排班統計表-台北.xlsx / 20260817排班統計表-台北.xls；資料夾內目前檔案：排班統計表20260909-台中.xlsx、排班統計表20260809-台中.xlsx、排班統計表20260909-台北.xlsx、排班統計表20260809-台北.xlsx、排班統計表20260909-台中.xlsx、排班統計表20260809-台中.xlsx、排班統計表20260909-台北.xlsx、排班統計表20260809-台北.xlsx、排班統計表20260909-台中、排班統計表20260909-台北、排班統計表20260809-台中、排班統計表20260809-台北、排班統計表20260909-台中.xlsx_temp_1786223856、排班統計表20260809-台中.xlsx_temp_1786223848、排班統計表20260909-台北.xlsx_temp_1786223841、排班統計表20260809-台北.xlsx_temp_1786223831、排班統計表20260908-台中、排班統計表20260908-台北、排班統計表20260808-台中、排班統計表20260808-台北、排班統計表20260908-台中.xlsx_temp_1786137963、排班統計表20260808-台中.xlsx_temp_1786137955、排班統計表20260908-台北.xlsx_temp_1786137946、排班統計表20260808-台北.xlsx_temp_1786137937、排班統計表20260908-台中.xlsx、排班統計表20260808-台中.xlsx、排班統計表20260908-台北.xlsx、排班統計表20260808-台北.xlsx、排班統計表20260907-台中.xlsx_temp_1786113620、排班統計表20260907-台中.xlsx_temp_1786113620、排班統計表20260807-台中.xlsx_temp_1786113605、排班統計表20260807-台中.xlsx_temp_1786113599、排班統計表20260907-台北.xlsx_temp_1786113596、排班統計表20260907-台北.xlsx_temp_1786113591、排班統計表20260807-台北.xlsx_temp_1786113589、排班統計表20260807-台北.xlsx_temp_1786113582、排班統計表20260907-台中.xlsx、排班統計表20260807-台中.xlsx、排班統計表20260907-台北.xlsx、排班統計表20260807-台北.xlsx、排班統計表20260906-台中、排班統計表20260906-台北、排班統計表20260806-台中、排班統計表20260806-台北、排班統計表20260906-台中.xlsx_temp_1785967347、排班統計表20260806-台中.xlsx_temp_1785967330、排班統計表20260906-台北.xlsx_temp_1785967323、排班統計表20260806-台北.xlsx_temp_1785967315、排班統計表20260906-台中.xlsx、排班統計表20260806-台中.xlsx、排班統計表20260906-台北.xlsx、排班統計表20260806-台北.xlsx、排班統計表20260805-台中、排班統計表20260805-台中、排班統計表20260805-台北、排班統計表20260905-台中.xlsx、排班統計表20260805-台中.xlsx、排班統計表20260905-台北.xlsx、排班統計表20260805-台北.xlsx、排班統計表20260905-台中、排班統計表20260905-台北、排班統計表20260905-台中.xlsx_temp_1785880860、排班統計表20260905-台北.xlsx_temp_1785880841、排班統計表20260902-台中、排班統計表20260902-台中、排班統計表20260902-台北、排班統計表20260902-台北、排班統計表20260903-台中、排班統計表20260903-台中、排班統計表20260903-台北、排班統計表20260903-台北、排班統計表20260904-台中、排班統計表20260904-台北、排班統計表20260904-台北、排班統計表20260904-台北、排班統計表20260904-台中.xlsx_temp_1785806608、排班統計表20260904-台中.xlsx_temp_1785806608、排班統計表20260904-台北.xlsx_temp_1785806585、排班統計表20260904-台北.xlsx_temp_1785806587、排班統計表20260904-台中.xlsx_temp_1785794161

STDERR:
Traceback (most recent call last):
  File "<frozen runpy>", line 198, in _run_module_as_main
  File "<frozen runpy>", line 88, in _run_code
  File "/home/runner/work/tool-system/tool-system/tools/field_management/schedule_stats.py", line 431, in <module>
    main(
  File "/home/runner/work/tool-system/tool-system/tools/field_management/schedule_stats.py", line 417, in main
    run_schedule_stats_for_area(cfg, current_area, date_key, run_type)  # ★
    ^^^^^^^^^^^^^^^^^^^^^^^^^^^^^^^^^^^^^^^^^^^^^^^^^^^^^^^^^^^^^^^^^^
  File "/home/runner/work/tool-system/tool-system/tools/field_management/schedule_stats.py", line 354, in run_schedule_stats_for_area
    file = find_file_by_possible_names(
           ^^^^^^^^^^^^^^^^^^^^^^^^^^^^
  File "/home/runner/work/tool-system/tool-system/tools/field_management/schedule_stats.py", line 220, in find_file_by_possible_names
    raise RuntimeError(
RuntimeError: 找不到來源檔案：20260817排班統計表-台北 / 20260817排班統計表-台北.xlsx / 20260817排班統計表-台北.xls；資料夾內目前檔案：排班統計表20260909-台中.xlsx、排班統計表20260809-台中.xlsx、排班統計表20260909-台北.xlsx、排班統計表20260809-台北.xlsx、排班統計表20260909-台中.xlsx、排班統計表20260809-台中.xlsx、排班統計表20260909-台北.xlsx、排班統計表20260809-台北.xlsx、排班統計表20260909-台中、排班統計表20260909-台北、排班統計表20260809-台中、排班統計表20260809-台北、排班統計表20260909-台中.xlsx_temp_1786223856、排班統計表20260809-台中.xlsx_temp_1786223848、排班統計表20260909-台北.xlsx_temp_1786223841、排班統計表20260809-台北.xlsx_temp_1786223831、排班統計表20260908-台中、排班統計表20260908-台北、排班統計表20260808-台中、排班統計表20260808-台北、排班統計表20260908-台中.xlsx_temp_1786137963、排班統計表20260808-台中.xlsx_temp_1786137955、排班統計表20260908-台北.xlsx_temp_1786137946、排班統計表20260808-台北.xlsx_temp_1786137937、排班統計表20260908-台中.xlsx、排班統計表20260808-台中.xlsx、排班統計表20260908-台北.xlsx、排班統計表20260808-台北.xlsx、排班統計表20260907-台中.xlsx_temp_1786113620、排班統計表20260907-台中.xlsx_temp_1786113620、排班統計表20260807-台中.xlsx_temp_1786113605、排班統計表20260807-台中.xlsx_temp_1786113599、排班統計表20260907-台北.xlsx_temp_1786113596、排班統計表20260907-台北.xlsx_temp_1786113591、排班統計表20260807-台北.xlsx_temp_1786113589、排班統計表20260807-台北.xlsx_temp_1786113582、排班統計表20260907-台中.xlsx、排班統計表20260807-台中.xlsx、排班統計表20260907-台北.xlsx、排班統計表20260807-台北.xlsx、排班統計表20260906-台中、排班統計表20260906-台北、排班統計表20260806-台中、排班統計表20260806-台北、排班統計表20260906-台中.xlsx_temp_1785967347、排班統計表20260806-台中.xlsx_temp_1785967330、排班統計表20260906-台北.xlsx_temp_1785967323、排班統計表20260806-台北.xlsx_temp_1785967315、排班統計表20260906-台中.xlsx、排班統計表20260806-台中.xlsx、排班統計表20260906-台北.xlsx、排班統計表20260806-台北.xlsx、排班統計表20260805-台中、排班統計表20260805-台中、排班統計表20260805-台北、排班統計表20260905-台中.xlsx、排班統計表20260805-台中.xlsx、排班統計表20260905-台北.xlsx、排班統計表20260805-台北.xlsx、排班統計表20260905-台中、排班統計表20260905-台北、排班統計表20260905-台中.xlsx_temp_1785880860、排班統計表20260905-台北.xlsx_temp_1785880841、排班統計表20260902-台中、排班統計表20260902-台中、排班統計表20260902-台北、排班統計表20260902-台北、排班統計表20260903-台中、排班統計表20260903-台中、排班統計表20260903-台北、排班統計表20260903-台北、排班統計表20260904-台中、排班統計表20260904-台北、排班統計表20260904-台北、排班統計表20260904-台北、排班統計表20260904-台中.xlsx_temp_1785806608、排班統計表20260904-台中.xlsx_temp_1785806608、排班統計表20260904-台北.xlsx_temp_1785806585、排班統計表20260904-台北.xlsx_temp_1785806587、排班統計表20260904-台中.xlsx_temp_1785794161

