開始執行：排班統計表
⚠️ 一鍵日排程 secrets TOML 注入失敗：No secrets found. Valid paths for a secrets.toml file or secret directories are: /home/runner/.streamlit/secrets.toml, /home/runner/work/tool-system/tool-system/.streamlit/secrets.toml
⚠️ 一鍵日排程 secrets env 注入失敗：No secrets found. Valid paths for a secrets.toml file or secret directories are: /home/runner/.streamlit/secrets.toml, /home/runner/work/tool-system/tool-system/.streamlit/secrets.toml
OAuth env ready = True
OAuth bootstrap forced = True
Command: Python bootstrap -> /home/runner/work/tool-system/tool-system/tools/scheduled_daily/schedule_report.py
[2026-08-17 01:12:37] ====================================================
[2026-08-17 01:12:37] schedule_report.py 開始執行
[2026-08-17 01:12:37] GITHUB_ACTIONS = true
[2026-08-17 01:12:37] PWD = /home/runner/work/tool-system/tool-system
[2026-08-17 01:12:37] LOCAL_OUTPUT_DIR = /Users/jenny/Library/CloudStorage/GoogleDrive-jenny@lemonclean.com.tw/.shortcut-targets-by-id/1zbu45AG1adMzz24HPdi_tLfh2Tncw_Br/排班統計表
[2026-08-17 01:12:37] LOCAL_OUTPUT_DIR exists = False
[2026-08-17 01:12:37] can_use_local_output_dir = False
[2026-08-17 01:12:37] root folder_id = 11O6eKHQ1e3Irqps7Kq1XJOSVVge3pCAc
[2026-08-17 01:12:37] ====================================================
[2026-08-17 01:12:37] Google Drive 初始化成功
[2026-08-17 01:12:38] 📁 使用既有資料夾：排班統計表
[2026-08-17 01:12:38] this_month = 2026-08
[2026-08-17 01:12:38] next_month = 2026-09
[2026-08-17 01:12:38] today_stamp = 20260817
[2026-08-17 01:12:38] next_month_stamp = 20260917
[2026-08-17 01:12:38] 排班統計表 folder_id = 18XDXdrCSsLYwSzz1Da9pQh-jGm2h2Ed8
[2026-08-17 01:12:38] 帳號數量 = 2
[2026-08-17 01:12:38] 
[2026-08-17 01:12:38] === 開始處理 台北 ===
[2026-08-17 01:12:38] 開始登入：jenny@lemonclean.com.tw
[2026-08-17 01:12:39] 登入成功：jenny@lemonclean.com.tw
[2026-08-17 01:12:39] 開始下載：month=2026-08 / filename=20260817排班統計表-台北.xlsx
[2026-08-17 01:12:41] ✅ 已下載到暫存：/tmp/tmpvotquvf3/20260817排班統計表-台北.xlsx
[2026-08-17 01:12:41] 📦 檔案大小：17920 bytes
[2026-08-17 01:12:41] 📂 暫存目錄存在：True
[2026-08-17 01:12:41] 📄 暫存檔案存在：True
[2026-08-17 01:12:41] 目前不是 Jenny 本機環境，略過本機存檔
[2026-08-17 01:12:41] Google Drive 初始化成功
[2026-08-17 01:12:41] 準備上傳到 Google Drive：20260817排班統計表-台北.xlsx
[2026-08-17 01:12:43] ☁️ 已上傳新檔：20260817排班統計表-台北.xlsx (file_id=131ockUQaw0kcrZxH1p117mgHTUJDMBY6) https://docs.google.com/spreadsheets/d/131ockUQaw0kcrZxH1p117mgHTUJDMBY6/edit?usp=drivesdk&ouid=101667783075862487943&rtpof=true&sd=true
[2026-08-17 01:12:43] ✅ 完成處理：20260817排班統計表-台北.xlsx
[2026-08-17 01:12:43] 開始下載：month=2026-09 / filename=20260917排班統計表-台北.xlsx
[2026-08-17 01:12:44] ✅ 已下載到暫存：/tmp/tmpvf64f7wp/20260917排班統計表-台北.xlsx
[2026-08-17 01:12:44] 📦 檔案大小：14336 bytes
[2026-08-17 01:12:44] 📂 暫存目錄存在：True
[2026-08-17 01:12:44] 📄 暫存檔案存在：True
[2026-08-17 01:12:44] 目前不是 Jenny 本機環境，略過本機存檔
[2026-08-17 01:12:44] Google Drive 初始化成功
[2026-08-17 01:12:44] 準備上傳到 Google Drive：20260917排班統計表-台北.xlsx
[2026-08-17 01:12:45] ☁️ 已上傳新檔：20260917排班統計表-台北.xlsx (file_id=1HLe600I2zDP8-Vw2NGmMd3kTnPijIgAm) https://docs.google.com/spreadsheets/d/1HLe600I2zDP8-Vw2NGmMd3kTnPijIgAm/edit?usp=drivesdk&ouid=101667783075862487943&rtpof=true&sd=true
[2026-08-17 01:12:45] ✅ 完成處理：20260917排班統計表-台北.xlsx
[2026-08-17 01:12:45] ✅ 台北 全部完成
[2026-08-17 01:12:45] 
[2026-08-17 01:12:45] === 開始處理 台中 ===
[2026-08-17 01:12:45] 開始登入：jenny.tc@lemonclean.com.tw
[2026-08-17 01:12:47] 登入成功：jenny.tc@lemonclean.com.tw
[2026-08-17 01:12:47] 開始下載：month=2026-08 / filename=20260817排班統計表-台中.xlsx
[2026-08-17 01:12:47] ✅ 已下載到暫存：/tmp/tmpqrsmugvr/20260817排班統計表-台中.xlsx
[2026-08-17 01:12:47] 📦 檔案大小：7168 bytes
[2026-08-17 01:12:47] 📂 暫存目錄存在：True
[2026-08-17 01:12:47] 📄 暫存檔案存在：True
[2026-08-17 01:12:47] 目前不是 Jenny 本機環境，略過本機存檔
[2026-08-17 01:12:47] Google Drive 初始化成功
[2026-08-17 01:12:47] 準備上傳到 Google Drive：20260817排班統計表-台中.xlsx
[2026-08-17 01:12:48] ☁️ 已上傳新檔：20260817排班統計表-台中.xlsx (file_id=1WXC8PgDcaPczo2SvR9gjF_ViTn6XM-ZL) https://docs.google.com/spreadsheets/d/1WXC8PgDcaPczo2SvR9gjF_ViTn6XM-ZL/edit?usp=drivesdk&ouid=101667783075862487943&rtpof=true&sd=true
[2026-08-17 01:12:48] ✅ 完成處理：20260817排班統計表-台中.xlsx
[2026-08-17 01:12:48] 開始下載：month=2026-09 / filename=20260917排班統計表-台中.xlsx
[2026-08-17 01:12:49] ✅ 已下載到暫存：/tmp/tmphq64g25p/20260917排班統計表-台中.xlsx
[2026-08-17 01:12:49] 📦 檔案大小：5632 bytes
[2026-08-17 01:12:49] 📂 暫存目錄存在：True
[2026-08-17 01:12:49] 📄 暫存檔案存在：True
[2026-08-17 01:12:49] 目前不是 Jenny 本機環境，略過本機存檔
[2026-08-17 01:12:49] Google Drive 初始化成功
[2026-08-17 01:12:49] 準備上傳到 Google Drive：20260917排班統計表-台中.xlsx
[2026-08-17 01:12:51] ☁️ 已上傳新檔：20260917排班統計表-台中.xlsx (file_id=137wpSy9ND8YTCu1Vg6nCnSEXfNnO6XRs) https://docs.google.com/spreadsheets/d/137wpSy9ND8YTCu1Vg6nCnSEXfNnO6XRs/edit?usp=drivesdk&ouid=101667783075862487943&rtpof=true&sd=true
[2026-08-17 01:12:51] ✅ 完成處理：20260917排班統計表-台中.xlsx
[2026-08-17 01:12:51] ✅ 台中 全部完成
[2026-08-17 01:12:51] 🎉 schedule_report.py 全部完成

完成執行：排班統計表
scheduled_daily scheduler 全部完成
