開始執行：專員個資
⚠️ 一鍵日排程 secrets TOML 注入失敗：No secrets found. Valid paths for a secrets.toml file or secret directories are: /home/runner/.streamlit/secrets.toml, /home/runner/work/tool-system/tool-system/.streamlit/secrets.toml
⚠️ 一鍵日排程 secrets env 注入失敗：No secrets found. Valid paths for a secrets.toml file or secret directories are: /home/runner/.streamlit/secrets.toml, /home/runner/work/tool-system/tool-system/.streamlit/secrets.toml
OAuth env ready = True
OAuth bootstrap forced = True
Command: Python bootstrap -> /home/runner/work/tool-system/tool-system/tools/scheduled_daily/staff_info.py
[2026-08-17 01:41:28] ====================================================
[2026-08-17 01:41:28] staff_info.py 開始執行
[2026-08-17 01:41:28] GITHUB_ACTIONS = true
[2026-08-17 01:41:28] PWD = /home/runner/work/tool-system/tool-system
[2026-08-17 01:41:28] LOCAL_OUTPUT_DIR = /Users/jenny/Library/CloudStorage/GoogleDrive-jenny@lemonclean.com.tw/我的雲端硬碟/lemon_Jenny/Jenny@lemon程式/專員個資
[2026-08-17 01:41:28] LOCAL_OUTPUT_DIR exists = False
[2026-08-17 01:41:28] can_use_local_output_dir = False
[2026-08-17 01:41:28] root folder_id = 11O6eKHQ1e3Irqps7Kq1XJOSVVge3pCAc
[2026-08-17 01:41:28] ====================================================
[2026-08-17 01:41:28] Google Drive 初始化成功
[2026-08-17 01:41:29] 📁 使用既有資料夾：專員個資
[2026-08-17 01:41:29] today_stamp = 20260817
[2026-08-17 01:41:29] 專員個資 folder_id = 1v1Er8oC3BEAWHbBrDq3SUpjEDwHIuK0f
[2026-08-17 01:41:29] 帳號數量 = 2
[2026-08-17 01:41:29] 
[2026-08-17 01:41:29] === 開始處理 台北 ===
[2026-08-17 01:41:29] 開始登入：jenny@lemonclean.com.tw
[2026-08-17 01:41:30] 登入成功：jenny@lemonclean.com.tw
[2026-08-17 01:41:30] 開始下載：city=台北 / filename=20260817專員個資-台北.xlsx
[2026-08-17 01:41:34] ✅ 已下載到暫存：/tmp/tmpxgmt3tla/20260817專員個資-台北.xlsx
[2026-08-17 01:41:34] 📦 檔案大小：225792 bytes
[2026-08-17 01:41:34] 📂 暫存目錄存在：True
[2026-08-17 01:41:34] 📄 暫存檔案存在：True
[2026-08-17 01:41:34] 目前不是 Jenny 本機環境，略過本機存檔
[2026-08-17 01:41:34] Google Drive 初始化成功
[2026-08-17 01:41:34] 準備上傳到 Google Drive：20260817專員個資-台北.xlsx
[2026-08-17 01:41:36] ☁️ 已上傳新檔：20260817專員個資-台北.xlsx (file_id=1rxsHfejyzUsp8Y_E6vggtTFbF0fkZQte) https://docs.google.com/spreadsheets/d/1rxsHfejyzUsp8Y_E6vggtTFbF0fkZQte/edit?usp=drivesdk&ouid=101667783075862487943&rtpof=true&sd=true
[2026-08-17 01:41:36] ✅ 完成處理：20260817專員個資-台北.xlsx
[2026-08-17 01:41:36] ✅ 台北 全部完成
[2026-08-17 01:41:36] 
[2026-08-17 01:41:36] === 開始處理 台中 ===
[2026-08-17 01:41:36] 開始登入：jenny.tc@lemonclean.com.tw
[2026-08-17 01:41:37] 登入成功：jenny.tc@lemonclean.com.tw
[2026-08-17 01:41:37] 開始下載：city=台中 / filename=20260817專員個資-台中.xlsx
[2026-08-17 01:41:38] ✅ 已下載到暫存：/tmp/tmpywlufsh2/20260817專員個資-台中.xlsx
[2026-08-17 01:41:38] 📦 檔案大小：59904 bytes
[2026-08-17 01:41:38] 📂 暫存目錄存在：True
[2026-08-17 01:41:38] 📄 暫存檔案存在：True
[2026-08-17 01:41:38] 目前不是 Jenny 本機環境，略過本機存檔
[2026-08-17 01:41:38] Google Drive 初始化成功
[2026-08-17 01:41:38] 準備上傳到 Google Drive：20260817專員個資-台中.xlsx
[2026-08-17 01:41:41] ☁️ 已上傳新檔：20260817專員個資-台中.xlsx (file_id=14uKwDne5191VYhX5q22tLkJoK9wrBSQu) https://docs.google.com/spreadsheets/d/14uKwDne5191VYhX5q22tLkJoK9wrBSQu/edit?usp=drivesdk&ouid=101667783075862487943&rtpof=true&sd=true
[2026-08-17 01:41:41] ✅ 完成處理：20260817專員個資-台中.xlsx
[2026-08-17 01:41:41] ✅ 台中 全部完成
[2026-08-17 01:41:41] 🎉 staff_info.py 全部完成

完成執行：專員個資
scheduled_daily scheduler 全部完成
