開始執行：專員班表
⚠️ 一鍵日排程 secrets TOML 注入失敗：No secrets found. Valid paths for a secrets.toml file or secret directories are: /home/runner/.streamlit/secrets.toml, /home/runner/work/tool-system/tool-system/.streamlit/secrets.toml
⚠️ 一鍵日排程 secrets env 注入失敗：No secrets found. Valid paths for a secrets.toml file or secret directories are: /home/runner/.streamlit/secrets.toml, /home/runner/work/tool-system/tool-system/.streamlit/secrets.toml
OAuth env ready = True
OAuth bootstrap forced = True
Command: Python bootstrap -> /home/runner/work/tool-system/tool-system/tools/scheduled_daily/staff_schedule.py
[2026-08-17 01:30:04] ====================================================
[2026-08-17 01:30:04] staff_schedule.py 開始執行
[2026-08-17 01:30:04] GITHUB_ACTIONS = true
[2026-08-17 01:30:04] PWD = /home/runner/work/tool-system/tool-system
[2026-08-17 01:30:04] LOCAL_OUTPUT_DIR = /Users/jenny/Library/CloudStorage/GoogleDrive-jenny@lemonclean.com.tw/我的雲端硬碟/lemon_Jenny/Jenny@lemon程式/專員班表
[2026-08-17 01:30:04] LOCAL_OUTPUT_DIR exists = False
[2026-08-17 01:30:04] can_use_local_output_dir = False
[2026-08-17 01:30:04] root folder_id = 11O6eKHQ1e3Irqps7Kq1XJOSVVge3pCAc
[2026-08-17 01:30:04] ====================================================
[2026-08-17 01:30:04] Google Drive 初始化成功
[2026-08-17 01:30:04] 📁 使用既有資料夾：專員班表
[2026-08-17 01:30:04] this_month = 2026-08
[2026-08-17 01:30:04] next_month = 2026-09
[2026-08-17 01:30:04] this_date = 20260817
[2026-08-17 01:30:04] next_date = 20260917
[2026-08-17 01:30:04] 專員班表 folder_id = 1V2AUNsT_jzQWawmnBNU_u-e7odYviwEk
[2026-08-17 01:30:04] 帳號數量 = 2
[2026-08-17 01:30:04] 
[2026-08-17 01:30:04] === 開始處理 台北 ===
[2026-08-17 01:30:04] 開始登入：jenny@lemonclean.com.tw
[2026-08-17 01:30:06] 登入成功：jenny@lemonclean.com.tw
[2026-08-17 01:30:06] 開始下載：city=台北 / month=2026-08 / filename=20260817專員班表-台北.xls
[2026-08-17 01:30:11] ✅ 已下載到暫存：/tmp/tmph2il423k/20260817專員班表-台北.xls
[2026-08-17 01:30:11] 📦 檔案大小：137216 bytes
[2026-08-17 01:30:11] 📂 暫存目錄存在：True
[2026-08-17 01:30:11] 📄 暫存檔案存在：True
[2026-08-17 01:30:11] 目前不是 Jenny 本機環境，略過本機存檔
[2026-08-17 01:30:11] Google Drive 初始化成功
[2026-08-17 01:30:11] 準備上傳到 Google Drive：20260817專員班表-台北.xls
[2026-08-17 01:30:12] ☁️ 已上傳新檔：20260817專員班表-台北.xls (file_id=1k3QhfG7cSOzWiLjlUpGzFpx4mo1YMic6) https://docs.google.com/spreadsheets/d/1k3QhfG7cSOzWiLjlUpGzFpx4mo1YMic6/edit?usp=drivesdk&ouid=101667783075862487943&rtpof=true&sd=true
[2026-08-17 01:30:12] ✅ 完成處理：20260817專員班表-台北.xls
[2026-08-17 01:30:12] 開始下載：city=台北 / month=2026-09 / filename=20260917專員班表-台北.xls
[2026-08-17 01:30:17] ✅ 已下載到暫存：/tmp/tmpvz3nonej/20260917專員班表-台北.xls
[2026-08-17 01:30:17] 📦 檔案大小：99328 bytes
[2026-08-17 01:30:17] 📂 暫存目錄存在：True
[2026-08-17 01:30:17] 📄 暫存檔案存在：True
[2026-08-17 01:30:17] 目前不是 Jenny 本機環境，略過本機存檔
[2026-08-17 01:30:17] Google Drive 初始化成功
[2026-08-17 01:30:17] 準備上傳到 Google Drive：20260917專員班表-台北.xls
[2026-08-17 01:30:18] ☁️ 已上傳新檔：20260917專員班表-台北.xls (file_id=13VY1xgAvk4DouqsW3aVpOfGPg73JFs2r) https://docs.google.com/spreadsheets/d/13VY1xgAvk4DouqsW3aVpOfGPg73JFs2r/edit?usp=drivesdk&ouid=101667783075862487943&rtpof=true&sd=true
[2026-08-17 01:30:18] ✅ 完成處理：20260917專員班表-台北.xls
[2026-08-17 01:30:18] ✅ 台北 全部完成
[2026-08-17 01:30:18] 
[2026-08-17 01:30:18] === 開始處理 台中 ===
[2026-08-17 01:30:18] 開始登入：jenny.tc@lemonclean.com.tw
[2026-08-17 01:30:20] 登入成功：jenny.tc@lemonclean.com.tw
[2026-08-17 01:30:20] 開始下載：city=台中 / month=2026-08 / filename=20260817專員班表-台中.xls
[2026-08-17 01:30:21] ✅ 已下載到暫存：/tmp/tmpasg5jzhn/20260817專員班表-台中.xls
[2026-08-17 01:30:21] 📦 檔案大小：26624 bytes
[2026-08-17 01:30:21] 📂 暫存目錄存在：True
[2026-08-17 01:30:21] 📄 暫存檔案存在：True
[2026-08-17 01:30:21] 目前不是 Jenny 本機環境，略過本機存檔
[2026-08-17 01:30:21] Google Drive 初始化成功
[2026-08-17 01:30:21] 準備上傳到 Google Drive：20260817專員班表-台中.xls
[2026-08-17 01:30:22] ☁️ 已上傳新檔：20260817專員班表-台中.xls (file_id=1351gP7OCvyKsvDnjSGENFCZ7OenoJe1A) https://docs.google.com/spreadsheets/d/1351gP7OCvyKsvDnjSGENFCZ7OenoJe1A/edit?usp=drivesdk&ouid=101667783075862487943&rtpof=true&sd=true
[2026-08-17 01:30:22] ✅ 完成處理：20260817專員班表-台中.xls
[2026-08-17 01:30:22] 開始下載：city=台中 / month=2026-09 / filename=20260917專員班表-台中.xls
[2026-08-17 01:30:23] ✅ 已下載到暫存：/tmp/tmpy60b4vf_/20260917專員班表-台中.xls
[2026-08-17 01:30:23] 📦 檔案大小：22528 bytes
[2026-08-17 01:30:23] 📂 暫存目錄存在：True
[2026-08-17 01:30:23] 📄 暫存檔案存在：True
[2026-08-17 01:30:23] 目前不是 Jenny 本機環境，略過本機存檔
[2026-08-17 01:30:23] Google Drive 初始化成功
[2026-08-17 01:30:23] 準備上傳到 Google Drive：20260917專員班表-台中.xls
[2026-08-17 01:30:24] ☁️ 已上傳新檔：20260917專員班表-台中.xls (file_id=1MLy3dFKvWGE_kEkKtBoJI47PgUeI6oq7) https://docs.google.com/spreadsheets/d/1MLy3dFKvWGE_kEkKtBoJI47PgUeI6oq7/edit?usp=drivesdk&ouid=101667783075862487943&rtpof=true&sd=true
[2026-08-17 01:30:24] ✅ 完成處理：20260917專員班表-台中.xls
[2026-08-17 01:30:24] ✅ 台中 全部完成
[2026-08-17 01:30:24] 🎉 staff_schedule.py 全部完成

完成執行：專員班表
scheduled_daily scheduler 全部完成
