⚠️ 月排程 secrets TOML 注入失敗：No secrets found. Valid paths for a secrets.toml file or secret directories are: /home/runner/.streamlit/secrets.toml, /home/runner/work/tool-system/tool-system/.streamlit/secrets.toml
⚠️ 月排程 secrets env 注入失敗：No secrets found. Valid paths for a secrets.toml file or secret directories are: /home/runner/.streamlit/secrets.toml, /home/runner/work/tool-system/tool-system/.streamlit/secrets.toml
📁 月排程年度資料夾：2026專員承攬服務費 (1TnV_tpDnaSwPDDvjq8AtGL6uRC0OwGUK)
📂 月排程總根目錄：1t0B8BdUKBvaS6TM40-hpodUnxeZr3eWe
📂 本次使用年度：2026
📂 本次年度 folder_id：1TnV_tpDnaSwPDDvjq8AtGL6uRC0OwGUK
📝 月排程打卡：儲值金預收 / running
⚠️ 月排程 secrets TOML 注入失敗：No secrets found. Valid paths for a secrets.toml file or secret directories are: /home/runner/.streamlit/secrets.toml, /home/runner/work/tool-system/tool-system/.streamlit/secrets.toml
⚠️ 月排程 secrets env 注入失敗：No secrets found. Valid paths for a secrets.toml file or secret directories are: /home/runner/.streamlit/secrets.toml, /home/runner/work/tool-system/tool-system/.streamlit/secrets.toml
OAuth env ready = True
OAuth bootstrap forced = True
Command: Python bootstrap -> /home/runner/work/tool-system/tool-system/tools/scheduled_monthly/stored_value_prepaid.py
📌 功能：儲值金預收
📌 版本：0704_v3
📌 期別：202609-2
📌 存取期間：預收/服務：2026-10-01 ~ 2027-01-30
📌 執行區域：all
📌 月排程總根目錄：15GQ7eUqUrxS95JKOaO6W_qV0g6OBXRPv

=== 處理 台北 ===
✅ 登入成功：jenny@lemonclean.com.tw
📁 使用既有資料夾：2026 / 1LGyIdG0QXKOvhHOFBowFgkgBpgGmfu1Y
📁 使用既有資料夾：202609 / 1mAUis2xU0UIZq9Vy6OW8saRQGXonltf2
🔄 下載 全部
🗑️ 已刪除重複舊檔：202609儲值金預收-台北.xlsx
☁️ 已上傳新檔：202609儲值金預收-台北.xlsx → folder_id=1mAUis2xU0UIZq9Vy6OW8saRQGXonltf2 https://docs.google.com/spreadsheets/d/1RhYdiNJNbUdO1jZXc0H83Iah8tVYcJJ-/edit?usp=drivesdk&ouid=101667783075862487943&rtpof=true&sd=true
✅ 已寫入月排程 Log

=== 處理 台中 ===
✅ 登入成功：jenny.tc@lemonclean.com.tw
📁 使用既有資料夾：2026 / 1LGyIdG0QXKOvhHOFBowFgkgBpgGmfu1Y
📁 使用既有資料夾：202609 / 1mAUis2xU0UIZq9Vy6OW8saRQGXonltf2
🔄 下載 全部
🗑️ 已刪除重複舊檔：202609儲值金預收-台中.xlsx
☁️ 已上傳新檔：202609儲值金預收-台中.xlsx → folder_id=1mAUis2xU0UIZq9Vy6OW8saRQGXonltf2 https://docs.google.com/spreadsheets/d/1hVKvywiQPLy4cESbsyQzxJQLtSyqZOkv/edit?usp=drivesdk&ouid=101667783075862487943&rtpof=true&sd=true
✅ 已寫入月排程 Log

=== 處理 桃園 ===
✅ 登入成功：jenny.tyc@lemonclean.com.tw
📁 使用既有資料夾：2026 / 1LGyIdG0QXKOvhHOFBowFgkgBpgGmfu1Y
📁 使用既有資料夾：202609 / 1mAUis2xU0UIZq9Vy6OW8saRQGXonltf2
🔄 下載 全部
🗑️ 已刪除重複舊檔：202609儲值金預收-桃園.xlsx
☁️ 已上傳新檔：202609儲值金預收-桃園.xlsx → folder_id=1mAUis2xU0UIZq9Vy6OW8saRQGXonltf2 https://docs.google.com/spreadsheets/d/10mgppDI98xWSaVU3I4Y5Q-3yktUz2Jpo/edit?usp=drivesdk&ouid=101667783075862487943&rtpof=true&sd=true
✅ 已寫入月排程 Log

=== 處理 新竹 ===
✅ 登入成功：jenny.hc@lemonclean.com.tw
📁 使用既有資料夾：2026 / 1LGyIdG0QXKOvhHOFBowFgkgBpgGmfu1Y
📁 使用既有資料夾：202609 / 1mAUis2xU0UIZq9Vy6OW8saRQGXonltf2
🔄 下載 新竹
🗑️ 已刪除重複舊檔：202609儲值金預收-新竹.xlsx
☁️ 已上傳新檔：202609儲值金預收-新竹.xlsx → folder_id=1mAUis2xU0UIZq9Vy6OW8saRQGXonltf2 https://docs.google.com/spreadsheets/d/1sQf2SPZg7haRDCFhrwVqes7GuUU8g523/edit?usp=drivesdk&ouid=101667783075862487943&rtpof=true&sd=true
✅ 已寫入月排程 Log

=== 處理 高雄 ===
✅ 登入成功：jenny.hc@lemonclean.com.tw
📁 使用既有資料夾：2026 / 1LGyIdG0QXKOvhHOFBowFgkgBpgGmfu1Y
📁 使用既有資料夾：202609 / 1mAUis2xU0UIZq9Vy6OW8saRQGXonltf2
🔄 下載 全部
🗑️ 已刪除重複舊檔：202609儲值金預收-高雄.xlsx
☁️ 已上傳新檔：202609儲值金預收-高雄.xlsx → folder_id=1mAUis2xU0UIZq9Vy6OW8saRQGXonltf2 https://docs.google.com/spreadsheets/d/1vkDL5ii5Mrr3saVw3JbeqKV4eHdqcZp0/edit?usp=drivesdk&ouid=101667783075862487943&rtpof=true&sd=true
✅ 已寫入月排程 Log

✅ 成功地區：台北, 台中, 桃園, 新竹, 高雄
🎉 儲值金預收 全部完成

📝 月排程打卡：儲值金預收 / success
scheduled_monthly scheduler 全部完成
