⚠️ 月排程 secrets TOML 注入失敗：No secrets found. Valid paths for a secrets.toml file or secret directories are: /home/runner/.streamlit/secrets.toml, /home/runner/work/tool-system/tool-system/.streamlit/secrets.toml
⚠️ 月排程 secrets env 注入失敗：No secrets found. Valid paths for a secrets.toml file or secret directories are: /home/runner/.streamlit/secrets.toml, /home/runner/work/tool-system/tool-system/.streamlit/secrets.toml
📁 月排程年度資料夾：2026專員承攬服務費 (1TnV_tpDnaSwPDDvjq8AtGL6uRC0OwGUK)
📂 月排程總根目錄：1t0B8BdUKBvaS6TM40-hpodUnxeZr3eWe
📂 本次使用年度：2026
📂 本次年度 folder_id：1TnV_tpDnaSwPDDvjq8AtGL6uRC0OwGUK
📝 月排程打卡：預收 / running
⚠️ 月排程 secrets TOML 注入失敗：No secrets found. Valid paths for a secrets.toml file or secret directories are: /home/runner/.streamlit/secrets.toml, /home/runner/work/tool-system/tool-system/.streamlit/secrets.toml
⚠️ 月排程 secrets env 注入失敗：No secrets found. Valid paths for a secrets.toml file or secret directories are: /home/runner/.streamlit/secrets.toml, /home/runner/work/tool-system/tool-system/.streamlit/secrets.toml
OAuth env ready = True
OAuth bootstrap forced = True
Command: Python bootstrap -> /home/runner/work/tool-system/tool-system/tools/scheduled_monthly/prepaid_report.py
📌 功能：預收
📌 版本：0704_v3
📌 期別：202609-2
📌 存取期間：付款：2026-09-01 ~ 2026-09-30；服務：2026-10-01 ~ 2027-02-28
📌 執行區域：all
📌 月排程總根目錄：1TnV_tpDnaSwPDDvjq8AtGL6uRC0OwGUK

=== 處理 台北 ===
✅ 登入成功：jenny@lemonclean.com.tw
📁 使用既有資料夾：01.台北專員 / 1kJTGZYpgXBPlyR4SjRKoP0-sK30MhAfW
📁 區域資料夾：台北 / 01.台北專員 / 1kJTGZYpgXBPlyR4SjRKoP0-sK30MhAfW
📁 使用既有資料夾：202609-2 / 1PPtExq6Sb1E0rkxFvyi7u76XiPDXj7C9
🔄 下載 全部
🗑️ 已刪除重複舊檔：202609-2預收-台北.xlsx
☁️ 已上傳新檔：202609-2預收-台北.xlsx → folder_id=1PPtExq6Sb1E0rkxFvyi7u76XiPDXj7C9 https://docs.google.com/spreadsheets/d/1wanouLdCYNpcwJy0aLM_XBR0fsrIK3l5/edit?usp=drivesdk&ouid=101667783075862487943&rtpof=true&sd=true
✅ 已寫入月排程 Log

=== 處理 台中 ===
✅ 登入成功：jenny.tc@lemonclean.com.tw
📁 使用既有資料夾：02.台中專員 / 1peMrCBDFJ2-sSKUzuc0X5p0Mc3g0VPrG
📁 區域資料夾：台中 / 02.台中專員 / 1peMrCBDFJ2-sSKUzuc0X5p0Mc3g0VPrG
📁 使用既有資料夾：202609-2 / 1ErMAMUHtiZGWljX0e5Bj6USbsi7_zUzG
🔄 下載 全部
🗑️ 已刪除重複舊檔：202609-2預收-台中.xlsx
☁️ 已上傳新檔：202609-2預收-台中.xlsx → folder_id=1ErMAMUHtiZGWljX0e5Bj6USbsi7_zUzG https://docs.google.com/spreadsheets/d/1JhzAmUSV-15tMBmp0JCltHsm3izN91kt/edit?usp=drivesdk&ouid=101667783075862487943&rtpof=true&sd=true
✅ 已寫入月排程 Log

=== 處理 桃園 ===
✅ 登入成功：jenny.tyc@lemonclean.com.tw
📁 使用既有資料夾：03.桃園專員 / 18Patt1SGG_6CWCqSaNgYNoDC4O0p5Vpm
📁 區域資料夾：桃園 / 03.桃園專員 / 18Patt1SGG_6CWCqSaNgYNoDC4O0p5Vpm
📁 使用既有資料夾：202609-2 / 11l12ffRw0gVhWcB1QpNUYlMq8X3_sBq4
🔄 下載 全部
🗑️ 已刪除重複舊檔：202609-2預收-桃園.xlsx
☁️ 已上傳新檔：202609-2預收-桃園.xlsx → folder_id=11l12ffRw0gVhWcB1QpNUYlMq8X3_sBq4 https://docs.google.com/spreadsheets/d/1soAPCSY-tN3dLRNufjTiFj2ygG_K7zkg/edit?usp=drivesdk&ouid=101667783075862487943&rtpof=true&sd=true
✅ 已寫入月排程 Log

=== 處理 新竹 ===
✅ 登入成功：jenny.hc@lemonclean.com.tw
📁 使用既有資料夾：04.新竹專員 / 1rnCtWrw3AUvn1PCj1NKsLtbM5UrWKuiI
📁 區域資料夾：新竹 / 04.新竹專員 / 1rnCtWrw3AUvn1PCj1NKsLtbM5UrWKuiI
📁 使用既有資料夾：202609-2 / 176J86n2clZfS2ncurQj1SEJaxcrOf5XE
🔄 下載 新竹
🗑️ 已刪除重複舊檔：202609-2預收-新竹.xlsx
☁️ 已上傳新檔：202609-2預收-新竹.xlsx → folder_id=176J86n2clZfS2ncurQj1SEJaxcrOf5XE https://docs.google.com/spreadsheets/d/1ss2gmi1Wh6GlXtwgBSLpcMNDV7GaQDI3/edit?usp=drivesdk&ouid=101667783075862487943&rtpof=true&sd=true
✅ 已寫入月排程 Log

=== 處理 高雄 ===
✅ 登入成功：jenny.hc@lemonclean.com.tw
📁 使用既有資料夾：05.高雄專員 / 1nq6vgxVd1DNna72SSoa08L_DkiTSqLpF
📁 區域資料夾：高雄 / 05.高雄專員 / 1nq6vgxVd1DNna72SSoa08L_DkiTSqLpF
📁 使用既有資料夾：202609-2 / 1U7Vj-FfUjtBd_2OguNabG3C5gSDf3GMT
🔄 下載 高雄
🗑️ 已刪除重複舊檔：202609-2預收-高雄.xlsx
☁️ 已上傳新檔：202609-2預收-高雄.xlsx → folder_id=1U7Vj-FfUjtBd_2OguNabG3C5gSDf3GMT https://docs.google.com/spreadsheets/d/1HbLQRmWWqkt7TYZeHGv0p6oAQu5HDii7/edit?usp=drivesdk&ouid=101667783075862487943&rtpof=true&sd=true
🔄 下載 台南
🗑️ 已刪除重複舊檔：202609-2預收-台南.xlsx
☁️ 已上傳新檔：202609-2預收-台南.xlsx → folder_id=1U7Vj-FfUjtBd_2OguNabG3C5gSDf3GMT https://docs.google.com/spreadsheets/d/1cBsjN4LX_Es-R1dpZ1lgpYS-xtFsK_ui/edit?usp=drivesdk&ouid=101667783075862487943&rtpof=true&sd=true
✅ 已寫入月排程 Log

✅ 成功地區：台北, 台中, 桃園, 新竹, 高雄
🎉 預收 全部完成

📝 月排程打卡：預收 / success
scheduled_monthly scheduler 全部完成
