開始執行：當月次月訂單
⚠️ 一鍵日排程 secrets TOML 注入失敗：No secrets found. Valid paths for a secrets.toml file or secret directories are: /home/runner/.streamlit/secrets.toml, /home/runner/work/tool-system/tool-system/.streamlit/secrets.toml
⚠️ 一鍵日排程 secrets env 注入失敗：No secrets found. Valid paths for a secrets.toml file or secret directories are: /home/runner/.streamlit/secrets.toml, /home/runner/work/tool-system/tool-system/.streamlit/secrets.toml
OAuth env ready = True
OAuth bootstrap forced = True
Command: Python bootstrap -> /home/runner/work/tool-system/tool-system/tools/scheduled_daily/orders_report.py
[2026-10-01 01:21:22] ====================================================
[2026-10-01 01:21:22] orders_report.py 開始執行
[2026-10-01 01:21:22] GITHUB_ACTIONS = true
[2026-10-01 01:21:22] PWD = /home/runner/work/tool-system/tool-system
[2026-10-01 01:21:22] LOCAL_OUTPUT_DIR = /Users/jenny/Library/CloudStorage/GoogleDrive-jenny@lemonclean.com.tw/我的雲端硬碟/lemon_Jenny/Jenny@lemon程式/訂單資料
[2026-10-01 01:21:22] LOCAL_OUTPUT_DIR exists = False
[2026-10-01 01:21:22] can_use_local_output_dir = False
[2026-10-01 01:21:22] root folder_id = 11O6eKHQ1e3Irqps7Kq1XJOSVVge3pCAc
[2026-10-01 01:21:22] ====================================================
[2026-10-01 01:21:22] Google Drive 初始化成功
[2026-10-01 01:21:23] 📁 使用既有資料夾：訂單資料
[2026-10-01 01:21:23] 服務日期：2026-10-01 ~ 2026-11-30
[2026-10-01 01:21:23] file_date = 20261001
[2026-10-01 01:21:23] 訂單資料 folder_id = 1o6ROTdseIRKOivgYQt50cNuCZLT3Rpug
[2026-10-01 01:21:23] 帳號數量 = 2
[2026-10-01 01:21:23] 
[2026-10-01 01:21:23] === 開始處理 台北 ===
[2026-10-01 01:21:23] 開始登入：jenny@lemonclean.com.tw
[2026-10-01 01:21:24] 登入成功：jenny@lemonclean.com.tw
[2026-10-01 01:21:24] 開始下載：city=台北 / export_url=https://backend.lemonclean.com.tw/purchase/export_order?clean_date_s=2026-10-01&clean_date_e=2026-11-30&purchase_status=1
[2026-10-01 01:21:30] ✅ 已下載到暫存：/tmp/tmphsraxksq/20261001訂單-台北.xls
[2026-10-01 01:21:30] 📦 檔案大小：975872 bytes
[2026-10-01 01:21:30] 📂 暫存目錄存在：True
[2026-10-01 01:21:30] 📄 暫存檔案存在：True
[2026-10-01 01:21:30] 目前不是 Jenny 本機環境，略過本機存檔
[2026-10-01 01:21:30] Google Drive 初始化成功
[2026-10-01 01:21:30] 準備上傳到 Google Drive：20261001訂單-台北.xls
[2026-10-01 01:21:33] ☁️ 已上傳新檔：20261001訂單-台北.xls (file_id=1tEfgHtvuO53EjxtfEoIB1fpaXEXyIaFW) https://docs.google.com/spreadsheets/d/1tEfgHtvuO53EjxtfEoIB1fpaXEXyIaFW/edit?usp=drivesdk&ouid=101667783075862487943&rtpof=true&sd=true
[2026-10-01 01:21:33] ✅ 完成處理：20261001訂單-台北.xls
[2026-10-01 01:21:33] ✅ 台北 完成
[2026-10-01 01:21:33] 
[2026-10-01 01:21:33] === 開始處理 台中 ===
[2026-10-01 01:21:33] 開始登入：jenny.tc@lemonclean.com.tw
[2026-10-01 01:21:34] 登入成功：jenny.tc@lemonclean.com.tw
[2026-10-01 01:21:34] 開始下載：city=台中 / export_url=https://backend.lemonclean.com.tw/purchase/export_order?clean_date_s=2026-10-01&clean_date_e=2026-11-30&purchase_status=1
[2026-10-01 01:21:34] ✅ 已下載到暫存：/tmp/tmp9wjybq2a/20261001訂單-台中.xls
[2026-10-01 01:21:34] 📦 檔案大小：81920 bytes
[2026-10-01 01:21:34] 📂 暫存目錄存在：True
[2026-10-01 01:21:34] 📄 暫存檔案存在：True
[2026-10-01 01:21:34] 目前不是 Jenny 本機環境，略過本機存檔
[2026-10-01 01:21:34] Google Drive 初始化成功
[2026-10-01 01:21:34] 準備上傳到 Google Drive：20261001訂單-台中.xls
[2026-10-01 01:21:37] ☁️ 已上傳新檔：20261001訂單-台中.xls (file_id=1ncRwS_mN3BQXYNLM4DmfZZcgkvAZZc3j) https://docs.google.com/spreadsheets/d/1ncRwS_mN3BQXYNLM4DmfZZcgkvAZZc3j/edit?usp=drivesdk&ouid=101667783075862487943&rtpof=true&sd=true
[2026-10-01 01:21:37] ✅ 完成處理：20261001訂單-台中.xls
[2026-10-01 01:21:37] ✅ 台中 完成
[2026-10-01 01:21:37] 🎉 orders_report.py 全部完成

完成執行：當月次月訂單
scheduled_daily scheduler 全部完成
