開始執行：排班統計表
⚠️ 一鍵日排程 secrets TOML 注入失敗：No secrets found. Valid paths for a secrets.toml file or secret directories are: /home/runner/.streamlit/secrets.toml, /home/runner/work/tool-system/tool-system/.streamlit/secrets.toml
⚠️ 一鍵日排程 secrets env 注入失敗：No secrets found. Valid paths for a secrets.toml file or secret directories are: /home/runner/.streamlit/secrets.toml, /home/runner/work/tool-system/tool-system/.streamlit/secrets.toml
OAuth env ready = True
OAuth bootstrap forced = True
Command: Python bootstrap -> /home/runner/work/tool-system/tool-system/tools/scheduled_daily/schedule_report.py
[2026-10-01 01:01:49] ====================================================
[2026-10-01 01:01:49] schedule_report.py 開始執行
[2026-10-01 01:01:49] GITHUB_ACTIONS = true
[2026-10-01 01:01:49] PWD = /home/runner/work/tool-system/tool-system
[2026-10-01 01:01:49] LOCAL_OUTPUT_DIR = /Users/jenny/Library/CloudStorage/GoogleDrive-jenny@lemonclean.com.tw/.shortcut-targets-by-id/1zbu45AG1adMzz24HPdi_tLfh2Tncw_Br/排班統計表
[2026-10-01 01:01:49] LOCAL_OUTPUT_DIR exists = False
[2026-10-01 01:01:49] can_use_local_output_dir = False
[2026-10-01 01:01:49] root folder_id = 11O6eKHQ1e3Irqps7Kq1XJOSVVge3pCAc
[2026-10-01 01:01:49] ====================================================
[2026-10-01 01:01:49] Google Drive 初始化成功
[2026-10-01 01:01:50] 📁 使用既有資料夾：排班統計表
[2026-10-01 01:01:50] this_month = 2026-10
[2026-10-01 01:01:50] next_month = 2026-11
[2026-10-01 01:01:50] today_stamp = 20261001
[2026-10-01 01:01:50] next_month_stamp = 20261101
[2026-10-01 01:01:50] 排班統計表 folder_id = 18XDXdrCSsLYwSzz1Da9pQh-jGm2h2Ed8
[2026-10-01 01:01:50] 帳號數量 = 2
[2026-10-01 01:01:50] 
[2026-10-01 01:01:50] === 開始處理 台北 ===
[2026-10-01 01:01:50] 開始登入：jenny@lemonclean.com.tw
[2026-10-01 01:01:51] 登入成功：jenny@lemonclean.com.tw
[2026-10-01 01:01:51] 開始下載：month=2026-10 / filename=20261001排班統計表-台北.xlsx
[2026-10-01 01:01:52] ✅ 已下載到暫存：/tmp/tmp80b28gwb/20261001排班統計表-台北.xlsx
[2026-10-01 01:01:52] 📦 檔案大小：17408 bytes
[2026-10-01 01:01:52] 📂 暫存目錄存在：True
[2026-10-01 01:01:52] 📄 暫存檔案存在：True
[2026-10-01 01:01:52] 目前不是 Jenny 本機環境，略過本機存檔
[2026-10-01 01:01:52] Google Drive 初始化成功
[2026-10-01 01:01:52] 準備上傳到 Google Drive：20261001排班統計表-台北.xlsx
[2026-10-01 01:01:55] ☁️ 已上傳新檔：20261001排班統計表-台北.xlsx (file_id=1QkisEKNDPxA-jdELJas1B0DwIpg_gKPO) https://docs.google.com/spreadsheets/d/1QkisEKNDPxA-jdELJas1B0DwIpg_gKPO/edit?usp=drivesdk&ouid=101667783075862487943&rtpof=true&sd=true
[2026-10-01 01:01:55] ✅ 完成處理：20261001排班統計表-台北.xlsx
[2026-10-01 01:01:55] 開始下載：month=2026-11 / filename=20261101排班統計表-台北.xlsx
[2026-10-01 01:01:55] ✅ 已下載到暫存：/tmp/tmp26cnrykn/20261101排班統計表-台北.xlsx
[2026-10-01 01:01:55] 📦 檔案大小：5120 bytes
[2026-10-01 01:01:55] 📂 暫存目錄存在：True
[2026-10-01 01:01:55] 📄 暫存檔案存在：True
[2026-10-01 01:01:55] 目前不是 Jenny 本機環境，略過本機存檔
[2026-10-01 01:01:55] Google Drive 初始化成功
[2026-10-01 01:01:55] 準備上傳到 Google Drive：20261101排班統計表-台北.xlsx
[2026-10-01 01:01:58] ☁️ 已上傳新檔：20261101排班統計表-台北.xlsx (file_id=18ZmgeTF9gDhfD_GIg3l5lc5TXddTiFxo) https://docs.google.com/spreadsheets/d/18ZmgeTF9gDhfD_GIg3l5lc5TXddTiFxo/edit?usp=drivesdk&ouid=101667783075862487943&rtpof=true&sd=true
[2026-10-01 01:01:58] ✅ 完成處理：20261101排班統計表-台北.xlsx
[2026-10-01 01:01:58] ✅ 台北 全部完成
[2026-10-01 01:01:58] 
[2026-10-01 01:01:58] === 開始處理 台中 ===
[2026-10-01 01:01:58] 開始登入：jenny.tc@lemonclean.com.tw
[2026-10-01 01:01:59] 登入成功：jenny.tc@lemonclean.com.tw
[2026-10-01 01:01:59] 開始下載：month=2026-10 / filename=20261001排班統計表-台中.xlsx
[2026-10-01 01:01:59] ✅ 已下載到暫存：/tmp/tmpkrhj6d0k/20261001排班統計表-台中.xlsx
[2026-10-01 01:01:59] 📦 檔案大小：6144 bytes
[2026-10-01 01:01:59] 📂 暫存目錄存在：True
[2026-10-01 01:01:59] 📄 暫存檔案存在：True
[2026-10-01 01:01:59] 目前不是 Jenny 本機環境，略過本機存檔
[2026-10-01 01:01:59] Google Drive 初始化成功
[2026-10-01 01:01:59] 準備上傳到 Google Drive：20261001排班統計表-台中.xlsx
[2026-10-01 01:02:02] ☁️ 已上傳新檔：20261001排班統計表-台中.xlsx (file_id=1d0F0EEX0IldXSPFXduyP1L-umRHNEBHR) https://docs.google.com/spreadsheets/d/1d0F0EEX0IldXSPFXduyP1L-umRHNEBHR/edit?usp=drivesdk&ouid=101667783075862487943&rtpof=true&sd=true
[2026-10-01 01:02:02] ✅ 完成處理：20261001排班統計表-台中.xlsx
[2026-10-01 01:02:02] 開始下載：month=2026-11 / filename=20261101排班統計表-台中.xlsx
[2026-10-01 01:02:02] ✅ 已下載到暫存：/tmp/tmpwy0uxlp9/20261101排班統計表-台中.xlsx
[2026-10-01 01:02:02] 📦 檔案大小：4608 bytes
[2026-10-01 01:02:02] 📂 暫存目錄存在：True
[2026-10-01 01:02:02] 📄 暫存檔案存在：True
[2026-10-01 01:02:02] 目前不是 Jenny 本機環境，略過本機存檔
[2026-10-01 01:02:02] Google Drive 初始化成功
[2026-10-01 01:02:02] 準備上傳到 Google Drive：20261101排班統計表-台中.xlsx
[2026-10-01 01:02:05] ☁️ 已上傳新檔：20261101排班統計表-台中.xlsx (file_id=1CH9ipNvfhlhPyCCGhc9OfyxD2E2P2vng) https://docs.google.com/spreadsheets/d/1CH9ipNvfhlhPyCCGhc9OfyxD2E2P2vng/edit?usp=drivesdk&ouid=101667783075862487943&rtpof=true&sd=true
[2026-10-01 01:02:05] ✅ 完成處理：20261101排班統計表-台中.xlsx
[2026-10-01 01:02:05] ✅ 台中 全部完成
[2026-10-01 01:02:05] 🎉 schedule_report.py 全部完成

完成執行：排班統計表
scheduled_daily scheduler 全部完成
