開始執行：專員班表
⚠️ 一鍵日排程 secrets TOML 注入失敗：No secrets found. Valid paths for a secrets.toml file or secret directories are: /home/runner/.streamlit/secrets.toml, /home/runner/work/tool-system/tool-system/.streamlit/secrets.toml
⚠️ 一鍵日排程 secrets env 注入失敗：No secrets found. Valid paths for a secrets.toml file or secret directories are: /home/runner/.streamlit/secrets.toml, /home/runner/work/tool-system/tool-system/.streamlit/secrets.toml
OAuth env ready = True
OAuth bootstrap forced = True
Command: Python bootstrap -> /home/runner/work/tool-system/tool-system/tools/scheduled_daily/staff_schedule.py
[2026-10-01 01:11:21] ====================================================
[2026-10-01 01:11:21] staff_schedule.py 開始執行
[2026-10-01 01:11:21] GITHUB_ACTIONS = true
[2026-10-01 01:11:21] PWD = /home/runner/work/tool-system/tool-system
[2026-10-01 01:11:21] LOCAL_OUTPUT_DIR = /Users/jenny/Library/CloudStorage/GoogleDrive-jenny@lemonclean.com.tw/我的雲端硬碟/lemon_Jenny/Jenny@lemon程式/專員班表
[2026-10-01 01:11:21] LOCAL_OUTPUT_DIR exists = False
[2026-10-01 01:11:21] can_use_local_output_dir = False
[2026-10-01 01:11:21] root folder_id = 11O6eKHQ1e3Irqps7Kq1XJOSVVge3pCAc
[2026-10-01 01:11:21] ====================================================
[2026-10-01 01:11:21] Google Drive 初始化成功
[2026-10-01 01:11:22] 📁 使用既有資料夾：專員班表
[2026-10-01 01:11:22] this_month = 2026-10
[2026-10-01 01:11:22] next_month = 2026-11
[2026-10-01 01:11:22] this_date = 20261001
[2026-10-01 01:11:22] next_date = 20261101
[2026-10-01 01:11:22] 專員班表 folder_id = 1V2AUNsT_jzQWawmnBNU_u-e7odYviwEk
[2026-10-01 01:11:22] 帳號數量 = 2
[2026-10-01 01:11:22] 
[2026-10-01 01:11:22] === 開始處理 台北 ===
[2026-10-01 01:11:22] 開始登入：jenny@lemonclean.com.tw
[2026-10-01 01:11:23] 登入成功：jenny@lemonclean.com.tw
[2026-10-01 01:11:23] 開始下載：city=台北 / month=2026-10 / filename=20261001專員班表-台北.xls
[2026-10-01 01:11:26] ✅ 已下載到暫存：/tmp/tmp8tar12sd/20261001專員班表-台北.xls
[2026-10-01 01:11:26] 📦 檔案大小：133120 bytes
[2026-10-01 01:11:26] 📂 暫存目錄存在：True
[2026-10-01 01:11:26] 📄 暫存檔案存在：True
[2026-10-01 01:11:26] 目前不是 Jenny 本機環境，略過本機存檔
[2026-10-01 01:11:26] Google Drive 初始化成功
[2026-10-01 01:11:26] 準備上傳到 Google Drive：20261001專員班表-台北.xls
[2026-10-01 01:11:29] ☁️ 已上傳新檔：20261001專員班表-台北.xls (file_id=1uaS5YVFc_pLLh_ppf3UDVODuJrBh9JsG) https://docs.google.com/spreadsheets/d/1uaS5YVFc_pLLh_ppf3UDVODuJrBh9JsG/edit?usp=drivesdk&ouid=101667783075862487943&rtpof=true&sd=true
[2026-10-01 01:11:29] ✅ 完成處理：20261001專員班表-台北.xls
[2026-10-01 01:11:29] 開始下載：city=台北 / month=2026-11 / filename=20261101專員班表-台北.xls
[2026-10-01 01:11:32] ✅ 已下載到暫存：/tmp/tmpzq7capqd/20261101專員班表-台北.xls
[2026-10-01 01:11:32] 📦 檔案大小：9728 bytes
[2026-10-01 01:11:32] 📂 暫存目錄存在：True
[2026-10-01 01:11:32] 📄 暫存檔案存在：True
[2026-10-01 01:11:32] 目前不是 Jenny 本機環境，略過本機存檔
[2026-10-01 01:11:32] Google Drive 初始化成功
[2026-10-01 01:11:32] 準備上傳到 Google Drive：20261101專員班表-台北.xls
[2026-10-01 01:11:35] ☁️ 已上傳新檔：20261101專員班表-台北.xls (file_id=1fNL7OMpdLcRPc0DVv5UIDNXez6_md6c4) https://docs.google.com/spreadsheets/d/1fNL7OMpdLcRPc0DVv5UIDNXez6_md6c4/edit?usp=drivesdk&ouid=101667783075862487943&rtpof=true&sd=true
[2026-10-01 01:11:35] ✅ 完成處理：20261101專員班表-台北.xls
[2026-10-01 01:11:35] ✅ 台北 全部完成
[2026-10-01 01:11:35] 
[2026-10-01 01:11:35] === 開始處理 台中 ===
[2026-10-01 01:11:35] 開始登入：jenny.tc@lemonclean.com.tw
[2026-10-01 01:11:36] 登入成功：jenny.tc@lemonclean.com.tw
[2026-10-01 01:11:36] 開始下載：city=台中 / month=2026-10 / filename=20261001專員班表-台中.xls
[2026-10-01 01:11:37] ✅ 已下載到暫存：/tmp/tmpmcuey99i/20261001專員班表-台中.xls
[2026-10-01 01:11:37] 📦 檔案大小：24064 bytes
[2026-10-01 01:11:37] 📂 暫存目錄存在：True
[2026-10-01 01:11:37] 📄 暫存檔案存在：True
[2026-10-01 01:11:37] 目前不是 Jenny 本機環境，略過本機存檔
[2026-10-01 01:11:37] Google Drive 初始化成功
[2026-10-01 01:11:37] 準備上傳到 Google Drive：20261001專員班表-台中.xls
[2026-10-01 01:11:39] ☁️ 已上傳新檔：20261001專員班表-台中.xls (file_id=1m7ajy7qloyPVekq3oixqymOkP9d8KjS5) https://docs.google.com/spreadsheets/d/1m7ajy7qloyPVekq3oixqymOkP9d8KjS5/edit?usp=drivesdk&ouid=101667783075862487943&rtpof=true&sd=true
[2026-10-01 01:11:39] ✅ 完成處理：20261001專員班表-台中.xls
[2026-10-01 01:11:39] 開始下載：city=台中 / month=2026-11 / filename=20261101專員班表-台中.xls
[2026-10-01 01:11:40] ✅ 已下載到暫存：/tmp/tmpk_wu7qq7/20261101專員班表-台中.xls
[2026-10-01 01:11:40] 📦 檔案大小：4096 bytes
[2026-10-01 01:11:40] 📂 暫存目錄存在：True
[2026-10-01 01:11:40] 📄 暫存檔案存在：True
[2026-10-01 01:11:40] 目前不是 Jenny 本機環境，略過本機存檔
[2026-10-01 01:11:40] Google Drive 初始化成功
[2026-10-01 01:11:40] 準備上傳到 Google Drive：20261101專員班表-台中.xls
[2026-10-01 01:11:42] ☁️ 已上傳新檔：20261101專員班表-台中.xls (file_id=1ZAZQv8VSQR3mPTp_VcQckYbjFp2_lua1) https://docs.google.com/spreadsheets/d/1ZAZQv8VSQR3mPTp_VcQckYbjFp2_lua1/edit?usp=drivesdk&ouid=101667783075862487943&rtpof=true&sd=true
[2026-10-01 01:11:42] ✅ 完成處理：20261101專員班表-台中.xls
[2026-10-01 01:11:42] ✅ 台中 全部完成
[2026-10-01 01:11:42] 🎉 staff_schedule.py 全部完成

完成執行：專員班表
scheduled_daily scheduler 全部完成
