開始執行：專員個資
⚠️ 一鍵日排程 secrets TOML 注入失敗：No secrets found. Valid paths for a secrets.toml file or secret directories are: /home/runner/.streamlit/secrets.toml, /home/runner/work/tool-system/tool-system/.streamlit/secrets.toml
⚠️ 一鍵日排程 secrets env 注入失敗：No secrets found. Valid paths for a secrets.toml file or secret directories are: /home/runner/.streamlit/secrets.toml, /home/runner/work/tool-system/tool-system/.streamlit/secrets.toml
OAuth env ready = True
OAuth bootstrap forced = True
Command: Python bootstrap -> /home/runner/work/tool-system/tool-system/tools/scheduled_daily/staff_info.py
[2026-10-01 01:31:40] ====================================================
[2026-10-01 01:31:40] staff_info.py 開始執行
[2026-10-01 01:31:40] GITHUB_ACTIONS = true
[2026-10-01 01:31:40] PWD = /home/runner/work/tool-system/tool-system
[2026-10-01 01:31:40] LOCAL_OUTPUT_DIR = /Users/jenny/Library/CloudStorage/GoogleDrive-jenny@lemonclean.com.tw/我的雲端硬碟/lemon_Jenny/Jenny@lemon程式/專員個資
[2026-10-01 01:31:40] LOCAL_OUTPUT_DIR exists = False
[2026-10-01 01:31:40] can_use_local_output_dir = False
[2026-10-01 01:31:40] root folder_id = 11O6eKHQ1e3Irqps7Kq1XJOSVVge3pCAc
[2026-10-01 01:31:40] ====================================================
[2026-10-01 01:31:40] Google Drive 初始化成功
[2026-10-01 01:31:41] 📁 使用既有資料夾：專員個資
[2026-10-01 01:31:41] today_stamp = 20261001
[2026-10-01 01:31:41] 專員個資 folder_id = 1v1Er8oC3BEAWHbBrDq3SUpjEDwHIuK0f
[2026-10-01 01:31:41] 帳號數量 = 2
[2026-10-01 01:31:41] 
[2026-10-01 01:31:41] === 開始處理 台北 ===
[2026-10-01 01:31:41] 開始登入：jenny@lemonclean.com.tw
[2026-10-01 01:31:42] 登入成功：jenny@lemonclean.com.tw
[2026-10-01 01:31:42] 開始下載：city=台北 / filename=20261001專員個資-台北.xlsx
[2026-10-01 01:31:45] ✅ 已下載到暫存：/tmp/tmp3jq4pe3_/20261001專員個資-台北.xlsx
[2026-10-01 01:31:45] 📦 檔案大小：228352 bytes
[2026-10-01 01:31:45] 📂 暫存目錄存在：True
[2026-10-01 01:31:45] 📄 暫存檔案存在：True
[2026-10-01 01:31:45] 目前不是 Jenny 本機環境，略過本機存檔
[2026-10-01 01:31:45] Google Drive 初始化成功
[2026-10-01 01:31:45] 準備上傳到 Google Drive：20261001專員個資-台北.xlsx
[2026-10-01 01:31:48] ☁️ 已上傳新檔：20261001專員個資-台北.xlsx (file_id=19ttwt3qhFiiNV1K3OJ1S3LET_YrqMtmC) https://docs.google.com/spreadsheets/d/19ttwt3qhFiiNV1K3OJ1S3LET_YrqMtmC/edit?usp=drivesdk&ouid=101667783075862487943&rtpof=true&sd=true
[2026-10-01 01:31:48] ✅ 完成處理：20261001專員個資-台北.xlsx
[2026-10-01 01:31:48] ✅ 台北 全部完成
[2026-10-01 01:31:48] 
[2026-10-01 01:31:48] === 開始處理 台中 ===
[2026-10-01 01:31:48] 開始登入：jenny.tc@lemonclean.com.tw
[2026-10-01 01:31:49] 登入成功：jenny.tc@lemonclean.com.tw
[2026-10-01 01:31:49] 開始下載：city=台中 / filename=20261001專員個資-台中.xlsx
[2026-10-01 01:31:49] ✅ 已下載到暫存：/tmp/tmpm6ne483o/20261001專員個資-台中.xlsx
[2026-10-01 01:31:49] 📦 檔案大小：59904 bytes
[2026-10-01 01:31:49] 📂 暫存目錄存在：True
[2026-10-01 01:31:49] 📄 暫存檔案存在：True
[2026-10-01 01:31:49] 目前不是 Jenny 本機環境，略過本機存檔
[2026-10-01 01:31:49] Google Drive 初始化成功
[2026-10-01 01:31:49] 準備上傳到 Google Drive：20261001專員個資-台中.xlsx
[2026-10-01 01:31:52] ☁️ 已上傳新檔：20261001專員個資-台中.xlsx (file_id=1HAbD-4PKTtzDrWZi0EAPnPSs3CvC4UpY) https://docs.google.com/spreadsheets/d/1HAbD-4PKTtzDrWZi0EAPnPSs3CvC4UpY/edit?usp=drivesdk&ouid=101667783075862487943&rtpof=true&sd=true
[2026-10-01 01:31:52] ✅ 完成處理：20261001專員個資-台中.xlsx
[2026-10-01 01:31:52] ✅ 台中 全部完成
[2026-10-01 01:31:52] 🎉 staff_info.py 全部完成

完成執行：專員個資
scheduled_daily scheduler 全部完成
