開始執行：排班統計表
⚠️ 一鍵日排程 secrets TOML 注入失敗：No secrets found. Valid paths for a secrets.toml file or secret directories are: /home/runner/.streamlit/secrets.toml, /home/runner/work/tool-system/tool-system/.streamlit/secrets.toml
⚠️ 一鍵日排程 secrets env 注入失敗：No secrets found. Valid paths for a secrets.toml file or secret directories are: /home/runner/.streamlit/secrets.toml, /home/runner/work/tool-system/tool-system/.streamlit/secrets.toml
OAuth env ready = True
OAuth bootstrap forced = True
Command: Python bootstrap -> /home/runner/work/tool-system/tool-system/tools/scheduled_daily/schedule_report.py
[2026-08-12 01:50:23] ====================================================
[2026-08-12 01:50:23] schedule_report.py 開始執行
[2026-08-12 01:50:23] GITHUB_ACTIONS = true
[2026-08-12 01:50:23] PWD = /home/runner/work/tool-system/tool-system
[2026-08-12 01:50:23] LOCAL_OUTPUT_DIR = /Users/jenny/Library/CloudStorage/GoogleDrive-jenny@lemonclean.com.tw/.shortcut-targets-by-id/1zbu45AG1adMzz24HPdi_tLfh2Tncw_Br/排班統計表
[2026-08-12 01:50:23] LOCAL_OUTPUT_DIR exists = False
[2026-08-12 01:50:23] can_use_local_output_dir = False
[2026-08-12 01:50:23] root folder_id = 11O6eKHQ1e3Irqps7Kq1XJOSVVge3pCAc
[2026-08-12 01:50:23] ====================================================
[2026-08-12 01:50:23] Google Drive 初始化成功
[2026-08-12 01:50:23] 📁 使用既有資料夾：排班統計表
[2026-08-12 01:50:23] this_month = 2026-08
[2026-08-12 01:50:23] next_month = 2026-09
[2026-08-12 01:50:23] today_stamp = 20260812
[2026-08-12 01:50:23] next_month_stamp = 20260912
[2026-08-12 01:50:23] 排班統計表 folder_id = 18XDXdrCSsLYwSzz1Da9pQh-jGm2h2Ed8
[2026-08-12 01:50:23] 帳號數量 = 2
[2026-08-12 01:50:23] 
[2026-08-12 01:50:23] === 開始處理 台北 ===
[2026-08-12 01:50:23] 開始登入：jenny@lemonclean.com.tw
[2026-08-12 01:50:26] 登入成功：jenny@lemonclean.com.tw
[2026-08-12 01:50:26] 開始下載：month=2026-08 / filename=20260812排班統計表-台北.xlsx
[2026-08-12 01:50:27] ✅ 已下載到暫存：/tmp/tmpsdq754bm/20260812排班統計表-台北.xlsx
[2026-08-12 01:50:27] 📦 檔案大小：17920 bytes
[2026-08-12 01:50:27] 📂 暫存目錄存在：True
[2026-08-12 01:50:27] 📄 暫存檔案存在：True
[2026-08-12 01:50:27] 目前不是 Jenny 本機環境，略過本機存檔
[2026-08-12 01:50:27] Google Drive 初始化成功
[2026-08-12 01:50:27] 準備上傳到 Google Drive：20260812排班統計表-台北.xlsx
[2026-08-12 01:50:30] ☁️ 已上傳新檔：20260812排班統計表-台北.xlsx (file_id=1HfPKdVQpEIQiC7WpAv0pD0CQkda8KYzA) https://docs.google.com/spreadsheets/d/1HfPKdVQpEIQiC7WpAv0pD0CQkda8KYzA/edit?usp=drivesdk&ouid=101667783075862487943&rtpof=true&sd=true
[2026-08-12 01:50:30] ✅ 完成處理：20260812排班統計表-台北.xlsx
[2026-08-12 01:50:30] 開始下載：month=2026-09 / filename=20260912排班統計表-台北.xlsx
[2026-08-12 01:50:31] ✅ 已下載到暫存：/tmp/tmpmtzx3q7_/20260912排班統計表-台北.xlsx
[2026-08-12 01:50:31] 📦 檔案大小：13312 bytes
[2026-08-12 01:50:31] 📂 暫存目錄存在：True
[2026-08-12 01:50:31] 📄 暫存檔案存在：True
[2026-08-12 01:50:31] 目前不是 Jenny 本機環境，略過本機存檔
[2026-08-12 01:50:31] Google Drive 初始化成功
[2026-08-12 01:50:31] 準備上傳到 Google Drive：20260912排班統計表-台北.xlsx
[2026-08-12 01:50:33] ☁️ 已上傳新檔：20260912排班統計表-台北.xlsx (file_id=1Nnx8_lveboWcpr8uoNzvXmG0ckJFsN0s) https://docs.google.com/spreadsheets/d/1Nnx8_lveboWcpr8uoNzvXmG0ckJFsN0s/edit?usp=drivesdk&ouid=101667783075862487943&rtpof=true&sd=true
[2026-08-12 01:50:33] ✅ 完成處理：20260912排班統計表-台北.xlsx
[2026-08-12 01:50:33] ✅ 台北 全部完成
[2026-08-12 01:50:33] 
[2026-08-12 01:50:33] === 開始處理 台中 ===
[2026-08-12 01:50:33] 開始登入：jenny.tc@lemonclean.com.tw
[2026-08-12 01:50:35] 登入成功：jenny.tc@lemonclean.com.tw
[2026-08-12 01:50:35] 開始下載：month=2026-08 / filename=20260812排班統計表-台中.xlsx
[2026-08-12 01:50:35] ✅ 已下載到暫存：/tmp/tmpiig0s_bq/20260812排班統計表-台中.xlsx
[2026-08-12 01:50:35] 📦 檔案大小：7168 bytes
[2026-08-12 01:50:35] 📂 暫存目錄存在：True
[2026-08-12 01:50:35] 📄 暫存檔案存在：True
[2026-08-12 01:50:35] 目前不是 Jenny 本機環境，略過本機存檔
[2026-08-12 01:50:35] Google Drive 初始化成功
[2026-08-12 01:50:35] 準備上傳到 Google Drive：20260812排班統計表-台中.xlsx
[2026-08-12 01:50:38] ☁️ 已上傳新檔：20260812排班統計表-台中.xlsx (file_id=11aE74XuKIBYUWZA3Xf9EDG3aU6nhX3MR) https://docs.google.com/spreadsheets/d/11aE74XuKIBYUWZA3Xf9EDG3aU6nhX3MR/edit?usp=drivesdk&ouid=101667783075862487943&rtpof=true&sd=true
[2026-08-12 01:50:38] ✅ 完成處理：20260812排班統計表-台中.xlsx
[2026-08-12 01:50:38] 開始下載：month=2026-09 / filename=20260912排班統計表-台中.xlsx
[2026-08-12 01:50:38] ✅ 已下載到暫存：/tmp/tmphuoph24b/20260912排班統計表-台中.xlsx
[2026-08-12 01:50:38] 📦 檔案大小：5632 bytes
[2026-08-12 01:50:38] 📂 暫存目錄存在：True
[2026-08-12 01:50:38] 📄 暫存檔案存在：True
[2026-08-12 01:50:38] 目前不是 Jenny 本機環境，略過本機存檔
[2026-08-12 01:50:38] Google Drive 初始化成功
[2026-08-12 01:50:38] 準備上傳到 Google Drive：20260912排班統計表-台中.xlsx
[2026-08-12 01:50:40] ☁️ 已上傳新檔：20260912排班統計表-台中.xlsx (file_id=1zYh2WVJWH-g1U_q6sbD8Q5be2m-CJ2ml) https://docs.google.com/spreadsheets/d/1zYh2WVJWH-g1U_q6sbD8Q5be2m-CJ2ml/edit?usp=drivesdk&ouid=101667783075862487943&rtpof=true&sd=true
[2026-08-12 01:50:40] ✅ 完成處理：20260912排班統計表-台中.xlsx
[2026-08-12 01:50:40] ✅ 台中 全部完成
[2026-08-12 01:50:40] 🎉 schedule_report.py 全部完成

完成執行：排班統計表
scheduled_daily scheduler 全部完成
