開始執行：專員個資
⚠️ 一鍵日排程 secrets TOML 注入失敗：No secrets found. Valid paths for a secrets.toml file or secret directories are: /home/runner/.streamlit/secrets.toml, /home/runner/work/tool-system/tool-system/.streamlit/secrets.toml
⚠️ 一鍵日排程 secrets env 注入失敗：No secrets found. Valid paths for a secrets.toml file or secret directories are: /home/runner/.streamlit/secrets.toml, /home/runner/work/tool-system/tool-system/.streamlit/secrets.toml
OAuth env ready = True
OAuth bootstrap forced = True
Command: Python bootstrap -> /home/runner/work/tool-system/tool-system/tools/scheduled_daily/staff_info.py
[2026-08-12 02:13:17] ====================================================
[2026-08-12 02:13:17] staff_info.py 開始執行
[2026-08-12 02:13:17] GITHUB_ACTIONS = true
[2026-08-12 02:13:17] PWD = /home/runner/work/tool-system/tool-system
[2026-08-12 02:13:17] LOCAL_OUTPUT_DIR = /Users/jenny/Library/CloudStorage/GoogleDrive-jenny@lemonclean.com.tw/我的雲端硬碟/lemon_Jenny/Jenny@lemon程式/專員個資
[2026-08-12 02:13:17] LOCAL_OUTPUT_DIR exists = False
[2026-08-12 02:13:17] can_use_local_output_dir = False
[2026-08-12 02:13:17] root folder_id = 11O6eKHQ1e3Irqps7Kq1XJOSVVge3pCAc
[2026-08-12 02:13:17] ====================================================
[2026-08-12 02:13:17] Google Drive 初始化成功
[2026-08-12 02:13:18] 📁 使用既有資料夾：專員個資
[2026-08-12 02:13:18] today_stamp = 20260812
[2026-08-12 02:13:18] 專員個資 folder_id = 1v1Er8oC3BEAWHbBrDq3SUpjEDwHIuK0f
[2026-08-12 02:13:18] 帳號數量 = 2
[2026-08-12 02:13:18] 
[2026-08-12 02:13:18] === 開始處理 台北 ===
[2026-08-12 02:13:18] 開始登入：jenny@lemonclean.com.tw
[2026-08-12 02:13:20] 登入成功：jenny@lemonclean.com.tw
[2026-08-12 02:13:20] 開始下載：city=台北 / filename=20260812專員個資-台北.xlsx
[2026-08-12 02:13:23] ✅ 已下載到暫存：/tmp/tmpbdohwtmc/20260812專員個資-台北.xlsx
[2026-08-12 02:13:23] 📦 檔案大小：225280 bytes
[2026-08-12 02:13:23] 📂 暫存目錄存在：True
[2026-08-12 02:13:23] 📄 暫存檔案存在：True
[2026-08-12 02:13:23] 目前不是 Jenny 本機環境，略過本機存檔
[2026-08-12 02:13:23] Google Drive 初始化成功
[2026-08-12 02:13:23] 準備上傳到 Google Drive：20260812專員個資-台北.xlsx
[2026-08-12 02:13:25] ☁️ 已上傳新檔：20260812專員個資-台北.xlsx (file_id=1W--fnvlqNMh6GDhpe9VSatqtLtTYLTQA) https://docs.google.com/spreadsheets/d/1W--fnvlqNMh6GDhpe9VSatqtLtTYLTQA/edit?usp=drivesdk&ouid=101667783075862487943&rtpof=true&sd=true
[2026-08-12 02:13:25] ✅ 完成處理：20260812專員個資-台北.xlsx
[2026-08-12 02:13:25] ✅ 台北 全部完成
[2026-08-12 02:13:25] 
[2026-08-12 02:13:25] === 開始處理 台中 ===
[2026-08-12 02:13:25] 開始登入：jenny.tc@lemonclean.com.tw
[2026-08-12 02:13:27] 登入成功：jenny.tc@lemonclean.com.tw
[2026-08-12 02:13:27] 開始下載：city=台中 / filename=20260812專員個資-台中.xlsx
[2026-08-12 02:13:28] ✅ 已下載到暫存：/tmp/tmpqaxvrp9g/20260812專員個資-台中.xlsx
[2026-08-12 02:13:28] 📦 檔案大小：59904 bytes
[2026-08-12 02:13:28] 📂 暫存目錄存在：True
[2026-08-12 02:13:28] 📄 暫存檔案存在：True
[2026-08-12 02:13:28] 目前不是 Jenny 本機環境，略過本機存檔
[2026-08-12 02:13:28] Google Drive 初始化成功
[2026-08-12 02:13:28] 準備上傳到 Google Drive：20260812專員個資-台中.xlsx
[2026-08-12 02:13:29] ☁️ 已上傳新檔：20260812專員個資-台中.xlsx (file_id=1-9xU2McfrdrjUcN8O1DuplT6w4Tm2PG9) https://docs.google.com/spreadsheets/d/1-9xU2McfrdrjUcN8O1DuplT6w4Tm2PG9/edit?usp=drivesdk&ouid=101667783075862487943&rtpof=true&sd=true
[2026-08-12 02:13:29] ✅ 完成處理：20260812專員個資-台中.xlsx
[2026-08-12 02:13:29] ✅ 台中 全部完成
[2026-08-12 02:13:29] 🎉 staff_info.py 全部完成

完成執行：專員個資
scheduled_daily scheduler 全部完成
