2026-08-10 22:23:43 [INFO] === 客服排程系統 run_id=855278dd step=1 台北時間=2026-08-11 06:23:43 ===
2026-08-10 22:23:43 [INFO] 目標試算表 ID 來源：環境變數 SERVICE_TARGET_SPREADSHEET_ID
2026-08-10 22:23:43 [INFO] file_cache is only supported with oauth2client<4.0.0
2026-08-10 22:23:54 [INFO] --- Step1_更新排班統計表 ---
2026-08-10 22:23:55 [INFO] file_cache is only supported with oauth2client<4.0.0
2026-08-10 22:23:55 [INFO] Drive 資料夾找到 12 個檔案
2026-08-10 22:23:55 [INFO]   找到檔案：20260911排班統計表-台中.xlsx (application/vnd.openxmlformats-officedocument.spreadsheetml.sheet)
2026-08-10 22:23:55 [INFO]   找到檔案：20260811排班統計表-台中.xlsx (application/vnd.openxmlformats-officedocument.spreadsheetml.sheet)
2026-08-10 22:23:55 [INFO]   找到檔案：20260911排班統計表-台北.xlsx (application/vnd.openxmlformats-officedocument.spreadsheetml.sheet)
2026-08-10 22:23:55 [INFO]   找到檔案：20260811排班統計表-台北.xlsx (application/vnd.openxmlformats-officedocument.spreadsheetml.sheet)
2026-08-10 22:23:55 [INFO]   找到檔案：20260910排班統計表-台中 (application/vnd.google-apps.spreadsheet)
2026-08-10 22:23:55 [INFO]   找到檔案：20260910排班統計表-台北 (application/vnd.google-apps.spreadsheet)
2026-08-10 22:23:55 [INFO]   找到檔案：20260810排班統計表-台中 (application/vnd.google-apps.spreadsheet)
2026-08-10 22:23:55 [INFO]   找到檔案：20260810排班統計表-台北 (application/vnd.google-apps.spreadsheet)
2026-08-10 22:23:55 [INFO]   找到檔案：20260910排班統計表-台中.xlsx (application/vnd.openxmlformats-officedocument.spreadsheetml.sheet)
2026-08-10 22:23:55 [INFO]   找到檔案：20260810排班統計表-台中.xlsx (application/vnd.openxmlformats-officedocument.spreadsheetml.sheet)
2026-08-10 22:23:55 [INFO]   找到檔案：20260910排班統計表-台北.xlsx (application/vnd.openxmlformats-officedocument.spreadsheetml.sheet)
2026-08-10 22:23:55 [INFO]   找到檔案：20260810排班統計表-台北.xlsx (application/vnd.openxmlformats-officedocument.spreadsheetml.sheet)
2026-08-10 22:23:55 [INFO] 排班檔確認 OK：{'202608': {'taipei': '20260811排班統計表-台北.xlsx', 'taichung': '20260811排班統計表-台中.xlsx'}, '202609': {'taipei': '20260911排班統計表-台北.xlsx', 'taichung': '20260911排班統計表-台中.xlsx'}}
2026-08-10 22:23:56 [INFO]   匯入：20260811排班統計表-台北.xlsx
2026-08-10 22:23:56 [INFO]   xlsx → Google Sheets：20260811排班統計表-台北
2026-08-10 22:23:57 [INFO] file_cache is only supported with oauth2client<4.0.0
2026-08-10 22:24:02 [INFO]   轉換完成，新 Google Sheets ID：1MydXNzrh_y-5e5sSN7zhoEj2yk0l1qyoXMZjixJt2RY
2026-08-10 22:24:03 [INFO]   匯入：20260811排班統計表-台中.xlsx
2026-08-10 22:24:03 [INFO]   xlsx → Google Sheets：20260811排班統計表-台中
2026-08-10 22:24:04 [INFO] file_cache is only supported with oauth2client<4.0.0
2026-08-10 22:24:10 [INFO]   轉換完成，新 Google Sheets ID：1szd0oCieheOemEM52Hpxka9VNHornLdcUnsTFLWeTs4
2026-08-10 22:24:12 [INFO]   → 寫入 82 列（起始 R3C7）
2026-08-10 22:24:12 [INFO]   → 寫入 16 列（起始 R3C82）
2026-08-10 22:24:12 [INFO]   匯入：20260911排班統計表-台北.xlsx
2026-08-10 22:24:12 [INFO]   xlsx → Google Sheets：20260911排班統計表-台北
2026-08-10 22:24:12 [INFO] file_cache is only supported with oauth2client<4.0.0
2026-08-10 22:24:18 [INFO]   轉換完成，新 Google Sheets ID：1eM2yJ6S5wy0PYa6E_DM0cfIhQwClk66PNpLs8j4hRd0
2026-08-10 22:24:19 [INFO]   匯入：20260911排班統計表-台中.xlsx
2026-08-10 22:24:19 [INFO]   xlsx → Google Sheets：20260911排班統計表-台中
2026-08-10 22:24:20 [INFO] file_cache is only supported with oauth2client<4.0.0
2026-08-10 22:24:26 [INFO]   轉換完成，新 Google Sheets ID：1pn8tiGUUGGQDnO8HaAPgJJ_tx7NoS9VsDNOISU5_CdU
2026-08-10 22:24:28 [INFO]   → 寫入 52 列（起始 R3C22）
2026-08-10 22:24:28 [INFO]   → 寫入 8 列（起始 R3C97）
2026-08-10 22:24:29 [INFO] Step 1 完成（34.1s）
2026-08-10 22:24:29 [INFO] === 全部完成 run_id=855278dd（35.0s）===
