開始執行：專員個資
⚠️ 一鍵日排程 secrets TOML 注入失敗：No secrets found. Valid paths for a secrets.toml file or secret directories are: /home/runner/.streamlit/secrets.toml, /home/runner/work/tool-system/tool-system/.streamlit/secrets.toml
⚠️ 一鍵日排程 secrets env 注入失敗：No secrets found. Valid paths for a secrets.toml file or secret directories are: /home/runner/.streamlit/secrets.toml, /home/runner/work/tool-system/tool-system/.streamlit/secrets.toml
OAuth env ready = True
OAuth bootstrap forced = True
Command: Python bootstrap -> /home/runner/work/tool-system/tool-system/tools/scheduled_daily/staff_info.py
[2026-08-11 02:10:44] ====================================================
[2026-08-11 02:10:44] staff_info.py 開始執行
[2026-08-11 02:10:44] GITHUB_ACTIONS = true
[2026-08-11 02:10:44] PWD = /home/runner/work/tool-system/tool-system
[2026-08-11 02:10:44] LOCAL_OUTPUT_DIR = /Users/jenny/Library/CloudStorage/GoogleDrive-jenny@lemonclean.com.tw/我的雲端硬碟/lemon_Jenny/Jenny@lemon程式/專員個資
[2026-08-11 02:10:44] LOCAL_OUTPUT_DIR exists = False
[2026-08-11 02:10:44] can_use_local_output_dir = False
[2026-08-11 02:10:44] root folder_id = 11O6eKHQ1e3Irqps7Kq1XJOSVVge3pCAc
[2026-08-11 02:10:44] ====================================================
[2026-08-11 02:10:44] Google Drive 初始化成功
[2026-08-11 02:10:44] 📁 使用既有資料夾：專員個資
[2026-08-11 02:10:44] today_stamp = 20260811
[2026-08-11 02:10:44] 專員個資 folder_id = 1v1Er8oC3BEAWHbBrDq3SUpjEDwHIuK0f
[2026-08-11 02:10:44] 帳號數量 = 2
[2026-08-11 02:10:44] 
[2026-08-11 02:10:44] === 開始處理 台北 ===
[2026-08-11 02:10:44] 開始登入：jenny@lemonclean.com.tw
[2026-08-11 02:10:46] 登入成功：jenny@lemonclean.com.tw
[2026-08-11 02:10:46] 開始下載：city=台北 / filename=20260811專員個資-台北.xlsx
[2026-08-11 02:10:50] ✅ 已下載到暫存：/tmp/tmpy4xpt87v/20260811專員個資-台北.xlsx
[2026-08-11 02:10:50] 📦 檔案大小：225280 bytes
[2026-08-11 02:10:50] 📂 暫存目錄存在：True
[2026-08-11 02:10:50] 📄 暫存檔案存在：True
[2026-08-11 02:10:50] 目前不是 Jenny 本機環境，略過本機存檔
[2026-08-11 02:10:50] Google Drive 初始化成功
[2026-08-11 02:10:50] 準備上傳到 Google Drive：20260811專員個資-台北.xlsx
[2026-08-11 02:10:52] ☁️ 已上傳新檔：20260811專員個資-台北.xlsx (file_id=115hRewr7tqj2wySue2BP5TqaqHzi9NO7) https://docs.google.com/spreadsheets/d/115hRewr7tqj2wySue2BP5TqaqHzi9NO7/edit?usp=drivesdk&ouid=101667783075862487943&rtpof=true&sd=true
[2026-08-11 02:10:52] ✅ 完成處理：20260811專員個資-台北.xlsx
[2026-08-11 02:10:52] ✅ 台北 全部完成
[2026-08-11 02:10:52] 
[2026-08-11 02:10:52] === 開始處理 台中 ===
[2026-08-11 02:10:52] 開始登入：jenny.tc@lemonclean.com.tw
[2026-08-11 02:10:53] 登入成功：jenny.tc@lemonclean.com.tw
[2026-08-11 02:10:53] 開始下載：city=台中 / filename=20260811專員個資-台中.xlsx
[2026-08-11 02:10:54] ✅ 已下載到暫存：/tmp/tmp5x90_75d/20260811專員個資-台中.xlsx
[2026-08-11 02:10:54] 📦 檔案大小：59904 bytes
[2026-08-11 02:10:54] 📂 暫存目錄存在：True
[2026-08-11 02:10:54] 📄 暫存檔案存在：True
[2026-08-11 02:10:54] 目前不是 Jenny 本機環境，略過本機存檔
[2026-08-11 02:10:54] Google Drive 初始化成功
[2026-08-11 02:10:54] 準備上傳到 Google Drive：20260811專員個資-台中.xlsx
[2026-08-11 02:10:56] ☁️ 已上傳新檔：20260811專員個資-台中.xlsx (file_id=1EnIDQQkzsLkxvEXQLs9SmFWMcLfpT0Ud) https://docs.google.com/spreadsheets/d/1EnIDQQkzsLkxvEXQLs9SmFWMcLfpT0Ud/edit?usp=drivesdk&ouid=101667783075862487943&rtpof=true&sd=true
[2026-08-11 02:10:56] ✅ 完成處理：20260811專員個資-台中.xlsx
[2026-08-11 02:10:56] ✅ 台中 全部完成
[2026-08-11 02:10:56] 🎉 staff_info.py 全部完成

完成執行：專員個資
scheduled_daily scheduler 全部完成
