📋 log_spreadsheet_id 已從設定檔載入
📝 外場排程打卡：外場專員個資 / running
Command: /opt/hostedtoolcache/Python/3.11.16/x64/bin/python -u -m tools.field_management.staff_profile --date 20260928 --system-name 外場排程系統 --run-type 排程
[2026-09-28 08:09:52] 開始處理專員個資：20260928專員個資-台北
🔄 Jenny OAuth 已將來源 Excel 轉成暫存 Google Sheet：107YehL-5cTbRLa0HLj_etlWeh6KFoV6_7bVUmmVRSkM
🗑️ 已刪除來源暫存 Google Sheet：107YehL-5cTbRLa0HLj_etlWeh6KFoV6_7bVUmmVRSkM
[2026-09-28 08:09:58] 完成專員個資：20260928專員個資-台北.xlsx → 專員個人資料!A4:C / rows=97
[2026-09-28 08:09:59] 開始處理訂單截取：20260928訂單-台北
🔄 Jenny OAuth 已將來源 Excel 轉成暫存 Google Sheet：1GmdWaua_pCC01UVSoAoEJj5hHl1HT-utMR4XSt1O55Y
🗑️ 已刪除來源暫存 Google Sheet：1GmdWaua_pCC01UVSoAoEJj5hHl1HT-utMR4XSt1O55Y
[2026-09-28 08:10:07] 完成訂單截取：20260928訂單-台北.xls → 專員個人資料!G1:N / rows=1195
[2026-09-28 08:10:08] 開始處理專員個資：20260928專員個資-台中
🔄 Jenny OAuth 已將來源 Excel 轉成暫存 Google Sheet：1q0EsHJ-ydNpaUiLyW-Vvul3-wl15gajRckYGgL813VQ
🗑️ 已刪除來源暫存 Google Sheet：1q0EsHJ-ydNpaUiLyW-Vvul3-wl15gajRckYGgL813VQ
[2026-09-28 08:10:12] 完成專員個資：20260928專員個資-台中.xlsx → 專員個人資料!A4:C / rows=16
[2026-09-28 08:10:14] 開始處理訂單截取：20260928訂單-台中
🔄 Jenny OAuth 已將來源 Excel 轉成暫存 Google Sheet：172Le4EKbkch2AMDnOj80IUKCJvpkv3NDQ_S8kHW3_dg
🗑️ 已刪除來源暫存 Google Sheet：172Le4EKbkch2AMDnOj80IUKCJvpkv3NDQ_S8kHW3_dg
[2026-09-28 08:10:18] 完成訂單截取：20260928訂單-台中.xls → 專員個人資料!G1:N / rows=102
[2026-09-28 08:10:20] staff_profile.py 全部完成

📝 外場排程打卡：外場專員個資 / success
field_management scheduler 全部完成
