📋 log_spreadsheet_id 已從設定檔載入
📝 外場排程打卡：外場排班統計表 / running
Command: /opt/hostedtoolcache/Python/3.11.16/x64/bin/python -u -m tools.field_management.schedule_stats --date 20260928 --system-name 外場排程系統 --run-type 排程
[2026-09-28 08:07:49] 開始處理排班統計表：20260928排班統計表-台北
🔄 Jenny OAuth 已將來源 Excel 轉成暫存 Google Sheet：1rNNwBEVfz_6IB9QPF8HFuy-i2WYcb-SJGxWAGllNcH4
🗑️ 已刪除來源暫存 Google Sheet：1rNNwBEVfz_6IB9QPF8HFuy-i2WYcb-SJGxWAGllNcH4
[2026-09-28 08:07:54] 完成：20260928排班統計表-台北.xlsx → 2026排班統計表!DJ4 / rows=82
[2026-09-28 08:08:05] 開始處理排班統計表：20261028排班統計表-台北
🔄 Jenny OAuth 已將來源 Excel 轉成暫存 Google Sheet：17A6ZpqUC4DEdz8iTvbVGnHu3HHjfgEE0dnmkjLX6Ulw
🗑️ 已刪除來源暫存 Google Sheet：17A6ZpqUC4DEdz8iTvbVGnHu3HHjfgEE0dnmkjLX6Ulw
[2026-09-28 08:08:09] 完成：20261028排班統計表-台北.xlsx → 2026排班統計表!DV4 / rows=71
[2026-09-28 08:08:11] 開始處理排班統計表：20260928排班統計表-台中
🔄 Jenny OAuth 已將來源 Excel 轉成暫存 Google Sheet：1-au51R0MlTHVg9JPeB8p_2g1KSyx38slF1bVCrX6FQE
🗑️ 已刪除來源暫存 Google Sheet：1-au51R0MlTHVg9JPeB8p_2g1KSyx38slF1bVCrX6FQE
[2026-09-28 08:08:16] 完成：20260928排班統計表-台中.xlsx → 2026排班統計表!DJ4 / rows=13
[2026-09-28 08:08:17] 開始處理排班統計表：20261028排班統計表-台中
🔄 Jenny OAuth 已將來源 Excel 轉成暫存 Google Sheet：1Q_ch6llY2iEDQXECoFRzarVv1LZ18w381_f3jh8wXiU
🗑️ 已刪除來源暫存 Google Sheet：1Q_ch6llY2iEDQXECoFRzarVv1LZ18w381_f3jh8wXiU
[2026-09-28 08:08:21] 完成：20261028排班統計表-台中.xlsx → 2026排班統計表!DV4 / rows=10
[2026-09-28 08:08:22] schedule_stats.py 全部完成

📝 外場排程打卡：外場排班統計表 / success
field_management scheduler 全部完成
