2026-09-28 00:17:32 [INFO] === 客服排程系統 run_id=8473679e step=3 台北時間=2026-09-28 08:17:32 ===
2026-09-28 00:17:32 [INFO] 目標試算表 ID 來源：環境變數 SERVICE_TARGET_SPREADSHEET_ID
2026-09-28 00:17:32 [INFO] file_cache is only supported with oauth2client<4.0.0
2026-09-28 00:17:46 [INFO] --- Step3_更新前一天營業分數及營業額 ---
2026-09-28 00:17:47 [INFO] 信件日期（台北時間）：2026-09-27
2026-09-28 00:17:57 [INFO]   [mail] text/plain 為空，fallback 到 text/html（1277 字元）
2026-09-28 00:18:00 [INFO]   近三日營業額-台北 → 選中 17:25:03（與17:25差3s）
2026-09-28 00:18:00 [INFO]   [debug] 行27 repr='2026-09-25：16分'
2026-09-28 00:18:00 [INFO]   [debug] 行28 repr='2026-09-26：8分'
2026-09-28 00:18:00 [INFO]   [debug] 行29 repr='2026-09-27：0分'
2026-09-28 00:18:00 [INFO]   [debug] 行30 repr='【家電清潔】日營業額'
2026-09-28 00:18:00 [INFO]   [debug] 行31 repr='2026-09-25：0分'
2026-09-28 00:18:00 [INFO]   [debug] 行32 repr='2026-09-26：0分'
2026-09-28 00:18:00 [INFO]   [debug] 行33 repr='2026-09-27：0分'
2026-09-28 00:18:00 [INFO]   [debug] 行34 repr='【儲值金】日營業額'
2026-09-28 00:18:07 [INFO]   [mail] text/plain 為空，fallback 到 text/html（946 字元）
2026-09-28 00:18:08 [INFO]   近三日營業額-台中 → 選中 17:25:06（與17:25差6s）
2026-09-28 00:18:08 [INFO]   [debug] 行22 repr='2026-09-25：0分'
2026-09-28 00:18:08 [INFO]   [debug] 行23 repr='2026-09-26：2分'
2026-09-28 00:18:08 [INFO]   [debug] 行24 repr='2026-09-27：0分'
2026-09-28 00:18:08 [INFO]   [debug] 行25 repr='【家電清潔】日營業額'
2026-09-28 00:18:08 [INFO]   [debug] 行26 repr='2026-09-25：0分'
2026-09-28 00:18:08 [INFO]   [debug] 行27 repr='2026-09-26：0分'
2026-09-28 00:18:08 [INFO]   [debug] 行28 repr='2026-09-27：0分'
2026-09-28 00:18:08 [INFO]   [debug] 行29 repr='【儲值金】日營業額'
2026-09-28 00:18:08 [INFO]   台北：{'daily_value': 0, 'total_count': 1257, 'total_amount': 2513000}
2026-09-28 00:18:08 [INFO]   台中：{'daily_value': 0, 'total_count': 154, 'total_amount': 307000}
2026-09-28 00:18:09 [INFO] Step 3 完成，row=2416（22.5s）
2026-09-28 00:18:10 [INFO] === 全部完成 run_id=8473679e（23.3s）===
