開始執行：專員個資
⚠️ 一鍵日排程 secrets TOML 注入失敗：No secrets found. Valid paths for a secrets.toml file or secret directories are: /home/runner/.streamlit/secrets.toml, /home/runner/work/tool-system/tool-system/.streamlit/secrets.toml
⚠️ 一鍵日排程 secrets env 注入失敗：No secrets found. Valid paths for a secrets.toml file or secret directories are: /home/runner/.streamlit/secrets.toml, /home/runner/work/tool-system/tool-system/.streamlit/secrets.toml
OAuth env ready = True
OAuth bootstrap forced = True
Command: Python bootstrap -> /home/runner/work/tool-system/tool-system/tools/scheduled_daily/staff_info.py
[2026-09-28 04:15:33] ====================================================
[2026-09-28 04:15:33] staff_info.py 開始執行
[2026-09-28 04:15:33] GITHUB_ACTIONS = true
[2026-09-28 04:15:33] PWD = /home/runner/work/tool-system/tool-system
[2026-09-28 04:15:33] LOCAL_OUTPUT_DIR = /Users/jenny/Library/CloudStorage/GoogleDrive-jenny@lemonclean.com.tw/我的雲端硬碟/lemon_Jenny/Jenny@lemon程式/專員個資
[2026-09-28 04:15:33] LOCAL_OUTPUT_DIR exists = False
[2026-09-28 04:15:33] can_use_local_output_dir = False
[2026-09-28 04:15:33] root folder_id = 11O6eKHQ1e3Irqps7Kq1XJOSVVge3pCAc
[2026-09-28 04:15:33] ====================================================
[2026-09-28 04:15:33] Google Drive 初始化成功
[2026-09-28 04:15:33] 📁 使用既有資料夾：專員個資
[2026-09-28 04:15:33] today_stamp = 20260928
[2026-09-28 04:15:33] 專員個資 folder_id = 1v1Er8oC3BEAWHbBrDq3SUpjEDwHIuK0f
[2026-09-28 04:15:33] 帳號數量 = 2
[2026-09-28 04:15:33] 
[2026-09-28 04:15:33] === 開始處理 台北 ===
[2026-09-28 04:15:33] 開始登入：jenny@lemonclean.com.tw
[2026-09-28 04:15:34] 登入成功：jenny@lemonclean.com.tw
[2026-09-28 04:15:34] 開始下載：city=台北 / filename=20260928專員個資-台北.xlsx
[2026-09-28 04:15:37] ✅ 已下載到暫存：/tmp/tmpc7azv91e/20260928專員個資-台北.xlsx
[2026-09-28 04:15:37] 📦 檔案大小：228352 bytes
[2026-09-28 04:15:37] 📂 暫存目錄存在：True
[2026-09-28 04:15:37] 📄 暫存檔案存在：True
[2026-09-28 04:15:37] 目前不是 Jenny 本機環境，略過本機存檔
[2026-09-28 04:15:37] Google Drive 初始化成功
[2026-09-28 04:15:37] 準備上傳到 Google Drive：20260928專員個資-台北.xlsx
[2026-09-28 04:15:40] ☁️ 已上傳新檔：20260928專員個資-台北.xlsx (file_id=1JKiK62cvvi-CG6gMzMtqGX2q10ytloHR) https://docs.google.com/spreadsheets/d/1JKiK62cvvi-CG6gMzMtqGX2q10ytloHR/edit?usp=drivesdk&ouid=101667783075862487943&rtpof=true&sd=true
[2026-09-28 04:15:40] ✅ 完成處理：20260928專員個資-台北.xlsx
[2026-09-28 04:15:40] ✅ 台北 全部完成
[2026-09-28 04:15:40] 
[2026-09-28 04:15:40] === 開始處理 台中 ===
[2026-09-28 04:15:40] 開始登入：jenny.tc@lemonclean.com.tw
[2026-09-28 04:15:40] 登入成功：jenny.tc@lemonclean.com.tw
[2026-09-28 04:15:40] 開始下載：city=台中 / filename=20260928專員個資-台中.xlsx
[2026-09-28 04:15:41] ✅ 已下載到暫存：/tmp/tmppglvjpgf/20260928專員個資-台中.xlsx
[2026-09-28 04:15:41] 📦 檔案大小：59904 bytes
[2026-09-28 04:15:41] 📂 暫存目錄存在：True
[2026-09-28 04:15:41] 📄 暫存檔案存在：True
[2026-09-28 04:15:41] 目前不是 Jenny 本機環境，略過本機存檔
[2026-09-28 04:15:41] Google Drive 初始化成功
[2026-09-28 04:15:41] 準備上傳到 Google Drive：20260928專員個資-台中.xlsx
[2026-09-28 04:15:43] ☁️ 已上傳新檔：20260928專員個資-台中.xlsx (file_id=1mt0St4TQo4_j09Mg09kZ5z6TLpytsTHa) https://docs.google.com/spreadsheets/d/1mt0St4TQo4_j09Mg09kZ5z6TLpytsTHa/edit?usp=drivesdk&ouid=101667783075862487943&rtpof=true&sd=true
[2026-09-28 04:15:43] ✅ 完成處理：20260928專員個資-台中.xlsx
[2026-09-28 04:15:43] ✅ 台中 全部完成
[2026-09-28 04:15:43] 🎉 staff_info.py 全部完成

完成執行：專員個資
scheduled_daily scheduler 全部完成
