開始執行：專員班表
⚠️ 一鍵日排程 secrets TOML 注入失敗：No secrets found. Valid paths for a secrets.toml file or secret directories are: /home/runner/.streamlit/secrets.toml, /home/runner/work/tool-system/tool-system/.streamlit/secrets.toml
⚠️ 一鍵日排程 secrets env 注入失敗：No secrets found. Valid paths for a secrets.toml file or secret directories are: /home/runner/.streamlit/secrets.toml, /home/runner/work/tool-system/tool-system/.streamlit/secrets.toml
OAuth env ready = True
OAuth bootstrap forced = True
Command: Python bootstrap -> /home/runner/work/tool-system/tool-system/tools/scheduled_daily/staff_schedule.py
[2026-09-28 04:05:41] ====================================================
[2026-09-28 04:05:41] staff_schedule.py 開始執行
[2026-09-28 04:05:41] GITHUB_ACTIONS = true
[2026-09-28 04:05:41] PWD = /home/runner/work/tool-system/tool-system
[2026-09-28 04:05:41] LOCAL_OUTPUT_DIR = /Users/jenny/Library/CloudStorage/GoogleDrive-jenny@lemonclean.com.tw/我的雲端硬碟/lemon_Jenny/Jenny@lemon程式/專員班表
[2026-09-28 04:05:41] LOCAL_OUTPUT_DIR exists = False
[2026-09-28 04:05:41] can_use_local_output_dir = False
[2026-09-28 04:05:41] root folder_id = 11O6eKHQ1e3Irqps7Kq1XJOSVVge3pCAc
[2026-09-28 04:05:41] ====================================================
[2026-09-28 04:05:41] Google Drive 初始化成功
[2026-09-28 04:05:41] 📁 使用既有資料夾：專員班表
[2026-09-28 04:05:41] this_month = 2026-09
[2026-09-28 04:05:41] next_month = 2026-10
[2026-09-28 04:05:41] this_date = 20260928
[2026-09-28 04:05:41] next_date = 20261028
[2026-09-28 04:05:41] 專員班表 folder_id = 1V2AUNsT_jzQWawmnBNU_u-e7odYviwEk
[2026-09-28 04:05:41] 帳號數量 = 2
[2026-09-28 04:05:41] 
[2026-09-28 04:05:41] === 開始處理 台北 ===
[2026-09-28 04:05:41] 開始登入：jenny@lemonclean.com.tw
[2026-09-28 04:05:42] 登入成功：jenny@lemonclean.com.tw
[2026-09-28 04:05:42] 開始下載：city=台北 / month=2026-09 / filename=20260928專員班表-台北.xls
[2026-09-28 04:05:46] ✅ 已下載到暫存：/tmp/tmpch6zvi1e/20260928專員班表-台北.xls
[2026-09-28 04:05:46] 📦 檔案大小：141824 bytes
[2026-09-28 04:05:46] 📂 暫存目錄存在：True
[2026-09-28 04:05:46] 📄 暫存檔案存在：True
[2026-09-28 04:05:46] 目前不是 Jenny 本機環境，略過本機存檔
[2026-09-28 04:05:46] Google Drive 初始化成功
[2026-09-28 04:05:46] 準備上傳到 Google Drive：20260928專員班表-台北.xls
[2026-09-28 04:05:47] ☁️ 已上傳新檔：20260928專員班表-台北.xls (file_id=1DBXnFFd8ysTTfoOpVP164uxpDNUA_gnT) https://docs.google.com/spreadsheets/d/1DBXnFFd8ysTTfoOpVP164uxpDNUA_gnT/edit?usp=drivesdk&ouid=101667783075862487943&rtpof=true&sd=true
[2026-09-28 04:05:47] ✅ 完成處理：20260928專員班表-台北.xls
[2026-09-28 04:05:47] 開始下載：city=台北 / month=2026-10 / filename=20261028專員班表-台北.xls
[2026-09-28 04:05:51] ✅ 已下載到暫存：/tmp/tmpv4kz3oxa/20261028專員班表-台北.xls
[2026-09-28 04:05:51] 📦 檔案大小：116224 bytes
[2026-09-28 04:05:51] 📂 暫存目錄存在：True
[2026-09-28 04:05:51] 📄 暫存檔案存在：True
[2026-09-28 04:05:51] 目前不是 Jenny 本機環境，略過本機存檔
[2026-09-28 04:05:51] Google Drive 初始化成功
[2026-09-28 04:05:51] 準備上傳到 Google Drive：20261028專員班表-台北.xls
[2026-09-28 04:05:52] ☁️ 已上傳新檔：20261028專員班表-台北.xls (file_id=1qbs9BiFuUK-msPn3-bNgsSLBXqjb-7mb) https://docs.google.com/spreadsheets/d/1qbs9BiFuUK-msPn3-bNgsSLBXqjb-7mb/edit?usp=drivesdk&ouid=101667783075862487943&rtpof=true&sd=true
[2026-09-28 04:05:52] ✅ 完成處理：20261028專員班表-台北.xls
[2026-09-28 04:05:52] ✅ 台北 全部完成
[2026-09-28 04:05:52] 
[2026-09-28 04:05:52] === 開始處理 台中 ===
[2026-09-28 04:05:52] 開始登入：jenny.tc@lemonclean.com.tw
[2026-09-28 04:05:54] 登入成功：jenny.tc@lemonclean.com.tw
[2026-09-28 04:05:54] 開始下載：city=台中 / month=2026-09 / filename=20260928專員班表-台中.xls
[2026-09-28 04:05:54] ✅ 已下載到暫存：/tmp/tmppiz2lvc2/20260928專員班表-台中.xls
[2026-09-28 04:05:54] 📦 檔案大小：23040 bytes
[2026-09-28 04:05:54] 📂 暫存目錄存在：True
[2026-09-28 04:05:54] 📄 暫存檔案存在：True
[2026-09-28 04:05:54] 目前不是 Jenny 本機環境，略過本機存檔
[2026-09-28 04:05:54] Google Drive 初始化成功
[2026-09-28 04:05:54] 準備上傳到 Google Drive：20260928專員班表-台中.xls
[2026-09-28 04:05:56] ☁️ 已上傳新檔：20260928專員班表-台中.xls (file_id=1VM4aB08J7SpE4GRxQAwTiVh2H67o86-L) https://docs.google.com/spreadsheets/d/1VM4aB08J7SpE4GRxQAwTiVh2H67o86-L/edit?usp=drivesdk&ouid=101667783075862487943&rtpof=true&sd=true
[2026-09-28 04:05:56] ✅ 完成處理：20260928專員班表-台中.xls
[2026-09-28 04:05:56] 開始下載：city=台中 / month=2026-10 / filename=20261028專員班表-台中.xls
[2026-09-28 04:05:56] ✅ 已下載到暫存：/tmp/tmpe6f_l_4s/20261028專員班表-台中.xls
[2026-09-28 04:05:56] 📦 檔案大小：24064 bytes
[2026-09-28 04:05:56] 📂 暫存目錄存在：True
[2026-09-28 04:05:56] 📄 暫存檔案存在：True
[2026-09-28 04:05:56] 目前不是 Jenny 本機環境，略過本機存檔
[2026-09-28 04:05:56] Google Drive 初始化成功
[2026-09-28 04:05:56] 準備上傳到 Google Drive：20261028專員班表-台中.xls
[2026-09-28 04:05:58] ☁️ 已上傳新檔：20261028專員班表-台中.xls (file_id=1lqERE9M3WkL64jYIJmK61m0ecC9e38oK) https://docs.google.com/spreadsheets/d/1lqERE9M3WkL64jYIJmK61m0ecC9e38oK/edit?usp=drivesdk&ouid=101667783075862487943&rtpof=true&sd=true
[2026-09-28 04:05:58] ✅ 完成處理：20261028專員班表-台中.xls
[2026-09-28 04:05:58] ✅ 台中 全部完成
[2026-09-28 04:05:58] 🎉 staff_schedule.py 全部完成

完成執行：專員班表
scheduled_daily scheduler 全部完成
