📋 log_spreadsheet_id 已從設定檔載入
📝 外場排程打卡：外場專員個資 / running
Command: /opt/hostedtoolcache/Python/3.11.16/x64/bin/python -u -m tools.field_management.staff_profile --date 20260930 --system-name 外場排程系統 --run-type 排程
[2026-09-30 08:56:17] 開始處理專員個資：20260930專員個資-台北
🔄 Jenny OAuth 已將來源 Excel 轉成暫存 Google Sheet：1UInp8HPyZSrK8i6m4-2-83aG6G7TCtmx7ghGsRqNpME
🗑️ 已刪除來源暫存 Google Sheet：1UInp8HPyZSrK8i6m4-2-83aG6G7TCtmx7ghGsRqNpME
[2026-09-30 08:56:27] 完成專員個資：20260930專員個資-台北.xlsx → 專員個人資料!A4:C / rows=97
[2026-09-30 08:56:29] 開始處理訂單截取：20260930訂單-台北
🔄 Jenny OAuth 已將來源 Excel 轉成暫存 Google Sheet：1l3gNqInVS9E7rG7e8gioXrcf8Tk2BRBXgY3_bE0yKSI
🗑️ 已刪除來源暫存 Google Sheet：1l3gNqInVS9E7rG7e8gioXrcf8Tk2BRBXgY3_bE0yKSI
[2026-09-30 08:56:42] 完成訂單截取：20260930訂單-台北.xls → 專員個人資料!G1:N / rows=1237
[2026-09-30 08:56:43] 開始處理專員個資：20260930專員個資-台中
🔄 Jenny OAuth 已將來源 Excel 轉成暫存 Google Sheet：16I2Ie2VggcfqOs0dE6JvsejsumyRiWqjaEwzVUujXJI
🗑️ 已刪除來源暫存 Google Sheet：16I2Ie2VggcfqOs0dE6JvsejsumyRiWqjaEwzVUujXJI
[2026-09-30 08:56:51] 完成專員個資：20260930專員個資-台中.xlsx → 專員個人資料!A4:C / rows=16
[2026-09-30 08:56:53] 開始處理訂單截取：20260930訂單-台中
🔄 Jenny OAuth 已將來源 Excel 轉成暫存 Google Sheet：1zw6pRjQ2UIUCMnkg00rseYcTDexmmxqMwaDP-RpywOU
🗑️ 已刪除來源暫存 Google Sheet：1zw6pRjQ2UIUCMnkg00rseYcTDexmmxqMwaDP-RpywOU
[2026-09-30 08:57:01] 完成訂單截取：20260930訂單-台中.xls → 專員個人資料!G1:N / rows=103
[2026-09-30 08:57:03] staff_profile.py 全部完成

📝 外場排程打卡：外場專員個資 / success
field_management scheduler 全部完成
