⚠️ 月底清理 Log 寫入失敗：No module named 'tools'
🗑️ 排班統計表：20261030排班統計表-台中
🗑️ 排班統計表：20261030排班統計表-台北
🗑️ 排班統計表：20260930排班統計表-台中
🗑️ 排班統計表：20260930排班統計表-台北
🗑️ 排班統計表：20261030排班統計表-台中.xlsx
🗑️ 排班統計表：20260930排班統計表-台中.xlsx
🗑️ 排班統計表：20261030排班統計表-台北.xlsx
🗑️ 排班統計表：20260930排班統計表-台北.xlsx
🗑️ 專員班表：20261030專員班表-台中.xls
🗑️ 專員班表：20260930專員班表-台中.xls
🗑️ 專員班表：20261030專員班表-台北.xls
🗑️ 專員班表：20260930專員班表-台北.xls
🗑️ 專員個資：20260930專員個資-台中.xlsx
🗑️ 專員個資：20260930專員個資-台北.xlsx
🗑️ 訂單資料：20260930訂單-台中.xls
🗑️ 訂單資料：20260930訂單-台北.xls
⚠️ 月底清理 Log 寫入失敗：No module named 'tools'
✅ 月底清理完成：排班統計表 8 個；專員班表 4 個；專員個資 2 個；訂單資料 2 個；共 16 個
{"skipped": false, "counts": {"排班統計表": 8, "專員班表": 4, "專員個資": 2, "訂單資料": 2}, "total": 16}
