⚠️ 月排程 secrets TOML 注入失敗：No secrets found. Valid paths for a secrets.toml file or secret directories are: /home/runner/.streamlit/secrets.toml, /home/runner/work/tool-system/tool-system/.streamlit/secrets.toml
⚠️ 月排程 secrets env 注入失敗：No secrets found. Valid paths for a secrets.toml file or secret directories are: /home/runner/.streamlit/secrets.toml, /home/runner/work/tool-system/tool-system/.streamlit/secrets.toml
📁 月排程年度資料夾：2026專員承攬服務費 (1TnV_tpDnaSwPDDvjq8AtGL6uRC0OwGUK)
📂 月排程總根目錄：1t0B8BdUKBvaS6TM40-hpodUnxeZr3eWe
📂 本次使用年度：2026
📂 本次年度 folder_id：1TnV_tpDnaSwPDDvjq8AtGL6uRC0OwGUK
📝 月排程打卡：下半月訂單 / running
⚠️ 月排程 secrets TOML 注入失敗：No secrets found. Valid paths for a secrets.toml file or secret directories are: /home/runner/.streamlit/secrets.toml, /home/runner/work/tool-system/tool-system/.streamlit/secrets.toml
⚠️ 月排程 secrets env 注入失敗：No secrets found. Valid paths for a secrets.toml file or secret directories are: /home/runner/.streamlit/secrets.toml, /home/runner/work/tool-system/tool-system/.streamlit/secrets.toml
OAuth env ready = True
OAuth bootstrap forced = True
Command: Python bootstrap -> /home/runner/work/tool-system/tool-system/tools/scheduled_monthly/half_month_orders.py
[config] spreadsheet_id='1nNAXy6rvBnGR8ACnqKKzKNA4-UwZtZp47i806EPmR_8'
[config] spreadsheet_id='1nNAXy6rvBnGR8ACnqKKzKNA4-UwZtZp47i806EPmR_8'
📌 期別：202609-2
📌 日期：2026-09-16 ~ 2026-09-30
📌 執行區域：all
📌 月排程總根目錄：1TnV_tpDnaSwPDDvjq8AtGL6uRC0OwGUK

=== 處理 台北 ===
✅ 登入成功：jenny@lemonclean.com.tw
📁 使用既有資料夾：01.台北專員 / 1kJTGZYpgXBPlyR4SjRKoP0-sK30MhAfW
📁 區域資料夾：台北 / 01.台北專員 / 1kJTGZYpgXBPlyR4SjRKoP0-sK30MhAfW
📁 使用既有資料夾：202609-2 / 1PPtExq6Sb1E0rkxFvyi7u76XiPDXj7C9
📁 期別資料夾：202609-2 / 1PPtExq6Sb1E0rkxFvyi7u76XiPDXj7C9
_locate_stream(Workbook): seen
    0  5 4 4 4 4 4 4 4 4 4 4 4 4 4 4 4 4 4 4 4 
   20  4 4 4 4 4 4 4 4 4 4 4 4 4 4 4 4 4 4 4 4 
 1500= 4 4 4 4 4 4 4 4 4 4 4 4 4 4 4 4 4 4 4 4 
 1520  4 4 4 4 4 4 4 4 4 4 4 4 4 4 4 4 4 3 2 2 
 1540  2 2 2 2 2 2 2 2 2 2 2 
🗑️ 已刪除舊項目：202609-2訂單-台北.xlsx
☁️ 已上傳新檔：202609-2訂單-台北.xlsx → folder_id=1PPtExq6Sb1E0rkxFvyi7u76XiPDXj7C9 https://docs.google.com/spreadsheets/d/1iRxn3YirQyyqHORMGBvRREdoZ-6V1g7f/edit?usp=drivesdk&ouid=101667783075862487943&rtpof=true&sd=true
🧾 已更新 GitHub snapshot：snapshots/monthly_orders/202609-2/202609-2訂單-台北.xlsx
✅ 已寫入月排程 Log

=== 處理 台中 ===
✅ 登入成功：jenny.tc@lemonclean.com.tw
📁 使用既有資料夾：02.台中專員 / 1peMrCBDFJ2-sSKUzuc0X5p0Mc3g0VPrG
📁 區域資料夾：台中 / 02.台中專員 / 1peMrCBDFJ2-sSKUzuc0X5p0Mc3g0VPrG
📁 使用既有資料夾：202609-2 / 1ErMAMUHtiZGWljX0e5Bj6USbsi7_zUzG
📁 期別資料夾：202609-2 / 1ErMAMUHtiZGWljX0e5Bj6USbsi7_zUzG
_locate_stream(Workbook): seen
    0  5 4 4 4 4 4 4 4 4 4 4 4 4 4 4 4 4 4 4 4 
   20  4 4 4 4 4 4 4 4 4 4 4 4 4 4 4 4 4 4 4 4 
   80= 4 4 4 4 4 4 4 4 4 4 4 4 4 4 4 4 4 4 4 4 
  100  4 4 4 4 4 4 4 4 4 4 4 4 4 4 4 4 3 2 
🗑️ 已刪除舊項目：202609-2訂單-台中.xlsx
☁️ 已上傳新檔：202609-2訂單-台中.xlsx → folder_id=1ErMAMUHtiZGWljX0e5Bj6USbsi7_zUzG https://docs.google.com/spreadsheets/d/1S8wIyXPUkU2GPfZY1YlWskIqnHsJHoCm/edit?usp=drivesdk&ouid=101667783075862487943&rtpof=true&sd=true
🧾 已更新 GitHub snapshot：snapshots/monthly_orders/202609-2/202609-2訂單-台中.xlsx
✅ 已寫入月排程 Log

=== 處理 桃園 ===
✅ 登入成功：jenny.tyc@lemonclean.com.tw
📁 使用既有資料夾：03.桃園專員 / 18Patt1SGG_6CWCqSaNgYNoDC4O0p5Vpm
📁 區域資料夾：桃園 / 03.桃園專員 / 18Patt1SGG_6CWCqSaNgYNoDC4O0p5Vpm
📁 使用既有資料夾：202609-2 / 11l12ffRw0gVhWcB1QpNUYlMq8X3_sBq4
📁 期別資料夾：202609-2 / 11l12ffRw0gVhWcB1QpNUYlMq8X3_sBq4
_locate_stream(Workbook): seen
    0  5 4 4 4 4 4 4 4 4 4 4 4 4 4 4 4 4 4 4 4 
   20  4 4 4 4 4 4 4 4 4 4 4 4 4 4 4 4 4 4 4 4 
  420= 4 4 4 4 4 4 4 4 4 4 4 4 4 4 4 4 4 4 4 4 
  440  4 4 4 4 4 4 4 4 4 4 4 3 2 2 2 2 
🗑️ 已刪除舊項目：202609-2訂單-桃園.xlsx
☁️ 已上傳新檔：202609-2訂單-桃園.xlsx → folder_id=11l12ffRw0gVhWcB1QpNUYlMq8X3_sBq4 https://docs.google.com/spreadsheets/d/19o3hWxcJLKTYR50otnG5gJNkOosW-NsG/edit?usp=drivesdk&ouid=101667783075862487943&rtpof=true&sd=true
🧾 已更新 GitHub snapshot：snapshots/monthly_orders/202609-2/202609-2訂單-桃園.xlsx
✅ 已寫入月排程 Log

=== 處理 新竹 ===
✅ 登入成功：jenny.hc@lemonclean.com.tw
📁 使用既有資料夾：04.新竹專員 / 1rnCtWrw3AUvn1PCj1NKsLtbM5UrWKuiI
📁 區域資料夾：新竹 / 04.新竹專員 / 1rnCtWrw3AUvn1PCj1NKsLtbM5UrWKuiI
📁 使用既有資料夾：202609-2 / 176J86n2clZfS2ncurQj1SEJaxcrOf5XE
📁 期別資料夾：202609-2 / 176J86n2clZfS2ncurQj1SEJaxcrOf5XE
_locate_stream(Workbook): seen
    0  5 4 4 4 4 4 4 4 4 4 4 4 4 4 4 4 4 4 4 4 
   20  4 4 4 4 4 4 4 4 4 4 4 4 4 4 4 4 4 4 4 4 
   80= 4 4 4 4 4 4 4 4 4 4 4 4 4 4 4 4 4 4 4 4 
  100  4 4 4 4 4 4 4 4 4 4 3 2 
🗑️ 已刪除舊項目：202609-2原訂單-新竹.xlsx
☁️ 已上傳新檔：202609-2原訂單-新竹.xlsx → folder_id=176J86n2clZfS2ncurQj1SEJaxcrOf5XE https://docs.google.com/spreadsheets/d/1i4WtNp2Naksjv_IpEf2NI_d0LoVP5gfT/edit?usp=drivesdk&ouid=101667783075862487943&rtpof=true&sd=true
🧾 已更新 GitHub snapshot：snapshots/monthly_orders/202609-2/202609-2原訂單-新竹.xlsx
_locate_stream(Workbook): seen
    0  5 4 4 4 4 4 4 4 4 4 4 4 4 3 2 
🗑️ 已刪除舊項目：202609-2儲值金-新竹.xlsx
☁️ 已上傳新檔：202609-2儲值金-新竹.xlsx → folder_id=176J86n2clZfS2ncurQj1SEJaxcrOf5XE https://docs.google.com/spreadsheets/d/16gz88IrNr8ALkUZdex4_pom6DNkx1ScE/edit?usp=drivesdk&ouid=101667783075862487943&rtpof=true&sd=true
🧾 已更新 GitHub snapshot：snapshots/monthly_orders/202609-2/202609-2儲值金-新竹.xlsx
✅ 新竹 儲值金抓到 1 筆（付款日期 2026-09-16 ~ 2026-09-30 / 儲值金 / 已付款）
✅ 新竹 合併完成：原訂單 31 + 儲值金 1 → 合併 32 筆
🗑️ 已刪除舊項目：202609-2訂單-新竹.xlsx
☁️ 已上傳新檔：202609-2訂單-新竹.xlsx → folder_id=176J86n2clZfS2ncurQj1SEJaxcrOf5XE https://docs.google.com/spreadsheets/d/1t__7YCOdT9iJ3pAz9T9awrzsHJq9v_S3/edit?usp=drivesdk&ouid=101667783075862487943&rtpof=true&sd=true
🧾 已更新 GitHub snapshot：snapshots/monthly_orders/202609-2/202609-2訂單-新竹.xlsx
✅ 已寫入月排程 Log

=== 處理 高雄 ===
✅ 登入成功：jenny.hc@lemonclean.com.tw
📁 使用既有資料夾：05.高雄專員 / 1nq6vgxVd1DNna72SSoa08L_DkiTSqLpF
📁 區域資料夾：高雄 / 05.高雄專員 / 1nq6vgxVd1DNna72SSoa08L_DkiTSqLpF
📁 使用既有資料夾：202609-2 / 1U7Vj-FfUjtBd_2OguNabG3C5gSDf3GMT
📁 期別資料夾：202609-2 / 1U7Vj-FfUjtBd_2OguNabG3C5gSDf3GMT
_locate_stream(Workbook): seen
    0  5 4 4 4 4 4 4 4 4 4 4 4 4 4 4 4 4 4 4 4 
   20  4 4 4 4 4 4 4 4 4 4 4 4 4 4 4 4 4 4 3 2 
✅ 高雄 原訂單抓到 12 筆
🗑️ 已刪除舊項目：202609-2原訂單-高雄.xlsx
☁️ 已上傳新檔：202609-2原訂單-高雄.xlsx → folder_id=1U7Vj-FfUjtBd_2OguNabG3C5gSDf3GMT https://docs.google.com/spreadsheets/d/1YV7x4lWXlNgFADX8s1xToZ-BW7oNEXzY/edit?usp=drivesdk&ouid=101667783075862487943&rtpof=true&sd=true
🧾 已更新 GitHub snapshot：snapshots/monthly_orders/202609-2/202609-2原訂單-高雄.xlsx
_locate_stream(Workbook): seen
    0  5 4 4 4 4 4 4 4 4 4 4 4 4 3 2 
🗑️ 已刪除舊項目：202609-2儲值金-高雄.xlsx
☁️ 已上傳新檔：202609-2儲值金-高雄.xlsx → folder_id=1U7Vj-FfUjtBd_2OguNabG3C5gSDf3GMT https://docs.google.com/spreadsheets/d/13cNZ0K8I-ZWG4AKDlOcmOuqifDHzlzxp/edit?usp=drivesdk&ouid=101667783075862487943&rtpof=true&sd=true
🧾 已更新 GitHub snapshot：snapshots/monthly_orders/202609-2/202609-2儲值金-高雄.xlsx
✅ 高雄 儲值金抓到 1 筆（付款日期 2026-09-16 ~ 2026-09-30 / 儲值金 / 已付款）
✅ 高雄 合併完成：原訂單 12 + 儲值金 1 → 合併 13 筆
🗑️ 已刪除舊項目：202609-2訂單-高雄.xlsx
☁️ 已上傳新檔：202609-2訂單-高雄.xlsx → folder_id=1U7Vj-FfUjtBd_2OguNabG3C5gSDf3GMT https://docs.google.com/spreadsheets/d/1_x2fpals83MzwZ5aoPeXujvWC77Sh5fK/edit?usp=drivesdk&ouid=101667783075862487943&rtpof=true&sd=true
🧾 已更新 GitHub snapshot：snapshots/monthly_orders/202609-2/202609-2訂單-高雄.xlsx
✅ 已寫入月排程 Log

✅ 成功地區：台北, 台中, 桃園, 新竹, 高雄
🎉 half_month_orders.py 全部完成

📝 月排程打卡：下半月訂單 / success
scheduled_monthly scheduler 全部完成
