⚠️ 月排程 secrets TOML 注入失敗：No secrets found. Valid paths for a secrets.toml file or secret directories are: /home/runner/.streamlit/secrets.toml, /home/runner/work/tool-system/tool-system/.streamlit/secrets.toml
⚠️ 月排程 secrets env 注入失敗：No secrets found. Valid paths for a secrets.toml file or secret directories are: /home/runner/.streamlit/secrets.toml, /home/runner/work/tool-system/tool-system/.streamlit/secrets.toml
📁 月排程年度資料夾：2026專員承攬服務費 (1TnV_tpDnaSwPDDvjq8AtGL6uRC0OwGUK)
📂 月排程總根目錄：1t0B8BdUKBvaS6TM40-hpodUnxeZr3eWe
📂 本次使用年度：2026
📂 本次年度 folder_id：1TnV_tpDnaSwPDDvjq8AtGL6uRC0OwGUK
📝 月排程打卡：已退款 / running
⚠️ 月排程 secrets TOML 注入失敗：No secrets found. Valid paths for a secrets.toml file or secret directories are: /home/runner/.streamlit/secrets.toml, /home/runner/work/tool-system/tool-system/.streamlit/secrets.toml
⚠️ 月排程 secrets env 注入失敗：No secrets found. Valid paths for a secrets.toml file or secret directories are: /home/runner/.streamlit/secrets.toml, /home/runner/work/tool-system/tool-system/.streamlit/secrets.toml
OAuth env ready = True
OAuth bootstrap forced = True
Command: Python bootstrap -> /home/runner/work/tool-system/tool-system/tools/scheduled_monthly/refund_report.py
📌 功能：已退款
📌 版本：0704_v3
📌 期別：202609-2
📌 存取期間：退款/加收：2026-09-01 ~ 2026-09-30
📌 執行區域：all
📌 月排程總根目錄：1TnV_tpDnaSwPDDvjq8AtGL6uRC0OwGUK

=== 處理 台北 ===
✅ 登入成功：jenny@lemonclean.com.tw
📁 使用既有資料夾：01.台北專員 / 1kJTGZYpgXBPlyR4SjRKoP0-sK30MhAfW
📁 區域資料夾：台北 / 01.台北專員 / 1kJTGZYpgXBPlyR4SjRKoP0-sK30MhAfW
📁 使用既有資料夾：202609-2 / 1PPtExq6Sb1E0rkxFvyi7u76XiPDXj7C9
⚠️ 原始下載：/tmp/tmpprw_hejw/202609-2已退款全部加收-台北.xlsx
⚠️ 原始下載：/tmp/tmpprw_hejw/202609-2已退款全部退款-台北.xlsx
⚠️ 台北 無法合併，改上傳原始檔
☁️ 已上傳新檔：202609-2已退款全部加收-台北.xlsx → folder_id=1PPtExq6Sb1E0rkxFvyi7u76XiPDXj7C9 https://docs.google.com/spreadsheets/d/1HV_BsBNj4cKdXzihCAXtSyOiYCMl7eXe/edit?usp=drivesdk&ouid=101667783075862487943&rtpof=true&sd=true
☁️ 已上傳新檔：202609-2已退款全部退款-台北.xlsx → folder_id=1PPtExq6Sb1E0rkxFvyi7u76XiPDXj7C9 https://docs.google.com/spreadsheets/d/1EVYPLE5cIJtEy9nfKNkZVpr796UQCM7M/edit?usp=drivesdk&ouid=101667783075862487943&rtpof=true&sd=true
✅ 已寫入月排程 Log

=== 處理 台中 ===
✅ 登入成功：jenny.tc@lemonclean.com.tw
📁 使用既有資料夾：02.台中專員 / 1peMrCBDFJ2-sSKUzuc0X5p0Mc3g0VPrG
📁 區域資料夾：台中 / 02.台中專員 / 1peMrCBDFJ2-sSKUzuc0X5p0Mc3g0VPrG
📁 使用既有資料夾：202609-2 / 1ErMAMUHtiZGWljX0e5Bj6USbsi7_zUzG
⚠️ 原始下載：/tmp/tmp9q6pdewj/202609-2已退款全部加收-台中.xlsx
⚠️ 原始下載：/tmp/tmp9q6pdewj/202609-2已退款全部退款-台中.xlsx
⚠️ 台中 無法合併，改上傳原始檔
☁️ 已上傳新檔：202609-2已退款全部加收-台中.xlsx → folder_id=1ErMAMUHtiZGWljX0e5Bj6USbsi7_zUzG https://docs.google.com/spreadsheets/d/1IbPYjZy_6fG59FxMN-FVlP-5zfpOg4Gr/edit?usp=drivesdk&ouid=101667783075862487943&rtpof=true&sd=true
☁️ 已上傳新檔：202609-2已退款全部退款-台中.xlsx → folder_id=1ErMAMUHtiZGWljX0e5Bj6USbsi7_zUzG https://docs.google.com/spreadsheets/d/1G7dQ00pFY5PUjP2mi94eo8qQdcxz97UK/edit?usp=drivesdk&ouid=101667783075862487943&rtpof=true&sd=true
✅ 已寫入月排程 Log

=== 處理 桃園 ===
✅ 登入成功：jenny.tyc@lemonclean.com.tw
📁 使用既有資料夾：03.桃園專員 / 18Patt1SGG_6CWCqSaNgYNoDC4O0p5Vpm
📁 區域資料夾：桃園 / 03.桃園專員 / 18Patt1SGG_6CWCqSaNgYNoDC4O0p5Vpm
📁 使用既有資料夾：202609-2 / 11l12ffRw0gVhWcB1QpNUYlMq8X3_sBq4
⚠️ 原始下載：/tmp/tmp9fncywj7/202609-2已退款全部加收-桃園.xlsx
⚠️ 原始下載：/tmp/tmp9fncywj7/202609-2已退款全部退款-桃園.xlsx
⚠️ 桃園 無法合併，改上傳原始檔
☁️ 已上傳新檔：202609-2已退款全部加收-桃園.xlsx → folder_id=11l12ffRw0gVhWcB1QpNUYlMq8X3_sBq4 https://docs.google.com/spreadsheets/d/1sMXwNBZkRwckFAc9jOYMjhoWG90Ux-td/edit?usp=drivesdk&ouid=101667783075862487943&rtpof=true&sd=true
☁️ 已上傳新檔：202609-2已退款全部退款-桃園.xlsx → folder_id=11l12ffRw0gVhWcB1QpNUYlMq8X3_sBq4 https://docs.google.com/spreadsheets/d/1YKtoDfveQuIhI5RuCVIjp9tWNrM6Z1fW/edit?usp=drivesdk&ouid=101667783075862487943&rtpof=true&sd=true
✅ 已寫入月排程 Log

=== 處理 新竹 ===
✅ 登入成功：jenny.hc@lemonclean.com.tw
📁 使用既有資料夾：04.新竹專員 / 1rnCtWrw3AUvn1PCj1NKsLtbM5UrWKuiI
📁 區域資料夾：新竹 / 04.新竹專員 / 1rnCtWrw3AUvn1PCj1NKsLtbM5UrWKuiI
📁 使用既有資料夾：202609-2 / 176J86n2clZfS2ncurQj1SEJaxcrOf5XE
⚠️ 原始下載：/tmp/tmp4pln54ab/202609-2已退款全部加收-新竹.xlsx
⚠️ 原始下載：/tmp/tmp4pln54ab/202609-2已退款全部退款-新竹.xlsx
⚠️ 新竹 無法合併，改上傳原始檔
☁️ 已上傳新檔：202609-2已退款全部加收-新竹.xlsx → folder_id=176J86n2clZfS2ncurQj1SEJaxcrOf5XE https://docs.google.com/spreadsheets/d/142ShHNJixqH_yRMVn6lWjy1Ofzs_pO0U/edit?usp=drivesdk&ouid=101667783075862487943&rtpof=true&sd=true
✅ 已寫入月排程 Log
❌ 新竹 失敗：The read operation timed out

=== 處理 高雄 ===
✅ 登入成功：jenny.hc@lemonclean.com.tw
📁 使用既有資料夾：05.高雄專員 / 1nq6vgxVd1DNna72SSoa08L_DkiTSqLpF
📁 區域資料夾：高雄 / 05.高雄專員 / 1nq6vgxVd1DNna72SSoa08L_DkiTSqLpF
📁 使用既有資料夾：202609-2 / 1U7Vj-FfUjtBd_2OguNabG3C5gSDf3GMT
⚠️ 原始下載：/tmp/tmp__hemip7/202609-2已退款全部加收-高雄.xlsx
⚠️ 原始下載：/tmp/tmp__hemip7/202609-2已退款全部加收-台南.xlsx
⚠️ 原始下載：/tmp/tmp__hemip7/202609-2已退款全部退款-高雄.xlsx
⚠️ 原始下載：/tmp/tmp__hemip7/202609-2已退款全部退款-台南.xlsx
⚠️ 高雄無法合併，改上傳原始檔
☁️ 已上傳新檔：202609-2已退款全部加收-高雄.xlsx → folder_id=1U7Vj-FfUjtBd_2OguNabG3C5gSDf3GMT https://docs.google.com/spreadsheets/d/1ph7Po4zuKSgizT0KI8JpzDKODu1ah_RO/edit?usp=drivesdk&ouid=101667783075862487943&rtpof=true&sd=true
☁️ 已上傳新檔：202609-2已退款全部加收-台南.xlsx → folder_id=1U7Vj-FfUjtBd_2OguNabG3C5gSDf3GMT https://docs.google.com/spreadsheets/d/1jz409kxzLt53kAqshGMbzGvHNbrF-HZv/edit?usp=drivesdk&ouid=101667783075862487943&rtpof=true&sd=true
☁️ 已上傳新檔：202609-2已退款全部退款-高雄.xlsx → folder_id=1U7Vj-FfUjtBd_2OguNabG3C5gSDf3GMT https://docs.google.com/spreadsheets/d/13ajWLCBzMLFDXzE7MMnjwfuJpVsbzaF-/edit?usp=drivesdk&ouid=101667783075862487943&rtpof=true&sd=true
☁️ 已上傳新檔：202609-2已退款全部退款-台南.xlsx → folder_id=1U7Vj-FfUjtBd_2OguNabG3C5gSDf3GMT https://docs.google.com/spreadsheets/d/1xTm25cR2H6XpyRnvIHegHs6MiaM8GRZX/edit?usp=drivesdk&ouid=101667783075862487943&rtpof=true&sd=true
✅ 已寫入月排程 Log

✅ 成功地區：台北, 台中, 桃園, 高雄

Traceback (most recent call last):
  File "<string>", line 1, in <module>
  File "<frozen runpy>", line 291, in run_path
  File "<frozen runpy>", line 98, in _run_module_code
  File "<frozen runpy>", line 88, in _run_code
  File "/home/runner/work/tool-system/tool-system/tools/scheduled_monthly/refund_report.py", line 701, in <module>
    main()
  File "/home/runner/work/tool-system/tool-system/tools/scheduled_monthly/refund_report.py", line 695, in main
    raise RuntimeError(f"{FUNCTION_NAME} 有失敗地區：{failed}")
RuntimeError: 已退款 有失敗地區：[('新竹', 'The read operation timed out')]

📝 月排程打卡：已退款 / failed
Traceback (most recent call last):
  File "<frozen runpy>", line 198, in _run_module_as_main
  File "<frozen runpy>", line 88, in _run_code
  File "/home/runner/work/tool-system/tool-system/tools/scheduled_monthly/scheduler.py", line 325, in <module>
    main(target=args.target, folder_id=args.folder_id, area=args.area, period=args.period, start=args.start, end=args.end)
  File "/home/runner/work/tool-system/tool-system/tools/scheduled_monthly/scheduler.py", line 303, in main
    results.append(run_job(job_name, folder_id=job_folder_id, area=area, period=period, start=start, end=end))
                   ^^^^^^^^^^^^^^^^^^^^^^^^^^^^^^^^^^^^^^^^^^^^^^^^^^^^^^^^^^^^^^^^^^^^^^^^^^^^^^^^^^^^^^^^^^
  File "/home/runner/work/tool-system/tool-system/tools/scheduled_monthly/scheduler.py", line 271, in run_job
    raise RuntimeError(message)
RuntimeError: 已退款 執行失敗，exit=1
STDOUT:
g4Gr/edit?usp=drivesdk&ouid=101667783075862487943&rtpof=true&sd=true
☁️ 已上傳新檔：202609-2已退款全部退款-台中.xlsx → folder_id=1ErMAMUHtiZGWljX0e5Bj6USbsi7_zUzG https://docs.google.com/spreadsheets/d/1G7dQ00pFY5PUjP2mi94eo8qQdcxz97UK/edit?usp=drivesdk&ouid=101667783075862487943&rtpof=true&sd=true
✅ 已寫入月排程 Log

=== 處理 桃園 ===
✅ 登入成功：jenny.tyc@lemonclean.com.tw
📁 使用既有資料夾：03.桃園專員 / 18Patt1SGG_6CWCqSaNgYNoDC4O0p5Vpm
📁 區域資料夾：桃園 / 03.桃園專員 / 18Patt1SGG_6CWCqSaNgYNoDC4O0p5Vpm
📁 使用既有資料夾：202609-2 / 11l12ffRw0gVhWcB1QpNUYlMq8X3_sBq4
⚠️ 原始下載：/tmp/tmp9fncywj7/202609-2已退款全部加收-桃園.xlsx
⚠️ 原始下載：/tmp/tmp9fncywj7/202609-2已退款全部退款-桃園.xlsx
⚠️ 桃園 無法合併，改上傳原始檔
☁️ 已上傳新檔：202609-2已退款全部加收-桃園.xlsx → folder_id=11l12ffRw0gVhWcB1QpNUYlMq8X3_sBq4 https://docs.google.com/spreadsheets/d/1sMXwNBZkRwckFAc9jOYMjhoWG90Ux-td/edit?usp=drivesdk&ouid=101667783075862487943&rtpof=true&sd=true
☁️ 已上傳新檔：202609-2已退款全部退款-桃園.xlsx → folder_id=11l12ffRw0gVhWcB1QpNUYlMq8X3_sBq4 https://docs.google.com/spreadsheets/d/1YKtoDfveQuIhI5RuCVIjp9tWNrM6Z1fW/edit?usp=drivesdk&ouid=101667783075862487943&rtpof=true&sd=true
✅ 已寫入月排程 Log

=== 處理 新竹 ===
✅ 登入成功：jenny.hc@lemonclean.com.tw
📁 使用既有資料夾：04.新竹專員 / 1rnCtWrw3AUvn1PCj1NKsLtbM5UrWKuiI
📁 區域資料夾：新竹 / 04.新竹專員 / 1rnCtWrw3AUvn1PCj1NKsLtbM5UrWKuiI
📁 使用既有資料夾：202609-2 / 176J86n2clZfS2ncurQj1SEJaxcrOf5XE
⚠️ 原始下載：/tmp/tmp4pln54ab/202609-2已退款全部加收-新竹.xlsx
⚠️ 原始下載：/tmp/tmp4pln54ab/202609-2已退款全部退款-新竹.xlsx
⚠️ 新竹 無法合併，改上傳原始檔
☁️ 已上傳新檔：202609-2已退款全部加收-新竹.xlsx → folder_id=176J86n2clZfS2ncurQj1SEJaxcrOf5XE https://docs.google.com/spreadsheets/d/142ShHNJixqH_yRMVn6lWjy1Ofzs_pO0U/edit?usp=drivesdk&ouid=101667783075862487943&rtpof=true&sd=true
✅ 已寫入月排程 Log
❌ 新竹 失敗：The read operation timed out

=== 處理 高雄 ===
✅ 登入成功：jenny.hc@lemonclean.com.tw
📁 使用既有資料夾：05.高雄專員 / 1nq6vgxVd1DNna72SSoa08L_DkiTSqLpF
📁 區域資料夾：高雄 / 05.高雄專員 / 1nq6vgxVd1DNna72SSoa08L_DkiTSqLpF
📁 使用既有資料夾：202609-2 / 1U7Vj-FfUjtBd_2OguNabG3C5gSDf3GMT
⚠️ 原始下載：/tmp/tmp__hemip7/202609-2已退款全部加收-高雄.xlsx
⚠️ 原始下載：/tmp/tmp__hemip7/202609-2已退款全部加收-台南.xlsx
⚠️ 原始下載：/tmp/tmp__hemip7/202609-2已退款全部退款-高雄.xlsx
⚠️ 原始下載：/tmp/tmp__hemip7/202609-2已退款全部退款-台南.xlsx
⚠️ 高雄無法合併，改上傳原始檔
☁️ 已上傳新檔：202609-2已退款全部加收-高雄.xlsx → folder_id=1U7Vj-FfUjtBd_2OguNabG3C5gSDf3GMT https://docs.google.com/spreadsheets/d/1ph7Po4zuKSgizT0KI8JpzDKODu1ah_RO/edit?usp=drivesdk&ouid=101667783075862487943&rtpof=true&sd=true
☁️ 已上傳新檔：202609-2已退款全部加收-台南.xlsx → folder_id=1U7Vj-FfUjtBd_2OguNabG3C5gSDf3GMT https://docs.google.com/spreadsheets/d/1jz409kxzLt53kAqshGMbzGvHNbrF-HZv/edit?usp=drivesdk&ouid=101667783075862487943&rtpof=true&sd=true
☁️ 已上傳新檔：202609-2已退款全部退款-高雄.xlsx → folder_id=1U7Vj-FfUjtBd_2OguNabG3C5gSDf3GMT https://docs.google.com/spreadsheets/d/13ajWLCBzMLFDXzE7MMnjwfuJpVsbzaF-/edit?usp=drivesdk&ouid=101667783075862487943&rtpof=true&sd=true
☁️ 已上傳新檔：202609-2已退款全部退款-台南.xlsx → folder_id=1U7Vj-FfUjtBd_2OguNabG3C5gSDf3GMT https://docs.google.com/spreadsheets/d/1xTm25cR2H6XpyRnvIHegHs6MiaM8GRZX/edit?usp=drivesdk&ouid=101667783075862487943&rtpof=true&sd=true
✅ 已寫入月排程 Log

✅ 成功地區：台北, 台中, 桃園, 高雄

STDERR:
Traceback (most recent call last):
  File "<string>", line 1, in <module>
  File "<frozen runpy>", line 291, in run_path
  File "<frozen runpy>", line 98, in _run_module_code
  File "<frozen runpy>", line 88, in _run_code
  File "/home/runner/work/tool-system/tool-system/tools/scheduled_monthly/refund_report.py", line 701, in <module>
    main()
  File "/home/runner/work/tool-system/tool-system/tools/scheduled_monthly/refund_report.py", line 695, in main
    raise RuntimeError(f"{FUNCTION_NAME} 有失敗地區：{failed}")
RuntimeError: 已退款 有失敗地區：[('新竹', 'The read operation timed out')]

