開始執行：排班統計表
⚠️ 一鍵日排程 secrets TOML 注入失敗：No secrets found. Valid paths for a secrets.toml file or secret directories are: /home/runner/.streamlit/secrets.toml, /home/runner/work/tool-system/tool-system/.streamlit/secrets.toml
⚠️ 一鍵日排程 secrets env 注入失敗：No secrets found. Valid paths for a secrets.toml file or secret directories are: /home/runner/.streamlit/secrets.toml, /home/runner/work/tool-system/tool-system/.streamlit/secrets.toml
OAuth env ready = True
OAuth bootstrap forced = True
Command: Python bootstrap -> /home/runner/work/tool-system/tool-system/tools/scheduled_daily/schedule_report.py
[2026-09-30 05:11:24] ====================================================
[2026-09-30 05:11:24] schedule_report.py 開始執行
[2026-09-30 05:11:24] GITHUB_ACTIONS = true
[2026-09-30 05:11:24] PWD = /home/runner/work/tool-system/tool-system
[2026-09-30 05:11:24] LOCAL_OUTPUT_DIR = /Users/jenny/Library/CloudStorage/GoogleDrive-jenny@lemonclean.com.tw/.shortcut-targets-by-id/1zbu45AG1adMzz24HPdi_tLfh2Tncw_Br/排班統計表
[2026-09-30 05:11:24] LOCAL_OUTPUT_DIR exists = False
[2026-09-30 05:11:24] can_use_local_output_dir = False
[2026-09-30 05:11:24] root folder_id = 11O6eKHQ1e3Irqps7Kq1XJOSVVge3pCAc
[2026-09-30 05:11:24] ====================================================
[2026-09-30 05:11:24] Google Drive 初始化成功
[2026-09-30 05:11:24] 📁 使用既有資料夾：排班統計表
[2026-09-30 05:11:24] this_month = 2026-09
[2026-09-30 05:11:24] next_month = 2026-10
[2026-09-30 05:11:24] today_stamp = 20260930
[2026-09-30 05:11:24] next_month_stamp = 20261030
[2026-09-30 05:11:24] 排班統計表 folder_id = 18XDXdrCSsLYwSzz1Da9pQh-jGm2h2Ed8
[2026-09-30 05:11:24] 帳號數量 = 2
[2026-09-30 05:11:24] 
[2026-09-30 05:11:24] === 開始處理 台北 ===
[2026-09-30 05:11:24] 開始登入：jenny@lemonclean.com.tw
[2026-09-30 05:11:26] 登入成功：jenny@lemonclean.com.tw
[2026-09-30 05:11:26] 開始下載：month=2026-09 / filename=20260930排班統計表-台北.xlsx
[2026-09-30 05:11:27] ✅ 已下載到暫存：/tmp/tmp2cjf_xtz/20260930排班統計表-台北.xlsx
[2026-09-30 05:11:27] 📦 檔案大小：17920 bytes
[2026-09-30 05:11:27] 📂 暫存目錄存在：True
[2026-09-30 05:11:27] 📄 暫存檔案存在：True
[2026-09-30 05:11:27] 目前不是 Jenny 本機環境，略過本機存檔
[2026-09-30 05:11:27] Google Drive 初始化成功
[2026-09-30 05:11:27] 準備上傳到 Google Drive：20260930排班統計表-台北.xlsx
[2026-09-30 05:11:29] ☁️ 已上傳新檔：20260930排班統計表-台北.xlsx (file_id=1jggTcVPC8u8bzLnl-m9n29V-Vpd4IZSQ) https://docs.google.com/spreadsheets/d/1jggTcVPC8u8bzLnl-m9n29V-Vpd4IZSQ/edit?usp=drivesdk&ouid=101667783075862487943&rtpof=true&sd=true
[2026-09-30 05:11:29] ✅ 完成處理：20260930排班統計表-台北.xlsx
[2026-09-30 05:11:29] 開始下載：month=2026-10 / filename=20261030排班統計表-台北.xlsx
[2026-09-30 05:11:30] ✅ 已下載到暫存：/tmp/tmpke8_7pxv/20261030排班統計表-台北.xlsx
[2026-09-30 05:11:30] 📦 檔案大小：16896 bytes
[2026-09-30 05:11:30] 📂 暫存目錄存在：True
[2026-09-30 05:11:30] 📄 暫存檔案存在：True
[2026-09-30 05:11:30] 目前不是 Jenny 本機環境，略過本機存檔
[2026-09-30 05:11:30] Google Drive 初始化成功
[2026-09-30 05:11:30] 準備上傳到 Google Drive：20261030排班統計表-台北.xlsx
[2026-09-30 05:11:33] ☁️ 已上傳新檔：20261030排班統計表-台北.xlsx (file_id=1ZXn9U51G02Jlm4734cPDMs6Urg18ie4y) https://docs.google.com/spreadsheets/d/1ZXn9U51G02Jlm4734cPDMs6Urg18ie4y/edit?usp=drivesdk&ouid=101667783075862487943&rtpof=true&sd=true
[2026-09-30 05:11:33] ✅ 完成處理：20261030排班統計表-台北.xlsx
[2026-09-30 05:11:33] ✅ 台北 全部完成
[2026-09-30 05:11:33] 
[2026-09-30 05:11:33] === 開始處理 台中 ===
[2026-09-30 05:11:33] 開始登入：jenny.tc@lemonclean.com.tw
[2026-09-30 05:11:34] 登入成功：jenny.tc@lemonclean.com.tw
[2026-09-30 05:11:34] 開始下載：month=2026-09 / filename=20260930排班統計表-台中.xlsx
[2026-09-30 05:11:34] ✅ 已下載到暫存：/tmp/tmpud3q9lvv/20260930排班統計表-台中.xlsx
[2026-09-30 05:11:34] 📦 檔案大小：6144 bytes
[2026-09-30 05:11:34] 📂 暫存目錄存在：True
[2026-09-30 05:11:34] 📄 暫存檔案存在：True
[2026-09-30 05:11:34] 目前不是 Jenny 本機環境，略過本機存檔
[2026-09-30 05:11:34] Google Drive 初始化成功
[2026-09-30 05:11:34] 準備上傳到 Google Drive：20260930排班統計表-台中.xlsx
[2026-09-30 05:11:37] ☁️ 已上傳新檔：20260930排班統計表-台中.xlsx (file_id=1Omi1ljGZLsPg_9FwPeDXk99-ihPohuYu) https://docs.google.com/spreadsheets/d/1Omi1ljGZLsPg_9FwPeDXk99-ihPohuYu/edit?usp=drivesdk&ouid=101667783075862487943&rtpof=true&sd=true
[2026-09-30 05:11:37] ✅ 完成處理：20260930排班統計表-台中.xlsx
[2026-09-30 05:11:37] 開始下載：month=2026-10 / filename=20261030排班統計表-台中.xlsx
[2026-09-30 05:11:37] ✅ 已下載到暫存：/tmp/tmpyjlof5yw/20261030排班統計表-台中.xlsx
[2026-09-30 05:11:37] 📦 檔案大小：5632 bytes
[2026-09-30 05:11:37] 📂 暫存目錄存在：True
[2026-09-30 05:11:37] 📄 暫存檔案存在：True
[2026-09-30 05:11:37] 目前不是 Jenny 本機環境，略過本機存檔
[2026-09-30 05:11:37] Google Drive 初始化成功
[2026-09-30 05:11:37] 準備上傳到 Google Drive：20261030排班統計表-台中.xlsx
[2026-09-30 05:11:39] ☁️ 已上傳新檔：20261030排班統計表-台中.xlsx (file_id=1giuu67yoQYhbxeQgT1UXa6rcT880WYO_) https://docs.google.com/spreadsheets/d/1giuu67yoQYhbxeQgT1UXa6rcT880WYO_/edit?usp=drivesdk&ouid=101667783075862487943&rtpof=true&sd=true
[2026-09-30 05:11:39] ✅ 完成處理：20261030排班統計表-台中.xlsx
[2026-09-30 05:11:39] ✅ 台中 全部完成
[2026-09-30 05:11:39] 🎉 schedule_report.py 全部完成

完成執行：排班統計表
scheduled_daily scheduler 全部完成
