2026-09-30 01:30:24 [INFO] === 客服排程系統 run_id=e98b8036 step=1 台北時間=2026-09-30 09:30:24 ===
2026-09-30 01:30:24 [INFO] 目標試算表 ID 來源：環境變數 SERVICE_TARGET_SPREADSHEET_ID
2026-09-30 01:30:24 [INFO] file_cache is only supported with oauth2client<4.0.0
2026-09-30 01:30:34 [INFO] --- Step1_更新排班統計表 ---
2026-09-30 01:30:35 [INFO] file_cache is only supported with oauth2client<4.0.0
2026-09-30 01:30:35 [INFO] 本次視窗：202609 ~ 202610（共 2 個月）
2026-09-30 01:30:35 [INFO] Drive 資料夾找到 8 個檔案
2026-09-30 01:30:35 [INFO]   找到檔案：20261030排班統計表-台中 (application/vnd.google-apps.spreadsheet)
2026-09-30 01:30:35 [INFO]   找到檔案：20261030排班統計表-台北 (application/vnd.google-apps.spreadsheet)
2026-09-30 01:30:35 [INFO]   找到檔案：20260930排班統計表-台中 (application/vnd.google-apps.spreadsheet)
2026-09-30 01:30:35 [INFO]   找到檔案：20260930排班統計表-台北 (application/vnd.google-apps.spreadsheet)
2026-09-30 01:30:35 [INFO]   找到檔案：20261030排班統計表-台中.xlsx (application/vnd.openxmlformats-officedocument.spreadsheetml.sheet)
2026-09-30 01:30:35 [INFO]   找到檔案：20260930排班統計表-台中.xlsx (application/vnd.openxmlformats-officedocument.spreadsheetml.sheet)
2026-09-30 01:30:35 [INFO]   找到檔案：20261030排班統計表-台北.xlsx (application/vnd.openxmlformats-officedocument.spreadsheetml.sheet)
2026-09-30 01:30:35 [INFO]   找到檔案：20260930排班統計表-台北.xlsx (application/vnd.openxmlformats-officedocument.spreadsheetml.sheet)
2026-09-30 01:30:35 [INFO] 排班檔確認 OK：{'202609': {'taipei': '20260930排班統計表-台北', 'taichung': '20260930排班統計表-台中'}, '202610': {'taipei': '20261030排班統計表-台北', 'taichung': '20261030排班統計表-台中'}}
2026-09-30 01:30:36 [INFO]   已清除範圍（202609 台北）：G3:O1026
2026-09-30 01:30:36 [INFO]   匯入：20260930排班統計表-台北
2026-09-30 01:30:38 [INFO]   → 寫入 84 列（起始 R3C7）
2026-09-30 01:30:38 [INFO]   已清除範圍（202609 台中）：CD3:CL1026
2026-09-30 01:30:38 [INFO]   匯入：20260930排班統計表-台中
2026-09-30 01:30:40 [INFO]   → 寫入 12 列（起始 R3C82）
2026-09-30 01:30:40 [INFO]   已清除範圍（202610 台北）：V3:AD1026
2026-09-30 01:30:40 [INFO]   匯入：20261030排班統計表-台北
2026-09-30 01:30:42 [INFO]   → 寫入 78 列（起始 R3C22）
2026-09-30 01:30:42 [INFO]   已清除範圍（202610 台中）：CS3:DA1026
2026-09-30 01:30:42 [INFO]   匯入：20261030排班統計表-台中
2026-09-30 01:30:44 [INFO]   → 寫入 9 列（起始 R3C97）
2026-09-30 01:30:45 [INFO] Step 1 完成（10.2s）
2026-09-30 01:30:46 [INFO] === 全部完成 run_id=e98b8036（11.1s）===
