2026-09-30 01:00:52 [INFO] === 客服排程系統 run_id=64c716b9 step=3 台北時間=2026-09-30 09:00:52 ===
2026-09-30 01:00:52 [INFO] 目標試算表 ID 來源：環境變數 SERVICE_TARGET_SPREADSHEET_ID
2026-09-30 01:00:52 [INFO] file_cache is only supported with oauth2client<4.0.0
2026-09-30 01:01:02 [INFO] --- Step3_更新前一天營業分數及營業額 ---
2026-09-30 01:01:03 [INFO] 信件日期（台北時間）：2026-09-29
2026-09-30 01:01:32 [INFO]   [mail] text/plain 為空，fallback 到 text/html（2527 字元）
2026-09-30 01:01:35 [INFO]   近三日營業額-台北 → 選中 17:25:04（與17:25差4s）
2026-09-30 01:01:35 [INFO]   [debug] 行47 repr='2026-09-27：0分'
2026-09-30 01:01:35 [INFO]   [debug] 行48 repr='2026-09-28：19分'
2026-09-30 01:01:35 [INFO]   [debug] 行49 repr='2026-09-29：34分'
2026-09-30 01:01:35 [INFO]   [debug] 行50 repr='【家電清潔】日營業額'
2026-09-30 01:01:35 [INFO]   [debug] 行51 repr='2026-09-27：0分'
2026-09-30 01:01:35 [INFO]   [debug] 行52 repr='2026-09-28：0分'
2026-09-30 01:01:35 [INFO]   [debug] 行53 repr='2026-09-29：0分'
2026-09-30 01:01:35 [INFO]   [debug] 行54 repr='【儲值金】日營業額'
2026-09-30 01:01:59 [INFO]   [mail] text/plain 為空，fallback 到 text/html（948 字元）
2026-09-30 01:02:01 [INFO]   近三日營業額-台中 → 選中 17:25:07（與17:25差7s）
2026-09-30 01:02:01 [INFO]   [debug] 行22 repr='2026-09-27：0分'
2026-09-30 01:02:01 [INFO]   [debug] 行23 repr='2026-09-28：2分'
2026-09-30 01:02:01 [INFO]   [debug] 行24 repr='2026-09-29：0分'
2026-09-30 01:02:01 [INFO]   [debug] 行25 repr='【家電清潔】日營業額'
2026-09-30 01:02:01 [INFO]   [debug] 行26 repr='2026-09-27：0分'
2026-09-30 01:02:01 [INFO]   [debug] 行27 repr='2026-09-28：0分'
2026-09-30 01:02:01 [INFO]   [debug] 行28 repr='2026-09-29：0分'
2026-09-30 01:02:01 [INFO]   [debug] 行29 repr='【儲值金】日營業額'
2026-09-30 01:02:01 [INFO]   台北：{'daily_value': 34, 'total_count': 1309, 'total_amount': 2618800}
2026-09-30 01:02:01 [INFO]   台中：{'daily_value': 0, 'total_count': 155, 'total_amount': 310600}
2026-09-30 01:02:06 [INFO] Step 3 完成，row=2418（63.4s）
2026-09-30 01:02:07 [INFO] === 全部完成 run_id=64c716b9（64.3s）===
