開始執行：專員班表
⚠️ 一鍵日排程 secrets TOML 注入失敗：No secrets found. Valid paths for a secrets.toml file or secret directories are: /home/runner/.streamlit/secrets.toml, /home/runner/work/tool-system/tool-system/.streamlit/secrets.toml
⚠️ 一鍵日排程 secrets env 注入失敗：No secrets found. Valid paths for a secrets.toml file or secret directories are: /home/runner/.streamlit/secrets.toml, /home/runner/work/tool-system/tool-system/.streamlit/secrets.toml
OAuth env ready = True
OAuth bootstrap forced = True
Command: Python bootstrap -> /home/runner/work/tool-system/tool-system/tools/scheduled_daily/staff_schedule.py
[2026-09-30 05:22:22] ====================================================
[2026-09-30 05:22:22] staff_schedule.py 開始執行
[2026-09-30 05:22:22] GITHUB_ACTIONS = true
[2026-09-30 05:22:22] PWD = /home/runner/work/tool-system/tool-system
[2026-09-30 05:22:22] LOCAL_OUTPUT_DIR = /Users/jenny/Library/CloudStorage/GoogleDrive-jenny@lemonclean.com.tw/我的雲端硬碟/lemon_Jenny/Jenny@lemon程式/專員班表
[2026-09-30 05:22:22] LOCAL_OUTPUT_DIR exists = False
[2026-09-30 05:22:22] can_use_local_output_dir = False
[2026-09-30 05:22:22] root folder_id = 11O6eKHQ1e3Irqps7Kq1XJOSVVge3pCAc
[2026-09-30 05:22:22] ====================================================
[2026-09-30 05:22:22] Google Drive 初始化成功
[2026-09-30 05:22:23] 📁 使用既有資料夾：專員班表
[2026-09-30 05:22:23] this_month = 2026-09
[2026-09-30 05:22:23] next_month = 2026-10
[2026-09-30 05:22:23] this_date = 20260930
[2026-09-30 05:22:23] next_date = 20261030
[2026-09-30 05:22:23] 專員班表 folder_id = 1V2AUNsT_jzQWawmnBNU_u-e7odYviwEk
[2026-09-30 05:22:23] 帳號數量 = 2
[2026-09-30 05:22:23] 
[2026-09-30 05:22:23] === 開始處理 台北 ===
[2026-09-30 05:22:23] 開始登入：jenny@lemonclean.com.tw
[2026-09-30 05:22:24] 登入成功：jenny@lemonclean.com.tw
[2026-09-30 05:22:24] 開始下載：city=台北 / month=2026-09 / filename=20260930專員班表-台北.xls
[2026-09-30 05:22:27] ✅ 已下載到暫存：/tmp/tmph2xfiwqh/20260930專員班表-台北.xls
[2026-09-30 05:22:27] 📦 檔案大小：141824 bytes
[2026-09-30 05:22:27] 📂 暫存目錄存在：True
[2026-09-30 05:22:27] 📄 暫存檔案存在：True
[2026-09-30 05:22:27] 目前不是 Jenny 本機環境，略過本機存檔
[2026-09-30 05:22:27] Google Drive 初始化成功
[2026-09-30 05:22:27] 準備上傳到 Google Drive：20260930專員班表-台北.xls
[2026-09-30 05:22:30] ☁️ 已上傳新檔：20260930專員班表-台北.xls (file_id=1Oh1-yjb8mO6B6i2gKYcNf0pgXDoBlO7x) https://docs.google.com/spreadsheets/d/1Oh1-yjb8mO6B6i2gKYcNf0pgXDoBlO7x/edit?usp=drivesdk&ouid=101667783075862487943&rtpof=true&sd=true
[2026-09-30 05:22:30] ✅ 完成處理：20260930專員班表-台北.xls
[2026-09-30 05:22:30] 開始下載：city=台北 / month=2026-10 / filename=20261030專員班表-台北.xls
[2026-09-30 05:22:33] ✅ 已下載到暫存：/tmp/tmp8_zqqmj_/20261030專員班表-台北.xls
[2026-09-30 05:22:33] 📦 檔案大小：127488 bytes
[2026-09-30 05:22:33] 📂 暫存目錄存在：True
[2026-09-30 05:22:33] 📄 暫存檔案存在：True
[2026-09-30 05:22:33] 目前不是 Jenny 本機環境，略過本機存檔
[2026-09-30 05:22:33] Google Drive 初始化成功
[2026-09-30 05:22:33] 準備上傳到 Google Drive：20261030專員班表-台北.xls
[2026-09-30 05:22:35] ☁️ 已上傳新檔：20261030專員班表-台北.xls (file_id=1Dm6RPpFUapYWb-qIwXfn8OpwKGIDOlS3) https://docs.google.com/spreadsheets/d/1Dm6RPpFUapYWb-qIwXfn8OpwKGIDOlS3/edit?usp=drivesdk&ouid=101667783075862487943&rtpof=true&sd=true
[2026-09-30 05:22:35] ✅ 完成處理：20261030專員班表-台北.xls
[2026-09-30 05:22:35] ✅ 台北 全部完成
[2026-09-30 05:22:35] 
[2026-09-30 05:22:35] === 開始處理 台中 ===
[2026-09-30 05:22:35] 開始登入：jenny.tc@lemonclean.com.tw
[2026-09-30 05:22:36] 登入成功：jenny.tc@lemonclean.com.tw
[2026-09-30 05:22:36] 開始下載：city=台中 / month=2026-09 / filename=20260930專員班表-台中.xls
[2026-09-30 05:22:37] ✅ 已下載到暫存：/tmp/tmpecavozwu/20260930專員班表-台中.xls
[2026-09-30 05:22:37] 📦 檔案大小：23040 bytes
[2026-09-30 05:22:37] 📂 暫存目錄存在：True
[2026-09-30 05:22:37] 📄 暫存檔案存在：True
[2026-09-30 05:22:37] 目前不是 Jenny 本機環境，略過本機存檔
[2026-09-30 05:22:37] Google Drive 初始化成功
[2026-09-30 05:22:37] 準備上傳到 Google Drive：20260930專員班表-台中.xls
[2026-09-30 05:22:39] ☁️ 已上傳新檔：20260930專員班表-台中.xls (file_id=1UQBN4Lk-WalL3wwhGDUY8qMAAMzNE859) https://docs.google.com/spreadsheets/d/1UQBN4Lk-WalL3wwhGDUY8qMAAMzNE859/edit?usp=drivesdk&ouid=101667783075862487943&rtpof=true&sd=true
[2026-09-30 05:22:39] ✅ 完成處理：20260930專員班表-台中.xls
[2026-09-30 05:22:39] 開始下載：city=台中 / month=2026-10 / filename=20261030專員班表-台中.xls
[2026-09-30 05:22:40] ✅ 已下載到暫存：/tmp/tmpj34cuxrk/20261030專員班表-台中.xls
[2026-09-30 05:22:40] 📦 檔案大小：24064 bytes
[2026-09-30 05:22:40] 📂 暫存目錄存在：True
[2026-09-30 05:22:40] 📄 暫存檔案存在：True
[2026-09-30 05:22:40] 目前不是 Jenny 本機環境，略過本機存檔
[2026-09-30 05:22:40] Google Drive 初始化成功
[2026-09-30 05:22:40] 準備上傳到 Google Drive：20261030專員班表-台中.xls
[2026-09-30 05:22:42] ☁️ 已上傳新檔：20261030專員班表-台中.xls (file_id=1KkFEmWW3Yn4XYr1c-d5sulNaOpffasth) https://docs.google.com/spreadsheets/d/1KkFEmWW3Yn4XYr1c-d5sulNaOpffasth/edit?usp=drivesdk&ouid=101667783075862487943&rtpof=true&sd=true
[2026-09-30 05:22:42] ✅ 完成處理：20261030專員班表-台中.xls
[2026-09-30 05:22:42] ✅ 台中 全部完成
[2026-09-30 05:22:42] 🎉 staff_schedule.py 全部完成

完成執行：專員班表
scheduled_daily scheduler 全部完成
