📋 log_spreadsheet_id 已從設定檔載入
📝 外場排程打卡：外場專員個資 / running
Command: /opt/hostedtoolcache/Python/3.11.17/x64/bin/python -u -m tools.field_management.staff_profile --date 20261009 --system-name 外場排程系統 --run-type 排程
[2026-10-09 05:05:26] 開始處理專員個資：20261009專員個資-台北
🔄 Jenny OAuth 已將來源 Excel 轉成暫存 Google Sheet：1huwrfLJhJifD2yYddQD3LMK9guJwt1yl_9Kljux-2os
🗑️ 已刪除來源暫存 Google Sheet：1huwrfLJhJifD2yYddQD3LMK9guJwt1yl_9Kljux-2os
[2026-10-09 05:05:34] 完成專員個資：20261009專員個資-台北.xlsx → 專員個人資料!A4:C / rows=92
[2026-10-09 05:05:36] 開始處理訂單截取：20261009訂單-台北
🔄 Jenny OAuth 已將來源 Excel 轉成暫存 Google Sheet：10k1BXSucO3Yu52_1eJrZgkE7l5dd77XNb3O7lzvG1V4
🗑️ 已刪除來源暫存 Google Sheet：10k1BXSucO3Yu52_1eJrZgkE7l5dd77XNb3O7lzvG1V4
[2026-10-09 05:05:46] 完成訂單截取：20261009訂單-台北.xls → 專員個人資料!G1:N / rows=887
[2026-10-09 05:05:48] 開始處理專員個資：20261009專員個資-台中
🔄 Jenny OAuth 已將來源 Excel 轉成暫存 Google Sheet：1gozm-73mzMe8qwCpS-sOhLIpGoju4IbUgyG2ixiPuak
🗑️ 已刪除來源暫存 Google Sheet：1gozm-73mzMe8qwCpS-sOhLIpGoju4IbUgyG2ixiPuak
[2026-10-09 05:05:56] 完成專員個資：20261009專員個資-台中.xlsx → 專員個人資料!A4:C / rows=16
[2026-10-09 05:05:57] 開始處理訂單截取：20261009訂單-台中
🔄 Jenny OAuth 已將來源 Excel 轉成暫存 Google Sheet：1_1xbjKBz9Dm6vvbEvdaJERBNlQN4E8qdhzg3CK8rq48
🗑️ 已刪除來源暫存 Google Sheet：1_1xbjKBz9Dm6vvbEvdaJERBNlQN4E8qdhzg3CK8rq48
[2026-10-09 05:06:03] 完成訂單截取：20261009訂單-台中.xls → 專員個人資料!G1:N / rows=77
[2026-10-09 05:06:05] staff_profile.py 全部完成

📝 外場排程打卡：外場專員個資 / success
field_management scheduler 全部完成
