📋 log_spreadsheet_id 已從設定檔載入
📝 外場排程打卡：外場專員班表 / running
Command: /opt/hostedtoolcache/Python/3.11.17/x64/bin/python -u -m tools.field_management.staff_schedule --date 20261009 --system-name 外場排程系統 --run-type 排程
[2026-10-09 05:03:44] 開始處理專員班表：20261009專員班表-台北
🔄 Jenny OAuth 已將來源 Excel 轉成暫存 Google Sheet：1bFSjSSYlGkvelbXYw4lkOru4JK6OcKB-OoDa1R5RX-I
🗑️ 已刪除來源暫存 Google Sheet：1bFSjSSYlGkvelbXYw4lkOru4JK6OcKB-OoDa1R5RX-I
[2026-10-09 05:03:51] 更新專員班表分頁名稱：專員班表查詢本月_1008 → 專員班表查詢本月_1009
[2026-10-09 05:03:51] 專員班表分頁名稱更新完成：專員班表查詢本月_1009
[2026-10-09 05:03:53] 完成：20261009專員班表-台北.xls → '專員班表查詢本月_1009'!A:G / rows=1499
[2026-10-09 05:03:55] 開始處理專員班表：20261109專員班表-台北
🔄 Jenny OAuth 已將來源 Excel 轉成暫存 Google Sheet：1Vc8kl2AnSdlHm8CtTLOZ39yAOna6qqK2WGV7myJvXoo
🗑️ 已刪除來源暫存 Google Sheet：1Vc8kl2AnSdlHm8CtTLOZ39yAOna6qqK2WGV7myJvXoo
[2026-10-09 05:04:00] 更新專員班表分頁名稱：專員班表查詢次月_1008 → 專員班表查詢次月_1009
[2026-10-09 05:04:01] 專員班表分頁名稱更新完成：專員班表查詢次月_1009
[2026-10-09 05:04:02] 完成：20261109專員班表-台北.xls → '專員班表查詢次月_1009'!A:G / rows=939
[2026-10-09 05:04:04] 開始處理專員班表：20261009專員班表-台中
🔄 Jenny OAuth 已將來源 Excel 轉成暫存 Google Sheet：1A-MfNXUAnrXO9bcQ76Sq61H4YL-46ChoiDcMehM8OAY
🗑️ 已刪除來源暫存 Google Sheet：1A-MfNXUAnrXO9bcQ76Sq61H4YL-46ChoiDcMehM8OAY
[2026-10-09 05:04:16] 更新專員班表分頁名稱：專員班表查詢本月_1008 → 專員班表查詢本月_1009
[2026-10-09 05:04:16] 專員班表分頁名稱更新完成：專員班表查詢本月_1009
[2026-10-09 05:04:17] 完成：20261009專員班表-台中.xls → '專員班表查詢本月_1009'!A:G / rows=230
[2026-10-09 05:04:19] 開始處理專員班表：20261109專員班表-台中
🔄 Jenny OAuth 已將來源 Excel 轉成暫存 Google Sheet：13RYSiqDeqm2YUDLuZ4nQ0WSzCrmfwkNehMjUG0Q5lO8
🗑️ 已刪除來源暫存 Google Sheet：13RYSiqDeqm2YUDLuZ4nQ0WSzCrmfwkNehMjUG0Q5lO8
[2026-10-09 05:04:29] 更新專員班表分頁名稱：專員班表查詢次月_1008 → 專員班表查詢次月_1009
[2026-10-09 05:04:29] 專員班表分頁名稱更新完成：專員班表查詢次月_1009
[2026-10-09 05:04:29] 完成：20261109專員班表-台中.xls → '專員班表查詢次月_1009'!A:G / rows=197
[2026-10-09 05:04:30] staff_schedule.py 全部完成

📝 外場排程打卡：外場專員班表 / success
field_management scheduler 全部完成
