開始執行：排班統計表
⚠️ 一鍵日排程 secrets TOML 注入失敗：No secrets found. Valid paths for a secrets.toml file or secret directories are: /home/runner/.streamlit/secrets.toml, /home/runner/work/tool-system/tool-system/.streamlit/secrets.toml
⚠️ 一鍵日排程 secrets env 注入失敗：No secrets found. Valid paths for a secrets.toml file or secret directories are: /home/runner/.streamlit/secrets.toml, /home/runner/work/tool-system/tool-system/.streamlit/secrets.toml
OAuth env ready = True
OAuth bootstrap forced = True
Command: Python bootstrap -> /home/runner/work/tool-system/tool-system/tools/scheduled_daily/schedule_report.py
[2026-10-09 01:01:29] ====================================================
[2026-10-09 01:01:29] schedule_report.py 開始執行
[2026-10-09 01:01:29] GITHUB_ACTIONS = true
[2026-10-09 01:01:29] PWD = /home/runner/work/tool-system/tool-system
[2026-10-09 01:01:29] LOCAL_OUTPUT_DIR = /Users/jenny/Library/CloudStorage/GoogleDrive-jenny@lemonclean.com.tw/.shortcut-targets-by-id/1zbu45AG1adMzz24HPdi_tLfh2Tncw_Br/排班統計表
[2026-10-09 01:01:29] LOCAL_OUTPUT_DIR exists = False
[2026-10-09 01:01:29] can_use_local_output_dir = False
[2026-10-09 01:01:29] root folder_id = 11O6eKHQ1e3Irqps7Kq1XJOSVVge3pCAc
[2026-10-09 01:01:29] ====================================================
[2026-10-09 01:01:29] Google Drive 初始化成功
[2026-10-09 01:01:30] 📁 使用既有資料夾：排班統計表
[2026-10-09 01:01:30] schedule_months = ['2026-10', '2026-11', '2026-12', '2027-01', '2027-02']
[2026-10-09 01:01:30] 排班統計表 folder_id = 18XDXdrCSsLYwSzz1Da9pQh-jGm2h2Ed8
[2026-10-09 01:01:30] 帳號數量 = 2
[2026-10-09 01:01:30] 
[2026-10-09 01:01:30] === 開始處理 台北 ===
[2026-10-09 01:01:30] 開始登入：jenny@lemonclean.com.tw
[2026-10-09 01:01:32] 登入成功：jenny@lemonclean.com.tw
[2026-10-09 01:01:32] 開始下載：month=2026-10 / filename=20261009排班統計表-台北.xlsx
[2026-10-09 01:01:33] ✅ 已下載到暫存：/tmp/tmp_sit3d37/20261009排班統計表-台北.xlsx
[2026-10-09 01:01:33] 📦 檔案大小：18432 bytes
[2026-10-09 01:01:33] 📂 暫存目錄存在：True
[2026-10-09 01:01:33] 📄 暫存檔案存在：True
[2026-10-09 01:01:33] 目前不是 Jenny 本機環境，略過本機存檔
[2026-10-09 01:01:33] Google Drive 初始化成功
[2026-10-09 01:01:33] 準備上傳到 Google Drive：20261009排班統計表-台北.xlsx
[2026-10-09 01:01:38] ☁️ 已上傳新檔：20261009排班統計表-台北.xlsx (file_id=1KIm__LaBYIzNv2uYrWKTbJq4dOvqk4Ni) https://docs.google.com/spreadsheets/d/1KIm__LaBYIzNv2uYrWKTbJq4dOvqk4Ni/edit?usp=drivesdk&ouid=101667783075862487943&rtpof=true&sd=true
[2026-10-09 01:01:38] ✅ 完成處理：20261009排班統計表-台北.xlsx
[2026-10-09 01:01:38] 開始下載：month=2026-11 / filename=20261109排班統計表-台北.xlsx
[2026-10-09 01:01:38] ✅ 已下載到暫存：/tmp/tmpg942_33f/20261109排班統計表-台北.xlsx
[2026-10-09 01:01:38] 📦 檔案大小：13824 bytes
[2026-10-09 01:01:38] 📂 暫存目錄存在：True
[2026-10-09 01:01:38] 📄 暫存檔案存在：True
[2026-10-09 01:01:38] 目前不是 Jenny 本機環境，略過本機存檔
[2026-10-09 01:01:38] Google Drive 初始化成功
[2026-10-09 01:01:38] 準備上傳到 Google Drive：20261109排班統計表-台北.xlsx
[2026-10-09 01:01:41] ☁️ 已上傳新檔：20261109排班統計表-台北.xlsx (file_id=14g72HAx_MmDud1gAEbyiBXqjrubEmtG2) https://docs.google.com/spreadsheets/d/14g72HAx_MmDud1gAEbyiBXqjrubEmtG2/edit?usp=drivesdk&ouid=101667783075862487943&rtpof=true&sd=true
[2026-10-09 01:01:41] ✅ 完成處理：20261109排班統計表-台北.xlsx
[2026-10-09 01:01:41] 開始下載：month=2026-12 / filename=20261209排班統計表-台北.xlsx
[2026-10-09 01:01:42] ✅ 已下載到暫存：/tmp/tmpf53wa9ku/20261209排班統計表-台北.xlsx
[2026-10-09 01:01:42] 📦 檔案大小：5120 bytes
[2026-10-09 01:01:42] 📂 暫存目錄存在：True
[2026-10-09 01:01:42] 📄 暫存檔案存在：True
[2026-10-09 01:01:42] 目前不是 Jenny 本機環境，略過本機存檔
[2026-10-09 01:01:42] Google Drive 初始化成功
[2026-10-09 01:01:42] 準備上傳到 Google Drive：20261209排班統計表-台北.xlsx
[2026-10-09 01:01:44] ☁️ 已上傳新檔：20261209排班統計表-台北.xlsx (file_id=13XZZPXd4kYD8EMhj0OIz0upidkiTPylJ) https://docs.google.com/spreadsheets/d/13XZZPXd4kYD8EMhj0OIz0upidkiTPylJ/edit?usp=drivesdk&ouid=101667783075862487943&rtpof=true&sd=true
[2026-10-09 01:01:44] ✅ 完成處理：20261209排班統計表-台北.xlsx
[2026-10-09 01:01:44] 開始下載：month=2027-01 / filename=20270109排班統計表-台北.xlsx
[2026-10-09 01:01:45] ✅ 已下載到暫存：/tmp/tmp5hteacs7/20270109排班統計表-台北.xlsx
[2026-10-09 01:01:45] 📦 檔案大小：5120 bytes
[2026-10-09 01:01:45] 📂 暫存目錄存在：True
[2026-10-09 01:01:45] 📄 暫存檔案存在：True
[2026-10-09 01:01:45] 目前不是 Jenny 本機環境，略過本機存檔
[2026-10-09 01:01:45] Google Drive 初始化成功
[2026-10-09 01:01:45] 準備上傳到 Google Drive：20270109排班統計表-台北.xlsx
[2026-10-09 01:01:48] ☁️ 已上傳新檔：20270109排班統計表-台北.xlsx (file_id=1DT1G4APTXfZp95YYT1uDSdgNIVRxts6t) https://docs.google.com/spreadsheets/d/1DT1G4APTXfZp95YYT1uDSdgNIVRxts6t/edit?usp=drivesdk&ouid=101667783075862487943&rtpof=true&sd=true
[2026-10-09 01:01:48] ✅ 完成處理：20270109排班統計表-台北.xlsx
[2026-10-09 01:01:48] 開始下載：month=2027-02 / filename=20270209排班統計表-台北.xlsx
[2026-10-09 01:01:48] ✅ 已下載到暫存：/tmp/tmpqi7r02so/20270209排班統計表-台北.xlsx
[2026-10-09 01:01:48] 📦 檔案大小：5120 bytes
[2026-10-09 01:01:48] 📂 暫存目錄存在：True
[2026-10-09 01:01:48] 📄 暫存檔案存在：True
[2026-10-09 01:01:48] 目前不是 Jenny 本機環境，略過本機存檔
[2026-10-09 01:01:48] Google Drive 初始化成功
[2026-10-09 01:01:48] 準備上傳到 Google Drive：20270209排班統計表-台北.xlsx
[2026-10-09 01:01:53] ☁️ 已上傳新檔：20270209排班統計表-台北.xlsx (file_id=1xEWt3kYkx2L5NUmhSytziZbDJ5BsZdXp) https://docs.google.com/spreadsheets/d/1xEWt3kYkx2L5NUmhSytziZbDJ5BsZdXp/edit?usp=drivesdk&ouid=101667783075862487943&rtpof=true&sd=true
[2026-10-09 01:01:53] ✅ 完成處理：20270209排班統計表-台北.xlsx
[2026-10-09 01:01:53] ✅ 台北 全部完成
[2026-10-09 01:01:53] 
[2026-10-09 01:01:53] === 開始處理 台中 ===
[2026-10-09 01:01:53] 開始登入：jenny.tc@lemonclean.com.tw
[2026-10-09 01:01:54] 登入成功：jenny.tc@lemonclean.com.tw
[2026-10-09 01:01:54] 開始下載：month=2026-10 / filename=20261009排班統計表-台中.xlsx
[2026-10-09 01:01:54] ✅ 已下載到暫存：/tmp/tmpvei2bub8/20261009排班統計表-台中.xlsx
[2026-10-09 01:01:54] 📦 檔案大小：6144 bytes
[2026-10-09 01:01:54] 📂 暫存目錄存在：True
[2026-10-09 01:01:54] 📄 暫存檔案存在：True
[2026-10-09 01:01:54] 目前不是 Jenny 本機環境，略過本機存檔
[2026-10-09 01:01:54] Google Drive 初始化成功
[2026-10-09 01:01:54] 準備上傳到 Google Drive：20261009排班統計表-台中.xlsx
[2026-10-09 01:01:58] ☁️ 已上傳新檔：20261009排班統計表-台中.xlsx (file_id=1CsIva57c46Ey56ehd606vZ7zdgVCSeby) https://docs.google.com/spreadsheets/d/1CsIva57c46Ey56ehd606vZ7zdgVCSeby/edit?usp=drivesdk&ouid=101667783075862487943&rtpof=true&sd=true
[2026-10-09 01:01:58] ✅ 完成處理：20261009排班統計表-台中.xlsx
[2026-10-09 01:01:58] 開始下載：month=2026-11 / filename=20261109排班統計表-台中.xlsx
[2026-10-09 01:01:58] ✅ 已下載到暫存：/tmp/tmpsftpha0m/20261109排班統計表-台中.xlsx
[2026-10-09 01:01:58] 📦 檔案大小：5632 bytes
[2026-10-09 01:01:58] 📂 暫存目錄存在：True
[2026-10-09 01:01:58] 📄 暫存檔案存在：True
[2026-10-09 01:01:58] 目前不是 Jenny 本機環境，略過本機存檔
[2026-10-09 01:01:58] Google Drive 初始化成功
[2026-10-09 01:01:58] 準備上傳到 Google Drive：20261109排班統計表-台中.xlsx
[2026-10-09 01:02:01] ☁️ 已上傳新檔：20261109排班統計表-台中.xlsx (file_id=173g-Iq-SkwSoL5JifVRgXcvWQtSxffh1) https://docs.google.com/spreadsheets/d/173g-Iq-SkwSoL5JifVRgXcvWQtSxffh1/edit?usp=drivesdk&ouid=101667783075862487943&rtpof=true&sd=true
[2026-10-09 01:02:01] ✅ 完成處理：20261109排班統計表-台中.xlsx
[2026-10-09 01:02:01] 開始下載：month=2026-12 / filename=20261209排班統計表-台中.xlsx
[2026-10-09 01:02:01] ✅ 已下載到暫存：/tmp/tmpl9erfbzo/20261209排班統計表-台中.xlsx
[2026-10-09 01:02:01] 📦 檔案大小：4608 bytes
[2026-10-09 01:02:01] 📂 暫存目錄存在：True
[2026-10-09 01:02:01] 📄 暫存檔案存在：True
[2026-10-09 01:02:01] 目前不是 Jenny 本機環境，略過本機存檔
[2026-10-09 01:02:01] Google Drive 初始化成功
[2026-10-09 01:02:01] 準備上傳到 Google Drive：20261209排班統計表-台中.xlsx
[2026-10-09 01:02:03] ☁️ 已上傳新檔：20261209排班統計表-台中.xlsx (file_id=1T0RYdXLHCbs2iOdo4FbxgDhq_rPeaQMH) https://docs.google.com/spreadsheets/d/1T0RYdXLHCbs2iOdo4FbxgDhq_rPeaQMH/edit?usp=drivesdk&ouid=101667783075862487943&rtpof=true&sd=true
[2026-10-09 01:02:03] ✅ 完成處理：20261209排班統計表-台中.xlsx
[2026-10-09 01:02:03] 開始下載：month=2027-01 / filename=20270109排班統計表-台中.xlsx
[2026-10-09 01:02:04] ✅ 已下載到暫存：/tmp/tmpcy08wn9a/20270109排班統計表-台中.xlsx
[2026-10-09 01:02:04] 📦 檔案大小：4608 bytes
[2026-10-09 01:02:04] 📂 暫存目錄存在：True
[2026-10-09 01:02:04] 📄 暫存檔案存在：True
[2026-10-09 01:02:04] 目前不是 Jenny 本機環境，略過本機存檔
[2026-10-09 01:02:04] Google Drive 初始化成功
[2026-10-09 01:02:04] 準備上傳到 Google Drive：20270109排班統計表-台中.xlsx
[2026-10-09 01:02:09] ☁️ 已上傳新檔：20270109排班統計表-台中.xlsx (file_id=1NYcX2C2FAe2JCZzURnhTVQab02lOvdBu) https://docs.google.com/spreadsheets/d/1NYcX2C2FAe2JCZzURnhTVQab02lOvdBu/edit?usp=drivesdk&ouid=101667783075862487943&rtpof=true&sd=true
[2026-10-09 01:02:09] ✅ 完成處理：20270109排班統計表-台中.xlsx
[2026-10-09 01:02:09] 開始下載：month=2027-02 / filename=20270209排班統計表-台中.xlsx
[2026-10-09 01:02:09] ✅ 已下載到暫存：/tmp/tmpvt6tze20/20270209排班統計表-台中.xlsx
[2026-10-09 01:02:09] 📦 檔案大小：4608 bytes
[2026-10-09 01:02:09] 📂 暫存目錄存在：True
[2026-10-09 01:02:09] 📄 暫存檔案存在：True
[2026-10-09 01:02:09] 目前不是 Jenny 本機環境，略過本機存檔
[2026-10-09 01:02:09] Google Drive 初始化成功
[2026-10-09 01:02:09] 準備上傳到 Google Drive：20270209排班統計表-台中.xlsx
[2026-10-09 01:02:12] ☁️ 已上傳新檔：20270209排班統計表-台中.xlsx (file_id=1ciac819J8jjC9hFTuk6zjx0Ofkjy4n-0) https://docs.google.com/spreadsheets/d/1ciac819J8jjC9hFTuk6zjx0Ofkjy4n-0/edit?usp=drivesdk&ouid=101667783075862487943&rtpof=true&sd=true
[2026-10-09 01:02:12] ✅ 完成處理：20270209排班統計表-台中.xlsx
[2026-10-09 01:02:12] ✅ 台中 全部完成
[2026-10-09 01:02:12] 🎉 schedule_report.py 全部完成

完成執行：排班統計表
scheduled_daily scheduler 全部完成
