2026-10-08 21:33:34 [INFO] === 客服排程系統 run_id=4b77f742 step=3 台北時間=2026-10-09 05:33:34 ===
2026-10-08 21:33:34 [INFO] 目標試算表 ID 來源：環境變數 SERVICE_TARGET_SPREADSHEET_ID
2026-10-08 21:33:34 [INFO] file_cache is only supported with oauth2client<4.0.0
2026-10-08 21:33:48 [INFO] --- Step3_更新前一天營業分數及營業額 ---
2026-10-08 21:33:49 [INFO] 信件日期（台北時間）：2026-10-08
2026-10-08 21:34:05 [INFO]   [mail] text/plain 為空，fallback 到 text/html（3143 字元）
2026-10-08 21:34:09 [INFO]   近三日營業額-台北 → 選中 17:25:03（與17:25差3s）
2026-10-08 21:34:09 [INFO]   [debug] 行57 repr='2026-10-06：40分'
2026-10-08 21:34:09 [INFO]   [debug] 行58 repr='2026-10-07：54分'
2026-10-08 21:34:09 [INFO]   [debug] 行59 repr='2026-10-08：36分'
2026-10-08 21:34:09 [INFO]   [debug] 行60 repr='【家電清潔】日營業額'
2026-10-08 21:34:09 [INFO]   [debug] 行61 repr='2026-10-06：0分'
2026-10-08 21:34:09 [INFO]   [debug] 行62 repr='2026-10-07：0分'
2026-10-08 21:34:09 [INFO]   [debug] 行63 repr='2026-10-08：0分'
2026-10-08 21:34:09 [INFO]   [debug] 行64 repr='【儲值金】日營業額'
2026-10-08 21:34:22 [INFO]   [mail] text/plain 為空，fallback 到 text/html（1067 字元）
2026-10-08 21:34:24 [INFO]   近三日營業額-台中 → 選中 17:25:07（與17:25差7s）
2026-10-08 21:34:24 [INFO]   [debug] 行24 repr='2026-10-06：0分'
2026-10-08 21:34:24 [INFO]   [debug] 行25 repr='2026-10-07：15分'
2026-10-08 21:34:24 [INFO]   [debug] 行26 repr='2026-10-08：25分'
2026-10-08 21:34:24 [INFO]   [debug] 行27 repr='【家電清潔】日營業額'
2026-10-08 21:34:24 [INFO]   [debug] 行28 repr='2026-10-06：0分'
2026-10-08 21:34:24 [INFO]   [debug] 行29 repr='2026-10-07：0分'
2026-10-08 21:34:24 [INFO]   [debug] 行30 repr='2026-10-08：0分'
2026-10-08 21:34:24 [INFO]   [debug] 行31 repr='【儲值金】日營業額'
2026-10-08 21:34:24 [INFO]   台北：{'daily_value': 36, 'total_count': 674, 'total_amount': 1347850}
2026-10-08 21:34:24 [INFO]   台中：{'daily_value': 25, 'total_count': 53, 'total_amount': 105600}
2026-10-08 21:34:26 [INFO] Step 3 完成，row=2427（36.6s）
2026-10-08 21:34:27 [INFO] === 全部完成 run_id=4b77f742（37.6s）===
