2026-10-08 21:31:16 [INFO] === 客服排程系統 run_id=3b6d4641 step=1 台北時間=2026-10-09 05:31:16 ===
2026-10-08 21:31:16 [INFO] 目標試算表 ID 來源：環境變數 SERVICE_TARGET_SPREADSHEET_ID
2026-10-08 21:31:16 [INFO] file_cache is only supported with oauth2client<4.0.0
2026-10-08 21:31:34 [INFO] --- Step1_更新排班統計表 ---
2026-10-08 21:31:35 [INFO] file_cache is only supported with oauth2client<4.0.0
2026-10-08 21:31:35 [INFO] 本次視窗：202610 ~ 202702（共 5 個月）
2026-10-08 21:31:35 [INFO] Drive 資料夾找到 74 個檔案
2026-10-08 21:31:35 [INFO]   找到檔案：20270209排班統計表-台中.xlsx (application/vnd.openxmlformats-officedocument.spreadsheetml.sheet)
2026-10-08 21:31:35 [INFO]   找到檔案：20270109排班統計表-台中.xlsx (application/vnd.openxmlformats-officedocument.spreadsheetml.sheet)
2026-10-08 21:31:35 [INFO]   找到檔案：20261209排班統計表-台中.xlsx (application/vnd.openxmlformats-officedocument.spreadsheetml.sheet)
2026-10-08 21:31:35 [INFO]   找到檔案：20261109排班統計表-台中.xlsx (application/vnd.openxmlformats-officedocument.spreadsheetml.sheet)
2026-10-08 21:31:35 [INFO]   找到檔案：20261009排班統計表-台中.xlsx (application/vnd.openxmlformats-officedocument.spreadsheetml.sheet)
2026-10-08 21:31:35 [INFO]   找到檔案：20270209排班統計表-台北.xlsx (application/vnd.openxmlformats-officedocument.spreadsheetml.sheet)
2026-10-08 21:31:35 [INFO]   找到檔案：20270109排班統計表-台北.xlsx (application/vnd.openxmlformats-officedocument.spreadsheetml.sheet)
2026-10-08 21:31:35 [INFO]   找到檔案：20261209排班統計表-台北.xlsx (application/vnd.openxmlformats-officedocument.spreadsheetml.sheet)
2026-10-08 21:31:35 [INFO]   找到檔案：20261109排班統計表-台北.xlsx (application/vnd.openxmlformats-officedocument.spreadsheetml.sheet)
2026-10-08 21:31:35 [INFO]   找到檔案：20261009排班統計表-台北.xlsx (application/vnd.openxmlformats-officedocument.spreadsheetml.sheet)
2026-10-08 21:31:35 [INFO]   找到檔案：20261108排班統計表-台中 (application/vnd.google-apps.spreadsheet)
2026-10-08 21:31:35 [INFO]   找到檔案：20261108排班統計表-台北 (application/vnd.google-apps.spreadsheet)
2026-10-08 21:31:35 [INFO]   找到檔案：20261008排班統計表-台中 (application/vnd.google-apps.spreadsheet)
2026-10-08 21:31:35 [INFO]   找到檔案：20261008排班統計表-台北 (application/vnd.google-apps.spreadsheet)
2026-10-08 21:31:35 [INFO]   找到檔案：20261108排班統計表-台中.xlsx (application/vnd.openxmlformats-officedocument.spreadsheetml.sheet)
2026-10-08 21:31:35 [INFO]   找到檔案：20261008排班統計表-台中.xlsx (application/vnd.openxmlformats-officedocument.spreadsheetml.sheet)
2026-10-08 21:31:35 [INFO]   找到檔案：20261108排班統計表-台北.xlsx (application/vnd.openxmlformats-officedocument.spreadsheetml.sheet)
2026-10-08 21:31:35 [INFO]   找到檔案：20261008排班統計表-台北.xlsx (application/vnd.openxmlformats-officedocument.spreadsheetml.sheet)
2026-10-08 21:31:35 [INFO]   找到檔案：20261107排班統計表-台中 (application/vnd.google-apps.spreadsheet)
2026-10-08 21:31:35 [INFO]   找到檔案：20261107排班統計表-台北 (application/vnd.google-apps.spreadsheet)
2026-10-08 21:31:35 [INFO]   找到檔案：20261007排班統計表-台中 (application/vnd.google-apps.spreadsheet)
2026-10-08 21:31:35 [INFO]   找到檔案：20261007排班統計表-台北 (application/vnd.google-apps.spreadsheet)
2026-10-08 21:31:35 [INFO]   找到檔案：20261107排班統計表-台中.xlsx (application/vnd.openxmlformats-officedocument.spreadsheetml.sheet)
2026-10-08 21:31:35 [INFO]   找到檔案：20261007排班統計表-台中.xlsx (application/vnd.openxmlformats-officedocument.spreadsheetml.sheet)
2026-10-08 21:31:35 [INFO]   找到檔案：20261107排班統計表-台北.xlsx (application/vnd.openxmlformats-officedocument.spreadsheetml.sheet)
2026-10-08 21:31:35 [INFO]   找到檔案：20261007排班統計表-台北.xlsx (application/vnd.openxmlformats-officedocument.spreadsheetml.sheet)
2026-10-08 21:31:35 [INFO]   找到檔案：20261106排班統計表-台中 (application/vnd.google-apps.spreadsheet)
2026-10-08 21:31:35 [INFO]   找到檔案：20261106排班統計表-台北 (application/vnd.google-apps.spreadsheet)
2026-10-08 21:31:35 [INFO]   找到檔案：20261006排班統計表-台中 (application/vnd.google-apps.spreadsheet)
2026-10-08 21:31:35 [INFO]   找到檔案：20261006排班統計表-台北 (application/vnd.google-apps.spreadsheet)
2026-10-08 21:31:35 [INFO]   找到檔案：20261106排班統計表-台中.xlsx (application/vnd.openxmlformats-officedocument.spreadsheetml.sheet)
2026-10-08 21:31:35 [INFO]   找到檔案：20261006排班統計表-台中.xlsx (application/vnd.openxmlformats-officedocument.spreadsheetml.sheet)
2026-10-08 21:31:35 [INFO]   找到檔案：20261106排班統計表-台北.xlsx (application/vnd.openxmlformats-officedocument.spreadsheetml.sheet)
2026-10-08 21:31:35 [INFO]   找到檔案：20261006排班統計表-台北.xlsx (application/vnd.openxmlformats-officedocument.spreadsheetml.sheet)
2026-10-08 21:31:35 [INFO]   找到檔案：20261105排班統計表-台中 (application/vnd.google-apps.spreadsheet)
2026-10-08 21:31:35 [INFO]   找到檔案：20261105排班統計表-台北 (application/vnd.google-apps.spreadsheet)
2026-10-08 21:31:35 [INFO]   找到檔案：20261005排班統計表-台中 (application/vnd.google-apps.spreadsheet)
2026-10-08 21:31:35 [INFO]   找到檔案：20261005排班統計表-台北 (application/vnd.google-apps.spreadsheet)
2026-10-08 21:31:35 [INFO]   找到檔案：20261105排班統計表-台中.xlsx (application/vnd.openxmlformats-officedocument.spreadsheetml.sheet)
2026-10-08 21:31:35 [INFO]   找到檔案：20261005排班統計表-台中.xlsx (application/vnd.openxmlformats-officedocument.spreadsheetml.sheet)
2026-10-08 21:31:35 [INFO]   找到檔案：20261105排班統計表-台北.xlsx (application/vnd.openxmlformats-officedocument.spreadsheetml.sheet)
2026-10-08 21:31:35 [INFO]   找到檔案：20261005排班統計表-台北.xlsx (application/vnd.openxmlformats-officedocument.spreadsheetml.sheet)
2026-10-08 21:31:35 [INFO]   找到檔案：20261104排班統計表-台中 (application/vnd.google-apps.spreadsheet)
2026-10-08 21:31:35 [INFO]   找到檔案：20261104排班統計表-台北 (application/vnd.google-apps.spreadsheet)
2026-10-08 21:31:35 [INFO]   找到檔案：20261004排班統計表-台中 (application/vnd.google-apps.spreadsheet)
2026-10-08 21:31:35 [INFO]   找到檔案：20261004排班統計表-台北 (application/vnd.google-apps.spreadsheet)
2026-10-08 21:31:35 [INFO]   找到檔案：20261104排班統計表-台中.xlsx (application/vnd.openxmlformats-officedocument.spreadsheetml.sheet)
2026-10-08 21:31:35 [INFO]   找到檔案：20261004排班統計表-台中.xlsx (application/vnd.openxmlformats-officedocument.spreadsheetml.sheet)
2026-10-08 21:31:35 [INFO]   找到檔案：20261104排班統計表-台北.xlsx (application/vnd.openxmlformats-officedocument.spreadsheetml.sheet)
2026-10-08 21:31:35 [INFO]   找到檔案：20261004排班統計表-台北.xlsx (application/vnd.openxmlformats-officedocument.spreadsheetml.sheet)
2026-10-08 21:31:35 [INFO]   找到檔案：20261103排班統計表-台中 (application/vnd.google-apps.spreadsheet)
2026-10-08 21:31:35 [INFO]   找到檔案：20261103排班統計表-台北 (application/vnd.google-apps.spreadsheet)
2026-10-08 21:31:35 [INFO]   找到檔案：20261003排班統計表-台中 (application/vnd.google-apps.spreadsheet)
2026-10-08 21:31:35 [INFO]   找到檔案：20261003排班統計表-台北 (application/vnd.google-apps.spreadsheet)
2026-10-08 21:31:35 [INFO]   找到檔案：20261103排班統計表-台中.xlsx (application/vnd.openxmlformats-officedocument.spreadsheetml.sheet)
2026-10-08 21:31:35 [INFO]   找到檔案：20261003排班統計表-台中.xlsx (application/vnd.openxmlformats-officedocument.spreadsheetml.sheet)
2026-10-08 21:31:35 [INFO]   找到檔案：20261103排班統計表-台北.xlsx (application/vnd.openxmlformats-officedocument.spreadsheetml.sheet)
2026-10-08 21:31:35 [INFO]   找到檔案：20261003排班統計表-台北.xlsx (application/vnd.openxmlformats-officedocument.spreadsheetml.sheet)
2026-10-08 21:31:35 [INFO]   找到檔案：20261102排班統計表-台中 (application/vnd.google-apps.spreadsheet)
2026-10-08 21:31:35 [INFO]   找到檔案：20261102排班統計表-台北 (application/vnd.google-apps.spreadsheet)
2026-10-08 21:31:35 [INFO]   找到檔案：20261002排班統計表-台中 (application/vnd.google-apps.spreadsheet)
2026-10-08 21:31:35 [INFO]   找到檔案：20261002排班統計表-台北 (application/vnd.google-apps.spreadsheet)
2026-10-08 21:31:35 [INFO]   找到檔案：20261102排班統計表-台中.xlsx (application/vnd.openxmlformats-officedocument.spreadsheetml.sheet)
2026-10-08 21:31:35 [INFO]   找到檔案：20261002排班統計表-台中.xlsx (application/vnd.openxmlformats-officedocument.spreadsheetml.sheet)
2026-10-08 21:31:35 [INFO]   找到檔案：20261102排班統計表-台北.xlsx (application/vnd.openxmlformats-officedocument.spreadsheetml.sheet)
2026-10-08 21:31:35 [INFO]   找到檔案：20261002排班統計表-台北.xlsx (application/vnd.openxmlformats-officedocument.spreadsheetml.sheet)
2026-10-08 21:31:35 [INFO]   找到檔案：20261101排班統計表-台中 (application/vnd.google-apps.spreadsheet)
2026-10-08 21:31:35 [INFO]   找到檔案：20261101排班統計表-台北 (application/vnd.google-apps.spreadsheet)
2026-10-08 21:31:35 [INFO]   找到檔案：20261001排班統計表-台中 (application/vnd.google-apps.spreadsheet)
2026-10-08 21:31:35 [INFO]   找到檔案：20261001排班統計表-台北 (application/vnd.google-apps.spreadsheet)
2026-10-08 21:31:35 [INFO]   找到檔案：20261101排班統計表-台中.xlsx (application/vnd.openxmlformats-officedocument.spreadsheetml.sheet)
2026-10-08 21:31:35 [INFO]   找到檔案：20261001排班統計表-台中.xlsx (application/vnd.openxmlformats-officedocument.spreadsheetml.sheet)
2026-10-08 21:31:35 [INFO]   找到檔案：20261101排班統計表-台北.xlsx (application/vnd.openxmlformats-officedocument.spreadsheetml.sheet)
2026-10-08 21:31:35 [INFO]   找到檔案：20261001排班統計表-台北.xlsx (application/vnd.openxmlformats-officedocument.spreadsheetml.sheet)
2026-10-08 21:31:35 [INFO] 排班檔確認 OK：{'202610': {'taipei': '20261009排班統計表-台北.xlsx', 'taichung': '20261009排班統計表-台中.xlsx'}, '202611': {'taipei': '20261109排班統計表-台北.xlsx', 'taichung': '20261109排班統計表-台中.xlsx'}, '202612': {'taipei': '20261209排班統計表-台北.xlsx', 'taichung': '20261209排班統計表-台中.xlsx'}, '202701': {'taipei': '20270109排班統計表-台北.xlsx', 'taichung': '20270109排班統計表-台中.xlsx'}, '202702': {'taipei': '20270209排班統計表-台北.xlsx', 'taichung': '20270209排班統計表-台中.xlsx'}}
2026-10-08 21:31:36 [INFO]   已清除範圍（202610 台北）：G3:O1026
2026-10-08 21:31:36 [INFO]   匯入：20261009排班統計表-台北.xlsx
2026-10-08 21:31:36 [INFO]   xlsx → Google Sheets：20261009排班統計表-台北
2026-10-08 21:31:37 [INFO] file_cache is only supported with oauth2client<4.0.0
2026-10-08 21:31:44 [INFO]   轉換完成，新 Google Sheets ID：1vY9LAwxcVF0AMbEb-Z3OQPXGlC0N1V1K8SsyYCebGno
2026-10-08 21:31:45 [INFO]   → 寫入 86 列（起始 R3C7）
2026-10-08 21:31:45 [INFO]   已清除範圍（202610 台中）：CD3:CL1026
2026-10-08 21:31:45 [INFO]   匯入：20261009排班統計表-台中.xlsx
2026-10-08 21:31:45 [INFO]   xlsx → Google Sheets：20261009排班統計表-台中
2026-10-08 21:31:46 [INFO] file_cache is only supported with oauth2client<4.0.0
2026-10-08 21:31:52 [INFO]   轉換完成，新 Google Sheets ID：1X41vDgYSw7klCLV1AcIUlv5GyVIXEjVtd5X0rOUpuDE
2026-10-08 21:31:53 [INFO]   → 寫入 12 列（起始 R3C82）
2026-10-08 21:31:54 [INFO]   已清除範圍（202611 台北）：V3:AD1026
2026-10-08 21:31:54 [INFO]   匯入：20261109排班統計表-台北.xlsx
2026-10-08 21:31:54 [INFO]   xlsx → Google Sheets：20261109排班統計表-台北
2026-10-08 21:31:54 [INFO] file_cache is only supported with oauth2client<4.0.0
2026-10-08 21:32:00 [INFO]   轉換完成，新 Google Sheets ID：1HTC01jlFZGa74dE2zamEb2IGejE-WBoHSpuJslN3KeU
2026-10-08 21:32:02 [INFO]   → 寫入 57 列（起始 R3C22）
2026-10-08 21:32:02 [INFO]   已清除範圍（202611 台中）：CS3:DA1026
2026-10-08 21:32:02 [INFO]   匯入：20261109排班統計表-台中.xlsx
2026-10-08 21:32:02 [INFO]   xlsx → Google Sheets：20261109排班統計表-台中
2026-10-08 21:32:03 [INFO] file_cache is only supported with oauth2client<4.0.0
2026-10-08 21:32:08 [INFO]   轉換完成，新 Google Sheets ID：1f4_06EanWRL56Vy0C2SXAVkZ5hBtLd9iX0QTcYS1FJw
2026-10-08 21:32:10 [INFO]   → 寫入 7 列（起始 R3C97）
2026-10-08 21:32:10 [INFO]   已清除範圍（202612 台北）：AK3:AS1026
2026-10-08 21:32:10 [INFO]   匯入：20261209排班統計表-台北.xlsx
2026-10-08 21:32:10 [INFO]   xlsx → Google Sheets：20261209排班統計表-台北
2026-10-08 21:32:10 [INFO] file_cache is only supported with oauth2client<4.0.0
2026-10-08 21:32:17 [INFO]   轉換完成，新 Google Sheets ID：1Mop3r66s2prJC9UcVuPJ1BpfL8GZ6F0ZophDL4g3_dg
2026-10-08 21:32:18 [INFO]   → 寫入 5 列（起始 R3C37）
2026-10-08 21:32:18 [INFO]   已清除範圍（202612 台中）：DH3:DP1026
2026-10-08 21:32:18 [INFO]   匯入：20261209排班統計表-台中.xlsx
2026-10-08 21:32:18 [INFO]   xlsx → Google Sheets：20261209排班統計表-台中
2026-10-08 21:32:18 [INFO] file_cache is only supported with oauth2client<4.0.0
2026-10-08 21:32:27 [INFO]   轉換完成，新 Google Sheets ID：1u6HwA5eCJQ4V_wR2Xs0LJv_UQ8PT6lL7PiYkWQyr80U
2026-10-08 21:32:28 [INFO]   → 寫入 1 列（起始 R3C112）
2026-10-08 21:32:28 [INFO]   已清除範圍（202701 台北）：AZ3:BH1026
2026-10-08 21:32:28 [INFO]   匯入：20270109排班統計表-台北.xlsx
2026-10-08 21:32:28 [INFO]   xlsx → Google Sheets：20270109排班統計表-台北
2026-10-08 21:32:29 [INFO] file_cache is only supported with oauth2client<4.0.0
2026-10-08 21:32:36 [INFO]   轉換完成，新 Google Sheets ID：1F4NYgPX86mfFuZIrR38PCdVjZUm-TmTzllbwKrALbQM
2026-10-08 21:32:38 [INFO]   → 寫入 4 列（起始 R3C52）
2026-10-08 21:32:38 [INFO]   已清除範圍（202701 台中）：DW3:EE1026
2026-10-08 21:32:38 [INFO]   匯入：20270109排班統計表-台中.xlsx
2026-10-08 21:32:38 [INFO]   xlsx → Google Sheets：20270109排班統計表-台中
2026-10-08 21:32:38 [INFO] file_cache is only supported with oauth2client<4.0.0
2026-10-08 21:32:44 [INFO]   轉換完成，新 Google Sheets ID：11lSYK6cmoLuk1f52lzR-8PBFgLRAMrkAUTDvO0qeLfs
2026-10-08 21:32:45 [INFO]   → 寫入 1 列（起始 R3C127）
2026-10-08 21:32:46 [INFO]   已清除範圍（202702 台北）：BO3:BW1026
2026-10-08 21:32:46 [INFO]   匯入：20270209排班統計表-台北.xlsx
2026-10-08 21:32:46 [INFO]   xlsx → Google Sheets：20270209排班統計表-台北
2026-10-08 21:32:46 [INFO] file_cache is only supported with oauth2client<4.0.0
2026-10-08 21:32:53 [INFO]   轉換完成，新 Google Sheets ID：1a46FwIDYr0j8mYrWqw9nS3OISd86rOAAcXaRSP1eQA4
2026-10-08 21:32:54 [INFO]   → 寫入 4 列（起始 R3C67）
2026-10-08 21:32:54 [INFO]   已清除範圍（202702 台中）：EL3:ET1026
2026-10-08 21:32:54 [INFO]   匯入：20270209排班統計表-台中.xlsx
2026-10-08 21:32:54 [INFO]   xlsx → Google Sheets：20270209排班統計表-台中
2026-10-08 21:32:54 [INFO] file_cache is only supported with oauth2client<4.0.0
2026-10-08 21:33:01 [INFO]   轉換完成，新 Google Sheets ID：1uLEI1p53Zq6x7FUBDWJqYva-4Zsvb72C2Q_1hvmnn9o
2026-10-08 21:33:02 [INFO]   → 寫入 1 列（起始 R3C142）
2026-10-08 21:33:03 [INFO] Step 1 完成（88.3s）
2026-10-08 21:33:04 [INFO] === 全部完成 run_id=3b6d4641（89.2s）===
