開始執行：排班統計表
⚠️ 一鍵日排程 secrets TOML 注入失敗：No secrets found. Valid paths for a secrets.toml file or secret directories are: /home/runner/.streamlit/secrets.toml, /home/runner/work/tool-system/tool-system/.streamlit/secrets.toml
⚠️ 一鍵日排程 secrets env 注入失敗：No secrets found. Valid paths for a secrets.toml file or secret directories are: /home/runner/.streamlit/secrets.toml, /home/runner/work/tool-system/tool-system/.streamlit/secrets.toml
OAuth env ready = True
OAuth bootstrap forced = True
Command: Python bootstrap -> /home/runner/work/tool-system/tool-system/tools/scheduled_daily/schedule_report.py
[2026-09-05 03:13:58] ====================================================
[2026-09-05 03:13:58] schedule_report.py 開始執行
[2026-09-05 03:13:58] GITHUB_ACTIONS = true
[2026-09-05 03:13:58] PWD = /home/runner/work/tool-system/tool-system
[2026-09-05 03:13:58] LOCAL_OUTPUT_DIR = /Users/jenny/Library/CloudStorage/GoogleDrive-jenny@lemonclean.com.tw/.shortcut-targets-by-id/1zbu45AG1adMzz24HPdi_tLfh2Tncw_Br/排班統計表
[2026-09-05 03:13:58] LOCAL_OUTPUT_DIR exists = False
[2026-09-05 03:13:58] can_use_local_output_dir = False
[2026-09-05 03:13:58] root folder_id = 11O6eKHQ1e3Irqps7Kq1XJOSVVge3pCAc
[2026-09-05 03:13:58] ====================================================
[2026-09-05 03:13:58] Google Drive 初始化成功
[2026-09-05 03:13:59] 📁 使用既有資料夾：排班統計表
[2026-09-05 03:13:59] this_month = 2026-09
[2026-09-05 03:13:59] next_month = 2026-10
[2026-09-05 03:13:59] today_stamp = 20260905
[2026-09-05 03:13:59] next_month_stamp = 20261005
[2026-09-05 03:13:59] 排班統計表 folder_id = 18XDXdrCSsLYwSzz1Da9pQh-jGm2h2Ed8
[2026-09-05 03:13:59] 帳號數量 = 2
[2026-09-05 03:13:59] 
[2026-09-05 03:13:59] === 開始處理 台北 ===
[2026-09-05 03:13:59] 開始登入：jenny@lemonclean.com.tw
[2026-09-05 03:14:00] 登入成功：jenny@lemonclean.com.tw
[2026-09-05 03:14:00] 開始下載：month=2026-09 / filename=20260905排班統計表-台北.xlsx
[2026-09-05 03:14:01] ✅ 已下載到暫存：/tmp/tmpof6z26zd/20260905排班統計表-台北.xlsx
[2026-09-05 03:14:01] 📦 檔案大小：17408 bytes
[2026-09-05 03:14:01] 📂 暫存目錄存在：True
[2026-09-05 03:14:01] 📄 暫存檔案存在：True
[2026-09-05 03:14:01] 目前不是 Jenny 本機環境，略過本機存檔
[2026-09-05 03:14:01] Google Drive 初始化成功
[2026-09-05 03:14:01] 準備上傳到 Google Drive：20260905排班統計表-台北.xlsx
[2026-09-05 03:14:04] ☁️ 已上傳新檔：20260905排班統計表-台北.xlsx (file_id=1zUAH1cSaj73VQnEfC0HkFJVQJ0lR2J32) https://docs.google.com/spreadsheets/d/1zUAH1cSaj73VQnEfC0HkFJVQJ0lR2J32/edit?usp=drivesdk&ouid=101667783075862487943&rtpof=true&sd=true
[2026-09-05 03:14:04] ✅ 完成處理：20260905排班統計表-台北.xlsx
[2026-09-05 03:14:04] 開始下載：month=2026-10 / filename=20261005排班統計表-台北.xlsx
[2026-09-05 03:14:05] ✅ 已下載到暫存：/tmp/tmpop38t80v/20261005排班統計表-台北.xlsx
[2026-09-05 03:14:05] 📦 檔案大小：12800 bytes
[2026-09-05 03:14:05] 📂 暫存目錄存在：True
[2026-09-05 03:14:05] 📄 暫存檔案存在：True
[2026-09-05 03:14:05] 目前不是 Jenny 本機環境，略過本機存檔
[2026-09-05 03:14:05] Google Drive 初始化成功
[2026-09-05 03:14:05] 準備上傳到 Google Drive：20261005排班統計表-台北.xlsx
[2026-09-05 03:14:07] ☁️ 已上傳新檔：20261005排班統計表-台北.xlsx (file_id=1pYMrjZnYMgCUM4h_cTbaR9A42GPSNxa_) https://docs.google.com/spreadsheets/d/1pYMrjZnYMgCUM4h_cTbaR9A42GPSNxa_/edit?usp=drivesdk&ouid=101667783075862487943&rtpof=true&sd=true
[2026-09-05 03:14:07] ✅ 完成處理：20261005排班統計表-台北.xlsx
[2026-09-05 03:14:07] ✅ 台北 全部完成
[2026-09-05 03:14:07] 
[2026-09-05 03:14:07] === 開始處理 台中 ===
[2026-09-05 03:14:07] 開始登入：jenny.tc@lemonclean.com.tw
[2026-09-05 03:14:09] 登入成功：jenny.tc@lemonclean.com.tw
[2026-09-05 03:14:09] 開始下載：month=2026-09 / filename=20260905排班統計表-台中.xlsx
[2026-09-05 03:14:09] ✅ 已下載到暫存：/tmp/tmpc4sade8n/20260905排班統計表-台中.xlsx
[2026-09-05 03:14:09] 📦 檔案大小：6144 bytes
[2026-09-05 03:14:09] 📂 暫存目錄存在：True
[2026-09-05 03:14:09] 📄 暫存檔案存在：True
[2026-09-05 03:14:09] 目前不是 Jenny 本機環境，略過本機存檔
[2026-09-05 03:14:09] Google Drive 初始化成功
[2026-09-05 03:14:09] 準備上傳到 Google Drive：20260905排班統計表-台中.xlsx
[2026-09-05 03:14:11] ☁️ 已上傳新檔：20260905排班統計表-台中.xlsx (file_id=1HVVCN5KHTRWPUD7vW5pe_AJBIou0nHLv) https://docs.google.com/spreadsheets/d/1HVVCN5KHTRWPUD7vW5pe_AJBIou0nHLv/edit?usp=drivesdk&ouid=101667783075862487943&rtpof=true&sd=true
[2026-09-05 03:14:11] ✅ 完成處理：20260905排班統計表-台中.xlsx
[2026-09-05 03:14:11] 開始下載：month=2026-10 / filename=20261005排班統計表-台中.xlsx
[2026-09-05 03:14:12] ✅ 已下載到暫存：/tmp/tmphg5pkzrf/20261005排班統計表-台中.xlsx
[2026-09-05 03:14:12] 📦 檔案大小：5632 bytes
[2026-09-05 03:14:12] 📂 暫存目錄存在：True
[2026-09-05 03:14:12] 📄 暫存檔案存在：True
[2026-09-05 03:14:12] 目前不是 Jenny 本機環境，略過本機存檔
[2026-09-05 03:14:12] Google Drive 初始化成功
[2026-09-05 03:14:12] 準備上傳到 Google Drive：20261005排班統計表-台中.xlsx
[2026-09-05 03:14:14] ☁️ 已上傳新檔：20261005排班統計表-台中.xlsx (file_id=1s1b9icJk4gJmNGG_9nCKJVGHQPQWQwLD) https://docs.google.com/spreadsheets/d/1s1b9icJk4gJmNGG_9nCKJVGHQPQWQwLD/edit?usp=drivesdk&ouid=101667783075862487943&rtpof=true&sd=true
[2026-09-05 03:14:14] ✅ 完成處理：20261005排班統計表-台中.xlsx
[2026-09-05 03:14:14] ✅ 台中 全部完成
[2026-09-05 03:14:14] 🎉 schedule_report.py 全部完成

完成執行：排班統計表
scheduled_daily scheduler 全部完成
