開始執行：專員班表
⚠️ 一鍵日排程 secrets TOML 注入失敗：No secrets found. Valid paths for a secrets.toml file or secret directories are: /home/runner/.streamlit/secrets.toml, /home/runner/work/tool-system/tool-system/.streamlit/secrets.toml
⚠️ 一鍵日排程 secrets env 注入失敗：No secrets found. Valid paths for a secrets.toml file or secret directories are: /home/runner/.streamlit/secrets.toml, /home/runner/work/tool-system/tool-system/.streamlit/secrets.toml
OAuth env ready = True
OAuth bootstrap forced = True
Command: Python bootstrap -> /home/runner/work/tool-system/tool-system/tools/scheduled_daily/staff_schedule.py
[2026-09-05 03:28:49] ====================================================
[2026-09-05 03:28:49] staff_schedule.py 開始執行
[2026-09-05 03:28:49] GITHUB_ACTIONS = true
[2026-09-05 03:28:49] PWD = /home/runner/work/tool-system/tool-system
[2026-09-05 03:28:49] LOCAL_OUTPUT_DIR = /Users/jenny/Library/CloudStorage/GoogleDrive-jenny@lemonclean.com.tw/我的雲端硬碟/lemon_Jenny/Jenny@lemon程式/專員班表
[2026-09-05 03:28:49] LOCAL_OUTPUT_DIR exists = False
[2026-09-05 03:28:49] can_use_local_output_dir = False
[2026-09-05 03:28:49] root folder_id = 11O6eKHQ1e3Irqps7Kq1XJOSVVge3pCAc
[2026-09-05 03:28:49] ====================================================
[2026-09-05 03:28:49] Google Drive 初始化成功
[2026-09-05 03:28:50] 📁 使用既有資料夾：專員班表
[2026-09-05 03:28:50] this_month = 2026-09
[2026-09-05 03:28:50] next_month = 2026-10
[2026-09-05 03:28:50] this_date = 20260905
[2026-09-05 03:28:50] next_date = 20261005
[2026-09-05 03:28:50] 專員班表 folder_id = 1V2AUNsT_jzQWawmnBNU_u-e7odYviwEk
[2026-09-05 03:28:50] 帳號數量 = 2
[2026-09-05 03:28:50] 
[2026-09-05 03:28:50] === 開始處理 台北 ===
[2026-09-05 03:28:50] 開始登入：jenny@lemonclean.com.tw
[2026-09-05 03:28:51] 登入成功：jenny@lemonclean.com.tw
[2026-09-05 03:28:51] 開始下載：city=台北 / month=2026-09 / filename=20260905專員班表-台北.xls
[2026-09-05 03:28:54] ✅ 已下載到暫存：/tmp/tmp8hmquj3p/20260905專員班表-台北.xls
[2026-09-05 03:28:54] 📦 檔案大小：137216 bytes
[2026-09-05 03:28:54] 📂 暫存目錄存在：True
[2026-09-05 03:28:54] 📄 暫存檔案存在：True
[2026-09-05 03:28:54] 目前不是 Jenny 本機環境，略過本機存檔
[2026-09-05 03:28:54] Google Drive 初始化成功
[2026-09-05 03:28:54] 準備上傳到 Google Drive：20260905專員班表-台北.xls
[2026-09-05 03:28:57] ☁️ 已上傳新檔：20260905專員班表-台北.xls (file_id=1XdH7lGKc8WV2vMGzomDmJKP-CUEGsVtk) https://docs.google.com/spreadsheets/d/1XdH7lGKc8WV2vMGzomDmJKP-CUEGsVtk/edit?usp=drivesdk&ouid=101667783075862487943&rtpof=true&sd=true
[2026-09-05 03:28:57] ✅ 完成處理：20260905專員班表-台北.xls
[2026-09-05 03:28:57] 開始下載：city=台北 / month=2026-10 / filename=20261005專員班表-台北.xls
[2026-09-05 03:29:00] ✅ 已下載到暫存：/tmp/tmpevy43jpl/20261005專員班表-台北.xls
[2026-09-05 03:29:00] 📦 檔案大小：86528 bytes
[2026-09-05 03:29:00] 📂 暫存目錄存在：True
[2026-09-05 03:29:00] 📄 暫存檔案存在：True
[2026-09-05 03:29:00] 目前不是 Jenny 本機環境，略過本機存檔
[2026-09-05 03:29:00] Google Drive 初始化成功
[2026-09-05 03:29:00] 準備上傳到 Google Drive：20261005專員班表-台北.xls
[2026-09-05 03:29:02] ☁️ 已上傳新檔：20261005專員班表-台北.xls (file_id=1rjTd5nTVyEhdi4bSw41XqiKCKoYsy9S0) https://docs.google.com/spreadsheets/d/1rjTd5nTVyEhdi4bSw41XqiKCKoYsy9S0/edit?usp=drivesdk&ouid=101667783075862487943&rtpof=true&sd=true
[2026-09-05 03:29:02] ✅ 完成處理：20261005專員班表-台北.xls
[2026-09-05 03:29:02] ✅ 台北 全部完成
[2026-09-05 03:29:02] 
[2026-09-05 03:29:02] === 開始處理 台中 ===
[2026-09-05 03:29:02] 開始登入：jenny.tc@lemonclean.com.tw
[2026-09-05 03:29:04] 登入成功：jenny.tc@lemonclean.com.tw
[2026-09-05 03:29:04] 開始下載：city=台中 / month=2026-09 / filename=20260905專員班表-台中.xls
[2026-09-05 03:29:05] ✅ 已下載到暫存：/tmp/tmpmed8_dcl/20260905專員班表-台中.xls
[2026-09-05 03:29:05] 📦 檔案大小：23552 bytes
[2026-09-05 03:29:05] 📂 暫存目錄存在：True
[2026-09-05 03:29:05] 📄 暫存檔案存在：True
[2026-09-05 03:29:05] 目前不是 Jenny 本機環境，略過本機存檔
[2026-09-05 03:29:05] Google Drive 初始化成功
[2026-09-05 03:29:05] 準備上傳到 Google Drive：20260905專員班表-台中.xls
[2026-09-05 03:29:07] ☁️ 已上傳新檔：20260905專員班表-台中.xls (file_id=1qg5RMYO3V-25qz3MYcy1ECM5nCLuPf5v) https://docs.google.com/spreadsheets/d/1qg5RMYO3V-25qz3MYcy1ECM5nCLuPf5v/edit?usp=drivesdk&ouid=101667783075862487943&rtpof=true&sd=true
[2026-09-05 03:29:07] ✅ 完成處理：20260905專員班表-台中.xls
[2026-09-05 03:29:07] 開始下載：city=台中 / month=2026-10 / filename=20261005專員班表-台中.xls
[2026-09-05 03:29:08] ✅ 已下載到暫存：/tmp/tmpkhv_a2o1/20261005專員班表-台中.xls
[2026-09-05 03:29:08] 📦 檔案大小：24576 bytes
[2026-09-05 03:29:08] 📂 暫存目錄存在：True
[2026-09-05 03:29:08] 📄 暫存檔案存在：True
[2026-09-05 03:29:08] 目前不是 Jenny 本機環境，略過本機存檔
[2026-09-05 03:29:08] Google Drive 初始化成功
[2026-09-05 03:29:08] 準備上傳到 Google Drive：20261005專員班表-台中.xls
[2026-09-05 03:29:10] ☁️ 已上傳新檔：20261005專員班表-台中.xls (file_id=1FZC1d9QO04t3VL0j5glo3RnZvg2eYjQ9) https://docs.google.com/spreadsheets/d/1FZC1d9QO04t3VL0j5glo3RnZvg2eYjQ9/edit?usp=drivesdk&ouid=101667783075862487943&rtpof=true&sd=true
[2026-09-05 03:29:10] ✅ 完成處理：20261005專員班表-台中.xls
[2026-09-05 03:29:10] ✅ 台中 全部完成
[2026-09-05 03:29:10] 🎉 staff_schedule.py 全部完成

完成執行：專員班表
scheduled_daily scheduler 全部完成
