開始執行：專員個資
⚠️ 一鍵日排程 secrets TOML 注入失敗：No secrets found. Valid paths for a secrets.toml file or secret directories are: /home/runner/.streamlit/secrets.toml, /home/runner/work/tool-system/tool-system/.streamlit/secrets.toml
⚠️ 一鍵日排程 secrets env 注入失敗：No secrets found. Valid paths for a secrets.toml file or secret directories are: /home/runner/.streamlit/secrets.toml, /home/runner/work/tool-system/tool-system/.streamlit/secrets.toml
OAuth env ready = True
OAuth bootstrap forced = True
Command: Python bootstrap -> /home/runner/work/tool-system/tool-system/tools/scheduled_daily/staff_info.py
[2026-09-05 03:43:54] ====================================================
[2026-09-05 03:43:54] staff_info.py 開始執行
[2026-09-05 03:43:54] GITHUB_ACTIONS = true
[2026-09-05 03:43:54] PWD = /home/runner/work/tool-system/tool-system
[2026-09-05 03:43:54] LOCAL_OUTPUT_DIR = /Users/jenny/Library/CloudStorage/GoogleDrive-jenny@lemonclean.com.tw/我的雲端硬碟/lemon_Jenny/Jenny@lemon程式/專員個資
[2026-09-05 03:43:54] LOCAL_OUTPUT_DIR exists = False
[2026-09-05 03:43:54] can_use_local_output_dir = False
[2026-09-05 03:43:54] root folder_id = 11O6eKHQ1e3Irqps7Kq1XJOSVVge3pCAc
[2026-09-05 03:43:54] ====================================================
[2026-09-05 03:43:55] Google Drive 初始化成功
[2026-09-05 03:43:55] 📁 使用既有資料夾：專員個資
[2026-09-05 03:43:55] today_stamp = 20260905
[2026-09-05 03:43:55] 專員個資 folder_id = 1v1Er8oC3BEAWHbBrDq3SUpjEDwHIuK0f
[2026-09-05 03:43:55] 帳號數量 = 2
[2026-09-05 03:43:55] 
[2026-09-05 03:43:55] === 開始處理 台北 ===
[2026-09-05 03:43:55] 開始登入：jenny@lemonclean.com.tw
[2026-09-05 03:43:57] 登入成功：jenny@lemonclean.com.tw
[2026-09-05 03:43:57] 開始下載：city=台北 / filename=20260905專員個資-台北.xlsx
[2026-09-05 03:43:59] ✅ 已下載到暫存：/tmp/tmpqf17ugdq/20260905專員個資-台北.xlsx
[2026-09-05 03:43:59] 📦 檔案大小：228352 bytes
[2026-09-05 03:43:59] 📂 暫存目錄存在：True
[2026-09-05 03:43:59] 📄 暫存檔案存在：True
[2026-09-05 03:43:59] 目前不是 Jenny 本機環境，略過本機存檔
[2026-09-05 03:43:59] Google Drive 初始化成功
[2026-09-05 03:43:59] 準備上傳到 Google Drive：20260905專員個資-台北.xlsx
[2026-09-05 03:44:02] ☁️ 已上傳新檔：20260905專員個資-台北.xlsx (file_id=1J4JYUNgFFDk6kPw3d03fv1_6rzm-mLmM) https://docs.google.com/spreadsheets/d/1J4JYUNgFFDk6kPw3d03fv1_6rzm-mLmM/edit?usp=drivesdk&ouid=101667783075862487943&rtpof=true&sd=true
[2026-09-05 03:44:02] ✅ 完成處理：20260905專員個資-台北.xlsx
[2026-09-05 03:44:02] ✅ 台北 全部完成
[2026-09-05 03:44:02] 
[2026-09-05 03:44:02] === 開始處理 台中 ===
[2026-09-05 03:44:02] 開始登入：jenny.tc@lemonclean.com.tw
[2026-09-05 03:44:03] 登入成功：jenny.tc@lemonclean.com.tw
[2026-09-05 03:44:03] 開始下載：city=台中 / filename=20260905專員個資-台中.xlsx
[2026-09-05 03:44:04] ✅ 已下載到暫存：/tmp/tmp1vnb2a0k/20260905專員個資-台中.xlsx
[2026-09-05 03:44:04] 📦 檔案大小：59904 bytes
[2026-09-05 03:44:04] 📂 暫存目錄存在：True
[2026-09-05 03:44:04] 📄 暫存檔案存在：True
[2026-09-05 03:44:04] 目前不是 Jenny 本機環境，略過本機存檔
[2026-09-05 03:44:04] Google Drive 初始化成功
[2026-09-05 03:44:04] 準備上傳到 Google Drive：20260905專員個資-台中.xlsx
[2026-09-05 03:44:06] ☁️ 已上傳新檔：20260905專員個資-台中.xlsx (file_id=1hOKeSqh7dGfWCnzq3A5nd8vXaOG4nPgZ) https://docs.google.com/spreadsheets/d/1hOKeSqh7dGfWCnzq3A5nd8vXaOG4nPgZ/edit?usp=drivesdk&ouid=101667783075862487943&rtpof=true&sd=true
[2026-09-05 03:44:06] ✅ 完成處理：20260905專員個資-台中.xlsx
[2026-09-05 03:44:06] ✅ 台中 全部完成
[2026-09-05 03:44:06] 🎉 staff_info.py 全部完成

完成執行：專員個資
scheduled_daily scheduler 全部完成
