📋 log_spreadsheet_id 已從設定檔載入
📝 外場排程打卡：外場專員個資 / running
Command: /opt/hostedtoolcache/Python/3.11.16/x64/bin/python -u -m tools.field_management.staff_profile --date 20260926 --system-name 外場排程系統 --run-type 排程
[2026-09-26 08:19:05] 開始處理專員個資：20260926專員個資-台北
🔄 Jenny OAuth 已將來源 Excel 轉成暫存 Google Sheet：1wRsJCxuIvD1EqvNeXiv_hyZcDVuuib6yiX1575K7toE
🗑️ 已刪除來源暫存 Google Sheet：1wRsJCxuIvD1EqvNeXiv_hyZcDVuuib6yiX1575K7toE
[2026-09-26 08:19:13] 完成專員個資：20260926專員個資-台北.xlsx → 專員個人資料!A4:C / rows=97
[2026-09-26 08:19:14] 開始處理訂單截取：20260926訂單-台北
🔄 Jenny OAuth 已將來源 Excel 轉成暫存 Google Sheet：1h4_vjazRl4r1KhVFERy1p0dhVDKLap_ZZWI6DT-HrlM
🗑️ 已刪除來源暫存 Google Sheet：1h4_vjazRl4r1KhVFERy1p0dhVDKLap_ZZWI6DT-HrlM
[2026-09-26 08:19:26] 完成訂單截取：20260926訂單-台北.xls → 專員個人資料!G1:N / rows=1183
[2026-09-26 08:19:28] 開始處理專員個資：20260926專員個資-台中
🔄 Jenny OAuth 已將來源 Excel 轉成暫存 Google Sheet：1GXCF22l50cOO1eBuxPzgBNGJGwqaBtzRSG9EsTL3OPI
🗑️ 已刪除來源暫存 Google Sheet：1GXCF22l50cOO1eBuxPzgBNGJGwqaBtzRSG9EsTL3OPI
[2026-09-26 08:19:37] 完成專員個資：20260926專員個資-台中.xlsx → 專員個人資料!A4:C / rows=16
[2026-09-26 08:19:39] 開始處理訂單截取：20260926訂單-台中
🔄 Jenny OAuth 已將來源 Excel 轉成暫存 Google Sheet：1R7eFVmqsuC6a3nyQSx93zL4XNeT_bOM-IyIOcVdtq6Q
🗑️ 已刪除來源暫存 Google Sheet：1R7eFVmqsuC6a3nyQSx93zL4XNeT_bOM-IyIOcVdtq6Q
[2026-09-26 08:19:49] 完成訂單截取：20260926訂單-台中.xls → 專員個人資料!G1:N / rows=101
[2026-09-26 08:19:50] staff_profile.py 全部完成

📝 外場排程打卡：外場專員個資 / success
field_management scheduler 全部完成
