開始執行：排班統計表
⚠️ 一鍵日排程 secrets TOML 注入失敗：No secrets found. Valid paths for a secrets.toml file or secret directories are: /home/runner/.streamlit/secrets.toml, /home/runner/work/tool-system/tool-system/.streamlit/secrets.toml
⚠️ 一鍵日排程 secrets env 注入失敗：No secrets found. Valid paths for a secrets.toml file or secret directories are: /home/runner/.streamlit/secrets.toml, /home/runner/work/tool-system/tool-system/.streamlit/secrets.toml
OAuth env ready = True
OAuth bootstrap forced = True
Command: Python bootstrap -> /home/runner/work/tool-system/tool-system/tools/scheduled_daily/schedule_report.py
[2026-09-26 04:12:21] ====================================================
[2026-09-26 04:12:21] schedule_report.py 開始執行
[2026-09-26 04:12:21] GITHUB_ACTIONS = true
[2026-09-26 04:12:21] PWD = /home/runner/work/tool-system/tool-system
[2026-09-26 04:12:21] LOCAL_OUTPUT_DIR = /Users/jenny/Library/CloudStorage/GoogleDrive-jenny@lemonclean.com.tw/.shortcut-targets-by-id/1zbu45AG1adMzz24HPdi_tLfh2Tncw_Br/排班統計表
[2026-09-26 04:12:21] LOCAL_OUTPUT_DIR exists = False
[2026-09-26 04:12:21] can_use_local_output_dir = False
[2026-09-26 04:12:21] root folder_id = 11O6eKHQ1e3Irqps7Kq1XJOSVVge3pCAc
[2026-09-26 04:12:21] ====================================================
[2026-09-26 04:12:21] Google Drive 初始化成功
[2026-09-26 04:12:22] 📁 使用既有資料夾：排班統計表
[2026-09-26 04:12:22] this_month = 2026-09
[2026-09-26 04:12:22] next_month = 2026-10
[2026-09-26 04:12:22] today_stamp = 20260926
[2026-09-26 04:12:22] next_month_stamp = 20261026
[2026-09-26 04:12:22] 排班統計表 folder_id = 18XDXdrCSsLYwSzz1Da9pQh-jGm2h2Ed8
[2026-09-26 04:12:22] 帳號數量 = 2
[2026-09-26 04:12:22] 
[2026-09-26 04:12:22] === 開始處理 台北 ===
[2026-09-26 04:12:22] 開始登入：jenny@lemonclean.com.tw
[2026-09-26 04:12:23] 登入成功：jenny@lemonclean.com.tw
[2026-09-26 04:12:23] 開始下載：month=2026-09 / filename=20260926排班統計表-台北.xlsx
[2026-09-26 04:12:25] ✅ 已下載到暫存：/tmp/tmpokjizgl2/20260926排班統計表-台北.xlsx
[2026-09-26 04:12:25] 📦 檔案大小：17920 bytes
[2026-09-26 04:12:25] 📂 暫存目錄存在：True
[2026-09-26 04:12:25] 📄 暫存檔案存在：True
[2026-09-26 04:12:25] 目前不是 Jenny 本機環境，略過本機存檔
[2026-09-26 04:12:25] Google Drive 初始化成功
[2026-09-26 04:12:25] 準備上傳到 Google Drive：20260926排班統計表-台北.xlsx
[2026-09-26 04:12:27] ☁️ 已上傳新檔：20260926排班統計表-台北.xlsx (file_id=1VIlpUgPoJIqRVAehpaxcGFr8eR1_RNFd) https://docs.google.com/spreadsheets/d/1VIlpUgPoJIqRVAehpaxcGFr8eR1_RNFd/edit?usp=drivesdk&ouid=101667783075862487943&rtpof=true&sd=true
[2026-09-26 04:12:27] ✅ 完成處理：20260926排班統計表-台北.xlsx
[2026-09-26 04:12:27] 開始下載：month=2026-10 / filename=20261026排班統計表-台北.xlsx
[2026-09-26 04:12:28] ✅ 已下載到暫存：/tmp/tmp26ok0j64/20261026排班統計表-台北.xlsx
[2026-09-26 04:12:28] 📦 檔案大小：16384 bytes
[2026-09-26 04:12:28] 📂 暫存目錄存在：True
[2026-09-26 04:12:28] 📄 暫存檔案存在：True
[2026-09-26 04:12:28] 目前不是 Jenny 本機環境，略過本機存檔
[2026-09-26 04:12:28] Google Drive 初始化成功
[2026-09-26 04:12:28] 準備上傳到 Google Drive：20261026排班統計表-台北.xlsx
[2026-09-26 04:12:31] ☁️ 已上傳新檔：20261026排班統計表-台北.xlsx (file_id=1u3PYC_ZJwTkkhTpO9zWTj95Zd7UD9kXd) https://docs.google.com/spreadsheets/d/1u3PYC_ZJwTkkhTpO9zWTj95Zd7UD9kXd/edit?usp=drivesdk&ouid=101667783075862487943&rtpof=true&sd=true
[2026-09-26 04:12:31] ✅ 完成處理：20261026排班統計表-台北.xlsx
[2026-09-26 04:12:31] ✅ 台北 全部完成
[2026-09-26 04:12:31] 
[2026-09-26 04:12:31] === 開始處理 台中 ===
[2026-09-26 04:12:31] 開始登入：jenny.tc@lemonclean.com.tw
[2026-09-26 04:12:32] 登入成功：jenny.tc@lemonclean.com.tw
[2026-09-26 04:12:32] 開始下載：month=2026-09 / filename=20260926排班統計表-台中.xlsx
[2026-09-26 04:12:32] ✅ 已下載到暫存：/tmp/tmp0oe4likk/20260926排班統計表-台中.xlsx
[2026-09-26 04:12:32] 📦 檔案大小：6144 bytes
[2026-09-26 04:12:32] 📂 暫存目錄存在：True
[2026-09-26 04:12:32] 📄 暫存檔案存在：True
[2026-09-26 04:12:32] 目前不是 Jenny 本機環境，略過本機存檔
[2026-09-26 04:12:32] Google Drive 初始化成功
[2026-09-26 04:12:32] 準備上傳到 Google Drive：20260926排班統計表-台中.xlsx
[2026-09-26 04:12:35] ☁️ 已上傳新檔：20260926排班統計表-台中.xlsx (file_id=1SR12jdILgws6v09hZ02o2VjfLf_6Dnkg) https://docs.google.com/spreadsheets/d/1SR12jdILgws6v09hZ02o2VjfLf_6Dnkg/edit?usp=drivesdk&ouid=101667783075862487943&rtpof=true&sd=true
[2026-09-26 04:12:35] ✅ 完成處理：20260926排班統計表-台中.xlsx
[2026-09-26 04:12:35] 開始下載：month=2026-10 / filename=20261026排班統計表-台中.xlsx
[2026-09-26 04:12:35] ✅ 已下載到暫存：/tmp/tmpezvkw3ss/20261026排班統計表-台中.xlsx
[2026-09-26 04:12:35] 📦 檔案大小：5632 bytes
[2026-09-26 04:12:35] 📂 暫存目錄存在：True
[2026-09-26 04:12:35] 📄 暫存檔案存在：True
[2026-09-26 04:12:35] 目前不是 Jenny 本機環境，略過本機存檔
[2026-09-26 04:12:35] Google Drive 初始化成功
[2026-09-26 04:12:35] 準備上傳到 Google Drive：20261026排班統計表-台中.xlsx
[2026-09-26 04:12:38] ☁️ 已上傳新檔：20261026排班統計表-台中.xlsx (file_id=1y-hKoOiKiUJ3lOcn2fRGeI-5HdKhwe5z) https://docs.google.com/spreadsheets/d/1y-hKoOiKiUJ3lOcn2fRGeI-5HdKhwe5z/edit?usp=drivesdk&ouid=101667783075862487943&rtpof=true&sd=true
[2026-09-26 04:12:38] ✅ 完成處理：20261026排班統計表-台中.xlsx
[2026-09-26 04:12:38] ✅ 台中 全部完成
[2026-09-26 04:12:38] 🎉 schedule_report.py 全部完成

完成執行：排班統計表
scheduled_daily scheduler 全部完成
