2026-09-26 00:20:24 [INFO] === 客服排程系統 run_id=79662ecb step=1 台北時間=2026-09-26 08:20:24 ===
2026-09-26 00:20:24 [INFO] 目標試算表 ID 來源：環境變數 SERVICE_TARGET_SPREADSHEET_ID
2026-09-26 00:20:24 [INFO] file_cache is only supported with oauth2client<4.0.0
2026-09-26 00:20:38 [INFO] --- Step1_更新排班統計表 ---
2026-09-26 00:20:40 [INFO] file_cache is only supported with oauth2client<4.0.0
2026-09-26 00:20:40 [INFO] 本次視窗：202609 ~ 202610（共 2 個月）
2026-09-26 00:20:41 [INFO] Drive 資料夾找到 208 個檔案
2026-09-26 00:20:41 [INFO]   找到檔案：20261026排班統計表-台中.xlsx (application/vnd.openxmlformats-officedocument.spreadsheetml.sheet)
2026-09-26 00:20:41 [INFO]   找到檔案：20260926排班統計表-台中.xlsx (application/vnd.openxmlformats-officedocument.spreadsheetml.sheet)
2026-09-26 00:20:41 [INFO]   找到檔案：20261026排班統計表-台北.xlsx (application/vnd.openxmlformats-officedocument.spreadsheetml.sheet)
2026-09-26 00:20:41 [INFO]   找到檔案：20260926排班統計表-台北.xlsx (application/vnd.openxmlformats-officedocument.spreadsheetml.sheet)
2026-09-26 00:20:41 [INFO]   找到檔案：20261025排班統計表-台中 (application/vnd.google-apps.spreadsheet)
2026-09-26 00:20:41 [INFO]   找到檔案：20261025排班統計表-台北 (application/vnd.google-apps.spreadsheet)
2026-09-26 00:20:41 [INFO]   找到檔案：20260925排班統計表-台中 (application/vnd.google-apps.spreadsheet)
2026-09-26 00:20:41 [INFO]   找到檔案：20260925排班統計表-台北 (application/vnd.google-apps.spreadsheet)
2026-09-26 00:20:41 [INFO]   找到檔案：20261025排班統計表-台中.xlsx (application/vnd.openxmlformats-officedocument.spreadsheetml.sheet)
2026-09-26 00:20:41 [INFO]   找到檔案：20260925排班統計表-台中.xlsx (application/vnd.openxmlformats-officedocument.spreadsheetml.sheet)
2026-09-26 00:20:41 [INFO]   找到檔案：20261025排班統計表-台北.xlsx (application/vnd.openxmlformats-officedocument.spreadsheetml.sheet)
2026-09-26 00:20:41 [INFO]   找到檔案：20260925排班統計表-台北.xlsx (application/vnd.openxmlformats-officedocument.spreadsheetml.sheet)
2026-09-26 00:20:41 [INFO]   找到檔案：20261024排班統計表-台中 (application/vnd.google-apps.spreadsheet)
2026-09-26 00:20:41 [INFO]   找到檔案：20261024排班統計表-台北 (application/vnd.google-apps.spreadsheet)
2026-09-26 00:20:41 [INFO]   找到檔案：20260924排班統計表-台中 (application/vnd.google-apps.spreadsheet)
2026-09-26 00:20:41 [INFO]   找到檔案：20260924排班統計表-台北 (application/vnd.google-apps.spreadsheet)
2026-09-26 00:20:41 [INFO]   找到檔案：20261024排班統計表-台中.xlsx (application/vnd.openxmlformats-officedocument.spreadsheetml.sheet)
2026-09-26 00:20:41 [INFO]   找到檔案：20260924排班統計表-台中.xlsx (application/vnd.openxmlformats-officedocument.spreadsheetml.sheet)
2026-09-26 00:20:41 [INFO]   找到檔案：20261024排班統計表-台北.xlsx (application/vnd.openxmlformats-officedocument.spreadsheetml.sheet)
2026-09-26 00:20:41 [INFO]   找到檔案：20260924排班統計表-台北.xlsx (application/vnd.openxmlformats-officedocument.spreadsheetml.sheet)
2026-09-26 00:20:41 [INFO]   找到檔案：20261023排班統計表-台中 (application/vnd.google-apps.spreadsheet)
2026-09-26 00:20:41 [INFO]   找到檔案：20261023排班統計表-台北 (application/vnd.google-apps.spreadsheet)
2026-09-26 00:20:41 [INFO]   找到檔案：20260923排班統計表-台中 (application/vnd.google-apps.spreadsheet)
2026-09-26 00:20:41 [INFO]   找到檔案：20260923排班統計表-台北 (application/vnd.google-apps.spreadsheet)
2026-09-26 00:20:41 [INFO]   找到檔案：20261023排班統計表-台中.xlsx (application/vnd.openxmlformats-officedocument.spreadsheetml.sheet)
2026-09-26 00:20:41 [INFO]   找到檔案：20260923排班統計表-台中.xlsx (application/vnd.openxmlformats-officedocument.spreadsheetml.sheet)
2026-09-26 00:20:41 [INFO]   找到檔案：20261023排班統計表-台北.xlsx (application/vnd.openxmlformats-officedocument.spreadsheetml.sheet)
2026-09-26 00:20:41 [INFO]   找到檔案：20260923排班統計表-台北.xlsx (application/vnd.openxmlformats-officedocument.spreadsheetml.sheet)
2026-09-26 00:20:41 [INFO]   找到檔案：20261022排班統計表-台中 (application/vnd.google-apps.spreadsheet)
2026-09-26 00:20:41 [INFO]   找到檔案：20261022排班統計表-台北 (application/vnd.google-apps.spreadsheet)
2026-09-26 00:20:41 [INFO]   找到檔案：20260922排班統計表-台中 (application/vnd.google-apps.spreadsheet)
2026-09-26 00:20:41 [INFO]   找到檔案：20260922排班統計表-台北 (application/vnd.google-apps.spreadsheet)
2026-09-26 00:20:41 [INFO]   找到檔案：20261022排班統計表-台中.xlsx (application/vnd.openxmlformats-officedocument.spreadsheetml.sheet)
2026-09-26 00:20:41 [INFO]   找到檔案：20260922排班統計表-台中.xlsx (application/vnd.openxmlformats-officedocument.spreadsheetml.sheet)
2026-09-26 00:20:41 [INFO]   找到檔案：20261022排班統計表-台北.xlsx (application/vnd.openxmlformats-officedocument.spreadsheetml.sheet)
2026-09-26 00:20:41 [INFO]   找到檔案：20260922排班統計表-台北.xlsx (application/vnd.openxmlformats-officedocument.spreadsheetml.sheet)
2026-09-26 00:20:41 [INFO]   找到檔案：20261021排班統計表-台中 (application/vnd.google-apps.spreadsheet)
2026-09-26 00:20:41 [INFO]   找到檔案：20261021排班統計表-台北 (application/vnd.google-apps.spreadsheet)
2026-09-26 00:20:41 [INFO]   找到檔案：20260921排班統計表-台中 (application/vnd.google-apps.spreadsheet)
2026-09-26 00:20:41 [INFO]   找到檔案：20260921排班統計表-台北 (application/vnd.google-apps.spreadsheet)
2026-09-26 00:20:41 [INFO]   找到檔案：20261021排班統計表-台中.xlsx (application/vnd.openxmlformats-officedocument.spreadsheetml.sheet)
2026-09-26 00:20:41 [INFO]   找到檔案：20260921排班統計表-台中.xlsx (application/vnd.openxmlformats-officedocument.spreadsheetml.sheet)
2026-09-26 00:20:41 [INFO]   找到檔案：20261021排班統計表-台北.xlsx (application/vnd.openxmlformats-officedocument.spreadsheetml.sheet)
2026-09-26 00:20:41 [INFO]   找到檔案：20260921排班統計表-台北.xlsx (application/vnd.openxmlformats-officedocument.spreadsheetml.sheet)
2026-09-26 00:20:41 [INFO]   找到檔案：20261020排班統計表-台中 (application/vnd.google-apps.spreadsheet)
2026-09-26 00:20:41 [INFO]   找到檔案：20261020排班統計表-台北 (application/vnd.google-apps.spreadsheet)
2026-09-26 00:20:41 [INFO]   找到檔案：20260920排班統計表-台中 (application/vnd.google-apps.spreadsheet)
2026-09-26 00:20:41 [INFO]   找到檔案：20260920排班統計表-台北 (application/vnd.google-apps.spreadsheet)
2026-09-26 00:20:41 [INFO]   找到檔案：20261020排班統計表-台中.xlsx (application/vnd.openxmlformats-officedocument.spreadsheetml.sheet)
2026-09-26 00:20:41 [INFO]   找到檔案：20260920排班統計表-台中.xlsx (application/vnd.openxmlformats-officedocument.spreadsheetml.sheet)
2026-09-26 00:20:41 [INFO]   找到檔案：20261020排班統計表-台北.xlsx (application/vnd.openxmlformats-officedocument.spreadsheetml.sheet)
2026-09-26 00:20:41 [INFO]   找到檔案：20260920排班統計表-台北.xlsx (application/vnd.openxmlformats-officedocument.spreadsheetml.sheet)
2026-09-26 00:20:41 [INFO]   找到檔案：20261019排班統計表-台中 (application/vnd.google-apps.spreadsheet)
2026-09-26 00:20:41 [INFO]   找到檔案：20261019排班統計表-台北 (application/vnd.google-apps.spreadsheet)
2026-09-26 00:20:41 [INFO]   找到檔案：20260919排班統計表-台中 (application/vnd.google-apps.spreadsheet)
2026-09-26 00:20:41 [INFO]   找到檔案：20260919排班統計表-台北 (application/vnd.google-apps.spreadsheet)
2026-09-26 00:20:41 [INFO]   找到檔案：20261019排班統計表-台中.xlsx (application/vnd.openxmlformats-officedocument.spreadsheetml.sheet)
2026-09-26 00:20:41 [INFO]   找到檔案：20260919排班統計表-台中.xlsx (application/vnd.openxmlformats-officedocument.spreadsheetml.sheet)
2026-09-26 00:20:41 [INFO]   找到檔案：20261019排班統計表-台北.xlsx (application/vnd.openxmlformats-officedocument.spreadsheetml.sheet)
2026-09-26 00:20:41 [INFO]   找到檔案：20260919排班統計表-台北.xlsx (application/vnd.openxmlformats-officedocument.spreadsheetml.sheet)
2026-09-26 00:20:41 [INFO]   找到檔案：20261018排班統計表-台中 (application/vnd.google-apps.spreadsheet)
2026-09-26 00:20:41 [INFO]   找到檔案：20261018排班統計表-台北 (application/vnd.google-apps.spreadsheet)
2026-09-26 00:20:41 [INFO]   找到檔案：20260918排班統計表-台中 (application/vnd.google-apps.spreadsheet)
2026-09-26 00:20:41 [INFO]   找到檔案：20260918排班統計表-台北 (application/vnd.google-apps.spreadsheet)
2026-09-26 00:20:41 [INFO]   找到檔案：20261018排班統計表-台中.xlsx (application/vnd.openxmlformats-officedocument.spreadsheetml.sheet)
2026-09-26 00:20:41 [INFO]   找到檔案：20260918排班統計表-台中.xlsx (application/vnd.openxmlformats-officedocument.spreadsheetml.sheet)
2026-09-26 00:20:41 [INFO]   找到檔案：20261018排班統計表-台北.xlsx (application/vnd.openxmlformats-officedocument.spreadsheetml.sheet)
2026-09-26 00:20:41 [INFO]   找到檔案：20260918排班統計表-台北.xlsx (application/vnd.openxmlformats-officedocument.spreadsheetml.sheet)
2026-09-26 00:20:41 [INFO]   找到檔案：20261017排班統計表-台中 (application/vnd.google-apps.spreadsheet)
2026-09-26 00:20:41 [INFO]   找到檔案：20261017排班統計表-台北 (application/vnd.google-apps.spreadsheet)
2026-09-26 00:20:41 [INFO]   找到檔案：20260917排班統計表-台中 (application/vnd.google-apps.spreadsheet)
2026-09-26 00:20:41 [INFO]   找到檔案：20260917排班統計表-台北 (application/vnd.google-apps.spreadsheet)
2026-09-26 00:20:41 [INFO]   找到檔案：20261017排班統計表-台中.xlsx (application/vnd.openxmlformats-officedocument.spreadsheetml.sheet)
2026-09-26 00:20:41 [INFO]   找到檔案：20260917排班統計表-台中.xlsx (application/vnd.openxmlformats-officedocument.spreadsheetml.sheet)
2026-09-26 00:20:41 [INFO]   找到檔案：20261017排班統計表-台北.xlsx (application/vnd.openxmlformats-officedocument.spreadsheetml.sheet)
2026-09-26 00:20:41 [INFO]   找到檔案：20260917排班統計表-台北.xlsx (application/vnd.openxmlformats-officedocument.spreadsheetml.sheet)
2026-09-26 00:20:41 [INFO]   找到檔案：20261016排班統計表-台中 (application/vnd.google-apps.spreadsheet)
2026-09-26 00:20:41 [INFO]   找到檔案：20261016排班統計表-台北 (application/vnd.google-apps.spreadsheet)
2026-09-26 00:20:41 [INFO]   找到檔案：20260916排班統計表-台中 (application/vnd.google-apps.spreadsheet)
2026-09-26 00:20:41 [INFO]   找到檔案：20260916排班統計表-台北 (application/vnd.google-apps.spreadsheet)
2026-09-26 00:20:41 [INFO]   找到檔案：20261016排班統計表-台中.xlsx (application/vnd.openxmlformats-officedocument.spreadsheetml.sheet)
2026-09-26 00:20:41 [INFO]   找到檔案：20260916排班統計表-台中.xlsx (application/vnd.openxmlformats-officedocument.spreadsheetml.sheet)
2026-09-26 00:20:41 [INFO]   找到檔案：20261016排班統計表-台北.xlsx (application/vnd.openxmlformats-officedocument.spreadsheetml.sheet)
2026-09-26 00:20:41 [INFO]   找到檔案：20260916排班統計表-台北.xlsx (application/vnd.openxmlformats-officedocument.spreadsheetml.sheet)
2026-09-26 00:20:41 [INFO]   找到檔案：20261015排班統計表-台中.xlsx (application/vnd.openxmlformats-officedocument.spreadsheetml.sheet)
2026-09-26 00:20:41 [INFO]   找到檔案：20260915排班統計表-台中.xlsx (application/vnd.openxmlformats-officedocument.spreadsheetml.sheet)
2026-09-26 00:20:41 [INFO]   找到檔案：20261015排班統計表-台北.xlsx (application/vnd.openxmlformats-officedocument.spreadsheetml.sheet)
2026-09-26 00:20:41 [INFO]   找到檔案：20260915排班統計表-台北.xlsx (application/vnd.openxmlformats-officedocument.spreadsheetml.sheet)
2026-09-26 00:20:41 [INFO]   找到檔案：20261015排班統計表-台中 (application/vnd.google-apps.spreadsheet)
2026-09-26 00:20:41 [INFO]   找到檔案：20261015排班統計表-台北 (application/vnd.google-apps.spreadsheet)
2026-09-26 00:20:41 [INFO]   找到檔案：20260915排班統計表-台中 (application/vnd.google-apps.spreadsheet)
2026-09-26 00:20:41 [INFO]   找到檔案：20260915排班統計表-台北 (application/vnd.google-apps.spreadsheet)
2026-09-26 00:20:41 [INFO]   找到檔案：20261014排班統計表-台中 (application/vnd.google-apps.spreadsheet)
2026-09-26 00:20:41 [INFO]   找到檔案：20261014排班統計表-台北 (application/vnd.google-apps.spreadsheet)
2026-09-26 00:20:41 [INFO]   找到檔案：20260914排班統計表-台中 (application/vnd.google-apps.spreadsheet)
2026-09-26 00:20:41 [INFO]   找到檔案：20260914排班統計表-台北 (application/vnd.google-apps.spreadsheet)
2026-09-26 00:20:41 [INFO]   找到檔案：20261014排班統計表-台中.xlsx (application/vnd.openxmlformats-officedocument.spreadsheetml.sheet)
2026-09-26 00:20:41 [INFO]   找到檔案：20260914排班統計表-台中.xlsx (application/vnd.openxmlformats-officedocument.spreadsheetml.sheet)
2026-09-26 00:20:41 [INFO]   找到檔案：20261014排班統計表-台北.xlsx (application/vnd.openxmlformats-officedocument.spreadsheetml.sheet)
2026-09-26 00:20:41 [INFO]   找到檔案：20260914排班統計表-台北.xlsx (application/vnd.openxmlformats-officedocument.spreadsheetml.sheet)
2026-09-26 00:20:41 [INFO]   找到檔案：20261013排班統計表-台中 (application/vnd.google-apps.spreadsheet)
2026-09-26 00:20:41 [INFO]   找到檔案：20261013排班統計表-台北 (application/vnd.google-apps.spreadsheet)
2026-09-26 00:20:41 [INFO]   找到檔案：20260913排班統計表-台中 (application/vnd.google-apps.spreadsheet)
2026-09-26 00:20:41 [INFO]   找到檔案：20260913排班統計表-台北 (application/vnd.google-apps.spreadsheet)
2026-09-26 00:20:41 [INFO]   找到檔案：20261013排班統計表-台中.xlsx (application/vnd.openxmlformats-officedocument.spreadsheetml.sheet)
2026-09-26 00:20:41 [INFO]   找到檔案：20260913排班統計表-台中.xlsx (application/vnd.openxmlformats-officedocument.spreadsheetml.sheet)
2026-09-26 00:20:41 [INFO]   找到檔案：20261013排班統計表-台北.xlsx (application/vnd.openxmlformats-officedocument.spreadsheetml.sheet)
2026-09-26 00:20:41 [INFO]   找到檔案：20260913排班統計表-台北.xlsx (application/vnd.openxmlformats-officedocument.spreadsheetml.sheet)
2026-09-26 00:20:41 [INFO]   找到檔案：20261012排班統計表-台中 (application/vnd.google-apps.spreadsheet)
2026-09-26 00:20:41 [INFO]   找到檔案：20261012排班統計表-台北 (application/vnd.google-apps.spreadsheet)
2026-09-26 00:20:41 [INFO]   找到檔案：20260912排班統計表-台中 (application/vnd.google-apps.spreadsheet)
2026-09-26 00:20:41 [INFO]   找到檔案：20260912排班統計表-台北 (application/vnd.google-apps.spreadsheet)
2026-09-26 00:20:41 [INFO]   找到檔案：20261012排班統計表-台中.xlsx (application/vnd.openxmlformats-officedocument.spreadsheetml.sheet)
2026-09-26 00:20:41 [INFO]   找到檔案：20260912排班統計表-台中.xlsx (application/vnd.openxmlformats-officedocument.spreadsheetml.sheet)
2026-09-26 00:20:41 [INFO]   找到檔案：20261012排班統計表-台北.xlsx (application/vnd.openxmlformats-officedocument.spreadsheetml.sheet)
2026-09-26 00:20:41 [INFO]   找到檔案：20260912排班統計表-台北.xlsx (application/vnd.openxmlformats-officedocument.spreadsheetml.sheet)
2026-09-26 00:20:41 [INFO]   找到檔案：20261011排班統計表-台中 (application/vnd.google-apps.spreadsheet)
2026-09-26 00:20:41 [INFO]   找到檔案：20261011排班統計表-台北 (application/vnd.google-apps.spreadsheet)
2026-09-26 00:20:41 [INFO]   找到檔案：20260911排班統計表-台中 (application/vnd.google-apps.spreadsheet)
2026-09-26 00:20:41 [INFO]   找到檔案：20260911排班統計表-台北 (application/vnd.google-apps.spreadsheet)
2026-09-26 00:20:41 [INFO]   找到檔案：20261011排班統計表-台中.xlsx (application/vnd.openxmlformats-officedocument.spreadsheetml.sheet)
2026-09-26 00:20:41 [INFO]   找到檔案：20260911排班統計表-台中.xlsx (application/vnd.openxmlformats-officedocument.spreadsheetml.sheet)
2026-09-26 00:20:41 [INFO]   找到檔案：20261011排班統計表-台北.xlsx (application/vnd.openxmlformats-officedocument.spreadsheetml.sheet)
2026-09-26 00:20:41 [INFO]   找到檔案：20260911排班統計表-台北.xlsx (application/vnd.openxmlformats-officedocument.spreadsheetml.sheet)
2026-09-26 00:20:41 [INFO]   找到檔案：20261010排班統計表-台中 (application/vnd.google-apps.spreadsheet)
2026-09-26 00:20:41 [INFO]   找到檔案：20261010排班統計表-台北 (application/vnd.google-apps.spreadsheet)
2026-09-26 00:20:41 [INFO]   找到檔案：20260910排班統計表-台中 (application/vnd.google-apps.spreadsheet)
2026-09-26 00:20:41 [INFO]   找到檔案：20260910排班統計表-台北 (application/vnd.google-apps.spreadsheet)
2026-09-26 00:20:41 [INFO]   找到檔案：20261010排班統計表-台中.xlsx (application/vnd.openxmlformats-officedocument.spreadsheetml.sheet)
2026-09-26 00:20:41 [INFO]   找到檔案：20260910排班統計表-台中.xlsx (application/vnd.openxmlformats-officedocument.spreadsheetml.sheet)
2026-09-26 00:20:41 [INFO]   找到檔案：20261010排班統計表-台北.xlsx (application/vnd.openxmlformats-officedocument.spreadsheetml.sheet)
2026-09-26 00:20:41 [INFO]   找到檔案：20260910排班統計表-台北.xlsx (application/vnd.openxmlformats-officedocument.spreadsheetml.sheet)
2026-09-26 00:20:41 [INFO]   找到檔案：20261009排班統計表-台中 (application/vnd.google-apps.spreadsheet)
2026-09-26 00:20:41 [INFO]   找到檔案：20261009排班統計表-台北 (application/vnd.google-apps.spreadsheet)
2026-09-26 00:20:41 [INFO]   找到檔案：20260909排班統計表-台中 (application/vnd.google-apps.spreadsheet)
2026-09-26 00:20:41 [INFO]   找到檔案：20260909排班統計表-台北 (application/vnd.google-apps.spreadsheet)
2026-09-26 00:20:41 [INFO]   找到檔案：20261009排班統計表-台中.xlsx (application/vnd.openxmlformats-officedocument.spreadsheetml.sheet)
2026-09-26 00:20:41 [INFO]   找到檔案：20260909排班統計表-台中.xlsx (application/vnd.openxmlformats-officedocument.spreadsheetml.sheet)
2026-09-26 00:20:41 [INFO]   找到檔案：20261009排班統計表-台北.xlsx (application/vnd.openxmlformats-officedocument.spreadsheetml.sheet)
2026-09-26 00:20:41 [INFO]   找到檔案：20260909排班統計表-台北.xlsx (application/vnd.openxmlformats-officedocument.spreadsheetml.sheet)
2026-09-26 00:20:41 [INFO]   找到檔案：20261008排班統計表-台中 (application/vnd.google-apps.spreadsheet)
2026-09-26 00:20:41 [INFO]   找到檔案：20261008排班統計表-台北 (application/vnd.google-apps.spreadsheet)
2026-09-26 00:20:41 [INFO]   找到檔案：20260908排班統計表-台中 (application/vnd.google-apps.spreadsheet)
2026-09-26 00:20:41 [INFO]   找到檔案：20260908排班統計表-台北 (application/vnd.google-apps.spreadsheet)
2026-09-26 00:20:41 [INFO]   找到檔案：20261008排班統計表-台中.xlsx (application/vnd.openxmlformats-officedocument.spreadsheetml.sheet)
2026-09-26 00:20:41 [INFO]   找到檔案：20260908排班統計表-台中.xlsx (application/vnd.openxmlformats-officedocument.spreadsheetml.sheet)
2026-09-26 00:20:41 [INFO]   找到檔案：20261008排班統計表-台北.xlsx (application/vnd.openxmlformats-officedocument.spreadsheetml.sheet)
2026-09-26 00:20:41 [INFO]   找到檔案：20260908排班統計表-台北.xlsx (application/vnd.openxmlformats-officedocument.spreadsheetml.sheet)
2026-09-26 00:20:41 [INFO]   找到檔案：20261007排班統計表-台中 (application/vnd.google-apps.spreadsheet)
2026-09-26 00:20:41 [INFO]   找到檔案：20261007排班統計表-台北 (application/vnd.google-apps.spreadsheet)
2026-09-26 00:20:41 [INFO]   找到檔案：20260907排班統計表-台中 (application/vnd.google-apps.spreadsheet)
2026-09-26 00:20:41 [INFO]   找到檔案：20260907排班統計表-台北 (application/vnd.google-apps.spreadsheet)
2026-09-26 00:20:41 [INFO]   找到檔案：20261007排班統計表-台中.xlsx (application/vnd.openxmlformats-officedocument.spreadsheetml.sheet)
2026-09-26 00:20:41 [INFO]   找到檔案：20260907排班統計表-台中.xlsx (application/vnd.openxmlformats-officedocument.spreadsheetml.sheet)
2026-09-26 00:20:41 [INFO]   找到檔案：20261007排班統計表-台北.xlsx (application/vnd.openxmlformats-officedocument.spreadsheetml.sheet)
2026-09-26 00:20:41 [INFO]   找到檔案：20260907排班統計表-台北.xlsx (application/vnd.openxmlformats-officedocument.spreadsheetml.sheet)
2026-09-26 00:20:41 [INFO]   找到檔案：20261006排班統計表-台中 (application/vnd.google-apps.spreadsheet)
2026-09-26 00:20:41 [INFO]   找到檔案：20261006排班統計表-台北 (application/vnd.google-apps.spreadsheet)
2026-09-26 00:20:41 [INFO]   找到檔案：20260906排班統計表-台中 (application/vnd.google-apps.spreadsheet)
2026-09-26 00:20:41 [INFO]   找到檔案：20260906排班統計表-台北 (application/vnd.google-apps.spreadsheet)
2026-09-26 00:20:41 [INFO]   找到檔案：20261006排班統計表-台中.xlsx (application/vnd.openxmlformats-officedocument.spreadsheetml.sheet)
2026-09-26 00:20:41 [INFO]   找到檔案：20260906排班統計表-台中.xlsx (application/vnd.openxmlformats-officedocument.spreadsheetml.sheet)
2026-09-26 00:20:41 [INFO]   找到檔案：20261006排班統計表-台北.xlsx (application/vnd.openxmlformats-officedocument.spreadsheetml.sheet)
2026-09-26 00:20:41 [INFO]   找到檔案：20260906排班統計表-台北.xlsx (application/vnd.openxmlformats-officedocument.spreadsheetml.sheet)
2026-09-26 00:20:41 [INFO]   找到檔案：20261005排班統計表-台中 (application/vnd.google-apps.spreadsheet)
2026-09-26 00:20:41 [INFO]   找到檔案：20261005排班統計表-台北 (application/vnd.google-apps.spreadsheet)
2026-09-26 00:20:41 [INFO]   找到檔案：20260905排班統計表-台中 (application/vnd.google-apps.spreadsheet)
2026-09-26 00:20:41 [INFO]   找到檔案：20260905排班統計表-台北 (application/vnd.google-apps.spreadsheet)
2026-09-26 00:20:41 [INFO]   找到檔案：20261005排班統計表-台中.xlsx (application/vnd.openxmlformats-officedocument.spreadsheetml.sheet)
2026-09-26 00:20:41 [INFO]   找到檔案：20260905排班統計表-台中.xlsx (application/vnd.openxmlformats-officedocument.spreadsheetml.sheet)
2026-09-26 00:20:41 [INFO]   找到檔案：20261005排班統計表-台北.xlsx (application/vnd.openxmlformats-officedocument.spreadsheetml.sheet)
2026-09-26 00:20:41 [INFO]   找到檔案：20260905排班統計表-台北.xlsx (application/vnd.openxmlformats-officedocument.spreadsheetml.sheet)
2026-09-26 00:20:41 [INFO]   找到檔案：20261004排班統計表-台中 (application/vnd.google-apps.spreadsheet)
2026-09-26 00:20:41 [INFO]   找到檔案：20261004排班統計表-台北 (application/vnd.google-apps.spreadsheet)
2026-09-26 00:20:41 [INFO]   找到檔案：20260904排班統計表-台中 (application/vnd.google-apps.spreadsheet)
2026-09-26 00:20:41 [INFO]   找到檔案：20260904排班統計表-台北 (application/vnd.google-apps.spreadsheet)
2026-09-26 00:20:41 [INFO]   找到檔案：20261004排班統計表-台中.xlsx (application/vnd.openxmlformats-officedocument.spreadsheetml.sheet)
2026-09-26 00:20:41 [INFO]   找到檔案：20260904排班統計表-台中.xlsx (application/vnd.openxmlformats-officedocument.spreadsheetml.sheet)
2026-09-26 00:20:41 [INFO]   找到檔案：20261004排班統計表-台北.xlsx (application/vnd.openxmlformats-officedocument.spreadsheetml.sheet)
2026-09-26 00:20:41 [INFO]   找到檔案：20260904排班統計表-台北.xlsx (application/vnd.openxmlformats-officedocument.spreadsheetml.sheet)
2026-09-26 00:20:41 [INFO]   找到檔案：20261003排班統計表-台中 (application/vnd.google-apps.spreadsheet)
2026-09-26 00:20:41 [INFO]   找到檔案：20261003排班統計表-台北 (application/vnd.google-apps.spreadsheet)
2026-09-26 00:20:41 [INFO]   找到檔案：20260903排班統計表-台中 (application/vnd.google-apps.spreadsheet)
2026-09-26 00:20:41 [INFO]   找到檔案：20260903排班統計表-台北 (application/vnd.google-apps.spreadsheet)
2026-09-26 00:20:41 [INFO]   找到檔案：20261003排班統計表-台中.xlsx (application/vnd.openxmlformats-officedocument.spreadsheetml.sheet)
2026-09-26 00:20:41 [INFO]   找到檔案：20260903排班統計表-台中.xlsx (application/vnd.openxmlformats-officedocument.spreadsheetml.sheet)
2026-09-26 00:20:41 [INFO]   找到檔案：20261003排班統計表-台北.xlsx (application/vnd.openxmlformats-officedocument.spreadsheetml.sheet)
2026-09-26 00:20:41 [INFO]   找到檔案：20260903排班統計表-台北.xlsx (application/vnd.openxmlformats-officedocument.spreadsheetml.sheet)
2026-09-26 00:20:41 [INFO]   找到檔案：20261002排班統計表-台中 (application/vnd.google-apps.spreadsheet)
2026-09-26 00:20:41 [INFO]   找到檔案：20261002排班統計表-台北 (application/vnd.google-apps.spreadsheet)
2026-09-26 00:20:41 [INFO]   找到檔案：20260902排班統計表-台中 (application/vnd.google-apps.spreadsheet)
2026-09-26 00:20:41 [INFO]   找到檔案：20260902排班統計表-台北 (application/vnd.google-apps.spreadsheet)
2026-09-26 00:20:41 [INFO]   找到檔案：20261002排班統計表-台中.xlsx (application/vnd.openxmlformats-officedocument.spreadsheetml.sheet)
2026-09-26 00:20:41 [INFO]   找到檔案：20260902排班統計表-台中.xlsx (application/vnd.openxmlformats-officedocument.spreadsheetml.sheet)
2026-09-26 00:20:41 [INFO]   找到檔案：20261002排班統計表-台北.xlsx (application/vnd.openxmlformats-officedocument.spreadsheetml.sheet)
2026-09-26 00:20:41 [INFO]   找到檔案：20260902排班統計表-台北.xlsx (application/vnd.openxmlformats-officedocument.spreadsheetml.sheet)
2026-09-26 00:20:41 [INFO]   找到檔案：20261001排班統計表-台中.xlsx (application/vnd.openxmlformats-officedocument.spreadsheetml.sheet)
2026-09-26 00:20:41 [INFO]   找到檔案：20260901排班統計表-台中.xlsx (application/vnd.openxmlformats-officedocument.spreadsheetml.sheet)
2026-09-26 00:20:41 [INFO]   找到檔案：20261001排班統計表-台北.xlsx (application/vnd.openxmlformats-officedocument.spreadsheetml.sheet)
2026-09-26 00:20:41 [INFO]   找到檔案：20260901排班統計表-台北.xlsx (application/vnd.openxmlformats-officedocument.spreadsheetml.sheet)
2026-09-26 00:20:41 [INFO]   找到檔案：20261001排班統計表-台中 (application/vnd.google-apps.spreadsheet)
2026-09-26 00:20:41 [INFO]   找到檔案：20261001排班統計表-台北 (application/vnd.google-apps.spreadsheet)
2026-09-26 00:20:41 [INFO]   找到檔案：20260901排班統計表-台中 (application/vnd.google-apps.spreadsheet)
2026-09-26 00:20:41 [INFO]   找到檔案：20260901排班統計表-台北 (application/vnd.google-apps.spreadsheet)
2026-09-26 00:20:41 [INFO]   找到檔案：20260931排班統計表-台中 (application/vnd.google-apps.spreadsheet)
2026-09-26 00:20:41 [INFO]   找到檔案：20260931排班統計表-台北 (application/vnd.google-apps.spreadsheet)
2026-09-26 00:20:41 [INFO]   找到檔案：20260931排班統計表-台中.xlsx (application/vnd.openxmlformats-officedocument.spreadsheetml.sheet)
2026-09-26 00:20:41 [INFO]   找到檔案：20260931排班統計表-台北.xlsx (application/vnd.openxmlformats-officedocument.spreadsheetml.sheet)
2026-09-26 00:20:41 [INFO] 排班檔確認 OK：{'202609': {'taipei': '20260926排班統計表-台北.xlsx', 'taichung': '20260926排班統計表-台中.xlsx'}, '202610': {'taipei': '20261026排班統計表-台北.xlsx', 'taichung': '20261026排班統計表-台中.xlsx'}}
2026-09-26 00:20:41 [INFO]   已清除範圍（202609 台北）：G3:O1026
2026-09-26 00:20:41 [INFO]   匯入：20260926排班統計表-台北.xlsx
2026-09-26 00:20:41 [INFO]   xlsx → Google Sheets：20260926排班統計表-台北
2026-09-26 00:20:42 [INFO] file_cache is only supported with oauth2client<4.0.0
2026-09-26 00:20:47 [INFO]   轉換完成，新 Google Sheets ID：1JU4NeOjk1OiowWZlwxp6s9iwbySra3SKPKEgp2RXTCw
2026-09-26 00:20:48 [INFO]   → 寫入 84 列（起始 R3C7）
2026-09-26 00:20:49 [INFO]   已清除範圍（202609 台中）：CD3:CL1026
2026-09-26 00:20:49 [INFO]   匯入：20260926排班統計表-台中.xlsx
2026-09-26 00:20:49 [INFO]   xlsx → Google Sheets：20260926排班統計表-台中
2026-09-26 00:20:49 [INFO] file_cache is only supported with oauth2client<4.0.0
2026-09-26 00:20:54 [INFO]   轉換完成，新 Google Sheets ID：1iwa0OQjFJ2k9Ke7mFY10TN7HaJF0NOy7u-ChPRYwDcc
2026-09-26 00:20:56 [INFO]   → 寫入 12 列（起始 R3C82）
2026-09-26 00:20:57 [INFO]   已清除範圍（202610 台北）：V3:AD1026
2026-09-26 00:20:57 [INFO]   匯入：20261026排班統計表-台北.xlsx
2026-09-26 00:20:57 [INFO]   xlsx → Google Sheets：20261026排班統計表-台北
2026-09-26 00:20:57 [INFO] file_cache is only supported with oauth2client<4.0.0
2026-09-26 00:21:03 [INFO]   轉換完成，新 Google Sheets ID：1IF3QprZBfM9RvAT7kX5-qTlcqOdKrTq0BBz5Q22ttK4
2026-09-26 00:21:04 [INFO]   → 寫入 74 列（起始 R3C22）
2026-09-26 00:21:04 [INFO]   已清除範圍（202610 台中）：CS3:DA1026
2026-09-26 00:21:04 [INFO]   匯入：20261026排班統計表-台中.xlsx
2026-09-26 00:21:04 [INFO]   xlsx → Google Sheets：20261026排班統計表-台中
2026-09-26 00:21:04 [INFO] file_cache is only supported with oauth2client<4.0.0
2026-09-26 00:21:10 [INFO]   轉換完成，新 Google Sheets ID：1lBA0O6VUErXmlHGEQpwhpw2TSrCQfku1-Rsqn9sPLMc
2026-09-26 00:21:12 [INFO]   → 寫入 9 列（起始 R3C97）
2026-09-26 00:21:13 [INFO] Step 1 完成（34.0s）
2026-09-26 00:21:14 [INFO] === 全部完成 run_id=79662ecb（34.8s）===
