📋 log_spreadsheet_id 已從設定檔載入
📝 外場排程打卡：外場排班統計表 / running
Command: /opt/hostedtoolcache/Python/3.11.16/x64/bin/python -u -m tools.field_management.schedule_stats --date 20260917 --system-name 外場排程系統 --run-type 排程
[2026-09-17 07:58:53] 開始處理排班統計表：20260917排班統計表-台北
🔄 Jenny OAuth 已將來源 Excel 轉成暫存 Google Sheet：1vlP-agJzXPmNkf6kU_g_NQaMQ7cuklJsBY_Ky-_UhIY
🗑️ 已刪除來源暫存 Google Sheet：1vlP-agJzXPmNkf6kU_g_NQaMQ7cuklJsBY_Ky-_UhIY
[2026-09-17 07:58:58] 完成：20260917排班統計表-台北.xlsx → 2026排班統計表!DJ4 / rows=80
[2026-09-17 07:59:01] 開始處理排班統計表：20261017排班統計表-台北
🔄 Jenny OAuth 已將來源 Excel 轉成暫存 Google Sheet：1ag4tAmIHWIhBeXFe9UTwl0-zgxzwEYZ_oEeShm6dw2k
🗑️ 已刪除來源暫存 Google Sheet：1ag4tAmIHWIhBeXFe9UTwl0-zgxzwEYZ_oEeShm6dw2k
[2026-09-17 07:59:04] 完成：20261017排班統計表-台北.xlsx → 2026排班統計表!DV4 / rows=63
[2026-09-17 07:59:06] 開始處理排班統計表：20260917排班統計表-台中
🔄 Jenny OAuth 已將來源 Excel 轉成暫存 Google Sheet：1PCJvV4N2PvZQiT_9mKQB1F4_1kN-pWU8d6WejufOCcs
🗑️ 已刪除來源暫存 Google Sheet：1PCJvV4N2PvZQiT_9mKQB1F4_1kN-pWU8d6WejufOCcs
[2026-09-17 07:59:10] 完成：20260917排班統計表-台中.xlsx → 2026排班統計表!DJ4 / rows=13
[2026-09-17 07:59:21] 開始處理排班統計表：20261017排班統計表-台中
🔄 Jenny OAuth 已將來源 Excel 轉成暫存 Google Sheet：1ozVjyqX7jNtZo-mNbuuRnSV5FObCoFFgh95VteTuEdA
🗑️ 已刪除來源暫存 Google Sheet：1ozVjyqX7jNtZo-mNbuuRnSV5FObCoFFgh95VteTuEdA
[2026-09-17 07:59:26] 完成：20261017排班統計表-台中.xlsx → 2026排班統計表!DV4 / rows=9
[2026-09-17 07:59:28] schedule_stats.py 全部完成

📝 外場排程打卡：外場排班統計表 / success
field_management scheduler 全部完成
