開始執行：當月次月訂單
⚠️ 一鍵日排程 secrets TOML 注入失敗：No secrets found. Valid paths for a secrets.toml file or secret directories are: /home/runner/.streamlit/secrets.toml, /home/runner/work/tool-system/tool-system/.streamlit/secrets.toml
⚠️ 一鍵日排程 secrets env 注入失敗：No secrets found. Valid paths for a secrets.toml file or secret directories are: /home/runner/.streamlit/secrets.toml, /home/runner/work/tool-system/tool-system/.streamlit/secrets.toml
OAuth env ready = True
OAuth bootstrap forced = True
Command: Python bootstrap -> /home/runner/work/tool-system/tool-system/tools/scheduled_daily/orders_report.py
[2026-09-17 04:13:45] ====================================================
[2026-09-17 04:13:45] orders_report.py 開始執行
[2026-09-17 04:13:45] GITHUB_ACTIONS = true
[2026-09-17 04:13:45] PWD = /home/runner/work/tool-system/tool-system
[2026-09-17 04:13:45] LOCAL_OUTPUT_DIR = /Users/jenny/Library/CloudStorage/GoogleDrive-jenny@lemonclean.com.tw/我的雲端硬碟/lemon_Jenny/Jenny@lemon程式/訂單資料
[2026-09-17 04:13:45] LOCAL_OUTPUT_DIR exists = False
[2026-09-17 04:13:45] can_use_local_output_dir = False
[2026-09-17 04:13:45] root folder_id = 11O6eKHQ1e3Irqps7Kq1XJOSVVge3pCAc
[2026-09-17 04:13:45] ====================================================
[2026-09-17 04:13:45] Google Drive 初始化成功
[2026-09-17 04:13:46] 📁 使用既有資料夾：訂單資料
[2026-09-17 04:13:46] 服務日期：2026-09-01 ~ 2026-10-31
[2026-09-17 04:13:46] file_date = 20260917
[2026-09-17 04:13:46] 訂單資料 folder_id = 1o6ROTdseIRKOivgYQt50cNuCZLT3Rpug
[2026-09-17 04:13:46] 帳號數量 = 2
[2026-09-17 04:13:46] 
[2026-09-17 04:13:46] === 開始處理 台北 ===
[2026-09-17 04:13:46] 開始登入：jenny@lemonclean.com.tw
[2026-09-17 04:13:48] 登入成功：jenny@lemonclean.com.tw
[2026-09-17 04:13:48] 開始下載：city=台北 / export_url=https://backend.lemonclean.com.tw/purchase/export_order?clean_date_s=2026-09-01&clean_date_e=2026-10-31&purchase_status=1
[2026-09-17 04:13:59] ✅ 已下載到暫存：/tmp/tmp8vxqjfbz/20260917訂單-台北.xls
[2026-09-17 04:13:59] 📦 檔案大小：1640448 bytes
[2026-09-17 04:13:59] 📂 暫存目錄存在：True
[2026-09-17 04:13:59] 📄 暫存檔案存在：True
[2026-09-17 04:13:59] 目前不是 Jenny 本機環境，略過本機存檔
[2026-09-17 04:13:59] Google Drive 初始化成功
[2026-09-17 04:13:59] 準備上傳到 Google Drive：20260917訂單-台北.xls
[2026-09-17 04:14:00] ☁️ 已上傳新檔：20260917訂單-台北.xls (file_id=1TvyBUxcLeJV0rowSHeLcgtqGuK1KBWWN) https://docs.google.com/spreadsheets/d/1TvyBUxcLeJV0rowSHeLcgtqGuK1KBWWN/edit?usp=drivesdk&ouid=101667783075862487943&rtpof=true&sd=true
[2026-09-17 04:14:00] ✅ 完成處理：20260917訂單-台北.xls
[2026-09-17 04:14:00] ✅ 台北 完成
[2026-09-17 04:14:00] 
[2026-09-17 04:14:00] === 開始處理 台中 ===
[2026-09-17 04:14:00] 開始登入：jenny.tc@lemonclean.com.tw
[2026-09-17 04:14:02] 登入成功：jenny.tc@lemonclean.com.tw
[2026-09-17 04:14:02] 開始下載：city=台中 / export_url=https://backend.lemonclean.com.tw/purchase/export_order?clean_date_s=2026-09-01&clean_date_e=2026-10-31&purchase_status=1
[2026-09-17 04:14:03] ✅ 已下載到暫存：/tmp/tmphhs1w501/20260917訂單-台中.xls
[2026-09-17 04:14:03] 📦 檔案大小：134144 bytes
[2026-09-17 04:14:03] 📂 暫存目錄存在：True
[2026-09-17 04:14:03] 📄 暫存檔案存在：True
[2026-09-17 04:14:03] 目前不是 Jenny 本機環境，略過本機存檔
[2026-09-17 04:14:03] Google Drive 初始化成功
[2026-09-17 04:14:03] 準備上傳到 Google Drive：20260917訂單-台中.xls
[2026-09-17 04:14:06] ☁️ 已上傳新檔：20260917訂單-台中.xls (file_id=1PqM6A2iqz_06EKSOh3UN2g5-q-CKqDhh) https://docs.google.com/spreadsheets/d/1PqM6A2iqz_06EKSOh3UN2g5-q-CKqDhh/edit?usp=drivesdk&ouid=101667783075862487943&rtpof=true&sd=true
[2026-09-17 04:14:06] ✅ 完成處理：20260917訂單-台中.xls
[2026-09-17 04:14:06] ✅ 台中 完成
[2026-09-17 04:14:06] 🎉 orders_report.py 全部完成

完成執行：當月次月訂單
scheduled_daily scheduler 全部完成
