開始執行：排班統計表
⚠️ 一鍵日排程 secrets TOML 注入失敗：No secrets found. Valid paths for a secrets.toml file or secret directories are: /home/runner/.streamlit/secrets.toml, /home/runner/work/tool-system/tool-system/.streamlit/secrets.toml
⚠️ 一鍵日排程 secrets env 注入失敗：No secrets found. Valid paths for a secrets.toml file or secret directories are: /home/runner/.streamlit/secrets.toml, /home/runner/work/tool-system/tool-system/.streamlit/secrets.toml
OAuth env ready = True
OAuth bootstrap forced = True
Command: Python bootstrap -> /home/runner/work/tool-system/tool-system/tools/scheduled_daily/schedule_report.py
[2026-09-17 03:49:35] ====================================================
[2026-09-17 03:49:35] schedule_report.py 開始執行
[2026-09-17 03:49:35] GITHUB_ACTIONS = true
[2026-09-17 03:49:35] PWD = /home/runner/work/tool-system/tool-system
[2026-09-17 03:49:35] LOCAL_OUTPUT_DIR = /Users/jenny/Library/CloudStorage/GoogleDrive-jenny@lemonclean.com.tw/.shortcut-targets-by-id/1zbu45AG1adMzz24HPdi_tLfh2Tncw_Br/排班統計表
[2026-09-17 03:49:35] LOCAL_OUTPUT_DIR exists = False
[2026-09-17 03:49:35] can_use_local_output_dir = False
[2026-09-17 03:49:35] root folder_id = 11O6eKHQ1e3Irqps7Kq1XJOSVVge3pCAc
[2026-09-17 03:49:35] ====================================================
[2026-09-17 03:49:35] Google Drive 初始化成功
[2026-09-17 03:49:35] 📁 使用既有資料夾：排班統計表
[2026-09-17 03:49:35] this_month = 2026-09
[2026-09-17 03:49:35] next_month = 2026-10
[2026-09-17 03:49:35] today_stamp = 20260917
[2026-09-17 03:49:35] next_month_stamp = 20261017
[2026-09-17 03:49:35] 排班統計表 folder_id = 18XDXdrCSsLYwSzz1Da9pQh-jGm2h2Ed8
[2026-09-17 03:49:35] 帳號數量 = 2
[2026-09-17 03:49:35] 
[2026-09-17 03:49:35] === 開始處理 台北 ===
[2026-09-17 03:49:35] 開始登入：jenny@lemonclean.com.tw
[2026-09-17 03:49:37] 登入成功：jenny@lemonclean.com.tw
[2026-09-17 03:49:37] 開始下載：month=2026-09 / filename=20260917排班統計表-台北.xlsx
[2026-09-17 03:49:38] ✅ 已下載到暫存：/tmp/tmpesd43lcu/20260917排班統計表-台北.xlsx
[2026-09-17 03:49:38] 📦 檔案大小：17920 bytes
[2026-09-17 03:49:38] 📂 暫存目錄存在：True
[2026-09-17 03:49:38] 📄 暫存檔案存在：True
[2026-09-17 03:49:38] 目前不是 Jenny 本機環境，略過本機存檔
[2026-09-17 03:49:38] Google Drive 初始化成功
[2026-09-17 03:49:38] 準備上傳到 Google Drive：20260917排班統計表-台北.xlsx
[2026-09-17 03:49:41] ☁️ 已上傳新檔：20260917排班統計表-台北.xlsx (file_id=1Wa_gLGIWSNk-zkCHBK2HKHGCGm7kPh7u) https://docs.google.com/spreadsheets/d/1Wa_gLGIWSNk-zkCHBK2HKHGCGm7kPh7u/edit?usp=drivesdk&ouid=101667783075862487943&rtpof=true&sd=true
[2026-09-17 03:49:41] ✅ 完成處理：20260917排班統計表-台北.xlsx
[2026-09-17 03:49:41] 開始下載：month=2026-10 / filename=20261017排班統計表-台北.xlsx
[2026-09-17 03:49:42] ✅ 已下載到暫存：/tmp/tmpmebvjlzr/20261017排班統計表-台北.xlsx
[2026-09-17 03:49:42] 📦 檔案大小：15360 bytes
[2026-09-17 03:49:42] 📂 暫存目錄存在：True
[2026-09-17 03:49:42] 📄 暫存檔案存在：True
[2026-09-17 03:49:42] 目前不是 Jenny 本機環境，略過本機存檔
[2026-09-17 03:49:42] Google Drive 初始化成功
[2026-09-17 03:49:42] 準備上傳到 Google Drive：20261017排班統計表-台北.xlsx
[2026-09-17 03:49:44] ☁️ 已上傳新檔：20261017排班統計表-台北.xlsx (file_id=14ME_SSY0e2eTC0o9GH5s4f736bfSBONk) https://docs.google.com/spreadsheets/d/14ME_SSY0e2eTC0o9GH5s4f736bfSBONk/edit?usp=drivesdk&ouid=101667783075862487943&rtpof=true&sd=true
[2026-09-17 03:49:44] ✅ 完成處理：20261017排班統計表-台北.xlsx
[2026-09-17 03:49:44] ✅ 台北 全部完成
[2026-09-17 03:49:44] 
[2026-09-17 03:49:44] === 開始處理 台中 ===
[2026-09-17 03:49:44] 開始登入：jenny.tc@lemonclean.com.tw
[2026-09-17 03:49:45] 登入成功：jenny.tc@lemonclean.com.tw
[2026-09-17 03:49:45] 開始下載：month=2026-09 / filename=20260917排班統計表-台中.xlsx
[2026-09-17 03:49:45] ✅ 已下載到暫存：/tmp/tmp95g38ytw/20260917排班統計表-台中.xlsx
[2026-09-17 03:49:45] 📦 檔案大小：6144 bytes
[2026-09-17 03:49:45] 📂 暫存目錄存在：True
[2026-09-17 03:49:45] 📄 暫存檔案存在：True
[2026-09-17 03:49:45] 目前不是 Jenny 本機環境，略過本機存檔
[2026-09-17 03:49:45] Google Drive 初始化成功
[2026-09-17 03:49:45] 準備上傳到 Google Drive：20260917排班統計表-台中.xlsx
[2026-09-17 03:49:47] ☁️ 已上傳新檔：20260917排班統計表-台中.xlsx (file_id=16Fol_eg1aM-2YPZIwt0rkkq6ImiXSD1z) https://docs.google.com/spreadsheets/d/16Fol_eg1aM-2YPZIwt0rkkq6ImiXSD1z/edit?usp=drivesdk&ouid=101667783075862487943&rtpof=true&sd=true
[2026-09-17 03:49:47] ✅ 完成處理：20260917排班統計表-台中.xlsx
[2026-09-17 03:49:47] 開始下載：month=2026-10 / filename=20261017排班統計表-台中.xlsx
[2026-09-17 03:49:47] ✅ 已下載到暫存：/tmp/tmpbaeis2_8/20261017排班統計表-台中.xlsx
[2026-09-17 03:49:47] 📦 檔案大小：5632 bytes
[2026-09-17 03:49:47] 📂 暫存目錄存在：True
[2026-09-17 03:49:47] 📄 暫存檔案存在：True
[2026-09-17 03:49:47] 目前不是 Jenny 本機環境，略過本機存檔
[2026-09-17 03:49:47] Google Drive 初始化成功
[2026-09-17 03:49:47] 準備上傳到 Google Drive：20261017排班統計表-台中.xlsx
[2026-09-17 03:49:49] ☁️ 已上傳新檔：20261017排班統計表-台中.xlsx (file_id=1zFXJQ1IWrTCoT-R-0S5J4PgRLf_h9lgS) https://docs.google.com/spreadsheets/d/1zFXJQ1IWrTCoT-R-0S5J4PgRLf_h9lgS/edit?usp=drivesdk&ouid=101667783075862487943&rtpof=true&sd=true
[2026-09-17 03:49:49] ✅ 完成處理：20261017排班統計表-台中.xlsx
[2026-09-17 03:49:49] ✅ 台中 全部完成
[2026-09-17 03:49:49] 🎉 schedule_report.py 全部完成

完成執行：排班統計表
scheduled_daily scheduler 全部完成
