開始執行：專員班表
⚠️ 一鍵日排程 secrets TOML 注入失敗：No secrets found. Valid paths for a secrets.toml file or secret directories are: /home/runner/.streamlit/secrets.toml, /home/runner/work/tool-system/tool-system/.streamlit/secrets.toml
⚠️ 一鍵日排程 secrets env 注入失敗：No secrets found. Valid paths for a secrets.toml file or secret directories are: /home/runner/.streamlit/secrets.toml, /home/runner/work/tool-system/tool-system/.streamlit/secrets.toml
OAuth env ready = True
OAuth bootstrap forced = True
Command: Python bootstrap -> /home/runner/work/tool-system/tool-system/tools/scheduled_daily/staff_schedule.py
[2026-09-17 04:03:44] ====================================================
[2026-09-17 04:03:44] staff_schedule.py 開始執行
[2026-09-17 04:03:44] GITHUB_ACTIONS = true
[2026-09-17 04:03:44] PWD = /home/runner/work/tool-system/tool-system
[2026-09-17 04:03:44] LOCAL_OUTPUT_DIR = /Users/jenny/Library/CloudStorage/GoogleDrive-jenny@lemonclean.com.tw/我的雲端硬碟/lemon_Jenny/Jenny@lemon程式/專員班表
[2026-09-17 04:03:44] LOCAL_OUTPUT_DIR exists = False
[2026-09-17 04:03:44] can_use_local_output_dir = False
[2026-09-17 04:03:44] root folder_id = 11O6eKHQ1e3Irqps7Kq1XJOSVVge3pCAc
[2026-09-17 04:03:44] ====================================================
[2026-09-17 04:03:44] Google Drive 初始化成功
[2026-09-17 04:03:45] 📁 使用既有資料夾：專員班表
[2026-09-17 04:03:45] this_month = 2026-09
[2026-09-17 04:03:45] next_month = 2026-10
[2026-09-17 04:03:45] this_date = 20260917
[2026-09-17 04:03:45] next_date = 20261017
[2026-09-17 04:03:45] 專員班表 folder_id = 1V2AUNsT_jzQWawmnBNU_u-e7odYviwEk
[2026-09-17 04:03:45] 帳號數量 = 2
[2026-09-17 04:03:45] 
[2026-09-17 04:03:45] === 開始處理 台北 ===
[2026-09-17 04:03:45] 開始登入：jenny@lemonclean.com.tw
[2026-09-17 04:03:46] 登入成功：jenny@lemonclean.com.tw
[2026-09-17 04:03:46] 開始下載：city=台北 / month=2026-09 / filename=20260917專員班表-台北.xls
[2026-09-17 04:03:50] ✅ 已下載到暫存：/tmp/tmpm_zoosq7/20260917專員班表-台北.xls
[2026-09-17 04:03:50] 📦 檔案大小：140800 bytes
[2026-09-17 04:03:50] 📂 暫存目錄存在：True
[2026-09-17 04:03:50] 📄 暫存檔案存在：True
[2026-09-17 04:03:50] 目前不是 Jenny 本機環境，略過本機存檔
[2026-09-17 04:03:50] Google Drive 初始化成功
[2026-09-17 04:03:50] 準備上傳到 Google Drive：20260917專員班表-台北.xls
[2026-09-17 04:03:52] ☁️ 已上傳新檔：20260917專員班表-台北.xls (file_id=1eQun58DiMJskb9RjETWRluz-74OQsE49) https://docs.google.com/spreadsheets/d/1eQun58DiMJskb9RjETWRluz-74OQsE49/edit?usp=drivesdk&ouid=101667783075862487943&rtpof=true&sd=true
[2026-09-17 04:03:52] ✅ 完成處理：20260917專員班表-台北.xls
[2026-09-17 04:03:52] 開始下載：city=台北 / month=2026-10 / filename=20261017專員班表-台北.xls
[2026-09-17 04:03:55] ✅ 已下載到暫存：/tmp/tmpuonnchmw/20261017專員班表-台北.xls
[2026-09-17 04:03:55] 📦 檔案大小：108032 bytes
[2026-09-17 04:03:55] 📂 暫存目錄存在：True
[2026-09-17 04:03:55] 📄 暫存檔案存在：True
[2026-09-17 04:03:55] 目前不是 Jenny 本機環境，略過本機存檔
[2026-09-17 04:03:55] Google Drive 初始化成功
[2026-09-17 04:03:55] 準備上傳到 Google Drive：20261017專員班表-台北.xls
[2026-09-17 04:03:58] ☁️ 已上傳新檔：20261017專員班表-台北.xls (file_id=1DGyiVpl3lB8MumGW6EKCcQKRVY0bWWDb) https://docs.google.com/spreadsheets/d/1DGyiVpl3lB8MumGW6EKCcQKRVY0bWWDb/edit?usp=drivesdk&ouid=101667783075862487943&rtpof=true&sd=true
[2026-09-17 04:03:58] ✅ 完成處理：20261017專員班表-台北.xls
[2026-09-17 04:03:58] ✅ 台北 全部完成
[2026-09-17 04:03:58] 
[2026-09-17 04:03:58] === 開始處理 台中 ===
[2026-09-17 04:03:58] 開始登入：jenny.tc@lemonclean.com.tw
[2026-09-17 04:03:59] 登入成功：jenny.tc@lemonclean.com.tw
[2026-09-17 04:03:59] 開始下載：city=台中 / month=2026-09 / filename=20260917專員班表-台中.xls
[2026-09-17 04:04:00] ✅ 已下載到暫存：/tmp/tmph4cm097x/20260917專員班表-台中.xls
[2026-09-17 04:04:00] 📦 檔案大小：23552 bytes
[2026-09-17 04:04:00] 📂 暫存目錄存在：True
[2026-09-17 04:04:00] 📄 暫存檔案存在：True
[2026-09-17 04:04:00] 目前不是 Jenny 本機環境，略過本機存檔
[2026-09-17 04:04:00] Google Drive 初始化成功
[2026-09-17 04:04:00] 準備上傳到 Google Drive：20260917專員班表-台中.xls
[2026-09-17 04:04:02] ☁️ 已上傳新檔：20260917專員班表-台中.xls (file_id=1IOA4FJ1fKtNu0i2mHzf2eQ1oPouIqYTK) https://docs.google.com/spreadsheets/d/1IOA4FJ1fKtNu0i2mHzf2eQ1oPouIqYTK/edit?usp=drivesdk&ouid=101667783075862487943&rtpof=true&sd=true
[2026-09-17 04:04:02] ✅ 完成處理：20260917專員班表-台中.xls
[2026-09-17 04:04:02] 開始下載：city=台中 / month=2026-10 / filename=20261017專員班表-台中.xls
[2026-09-17 04:04:03] ✅ 已下載到暫存：/tmp/tmpqyix9a9g/20261017專員班表-台中.xls
[2026-09-17 04:04:03] 📦 檔案大小：24064 bytes
[2026-09-17 04:04:03] 📂 暫存目錄存在：True
[2026-09-17 04:04:03] 📄 暫存檔案存在：True
[2026-09-17 04:04:03] 目前不是 Jenny 本機環境，略過本機存檔
[2026-09-17 04:04:03] Google Drive 初始化成功
[2026-09-17 04:04:03] 準備上傳到 Google Drive：20261017專員班表-台中.xls
[2026-09-17 04:04:05] ☁️ 已上傳新檔：20261017專員班表-台中.xls (file_id=16qPE1bb9E6OKWXfHgyPSSiODeOlGoNj4) https://docs.google.com/spreadsheets/d/16qPE1bb9E6OKWXfHgyPSSiODeOlGoNj4/edit?usp=drivesdk&ouid=101667783075862487943&rtpof=true&sd=true
[2026-09-17 04:04:05] ✅ 完成處理：20261017專員班表-台中.xls
[2026-09-17 04:04:05] ✅ 台中 全部完成
[2026-09-17 04:04:05] 🎉 staff_schedule.py 全部完成

完成執行：專員班表
scheduled_daily scheduler 全部完成
