📋 log_spreadsheet_id 已從設定檔載入
📝 外場排程打卡：外場專員班表 / running
Command: /opt/hostedtoolcache/Python/3.11.16/x64/bin/python -u -m tools.field_management.staff_schedule --date 20260821 --system-name 外場排程系統 --run-type 排程
[2026-08-21 07:30:11] 開始處理專員班表：20260821專員班表-台北
🔄 Jenny OAuth 已將來源 Excel 轉成暫存 Google Sheet：1kLBCtUA43MKlpsyYJDTadM_Gi0VzbfqNMMNEd2B8Pr8
🗑️ 已刪除來源暫存 Google Sheet：1kLBCtUA43MKlpsyYJDTadM_Gi0VzbfqNMMNEd2B8Pr8
[2026-08-21 07:30:21] 目標分頁已是當日名稱：專員班表查詢本月_0821
[2026-08-21 07:30:22] 完成：20260821專員班表-台北.xls → '專員班表查詢本月_0821'!A:G / rows=1565
[2026-08-21 07:30:23] 開始處理專員班表：20260921專員班表-台北
🔄 Jenny OAuth 已將來源 Excel 轉成暫存 Google Sheet：11yRp7ecOaGSxPUXQygdgQbYkPOMF67sBHjsgQ0cVoA4
🗑️ 已刪除來源暫存 Google Sheet：11yRp7ecOaGSxPUXQygdgQbYkPOMF67sBHjsgQ0cVoA4
[2026-08-21 07:30:34] 目標分頁已是當日名稱：專員班表查詢次月_0821
[2026-08-21 07:30:35] 完成：20260921專員班表-台北.xls → '專員班表查詢次月_0821'!A:G / rows=1145
[2026-08-21 07:30:36] 開始處理專員班表：20260821專員班表-台中
🔄 Jenny OAuth 已將來源 Excel 轉成暫存 Google Sheet：127GiucBK26ltSlppZqWFmairHbbK3DRxMO9ClGONb80
🗑️ 已刪除來源暫存 Google Sheet：127GiucBK26ltSlppZqWFmairHbbK3DRxMO9ClGONb80
[2026-08-21 07:30:44] 目標分頁已是當日名稱：專員班表查詢本月_0821
[2026-08-21 07:30:45] 完成：20260821專員班表-台中.xls → '專員班表查詢本月_0821'!A:G / rows=241
[2026-08-21 07:30:47] 開始處理專員班表：20260921專員班表-台中
🔄 Jenny OAuth 已將來源 Excel 轉成暫存 Google Sheet：1LrevXYfOjWhnmJXePOknlHfZ-zeB4fzIr2bCSqrgXcs
🗑️ 已刪除來源暫存 Google Sheet：1LrevXYfOjWhnmJXePOknlHfZ-zeB4fzIr2bCSqrgXcs
[2026-08-21 07:30:53] 目標分頁已是當日名稱：專員班表查詢次月_0821
[2026-08-21 07:30:54] 完成：20260921專員班表-台中.xls → '專員班表查詢次月_0821'!A:G / rows=198
[2026-08-21 07:30:55] staff_schedule.py 全部完成

📝 外場排程打卡：外場專員班表 / success
field_management scheduler 全部完成
