📋 log_spreadsheet_id 已從設定檔載入
📝 外場排程打卡：外場專員個資 / running
Command: /opt/hostedtoolcache/Python/3.11.16/x64/bin/python -u -m tools.field_management.staff_profile --date 20260821 --system-name 外場排程系統 --run-type 排程
[2026-08-21 07:31:49] 開始處理專員個資：20260821專員個資-台北
🔄 Jenny OAuth 已將來源 Excel 轉成暫存 Google Sheet：1UuwLc-RPFKGOnU4tUZGft4VfI1sU-4WPPhiQtk4TiAQ
🗑️ 已刪除來源暫存 Google Sheet：1UuwLc-RPFKGOnU4tUZGft4VfI1sU-4WPPhiQtk4TiAQ
[2026-08-21 07:31:58] 完成專員個資：20260821專員個資-台北.xlsx → 專員個人資料!A4:C / rows=100
[2026-08-21 07:31:59] 開始處理訂單截取：20260821訂單-台北
🔄 Jenny OAuth 已將來源 Excel 轉成暫存 Google Sheet：1jAKCydhMgBFOAaZmxJ7b_cnulOARN9m3Zhoi9e76LYA
🗑️ 已刪除來源暫存 Google Sheet：1jAKCydhMgBFOAaZmxJ7b_cnulOARN9m3Zhoi9e76LYA
[2026-08-21 07:32:11] 完成訂單截取：20260821訂單-台北.xls → 專員個人資料!G1:N / rows=1104
[2026-08-21 07:32:12] 開始處理專員個資：20260821專員個資-台中
🔄 Jenny OAuth 已將來源 Excel 轉成暫存 Google Sheet：1i337B7CxK9k0gmymoZfneSye-s4Da5yD5J7HI_PuexY
🗑️ 已刪除來源暫存 Google Sheet：1i337B7CxK9k0gmymoZfneSye-s4Da5yD5J7HI_PuexY
[2026-08-21 07:32:22] 完成專員個資：20260821專員個資-台中.xlsx → 專員個人資料!A4:C / rows=17
[2026-08-21 07:32:23] 開始處理訂單截取：20260821訂單-台中
🔄 Jenny OAuth 已將來源 Excel 轉成暫存 Google Sheet：1_NP1F0CVTNrbvcFkorqHWCPM1sPVRjjhkE0uUE6j7hU
🗑️ 已刪除來源暫存 Google Sheet：1_NP1F0CVTNrbvcFkorqHWCPM1sPVRjjhkE0uUE6j7hU
[2026-08-21 07:32:33] 完成訂單截取：20260821訂單-台中.xls → 專員個人資料!G1:N / rows=85
[2026-08-21 07:32:34] staff_profile.py 全部完成

📝 外場排程打卡：外場專員個資 / success
field_management scheduler 全部完成
