開始執行：專員個資
⚠️ 一鍵日排程 secrets TOML 注入失敗：No secrets found. Valid paths for a secrets.toml file or secret directories are: /home/runner/.streamlit/secrets.toml, /home/runner/work/tool-system/tool-system/.streamlit/secrets.toml
⚠️ 一鍵日排程 secrets env 注入失敗：No secrets found. Valid paths for a secrets.toml file or secret directories are: /home/runner/.streamlit/secrets.toml, /home/runner/work/tool-system/tool-system/.streamlit/secrets.toml
OAuth env ready = True
OAuth bootstrap forced = True
Command: Python bootstrap -> /home/runner/work/tool-system/tool-system/tools/scheduled_daily/staff_info.py
[2026-08-21 01:53:22] ====================================================
[2026-08-21 01:53:22] staff_info.py 開始執行
[2026-08-21 01:53:22] GITHUB_ACTIONS = true
[2026-08-21 01:53:22] PWD = /home/runner/work/tool-system/tool-system
[2026-08-21 01:53:22] LOCAL_OUTPUT_DIR = /Users/jenny/Library/CloudStorage/GoogleDrive-jenny@lemonclean.com.tw/我的雲端硬碟/lemon_Jenny/Jenny@lemon程式/專員個資
[2026-08-21 01:53:22] LOCAL_OUTPUT_DIR exists = False
[2026-08-21 01:53:22] can_use_local_output_dir = False
[2026-08-21 01:53:22] root folder_id = 11O6eKHQ1e3Irqps7Kq1XJOSVVge3pCAc
[2026-08-21 01:53:22] ====================================================
[2026-08-21 01:53:22] Google Drive 初始化成功
[2026-08-21 01:53:22] 📁 使用既有資料夾：專員個資
[2026-08-21 01:53:22] today_stamp = 20260821
[2026-08-21 01:53:22] 專員個資 folder_id = 1v1Er8oC3BEAWHbBrDq3SUpjEDwHIuK0f
[2026-08-21 01:53:22] 帳號數量 = 2
[2026-08-21 01:53:22] 
[2026-08-21 01:53:22] === 開始處理 台北 ===
[2026-08-21 01:53:22] 開始登入：jenny@lemonclean.com.tw
[2026-08-21 01:53:24] 登入成功：jenny@lemonclean.com.tw
[2026-08-21 01:53:24] 開始下載：city=台北 / filename=20260821專員個資-台北.xlsx
[2026-08-21 01:53:27] ✅ 已下載到暫存：/tmp/tmp8pxwar30/20260821專員個資-台北.xlsx
[2026-08-21 01:53:27] 📦 檔案大小：227840 bytes
[2026-08-21 01:53:27] 📂 暫存目錄存在：True
[2026-08-21 01:53:27] 📄 暫存檔案存在：True
[2026-08-21 01:53:27] 目前不是 Jenny 本機環境，略過本機存檔
[2026-08-21 01:53:27] Google Drive 初始化成功
[2026-08-21 01:53:27] 準備上傳到 Google Drive：20260821專員個資-台北.xlsx
[2026-08-21 01:53:30] ☁️ 已上傳新檔：20260821專員個資-台北.xlsx (file_id=1XYbmUTXEO1FxN0VlJFm7PH8fzk7lR6kK) https://docs.google.com/spreadsheets/d/1XYbmUTXEO1FxN0VlJFm7PH8fzk7lR6kK/edit?usp=drivesdk&ouid=101667783075862487943&rtpof=true&sd=true
[2026-08-21 01:53:30] ✅ 完成處理：20260821專員個資-台北.xlsx
[2026-08-21 01:53:30] ✅ 台北 全部完成
[2026-08-21 01:53:30] 
[2026-08-21 01:53:30] === 開始處理 台中 ===
[2026-08-21 01:53:30] 開始登入：jenny.tc@lemonclean.com.tw
[2026-08-21 01:53:31] 登入成功：jenny.tc@lemonclean.com.tw
[2026-08-21 01:53:31] 開始下載：city=台中 / filename=20260821專員個資-台中.xlsx
[2026-08-21 01:53:32] ✅ 已下載到暫存：/tmp/tmphr72csb2/20260821專員個資-台中.xlsx
[2026-08-21 01:53:32] 📦 檔案大小：59904 bytes
[2026-08-21 01:53:32] 📂 暫存目錄存在：True
[2026-08-21 01:53:32] 📄 暫存檔案存在：True
[2026-08-21 01:53:32] 目前不是 Jenny 本機環境，略過本機存檔
[2026-08-21 01:53:32] Google Drive 初始化成功
[2026-08-21 01:53:32] 準備上傳到 Google Drive：20260821專員個資-台中.xlsx
[2026-08-21 01:53:34] ☁️ 已上傳新檔：20260821專員個資-台中.xlsx (file_id=1doNykRL272cmLY6w8KrhWec3lL-TuhC2) https://docs.google.com/spreadsheets/d/1doNykRL272cmLY6w8KrhWec3lL-TuhC2/edit?usp=drivesdk&ouid=101667783075862487943&rtpof=true&sd=true
[2026-08-21 01:53:34] ✅ 完成處理：20260821專員個資-台中.xlsx
[2026-08-21 01:53:34] ✅ 台中 全部完成
[2026-08-21 01:53:34] 🎉 staff_info.py 全部完成

完成執行：專員個資
scheduled_daily scheduler 全部完成
