📋 log_spreadsheet_id 已從設定檔載入
📝 外場排程打卡：外場專員個資 / running
Command: /opt/hostedtoolcache/Python/3.11.17/x64/bin/python -u -m tools.field_management.staff_profile --date 20261010 --system-name 外場排程系統 --run-type 排程
[2026-10-10 05:05:02] 開始處理專員個資：20261010專員個資-台北
🔄 Jenny OAuth 已將來源 Excel 轉成暫存 Google Sheet：1uPTIWxdvHt604xzOH0VIGc-TYTEyqJZEOorqfqwVDTQ
🗑️ 已刪除來源暫存 Google Sheet：1uPTIWxdvHt604xzOH0VIGc-TYTEyqJZEOorqfqwVDTQ
[2026-10-10 05:05:10] 完成專員個資：20261010專員個資-台北.xlsx → 專員個人資料!A4:C / rows=92
[2026-10-10 05:05:11] 開始處理訂單截取：20261010訂單-台北
🔄 Jenny OAuth 已將來源 Excel 轉成暫存 Google Sheet：1jExxSlmm1-1DOQ03v68Pq1B9Afd-GECLHkYInP_YwEI
🗑️ 已刪除來源暫存 Google Sheet：1jExxSlmm1-1DOQ03v68Pq1B9Afd-GECLHkYInP_YwEI
[2026-10-10 05:05:22] 完成訂單截取：20261010訂單-台北.xls → 專員個人資料!G1:N / rows=890
[2026-10-10 05:05:23] 開始處理專員個資：20261010專員個資-台中
🔄 Jenny OAuth 已將來源 Excel 轉成暫存 Google Sheet：1Q6Zaf5m1EbD60wIxSBqdO1rFZjyH-LkuaxnnhhkoZ-w
🗑️ 已刪除來源暫存 Google Sheet：1Q6Zaf5m1EbD60wIxSBqdO1rFZjyH-LkuaxnnhhkoZ-w
[2026-10-10 05:05:32] 完成專員個資：20261010專員個資-台中.xlsx → 專員個人資料!A4:C / rows=16
[2026-10-10 05:05:33] 開始處理訂單截取：20261010訂單-台中
🔄 Jenny OAuth 已將來源 Excel 轉成暫存 Google Sheet：1YFHuyfrbq9iU-XRuTgs9TGEw0hWG3lgEXDL7MavJ50Y
🗑️ 已刪除來源暫存 Google Sheet：1YFHuyfrbq9iU-XRuTgs9TGEw0hWG3lgEXDL7MavJ50Y
[2026-10-10 05:05:44] 完成訂單截取：20261010訂單-台中.xls → 專員個人資料!G1:N / rows=77
[2026-10-10 05:05:46] staff_profile.py 全部完成

📝 外場排程打卡：外場專員個資 / success
field_management scheduler 全部完成
