📋 log_spreadsheet_id 已從設定檔載入
📝 外場排程打卡：外場排班統計表 / running
Command: /opt/hostedtoolcache/Python/3.11.17/x64/bin/python -u -m tools.field_management.schedule_stats --date 20261010 --system-name 外場排程系統 --run-type 排程
[2026-10-10 05:01:28] 開始處理排班統計表：20261010排班統計表-台北
🔄 Jenny OAuth 已將來源 Excel 轉成暫存 Google Sheet：1zikniwu2eBXRQiVpa7RkWUFgVDcl7ENCkmAPieoQwZQ
🗑️ 已刪除來源暫存 Google Sheet：1zikniwu2eBXRQiVpa7RkWUFgVDcl7ENCkmAPieoQwZQ
[2026-10-10 05:01:38] 完成：20261010排班統計表-台北.xlsx → 2026排班統計表!DV4 / rows=81
[2026-10-10 05:01:39] 開始處理排班統計表：20261110排班統計表-台北
🔄 Jenny OAuth 已將來源 Excel 轉成暫存 Google Sheet：10lgSymI2zpO-PtBdNGklAIAbIqRYH0-w4kufCEo6z5s
🗑️ 已刪除來源暫存 Google Sheet：10lgSymI2zpO-PtBdNGklAIAbIqRYH0-w4kufCEo6z5s
[2026-10-10 05:01:49] 完成：20261110排班統計表-台北.xlsx → 2026排班統計表!EH4 / rows=51
[2026-10-10 05:01:50] 開始處理排班統計表：20261210排班統計表-台北
🔄 Jenny OAuth 已將來源 Excel 轉成暫存 Google Sheet：1OKYbcICpg31qh_8CoyPYOxBX6m3AYXSqL7w9Nht3biI
🗑️ 已刪除來源暫存 Google Sheet：1OKYbcICpg31qh_8CoyPYOxBX6m3AYXSqL7w9Nht3biI
[2026-10-10 05:02:00] 完成：20261210排班統計表-台北.xlsx → 2026排班統計表!ET4 / rows=12
[2026-10-10 05:02:01] 開始處理排班統計表：20270110排班統計表-台北
🔄 Jenny OAuth 已將來源 Excel 轉成暫存 Google Sheet：1YCJZo2IS-_xlikxlIfapeS2LBjZToNOERG6oQiXUjXg
🗑️ 已刪除來源暫存 Google Sheet：1YCJZo2IS-_xlikxlIfapeS2LBjZToNOERG6oQiXUjXg
[2026-10-10 05:02:15] 完成：20270110排班統計表-台北.xlsx → 2026排班統計表!R4 / rows=11
[2026-10-10 05:02:16] 開始處理排班統計表：20270210排班統計表-台北
🔄 Jenny OAuth 已將來源 Excel 轉成暫存 Google Sheet：1DSR6n6Ip2Awj9pAzPoBMAG6dg7qeDxQPqCd_ZfgKssY
🗑️ 已刪除來源暫存 Google Sheet：1DSR6n6Ip2Awj9pAzPoBMAG6dg7qeDxQPqCd_ZfgKssY
[2026-10-10 05:02:26] 完成：20270210排班統計表-台北.xlsx → 2026排班統計表!AD4 / rows=10
[2026-10-10 05:02:27] 開始處理排班統計表：20261010排班統計表-台中
🔄 Jenny OAuth 已將來源 Excel 轉成暫存 Google Sheet：1nzpJSZqZ6QwGNO9e_sTZmBNifulowpK4wjJSxlMqYAw
🗑️ 已刪除來源暫存 Google Sheet：1nzpJSZqZ6QwGNO9e_sTZmBNifulowpK4wjJSxlMqYAw
[2026-10-10 05:02:38] 完成：20261010排班統計表-台中.xlsx → 2026排班統計表!DV4 / rows=13
[2026-10-10 05:02:39] 開始處理排班統計表：20261110排班統計表-台中
🔄 Jenny OAuth 已將來源 Excel 轉成暫存 Google Sheet：1IXKa-tBLOHtKupCkTtpniFsbx4h8mwoIMXGbm7MfCd4
🗑️ 已刪除來源暫存 Google Sheet：1IXKa-tBLOHtKupCkTtpniFsbx4h8mwoIMXGbm7MfCd4
[2026-10-10 05:02:49] 完成：20261110排班統計表-台中.xlsx → 2026排班統計表!EH4 / rows=8
[2026-10-10 05:02:50] 開始處理排班統計表：20261210排班統計表-台中
🔄 Jenny OAuth 已將來源 Excel 轉成暫存 Google Sheet：1HJcT8nnpcOeQ-DdQPEO1ZlOg3iEmqD_iAABJNYKPlks
🗑️ 已刪除來源暫存 Google Sheet：1HJcT8nnpcOeQ-DdQPEO1ZlOg3iEmqD_iAABJNYKPlks
[2026-10-10 05:02:57] 完成：20261210排班統計表-台中.xlsx → 2026排班統計表!ET4 / rows=3
[2026-10-10 05:02:58] 開始處理排班統計表：20270110排班統計表-台中
🔄 Jenny OAuth 已將來源 Excel 轉成暫存 Google Sheet：1NUsUdajkSIL-v-X15b4UgesCllsbho_suY9g04FnZxI
🗑️ 已刪除來源暫存 Google Sheet：1NUsUdajkSIL-v-X15b4UgesCllsbho_suY9g04FnZxI
[2026-10-10 05:03:08] 完成：20270110排班統計表-台中.xlsx → 2026排班統計表!R4 / rows=3
[2026-10-10 05:03:09] 開始處理排班統計表：20270210排班統計表-台中
🔄 Jenny OAuth 已將來源 Excel 轉成暫存 Google Sheet：1-OjvdiUpTn35KhY2Q5PGb1Y5EbFJARAZvf7nj0O_Ie0
🗑️ 已刪除來源暫存 Google Sheet：1-OjvdiUpTn35KhY2Q5PGb1Y5EbFJARAZvf7nj0O_Ie0
[2026-10-10 05:03:18] 完成：20270210排班統計表-台中.xlsx → 2026排班統計表!AD4 / rows=3
[2026-10-10 05:03:19] schedule_stats.py 全部完成

📝 外場排程打卡：外場排班統計表 / success
field_management scheduler 全部完成
