2026-10-09 21:32:18 [INFO] === 客服排程系統 run_id=076161b7 step=3 台北時間=2026-10-10 05:32:18 ===
2026-10-09 21:32:18 [INFO] 目標試算表 ID 來源：環境變數 SERVICE_TARGET_SPREADSHEET_ID
2026-10-09 21:32:18 [INFO] file_cache is only supported with oauth2client<4.0.0
2026-10-09 21:32:31 [INFO] --- Step3_更新前一天營業分數及營業額 ---
2026-10-09 21:32:32 [INFO] 信件日期（台北時間）：2026-10-09
2026-10-09 21:32:47 [INFO]   [mail] text/plain 為空，fallback 到 text/html（3018 字元）
2026-10-09 21:32:48 [INFO]   近三日營業額-台北 → 選中 17:25:03（與17:25差3s）
2026-10-09 21:32:48 [INFO]   [debug] 行55 repr='2026-10-07：54分'
2026-10-09 21:32:48 [INFO]   [debug] 行56 repr='2026-10-08：45分'
2026-10-09 21:32:48 [INFO]   [debug] 行57 repr='2026-10-09：8分'
2026-10-09 21:32:48 [INFO]   [debug] 行58 repr='【家電清潔】日營業額'
2026-10-09 21:32:48 [INFO]   [debug] 行59 repr='2026-10-07：0分'
2026-10-09 21:32:48 [INFO]   [debug] 行60 repr='2026-10-08：0分'
2026-10-09 21:32:48 [INFO]   [debug] 行61 repr='2026-10-09：0分'
2026-10-09 21:32:48 [INFO]   [debug] 行62 repr='【儲值金】日營業額'
2026-10-09 21:32:56 [INFO]   [mail] text/plain 為空，fallback 到 text/html（1067 字元）
2026-10-09 21:32:57 [INFO]   近三日營業額-台中 → 選中 17:25:06（與17:25差6s）
2026-10-09 21:32:57 [INFO]   [debug] 行24 repr='2026-10-07：15分'
2026-10-09 21:32:57 [INFO]   [debug] 行25 repr='2026-10-08：25分'
2026-10-09 21:32:57 [INFO]   [debug] 行26 repr='2026-10-09：0分'
2026-10-09 21:32:57 [INFO]   [debug] 行27 repr='【家電清潔】日營業額'
2026-10-09 21:32:57 [INFO]   [debug] 行28 repr='2026-10-07：0分'
2026-10-09 21:32:57 [INFO]   [debug] 行29 repr='2026-10-08：0分'
2026-10-09 21:32:57 [INFO]   [debug] 行30 repr='2026-10-09：0分'
2026-10-09 21:32:57 [INFO]   [debug] 行31 repr='【儲值金】日營業額'
2026-10-09 21:32:57 [INFO]   台北：{'daily_value': 8, 'total_count': 691, 'total_amount': 1381050}
2026-10-09 21:32:57 [INFO]   台中：{'daily_value': 0, 'total_count': 53, 'total_amount': 105600}
2026-10-09 21:32:58 [INFO] Step 3 完成，row=2428（26.0s）
2026-10-09 21:32:59 [INFO] === 全部完成 run_id=076161b7（27.0s）===
