📋 log_spreadsheet_id 已從設定檔載入
📝 外場排程打卡：外場專員個資 / running
Command: /opt/hostedtoolcache/Python/3.11.16/x64/bin/python -u -m tools.field_management.staff_profile --date 20260927 --system-name 外場排程系統 --run-type 排程
[2026-09-27 08:05:34] 開始處理專員個資：20260927專員個資-台北
🔄 Jenny OAuth 已將來源 Excel 轉成暫存 Google Sheet：13Yl0T4DbLVqgMBh-r_B2VkT5If-XbQPS-MoJsoDmL7A
🗑️ 已刪除來源暫存 Google Sheet：13Yl0T4DbLVqgMBh-r_B2VkT5If-XbQPS-MoJsoDmL7A
[2026-09-27 08:05:43] 完成專員個資：20260927專員個資-台北.xlsx → 專員個人資料!A4:C / rows=97
[2026-09-27 08:05:44] 開始處理訂單截取：20260927訂單-台北
🔄 Jenny OAuth 已將來源 Excel 轉成暫存 Google Sheet：1j_rqOoZomSpdbGpYTO80l9snLq1MTZjIzucmBjG1KPs
🗑️ 已刪除來源暫存 Google Sheet：1j_rqOoZomSpdbGpYTO80l9snLq1MTZjIzucmBjG1KPs
[2026-09-27 08:05:55] 完成訂單截取：20260927訂單-台北.xls → 專員個人資料!G1:N / rows=1194
[2026-09-27 08:05:56] 開始處理專員個資：20260927專員個資-台中
🔄 Jenny OAuth 已將來源 Excel 轉成暫存 Google Sheet：1Ed5smLQA3BwfBaZDjOHqViXAD2x7Trc_Pg_06owwjqc
🗑️ 已刪除來源暫存 Google Sheet：1Ed5smLQA3BwfBaZDjOHqViXAD2x7Trc_Pg_06owwjqc
[2026-09-27 08:06:05] 完成專員個資：20260927專員個資-台中.xlsx → 專員個人資料!A4:C / rows=16
[2026-09-27 08:06:06] 開始處理訂單截取：20260927訂單-台中
🔄 Jenny OAuth 已將來源 Excel 轉成暫存 Google Sheet：1FryEHTPP6yXPfuiDhvTu4xYskBx36iYMRu8d-cno7Zs
🗑️ 已刪除來源暫存 Google Sheet：1FryEHTPP6yXPfuiDhvTu4xYskBx36iYMRu8d-cno7Zs
[2026-09-27 08:06:15] 完成訂單截取：20260927訂單-台中.xls → 專員個人資料!G1:N / rows=102
[2026-09-27 08:06:16] staff_profile.py 全部完成

📝 外場排程打卡：外場專員個資 / success
field_management scheduler 全部完成
