開始執行：當月次月訂單
⚠️ 一鍵日排程 secrets TOML 注入失敗：No secrets found. Valid paths for a secrets.toml file or secret directories are: /home/runner/.streamlit/secrets.toml, /home/runner/work/tool-system/tool-system/.streamlit/secrets.toml
⚠️ 一鍵日排程 secrets env 注入失敗：No secrets found. Valid paths for a secrets.toml file or secret directories are: /home/runner/.streamlit/secrets.toml, /home/runner/work/tool-system/tool-system/.streamlit/secrets.toml
OAuth env ready = True
OAuth bootstrap forced = True
Command: Python bootstrap -> /home/runner/work/tool-system/tool-system/tools/scheduled_daily/orders_report.py
[2026-09-27 03:55:40] ====================================================
[2026-09-27 03:55:40] orders_report.py 開始執行
[2026-09-27 03:55:40] GITHUB_ACTIONS = true
[2026-09-27 03:55:40] PWD = /home/runner/work/tool-system/tool-system
[2026-09-27 03:55:40] LOCAL_OUTPUT_DIR = /Users/jenny/Library/CloudStorage/GoogleDrive-jenny@lemonclean.com.tw/我的雲端硬碟/lemon_Jenny/Jenny@lemon程式/訂單資料
[2026-09-27 03:55:40] LOCAL_OUTPUT_DIR exists = False
[2026-09-27 03:55:40] can_use_local_output_dir = False
[2026-09-27 03:55:40] root folder_id = 11O6eKHQ1e3Irqps7Kq1XJOSVVge3pCAc
[2026-09-27 03:55:40] ====================================================
[2026-09-27 03:55:40] Google Drive 初始化成功
[2026-09-27 03:55:40] 📁 使用既有資料夾：訂單資料
[2026-09-27 03:55:40] 服務日期：2026-09-01 ~ 2026-10-31
[2026-09-27 03:55:40] file_date = 20260927
[2026-09-27 03:55:40] 訂單資料 folder_id = 1o6ROTdseIRKOivgYQt50cNuCZLT3Rpug
[2026-09-27 03:55:40] 帳號數量 = 2
[2026-09-27 03:55:40] 
[2026-09-27 03:55:40] === 開始處理 台北 ===
[2026-09-27 03:55:40] 開始登入：jenny@lemonclean.com.tw
[2026-09-27 03:55:42] 登入成功：jenny@lemonclean.com.tw
[2026-09-27 03:55:42] 開始下載：city=台北 / export_url=https://backend.lemonclean.com.tw/purchase/export_order?clean_date_s=2026-09-01&clean_date_e=2026-10-31&purchase_status=1
[2026-09-27 03:55:54] ✅ 已下載到暫存：/tmp/tmpykn8u4tr/20260927訂單-台北.xls
[2026-09-27 03:55:54] 📦 檔案大小：1874944 bytes
[2026-09-27 03:55:54] 📂 暫存目錄存在：True
[2026-09-27 03:55:54] 📄 暫存檔案存在：True
[2026-09-27 03:55:54] 目前不是 Jenny 本機環境，略過本機存檔
[2026-09-27 03:55:54] Google Drive 初始化成功
[2026-09-27 03:55:54] 準備上傳到 Google Drive：20260927訂單-台北.xls
[2026-09-27 03:55:56] ☁️ 已上傳新檔：20260927訂單-台北.xls (file_id=1uB_K0dsZ9-mNqi0uVIT1SO00tYAThAjN) https://docs.google.com/spreadsheets/d/1uB_K0dsZ9-mNqi0uVIT1SO00tYAThAjN/edit?usp=drivesdk&ouid=101667783075862487943&rtpof=true&sd=true
[2026-09-27 03:55:56] ✅ 完成處理：20260927訂單-台北.xls
[2026-09-27 03:55:56] ✅ 台北 完成
[2026-09-27 03:55:56] 
[2026-09-27 03:55:56] === 開始處理 台中 ===
[2026-09-27 03:55:56] 開始登入：jenny.tc@lemonclean.com.tw
[2026-09-27 03:55:58] 登入成功：jenny.tc@lemonclean.com.tw
[2026-09-27 03:55:58] 開始下載：city=台中 / export_url=https://backend.lemonclean.com.tw/purchase/export_order?clean_date_s=2026-09-01&clean_date_e=2026-10-31&purchase_status=1
[2026-09-27 03:55:59] ✅ 已下載到暫存：/tmp/tmph3jjfrbu/20260927訂單-台中.xls
[2026-09-27 03:55:59] 📦 檔案大小：152064 bytes
[2026-09-27 03:55:59] 📂 暫存目錄存在：True
[2026-09-27 03:55:59] 📄 暫存檔案存在：True
[2026-09-27 03:55:59] 目前不是 Jenny 本機環境，略過本機存檔
[2026-09-27 03:55:59] Google Drive 初始化成功
[2026-09-27 03:55:59] 準備上傳到 Google Drive：20260927訂單-台中.xls
[2026-09-27 03:56:10] ☁️ 已上傳新檔：20260927訂單-台中.xls (file_id=1ZSXyNHMbligRSHvPzNsOqvq3UfeDnW7A) https://docs.google.com/spreadsheets/d/1ZSXyNHMbligRSHvPzNsOqvq3UfeDnW7A/edit?usp=drivesdk&ouid=101667783075862487943&rtpof=true&sd=true
[2026-09-27 03:56:10] ✅ 完成處理：20260927訂單-台中.xls
[2026-09-27 03:56:10] ✅ 台中 完成
[2026-09-27 03:56:10] 🎉 orders_report.py 全部完成

完成執行：當月次月訂單
scheduled_daily scheduler 全部完成
