2026-09-27 00:10:36 [INFO] === 客服排程系統 run_id=18f1538a step=3 台北時間=2026-09-27 08:10:36 ===
2026-09-27 00:10:36 [INFO] 目標試算表 ID 來源：環境變數 SERVICE_TARGET_SPREADSHEET_ID
2026-09-27 00:10:36 [INFO] file_cache is only supported with oauth2client<4.0.0
2026-09-27 00:10:52 [INFO] --- Step3_更新前一天營業分數及營業額 ---
2026-09-27 00:10:53 [WARNING] [執行檔打卡失敗（非致命）] APIError: [429]: Quota exceeded for quota metric 'Read requests' and limit 'Read requests per minute per user' of service 'sheets.googleapis.com' for consumer 'project_number:1042663213860'.
2026-09-27 00:10:53 [INFO] 信件日期（台北時間）：2026-09-26
2026-09-27 00:10:53 [WARNING] 開啟客服目標試算表 遇到 Sheets API 配額限制；15 秒後重試（1/4）：APIError: [429]: Quota exceeded for quota metric 'Read requests' and limit 'Read requests per minute per user' of service 'sheets.googleapis.com' for consumer 'project_number:1042663213860'.
2026-09-27 00:11:08 [WARNING] 開啟客服目標試算表 遇到 Sheets API 配額限制；30 秒後重試（2/4）：APIError: [429]: Quota exceeded for quota metric 'Read requests' and limit 'Read requests per minute per user' of service 'sheets.googleapis.com' for consumer 'project_number:1042663213860'.
2026-09-27 00:11:45 [INFO]   [mail] text/plain 為空，fallback 到 text/html（2045 字元）
2026-09-27 00:11:49 [INFO]   近三日營業額-台北 → 選中 17:25:04（與17:25差4s）
2026-09-27 00:11:49 [INFO]   [debug] 行39 repr='2026-09-24：39分'
2026-09-27 00:11:49 [INFO]   [debug] 行40 repr='2026-09-25：16分'
2026-09-27 00:11:49 [INFO]   [debug] 行41 repr='2026-09-26：6分'
2026-09-27 00:11:49 [INFO]   [debug] 行42 repr='【家電清潔】日營業額'
2026-09-27 00:11:49 [INFO]   [debug] 行43 repr='2026-09-24：0分'
2026-09-27 00:11:49 [INFO]   [debug] 行44 repr='2026-09-25：0分'
2026-09-27 00:11:49 [INFO]   [debug] 行45 repr='2026-09-26：0分'
2026-09-27 00:11:49 [INFO]   [debug] 行46 repr='【儲值金】日營業額'
2026-09-27 00:11:53 [INFO]   [mail] text/plain 為空，fallback 到 text/html（1077 字元）
2026-09-27 00:11:54 [INFO]   近三日營業額-台中 → 選中 17:25:07（與17:25差7s）
2026-09-27 00:11:54 [INFO]   [debug] 行24 repr='2026-09-24：3分'
2026-09-27 00:11:54 [INFO]   [debug] 行25 repr='2026-09-25：0分'
2026-09-27 00:11:54 [INFO]   [debug] 行26 repr='2026-09-26：0分'
2026-09-27 00:11:54 [INFO]   [debug] 行27 repr='【家電清潔】日營業額'
2026-09-27 00:11:54 [INFO]   [debug] 行28 repr='2026-09-24：0分'
2026-09-27 00:11:54 [INFO]   [debug] 行29 repr='2026-09-25：0分'
2026-09-27 00:11:54 [INFO]   [debug] 行30 repr='2026-09-26：0分'
2026-09-27 00:11:54 [INFO]   [debug] 行31 repr='【儲值金】日營業額'
2026-09-27 00:11:54 [INFO]   台北：{'daily_value': 6, 'total_count': 1254, 'total_amount': 2507800}
2026-09-27 00:11:54 [INFO]   台中：{'daily_value': 0, 'total_count': 152, 'total_amount': 303400}
2026-09-27 00:11:55 [INFO] Step 3 完成，row=2415（62.1s）
2026-09-27 00:11:56 [INFO] === 全部完成 run_id=18f1538a（63.0s）===
