開始執行：專員個資
⚠️ 一鍵日排程 secrets TOML 注入失敗：No secrets found. Valid paths for a secrets.toml file or secret directories are: /home/runner/.streamlit/secrets.toml, /home/runner/work/tool-system/tool-system/.streamlit/secrets.toml
⚠️ 一鍵日排程 secrets env 注入失敗：No secrets found. Valid paths for a secrets.toml file or secret directories are: /home/runner/.streamlit/secrets.toml, /home/runner/work/tool-system/tool-system/.streamlit/secrets.toml
OAuth env ready = True
OAuth bootstrap forced = True
Command: Python bootstrap -> /home/runner/work/tool-system/tool-system/tools/scheduled_daily/staff_info.py
[2026-09-27 04:00:17] ====================================================
[2026-09-27 04:00:17] staff_info.py 開始執行
[2026-09-27 04:00:17] GITHUB_ACTIONS = true
[2026-09-27 04:00:17] PWD = /home/runner/work/tool-system/tool-system
[2026-09-27 04:00:17] LOCAL_OUTPUT_DIR = /Users/jenny/Library/CloudStorage/GoogleDrive-jenny@lemonclean.com.tw/我的雲端硬碟/lemon_Jenny/Jenny@lemon程式/專員個資
[2026-09-27 04:00:17] LOCAL_OUTPUT_DIR exists = False
[2026-09-27 04:00:17] can_use_local_output_dir = False
[2026-09-27 04:00:17] root folder_id = 11O6eKHQ1e3Irqps7Kq1XJOSVVge3pCAc
[2026-09-27 04:00:17] ====================================================
[2026-09-27 04:00:17] Google Drive 初始化成功
[2026-09-27 04:00:17] 📁 使用既有資料夾：專員個資
[2026-09-27 04:00:17] today_stamp = 20260927
[2026-09-27 04:00:17] 專員個資 folder_id = 1v1Er8oC3BEAWHbBrDq3SUpjEDwHIuK0f
[2026-09-27 04:00:17] 帳號數量 = 2
[2026-09-27 04:00:17] 
[2026-09-27 04:00:17] === 開始處理 台北 ===
[2026-09-27 04:00:17] 開始登入：jenny@lemonclean.com.tw
[2026-09-27 04:00:19] 登入成功：jenny@lemonclean.com.tw
[2026-09-27 04:00:19] 開始下載：city=台北 / filename=20260927專員個資-台北.xlsx
[2026-09-27 04:00:21] ✅ 已下載到暫存：/tmp/tmpr32a32qq/20260927專員個資-台北.xlsx
[2026-09-27 04:00:21] 📦 檔案大小：228352 bytes
[2026-09-27 04:00:21] 📂 暫存目錄存在：True
[2026-09-27 04:00:21] 📄 暫存檔案存在：True
[2026-09-27 04:00:21] 目前不是 Jenny 本機環境，略過本機存檔
[2026-09-27 04:00:21] Google Drive 初始化成功
[2026-09-27 04:00:21] 準備上傳到 Google Drive：20260927專員個資-台北.xlsx
[2026-09-27 04:00:24] ☁️ 已上傳新檔：20260927專員個資-台北.xlsx (file_id=1M_OvkRW3bq4JiNiytsu4q87rg3PP72ks) https://docs.google.com/spreadsheets/d/1M_OvkRW3bq4JiNiytsu4q87rg3PP72ks/edit?usp=drivesdk&ouid=101667783075862487943&rtpof=true&sd=true
[2026-09-27 04:00:24] ✅ 完成處理：20260927專員個資-台北.xlsx
[2026-09-27 04:00:24] ✅ 台北 全部完成
[2026-09-27 04:00:24] 
[2026-09-27 04:00:24] === 開始處理 台中 ===
[2026-09-27 04:00:24] 開始登入：jenny.tc@lemonclean.com.tw
[2026-09-27 04:00:25] 登入成功：jenny.tc@lemonclean.com.tw
[2026-09-27 04:00:25] 開始下載：city=台中 / filename=20260927專員個資-台中.xlsx
[2026-09-27 04:00:25] ✅ 已下載到暫存：/tmp/tmp9z1tgkbt/20260927專員個資-台中.xlsx
[2026-09-27 04:00:25] 📦 檔案大小：59904 bytes
[2026-09-27 04:00:25] 📂 暫存目錄存在：True
[2026-09-27 04:00:25] 📄 暫存檔案存在：True
[2026-09-27 04:00:25] 目前不是 Jenny 本機環境，略過本機存檔
[2026-09-27 04:00:25] Google Drive 初始化成功
[2026-09-27 04:00:25] 準備上傳到 Google Drive：20260927專員個資-台中.xlsx
[2026-09-27 04:00:28] ☁️ 已上傳新檔：20260927專員個資-台中.xlsx (file_id=18p-ythIs__7okykU4QFYdK6P-7Eo2ejJ) https://docs.google.com/spreadsheets/d/18p-ythIs__7okykU4QFYdK6P-7Eo2ejJ/edit?usp=drivesdk&ouid=101667783075862487943&rtpof=true&sd=true
[2026-09-27 04:00:28] ✅ 完成處理：20260927專員個資-台中.xlsx
[2026-09-27 04:00:28] ✅ 台中 全部完成
[2026-09-27 04:00:28] 🎉 staff_info.py 全部完成

完成執行：專員個資
scheduled_daily scheduler 全部完成
