📋 log_spreadsheet_id 已從設定檔載入
📝 外場排程打卡：外場排班統計表 / running
Command: /opt/hostedtoolcache/Python/3.11.15/x64/bin/python -u -m tools.field_management.schedule_stats --date 20260810 --system-name 外場排程系統 --run-type 排程
[2026-08-10 05:41:04] 開始處理排班統計表：20260810排班統計表-台北
[2026-08-10 05:41:05] 失敗：20260810排班統計表-台北 / 找不到來源檔案：20260810排班統計表-台北 / 20260810排班統計表-台北.xlsx / 20260810排班統計表-台北.xls；資料夾內目前檔案：

Traceback (most recent call last):
  File "<frozen runpy>", line 198, in _run_module_as_main
  File "<frozen runpy>", line 88, in _run_code
  File "/home/runner/work/tool-system/tool-system/tools/field_management/schedule_stats.py", line 434, in <module>
    main(
  File "/home/runner/work/tool-system/tool-system/tools/field_management/schedule_stats.py", line 420, in main
    run_schedule_stats_for_area(cfg, current_area, date_key, run_type)  # ★
    ^^^^^^^^^^^^^^^^^^^^^^^^^^^^^^^^^^^^^^^^^^^^^^^^^^^^^^^^^^^^^^^^^^
  File "/home/runner/work/tool-system/tool-system/tools/field_management/schedule_stats.py", line 357, in run_schedule_stats_for_area
    file = find_file_by_possible_names(
           ^^^^^^^^^^^^^^^^^^^^^^^^^^^^
  File "/home/runner/work/tool-system/tool-system/tools/field_management/schedule_stats.py", line 223, in find_file_by_possible_names
    raise RuntimeError(
RuntimeError: 找不到來源檔案：20260810排班統計表-台北 / 20260810排班統計表-台北.xlsx / 20260810排班統計表-台北.xls；資料夾內目前檔案：

📝 外場排程打卡：外場排班統計表 / failed
Traceback (most recent call last):
  File "<frozen runpy>", line 198, in _run_module_as_main
  File "<frozen runpy>", line 88, in _run_code
  File "/home/runner/work/tool-system/tool-system/tools/field_management/scheduler.py", line 179, in <module>
    main(target=args.target, date_key=args.date, area=args.area or None, system_name=args.system_name)
  File "/home/runner/work/tool-system/tool-system/tools/field_management/scheduler.py", line 158, in main
    results.append(run_job(job_name, date_key, area, system_name))
                   ^^^^^^^^^^^^^^^^^^^^^^^^^^^^^^^^^^^^^^^^^^^^^^
  File "/home/runner/work/tool-system/tool-system/tools/field_management/scheduler.py", line 134, in run_job
    raise RuntimeError(message)
RuntimeError: 外場排班統計表 執行失敗，exit=1
STDOUT:
[2026-08-10 05:41:04] 開始處理排班統計表：20260810排班統計表-台北
[2026-08-10 05:41:05] 失敗：20260810排班統計表-台北 / 找不到來源檔案：20260810排班統計表-台北 / 20260810排班統計表-台北.xlsx / 20260810排班統計表-台北.xls；資料夾內目前檔案：

STDERR:
Traceback (most recent call last):
  File "<frozen runpy>", line 198, in _run_module_as_main
  File "<frozen runpy>", line 88, in _run_code
  File "/home/runner/work/tool-system/tool-system/tools/field_management/schedule_stats.py", line 434, in <module>
    main(
  File "/home/runner/work/tool-system/tool-system/tools/field_management/schedule_stats.py", line 420, in main
    run_schedule_stats_for_area(cfg, current_area, date_key, run_type)  # ★
    ^^^^^^^^^^^^^^^^^^^^^^^^^^^^^^^^^^^^^^^^^^^^^^^^^^^^^^^^^^^^^^^^^^
  File "/home/runner/work/tool-system/tool-system/tools/field_management/schedule_stats.py", line 357, in run_schedule_stats_for_area
    file = find_file_by_possible_names(
           ^^^^^^^^^^^^^^^^^^^^^^^^^^^^
  File "/home/runner/work/tool-system/tool-system/tools/field_management/schedule_stats.py", line 223, in find_file_by_possible_names
    raise RuntimeError(
RuntimeError: 找不到來源檔案：20260810排班統計表-台北 / 20260810排班統計表-台北.xlsx / 20260810排班統計表-台北.xls；資料夾內目前檔案：

