📋 log_spreadsheet_id 已從設定檔載入
📝 外場排程打卡：外場專員班表 / running
Command: /opt/hostedtoolcache/Python/3.11.15/x64/bin/python -u -m tools.field_management.staff_schedule --date 20260810 --system-name 外場排程系統 --run-type 排程
[2026-08-10 05:41:30] 開始處理專員班表：20260810專員班表-台北
[2026-08-10 05:41:30] 失敗：20260810專員班表-台北 / 找不到來源檔案：20260810專員班表-台北 / 20260810專員班表-台北.xlsx / 20260810專員班表-台北.xls / 20260810專員班表-台北.csv；資料夾內目前檔案：

Traceback (most recent call last):
  File "<frozen runpy>", line 198, in _run_module_as_main
  File "<frozen runpy>", line 88, in _run_code
  File "/home/runner/work/tool-system/tool-system/tools/field_management/staff_schedule.py", line 1048, in <module>
    main(
  File "/home/runner/work/tool-system/tool-system/tools/field_management/staff_schedule.py", line 1000, in main
    run_staff_schedule_for_area(
  File "/home/runner/work/tool-system/tool-system/tools/field_management/staff_schedule.py", line 832, in run_staff_schedule_for_area
    find_file_by_possible_names(
  File "/home/runner/work/tool-system/tool-system/tools/field_management/staff_schedule.py", line 381, in find_file_by_possible_names
    raise RuntimeError(
RuntimeError: 找不到來源檔案：20260810專員班表-台北 / 20260810專員班表-台北.xlsx / 20260810專員班表-台北.xls / 20260810專員班表-台北.csv；資料夾內目前檔案：

📝 外場排程打卡：外場專員班表 / failed
Traceback (most recent call last):
  File "<frozen runpy>", line 198, in _run_module_as_main
  File "<frozen runpy>", line 88, in _run_code
  File "/home/runner/work/tool-system/tool-system/tools/field_management/scheduler.py", line 179, in <module>
    main(target=args.target, date_key=args.date, area=args.area or None, system_name=args.system_name)
  File "/home/runner/work/tool-system/tool-system/tools/field_management/scheduler.py", line 158, in main
    results.append(run_job(job_name, date_key, area, system_name))
                   ^^^^^^^^^^^^^^^^^^^^^^^^^^^^^^^^^^^^^^^^^^^^^^
  File "/home/runner/work/tool-system/tool-system/tools/field_management/scheduler.py", line 134, in run_job
    raise RuntimeError(message)
RuntimeError: 外場專員班表 執行失敗，exit=1
STDOUT:
[2026-08-10 05:41:30] 開始處理專員班表：20260810專員班表-台北
[2026-08-10 05:41:30] 失敗：20260810專員班表-台北 / 找不到來源檔案：20260810專員班表-台北 / 20260810專員班表-台北.xlsx / 20260810專員班表-台北.xls / 20260810專員班表-台北.csv；資料夾內目前檔案：

STDERR:
Traceback (most recent call last):
  File "<frozen runpy>", line 198, in _run_module_as_main
  File "<frozen runpy>", line 88, in _run_code
  File "/home/runner/work/tool-system/tool-system/tools/field_management/staff_schedule.py", line 1048, in <module>
    main(
  File "/home/runner/work/tool-system/tool-system/tools/field_management/staff_schedule.py", line 1000, in main
    run_staff_schedule_for_area(
  File "/home/runner/work/tool-system/tool-system/tools/field_management/staff_schedule.py", line 832, in run_staff_schedule_for_area
    find_file_by_possible_names(
  File "/home/runner/work/tool-system/tool-system/tools/field_management/staff_schedule.py", line 381, in find_file_by_possible_names
    raise RuntimeError(
RuntimeError: 找不到來源檔案：20260810專員班表-台北 / 20260810專員班表-台北.xlsx / 20260810專員班表-台北.xls / 20260810專員班表-台北.csv；資料夾內目前檔案：

