開始執行：專員班表
⚠️ 一鍵日排程 secrets TOML 注入失敗：No secrets found. Valid paths for a secrets.toml file or secret directories are: /home/runner/.streamlit/secrets.toml, /home/runner/work/tool-system/tool-system/.streamlit/secrets.toml
⚠️ 一鍵日排程 secrets env 注入失敗：No secrets found. Valid paths for a secrets.toml file or secret directories are: /home/runner/.streamlit/secrets.toml, /home/runner/work/tool-system/tool-system/.streamlit/secrets.toml
OAuth env ready = True
OAuth bootstrap forced = True
Command: Python bootstrap -> /home/runner/work/tool-system/tool-system/tools/scheduled_daily/staff_schedule.py
[2026-08-10 05:05:36] ====================================================
[2026-08-10 05:05:36] staff_schedule.py 開始執行
[2026-08-10 05:05:36] GITHUB_ACTIONS = true
[2026-08-10 05:05:36] PWD = /home/runner/work/tool-system/tool-system
[2026-08-10 05:05:36] LOCAL_OUTPUT_DIR = /Users/jenny/Library/CloudStorage/GoogleDrive-jenny@lemonclean.com.tw/我的雲端硬碟/lemon_Jenny/Jenny@lemon程式/專員班表
[2026-08-10 05:05:36] LOCAL_OUTPUT_DIR exists = False
[2026-08-10 05:05:36] can_use_local_output_dir = False
[2026-08-10 05:05:36] root folder_id = 11O6eKHQ1e3Irqps7Kq1XJOSVVge3pCAc
[2026-08-10 05:05:36] ====================================================
[2026-08-10 05:05:36] Google Drive 初始化成功
[2026-08-10 05:05:36] 📁 使用既有資料夾：專員班表
[2026-08-10 05:05:36] this_month = 2026-08
[2026-08-10 05:05:36] next_month = 2026-09
[2026-08-10 05:05:36] this_date = 20260810
[2026-08-10 05:05:36] next_date = 20260910
[2026-08-10 05:05:36] 專員班表 folder_id = 1V2AUNsT_jzQWawmnBNU_u-e7odYviwEk
[2026-08-10 05:05:36] 帳號數量 = 2
[2026-08-10 05:05:36] 
[2026-08-10 05:05:36] === 開始處理 台北 ===
[2026-08-10 05:05:36] 開始登入：jenny@lemonclean.com.tw
[2026-08-10 05:05:37] 登入成功：jenny@lemonclean.com.tw
[2026-08-10 05:05:37] 開始下載：city=台北 / month=2026-08 / filename=20260810專員班表-台北.xls
[2026-08-10 05:05:42] ✅ 已下載到暫存：/tmp/tmpjk5z6_06/20260810專員班表-台北.xls
[2026-08-10 05:05:42] 📦 檔案大小：129536 bytes
[2026-08-10 05:05:42] 📂 暫存目錄存在：True
[2026-08-10 05:05:42] 📄 暫存檔案存在：True
[2026-08-10 05:05:42] 目前不是 Jenny 本機環境，略過本機存檔
[2026-08-10 05:05:42] Google Drive 初始化成功
[2026-08-10 05:05:42] 準備上傳到 Google Drive：20260810專員班表-台北.xls
[2026-08-10 05:05:44] ♻️ 已覆蓋舊檔：20260810專員班表-台北.xls (file_id=1lbscKeeqVni6rJqjCEUgUzzCKt6uNN9X) https://docs.google.com/spreadsheets/d/1lbscKeeqVni6rJqjCEUgUzzCKt6uNN9X/edit?usp=drivesdk&ouid=101667783075862487943&rtpof=true&sd=true
[2026-08-10 05:05:44] ✅ 完成處理：20260810專員班表-台北.xls
[2026-08-10 05:05:44] 開始下載：city=台北 / month=2026-09 / filename=20260910專員班表-台北.xls
[2026-08-10 05:05:48] ✅ 已下載到暫存：/tmp/tmpezprej34/20260910專員班表-台北.xls
[2026-08-10 05:05:48] 📦 檔案大小：92160 bytes
[2026-08-10 05:05:48] 📂 暫存目錄存在：True
[2026-08-10 05:05:48] 📄 暫存檔案存在：True
[2026-08-10 05:05:48] 目前不是 Jenny 本機環境，略過本機存檔
[2026-08-10 05:05:48] Google Drive 初始化成功
[2026-08-10 05:05:48] 準備上傳到 Google Drive：20260910專員班表-台北.xls
[2026-08-10 05:05:51] ♻️ 已覆蓋舊檔：20260910專員班表-台北.xls (file_id=17H_s3ZZ_fsLwQRhrPMqVbpR-_J52ndKy) https://docs.google.com/spreadsheets/d/17H_s3ZZ_fsLwQRhrPMqVbpR-_J52ndKy/edit?usp=drivesdk&ouid=101667783075862487943&rtpof=true&sd=true
[2026-08-10 05:05:51] ✅ 完成處理：20260910專員班表-台北.xls
[2026-08-10 05:05:51] ✅ 台北 全部完成
[2026-08-10 05:05:51] 
[2026-08-10 05:05:51] === 開始處理 台中 ===
[2026-08-10 05:05:51] 開始登入：jenny.tc@lemonclean.com.tw
[2026-08-10 05:05:52] 登入成功：jenny.tc@lemonclean.com.tw
[2026-08-10 05:05:52] 開始下載：city=台中 / month=2026-08 / filename=20260810專員班表-台中.xls
[2026-08-10 05:05:52] ✅ 已下載到暫存：/tmp/tmpbb4f2bkh/20260810專員班表-台中.xls
[2026-08-10 05:05:52] 📦 檔案大小：26624 bytes
[2026-08-10 05:05:52] 📂 暫存目錄存在：True
[2026-08-10 05:05:52] 📄 暫存檔案存在：True
[2026-08-10 05:05:52] 目前不是 Jenny 本機環境，略過本機存檔
[2026-08-10 05:05:52] Google Drive 初始化成功
[2026-08-10 05:05:52] 準備上傳到 Google Drive：20260810專員班表-台中.xls
[2026-08-10 05:05:55] ♻️ 已覆蓋舊檔：20260810專員班表-台中.xls (file_id=1U1p9R7Ui8CeZNLOI3vBAR5nrhwCeivKu) https://docs.google.com/spreadsheets/d/1U1p9R7Ui8CeZNLOI3vBAR5nrhwCeivKu/edit?usp=drivesdk&ouid=101667783075862487943&rtpof=true&sd=true
[2026-08-10 05:05:55] ✅ 完成處理：20260810專員班表-台中.xls
[2026-08-10 05:05:55] 開始下載：city=台中 / month=2026-09 / filename=20260910專員班表-台中.xls
[2026-08-10 05:05:56] ✅ 已下載到暫存：/tmp/tmp8qum6azt/20260910專員班表-台中.xls
[2026-08-10 05:05:56] 📦 檔案大小：22528 bytes
[2026-08-10 05:05:56] 📂 暫存目錄存在：True
[2026-08-10 05:05:56] 📄 暫存檔案存在：True
[2026-08-10 05:05:56] 目前不是 Jenny 本機環境，略過本機存檔
[2026-08-10 05:05:56] Google Drive 初始化成功
[2026-08-10 05:05:56] 準備上傳到 Google Drive：20260910專員班表-台中.xls
[2026-08-10 05:05:58] ♻️ 已覆蓋舊檔：20260910專員班表-台中.xls (file_id=11FoFutXpj4BJPeJUGcyNfaIiGY3qHdLy) https://docs.google.com/spreadsheets/d/11FoFutXpj4BJPeJUGcyNfaIiGY3qHdLy/edit?usp=drivesdk&ouid=101667783075862487943&rtpof=true&sd=true
[2026-08-10 05:05:58] ✅ 完成處理：20260910專員班表-台中.xls
[2026-08-10 05:05:58] ✅ 台中 全部完成
[2026-08-10 05:05:58] 🎉 staff_schedule.py 全部完成

完成執行：專員班表
scheduled_daily scheduler 全部完成
