開始執行：專員個資
⚠️ 一鍵日排程 secrets TOML 注入失敗：No secrets found. Valid paths for a secrets.toml file or secret directories are: /home/runner/.streamlit/secrets.toml, /home/runner/work/tool-system/tool-system/.streamlit/secrets.toml
⚠️ 一鍵日排程 secrets env 注入失敗：No secrets found. Valid paths for a secrets.toml file or secret directories are: /home/runner/.streamlit/secrets.toml, /home/runner/work/tool-system/tool-system/.streamlit/secrets.toml
OAuth env ready = True
OAuth bootstrap forced = True
Command: Python bootstrap -> /home/runner/work/tool-system/tool-system/tools/scheduled_daily/staff_info.py
[2026-08-10 05:07:24] ====================================================
[2026-08-10 05:07:24] staff_info.py 開始執行
[2026-08-10 05:07:24] GITHUB_ACTIONS = true
[2026-08-10 05:07:24] PWD = /home/runner/work/tool-system/tool-system
[2026-08-10 05:07:24] LOCAL_OUTPUT_DIR = /Users/jenny/Library/CloudStorage/GoogleDrive-jenny@lemonclean.com.tw/我的雲端硬碟/lemon_Jenny/Jenny@lemon程式/專員個資
[2026-08-10 05:07:24] LOCAL_OUTPUT_DIR exists = False
[2026-08-10 05:07:24] can_use_local_output_dir = False
[2026-08-10 05:07:24] root folder_id = 11O6eKHQ1e3Irqps7Kq1XJOSVVge3pCAc
[2026-08-10 05:07:24] ====================================================
[2026-08-10 05:07:24] Google Drive 初始化成功
[2026-08-10 05:07:25] 📁 使用既有資料夾：專員個資
[2026-08-10 05:07:25] today_stamp = 20260810
[2026-08-10 05:07:25] 專員個資 folder_id = 1v1Er8oC3BEAWHbBrDq3SUpjEDwHIuK0f
[2026-08-10 05:07:25] 帳號數量 = 2
[2026-08-10 05:07:25] 
[2026-08-10 05:07:25] === 開始處理 台北 ===
[2026-08-10 05:07:25] 開始登入：jenny@lemonclean.com.tw
[2026-08-10 05:07:26] 登入成功：jenny@lemonclean.com.tw
[2026-08-10 05:07:26] 開始下載：city=台北 / filename=20260810專員個資-台北.xlsx
[2026-08-10 05:07:29] ✅ 已下載到暫存：/tmp/tmp4zyq6yjd/20260810專員個資-台北.xlsx
[2026-08-10 05:07:29] 📦 檔案大小：225280 bytes
[2026-08-10 05:07:29] 📂 暫存目錄存在：True
[2026-08-10 05:07:29] 📄 暫存檔案存在：True
[2026-08-10 05:07:29] 目前不是 Jenny 本機環境，略過本機存檔
[2026-08-10 05:07:29] Google Drive 初始化成功
[2026-08-10 05:07:29] 準備上傳到 Google Drive：20260810專員個資-台北.xlsx
[2026-08-10 05:07:31] ♻️ 已覆蓋舊檔：20260810專員個資-台北.xlsx (file_id=15o7dfhm8VEnR5mgIbJPOHrs48Ff6c4Q7) https://docs.google.com/spreadsheets/d/15o7dfhm8VEnR5mgIbJPOHrs48Ff6c4Q7/edit?usp=drivesdk&ouid=101667783075862487943&rtpof=true&sd=true
[2026-08-10 05:07:31] ✅ 完成處理：20260810專員個資-台北.xlsx
[2026-08-10 05:07:31] ✅ 台北 全部完成
[2026-08-10 05:07:31] 
[2026-08-10 05:07:31] === 開始處理 台中 ===
[2026-08-10 05:07:31] 開始登入：jenny.tc@lemonclean.com.tw
[2026-08-10 05:07:32] 登入成功：jenny.tc@lemonclean.com.tw
[2026-08-10 05:07:32] 開始下載：city=台中 / filename=20260810專員個資-台中.xlsx
[2026-08-10 05:07:33] ✅ 已下載到暫存：/tmp/tmpef5bvk7q/20260810專員個資-台中.xlsx
[2026-08-10 05:07:33] 📦 檔案大小：59904 bytes
[2026-08-10 05:07:33] 📂 暫存目錄存在：True
[2026-08-10 05:07:33] 📄 暫存檔案存在：True
[2026-08-10 05:07:33] 目前不是 Jenny 本機環境，略過本機存檔
[2026-08-10 05:07:33] Google Drive 初始化成功
[2026-08-10 05:07:33] 準備上傳到 Google Drive：20260810專員個資-台中.xlsx
[2026-08-10 05:07:36] ♻️ 已覆蓋舊檔：20260810專員個資-台中.xlsx (file_id=10jjVMaCC8hRxcFZneUH4K-kdT_LzB9dU) https://docs.google.com/spreadsheets/d/10jjVMaCC8hRxcFZneUH4K-kdT_LzB9dU/edit?usp=drivesdk&ouid=101667783075862487943&rtpof=true&sd=true
[2026-08-10 05:07:36] ✅ 完成處理：20260810專員個資-台中.xlsx
[2026-08-10 05:07:36] ✅ 台中 全部完成
[2026-08-10 05:07:36] 🎉 staff_info.py 全部完成

完成執行：專員個資
scheduled_daily scheduler 全部完成
